Archive member included to satisfy reference by file (symbol)

../src/ASF/thirdparty/wireless/ble_smart_sdk/lib/cm0/gcc\libblusdk.a(event.o)
                              src/ASF/thirdparty/wireless/ble_smart_sdk/ble_services/ble_mgr/ble_manager.o (at_ble_event_get)
../src/ASF/thirdparty/wireless/ble_smart_sdk/lib/cm0/gcc\libblusdk.a(gap.o)
                              src/ASF/thirdparty/wireless/ble_smart_sdk/ble_services/ble_mgr/ble_manager.o (at_ble_device_name_set)
../src/ASF/thirdparty/wireless/ble_smart_sdk/lib/cm0/gcc\libblusdk.a(gatt_client.o)
                              ../src/ASF/thirdparty/wireless/ble_smart_sdk/lib/cm0/gcc\libblusdk.a(gap.o) (init_gatt_client_module)
../src/ASF/thirdparty/wireless/ble_smart_sdk/lib/cm0/gcc\libblusdk.a(gatt_server.o)
                              ../src/ASF/thirdparty/wireless/ble_smart_sdk/lib/cm0/gcc\libblusdk.a(gap.o) (initi_gatt_server_module)
../src/ASF/thirdparty/wireless/ble_smart_sdk/lib/cm0/gcc\libblusdk.a(l2cc_task.o)
                              ../src/ASF/thirdparty/wireless/ble_smart_sdk/lib/cm0/gcc\libblusdk.a(gap.o) (init_l2cc_task_module)
../src/ASF/thirdparty/wireless/ble_smart_sdk/lib/cm0/gcc\libblusdk.a(security.o)
                              src/ASF/thirdparty/wireless/ble_smart_sdk/ble_services/ble_mgr/ble_manager.o (at_ble_authenticate)
../src/ASF/thirdparty/wireless/ble_smart_sdk/lib/cm0/gcc\libblusdk.a(interface.o)
                              ../src/ASF/thirdparty/wireless/ble_smart_sdk/lib/cm0/gcc\libblusdk.a(gap.o) (rx_callback)
../src/ASF/thirdparty/wireless/ble_smart_sdk/lib/cm0/gcc\libblusdk.a(calib_task.o)
                              ../src/ASF/thirdparty/wireless/ble_smart_sdk/lib/cm0/gcc\libblusdk.a(gap.o) (calib_config)
../src/ASF/thirdparty/wireless/ble_smart_sdk/lib/cm0/gcc\libblusdk.a(dbg_task.o)
                              ../src/ASF/thirdparty/wireless/ble_smart_sdk/lib/cm0/gcc\libblusdk.a(gap.o) (dbg_le_set_bd_addr_req_handler)
../src/ASF/thirdparty/wireless/ble_smart_sdk/lib/cm0/gcc\libblusdk.a(gapc_task.o)
                              ../src/ASF/thirdparty/wireless/ble_smart_sdk/lib/cm0/gcc\libblusdk.a(security.o) (check_ConnData_idx_role)
../src/ASF/thirdparty/wireless/ble_smart_sdk/lib/cm0/gcc\libblusdk.a(gapm_task.o)
                              ../src/ASF/thirdparty/wireless/ble_smart_sdk/lib/cm0/gcc\libblusdk.a(gap.o) (gapm_reset_req_handler)
../src/ASF/thirdparty/wireless/ble_smart_sdk/lib/cm0/gcc\libblusdk.a(gattc_task.o)
                              ../src/ASF/thirdparty/wireless/ble_smart_sdk/lib/cm0/gcc\libblusdk.a(gatt_server.o) (gattc_read_req_ind_parser)
../src/ASF/thirdparty/wireless/ble_smart_sdk/lib/cm0/gcc\libblusdk.a(gattm_task.o)
                              ../src/ASF/thirdparty/wireless/ble_smart_sdk/lib/cm0/gcc\libblusdk.a(gatt_server.o) (gattm_add_svc_req_handler)
../src/ASF/thirdparty/wireless/ble_smart_sdk/lib/cm0/gcc\libblusdk.a(htpt_task.o)
                              ../src/ASF/thirdparty/wireless/ble_smart_sdk/lib/cm0/gcc\libblusdk.a(event.o) (htpt_enable_rsp_handler)
c:/program files (x86)/atmel/studio/7.0/toolchain/arm/arm-gnu-toolchain/bin/../lib/gcc/arm-none-eabi/5.3.1/armv6-m\libgcc.a(_thumb1_case_sqi.o)
                              ../src/ASF/thirdparty/wireless/ble_smart_sdk/lib/cm0/gcc\libblusdk.a(gap.o) (__gnu_thumb1_case_sqi)
c:/program files (x86)/atmel/studio/7.0/toolchain/arm/arm-gnu-toolchain/bin/../lib/gcc/arm-none-eabi/5.3.1/armv6-m\libgcc.a(_thumb1_case_uqi.o)
                              ../src/ASF/thirdparty/wireless/ble_smart_sdk/lib/cm0/gcc\libblusdk.a(gap.o) (__gnu_thumb1_case_uqi)
c:/program files (x86)/atmel/studio/7.0/toolchain/arm/arm-gnu-toolchain/bin/../lib/gcc/arm-none-eabi/5.3.1/armv6-m\libgcc.a(_udivsi3.o)
                              src/ASF/common/services/delay/sam/systick_counter.o (__aeabi_uidiv)
c:/program files (x86)/atmel/studio/7.0/toolchain/arm/arm-gnu-toolchain/bin/../lib/gcc/arm-none-eabi/5.3.1/armv6-m\libgcc.a(_divsi3.o)
                              src/ASF/thirdparty/sensor/mpu9250/inv_mpu.o (__aeabi_idiv)
c:/program files (x86)/atmel/studio/7.0/toolchain/arm/arm-gnu-toolchain/bin/../lib/gcc/arm-none-eabi/5.3.1/armv6-m\libgcc.a(_dvmd_tls.o)
                              c:/program files (x86)/atmel/studio/7.0/toolchain/arm/arm-gnu-toolchain/bin/../lib/gcc/arm-none-eabi/5.3.1/armv6-m\libgcc.a(_udivsi3.o) (__aeabi_idiv0)
c:/program files (x86)/atmel/studio/7.0/toolchain/arm/arm-gnu-toolchain/bin/../lib/gcc/arm-none-eabi/5.3.1/armv6-m\libgcc.a(_arm_cmpdf2.o)
                              src/ASF/thirdparty/sensor/mpu9250/inv_mpu.o (__aeabi_dcmpgt)
c:/program files (x86)/atmel/studio/7.0/toolchain/arm/arm-gnu-toolchain/bin/../lib/gcc/arm-none-eabi/5.3.1/armv6-m\libgcc.a(_arm_cmpsf2.o)
                              src/ASF/thirdparty/sensor/mpu9250/inv_mpu.o (__aeabi_fcmplt)
c:/program files (x86)/atmel/studio/7.0/toolchain/arm/arm-gnu-toolchain/bin/../lib/gcc/arm-none-eabi/5.3.1/armv6-m\libgcc.a(_aeabi_ldivmod.o)
[...]
Memory Configuration

Name             Origin             Length             Attributes
ram              0x10008000         0x00017800         xrw
lram             0x1001f800         0x00000800         xrw
*default*        0x00000000         0xffffffff

Linker script and memory map

LOAD c:/program files (x86)/atmel/studio/7.0/toolchain/arm/arm-gnu-toolchain/bin/../lib/gcc/arm-none-eabi/5.3.1/armv6-m/crti.o
LOAD c:/program files (x86)/atmel/studio/7.0/toolchain/arm/arm-gnu-toolchain/bin/../lib/gcc/arm-none-eabi/5.3.1/armv6-m/crtbegin.o
LOAD c:/program files (x86)/atmel/studio/7.0/toolchain/arm/arm-gnu-toolchain/bin/../lib/gcc/arm-none-eabi/5.3.1/../../../../arm-none-eabi/lib/armv6-m/crt0.o
LOAD src/ASF/common/services/delay/sam/systick_counter.o
LOAD src/ASF/sam0/drivers/dualtimer/dualtimer.o
LOAD src/ASF/thirdparty/sensor/mpu9250/inv_mpu.o
LOAD src/ASF/thirdparty/sensor/mpu9250/mpu9250.o
LOAD src/ASF/thirdparty/wireless/ble_smart_sdk/ble_services/ble_mgr/ble_manager.o
LOAD src/ASF/thirdparty/wireless/ble_smart_sdk/services/dualtimer/timer_hw.o
LOAD src/ASF/thirdparty/wireless/ble_smart_sdk/services/gpio/button.o
LOAD src/ASF/thirdparty/wireless/ble_smart_sdk/services/uart/console_serial.o
LOAD src/ASF/thirdparty/wireless/ble_smart_sdk/src/event_handler.o
LOAD src/ASF/thirdparty/wireless/ble_smart_sdk/src/platform_drv.o
LOAD src/ASF/thirdparty/wireless/ble_smart_sdk/src/port_from_sdk.o
LOAD src/ASF/thirdparty/wireless/ble_smart_sdk/services/gpio/led.o
LOAD src/ASF/sam0/drivers/timer/timer.o
LOAD src/ASF/sam0/utils/stdio/read.o
LOAD src/ASF/sam0/utils/stdio/write.o
LOAD src/ASF/sam0/drivers/uart/uart.o
LOAD src/ASF/common/utils/interrupt/interrupt_sam_nvic.o
LOAD src/ASF/sam0/boards/samb11_xplained_pro/board_init.o
LOAD src/ASF/sam0/drivers/gpio/gpio.o
LOAD src/ASF/sam0/drivers/i2c/i2c_master.o
LOAD src/ASF/sam0/drivers/system/system_sam_b.o
LOAD src/ASF/sam0/utils/cmsis/samb11/source/gcc/startup_samb11.o
LOAD src/ASF/sam0/utils/cmsis/samb11/source/system_samb11.o
LOAD src/ASF/sam0/utils/syscalls/gcc/syscalls.o
LOAD src/qs_i2c_master_basic_use.o
START GROUP
LOAD ../src/ASF/thirdparty/wireless/ble_smart_sdk/lib/cm0/gcc\libblusdk.a
LOAD ../src/ASF/thirdparty/CMSIS/Lib/GCC\libarm_cortexM0l_math.a
LOAD c:/program files (x86)/atmel/studio/7.0/toolchain/arm/arm-gnu-toolchain/bin/../lib/gcc/arm-none-eabi/5.3.1/../../../../arm-none-eabi/lib/armv6-m\libm.a
END GROUP
START GROUP
LOAD c:/program files (x86)/atmel/studio/7.0/toolchain/arm/arm-gnu-toolchain/bin/../lib/gcc/arm-none-eabi/5.3.1/armv6-m\libgcc.a
LOAD c:/program files (x86)/atmel/studio/7.0/toolchain/arm/arm-gnu-toolchain/bin/../lib/gcc/arm-none-eabi/5.3.1/../../../../arm-none-eabi/lib/armv6-m\libc_nano.a
END GROUP
START GROUP
LOAD c:/program files (x86)/atmel/studio/7.0/toolchain/arm/arm-gnu-toolchain/bin/../lib/gcc/arm-none-eabi/5.3.1/armv6-m\libgcc.a
LOAD c:/program files (x86)/atmel/studio/7.0/toolchain/arm/arm-gnu-toolchain/bin/../lib/gcc/arm-none-eabi/5.3.1/../../../../arm-none-eabi/lib/armv6-m\libc_nano.a
END GROUP
LOAD c:/program files (x86)/atmel/studio/7.0/toolchain/arm/arm-gnu-toolchain/bin/../lib/gcc/arm-none-eabi/5.3.1/armv6-m/crtend.o
LOAD c:/program files (x86)/atmel/studio/7.0/toolchain/arm/arm-gnu-toolchain/bin/../lib/gcc/arm-none-eabi/5.3.1/armv6-m/crtn.o
                0x00000800                STACK_SIZE = DEFINED (STACK_SIZE)?STACK_SIZE:DEFINED (__stack_size__)?__stack_size__:0x800

.text           0x10008000     0xa3fc
                0x10008000                . = ALIGN (0x4)
                0x10008000                _sfixed = .
 *(.test.main .text.app_entry)
 .text.app_entry
                0x10008000       0x88 src/ASF/sam0/utils/cmsis/samb11/source/gcc/startup_samb11.o
                0x10008000                app_entry
 *(.text .text.* .gnu.linkonce.t.*)
 .text          0x10008088       0x60 c:/program files (x86)/atmel/studio/7.0/toolchain/arm/arm-gnu-toolchain/bin/../lib/gcc/arm-none-eabi/5.3.1/armv6-m/crtbegin.o
 .text.delay_init
                0x100080e8       0x40 src/ASF/common/services/delay/sam/systick_counter.o
                0x100080e8                delay_init
 .text.delay_cycles_ms
                0x10008128       0x2c src/ASF/common/services/delay/sam/systick_counter.o
                0x10008128                delay_cycles_ms
 .text.dualtimer_isr_handler
                0x10008154       0x44 src/ASF/sam0/drivers/dualtimer/dualtimer.o
 .text.dualtimer_get_config_defaults
                0x10008198       0x24 src/ASF/sam0/drivers/dualtimer/dualtimer.o
                0x10008198                dualtimer_get_config_defaults
 .text.dualtimer_enable
                0x100081bc       0x24 src/ASF/sam0/drivers/dualtimer/dualtimer.o
                0x100081bc                dualtimer_enable
 .text.dualtimer_init
                0x100081e0      0x104 src/ASF/sam0/drivers/dualtimer/dualtimer.o
                0x100081e0                dualtimer_init
 .text.i2c_read
                0x100082e4       0xc4 src/ASF/thirdparty/sensor/mpu9250/inv_mpu.o
 .text.i2c_write
                0x100083a8       0x70 src/ASF/thirdparty/sensor/mpu9250/inv_mpu.o
 .text.set_int_enable
                0x10008418       0xa4 src/ASF/thirdparty/sensor/mpu9250/inv_mpu.o
 .text.mpu_reset_fifo
                0x100084bc      0x1f8 src/ASF/thirdparty/sensor/mpu9250/inv_mpu.o
                0x100084bc                mpu_reset_fifo
 .text.mpu_set_gyro_fsr
                0x100086b4       0xa0 src/ASF/thirdparty/sensor/mpu9250/inv_mpu.o
                0x100086b4                mpu_set_gyro_fsr
 .text.mpu_set_accel_fsr
                0x10008754       0x94 src/ASF/thirdparty/sensor/mpu9250/inv_mpu.o
                0x10008754                mpu_set_accel_fsr
 .text.mpu_set_lpf
                0x100087e8       0x98 src/ASF/thirdparty/sensor/mpu9250/inv_mpu.o
                0x100087e8                mpu_set_lpf
 .text.mpu_set_compass_sample_rate
                0x10008880       0x78 src/ASF/thirdparty/sensor/mpu9250/inv_mpu.o
                0x10008880                mpu_set_compass_sample_rate
 .text.mpu_configure_fifo
                0x100088f8       0x6c src/ASF/thirdparty/sensor/mpu9250/inv_mpu.o
                0x100088f8                mpu_configure_fifo
 .text.mpu_read_fifo_stream
                0x10008964       0xec src/ASF/thirdparty/sensor/mpu9250/inv_mpu.o
                0x10008964                mpu_read_fifo_stream
 .text.mpu_set_bypass
                0x10008a50      0x17c src/ASF/thirdparty/sensor/mpu9250/inv_mpu.o
                0x10008a50                mpu_set_bypass
 .text.mpu_set_int_latched
                0x10008bcc       0x84 src/ASF/thirdparty/sensor/mpu9250/inv_mpu.o
                0x10008bcc                mpu_set_int_latched
 .text.mpu_lp_accel_mode
                0x10008c50       0x74 src/ASF/thirdparty/sensor/mpu9250/inv_mpu.o
                0x10008c50                mpu_lp_accel_mode
 .text.mpu_set_sample_rate
                0x10008cc4      0x100 src/ASF/thirdparty/sensor/mpu9250/inv_mpu.o
                0x10008cc4                mpu_set_sample_rate
 .text.mpu_set_sensors
                0x10008dc4      0x1e8 src/ASF/thirdparty/sensor/mpu9250/inv_mpu.o
                0x10008dc4                mpu_set_sensors
 .text.mpu_init
                0x10008fac      0x358 src/ASF/thirdparty/sensor/mpu9250/inv_mpu.o
                0x10008fac                mpu_init
 .text.ble_undefined_event_handler
                0x10009304        0x4 src/ASF/thirdparty/wireless/ble_smart_sdk/ble_services/ble_mgr/ble_manager.o
                0x10009304                ble_undefined_event_handler
 .text.ble_mtu_changed_indication_handler
                0x10009308        0x4 src/ASF/thirdparty/wireless/ble_smart_sdk/ble_services/ble_mgr/ble_manager.o
                0x10009308                ble_mtu_changed_indication_handler
 .text.ble_characteristic_write_cmd_complete_handler
                0x1000930c        0xc src/ASF/thirdparty/wireless/ble_smart_sdk/ble_services/ble_mgr/ble_manager.o
                0x1000930c                ble_characteristic_write_cmd_complete_handler
 .text.ble_conn_param_update
                0x10009318        0x4 src/ASF/thirdparty/wireless/ble_smart_sdk/ble_services/ble_mgr/ble_manager.o
                0x10009318                ble_conn_param_update
 .text.ble_scan_report_handler
                0x1000931c       0x28 src/ASF/thirdparty/wireless/ble_smart_sdk/ble_services/ble_mgr/ble_manager.o
                0x1000931c                ble_scan_report_handler
 .text.ble_mtu_changed_cmd_complete_handler
                0x10009344       0x30 src/ASF/thirdparty/wireless/ble_smart_sdk/ble_services/ble_mgr/ble_manager.o
                0x10009344                ble_mtu_changed_cmd_complete_handler
 .text.ble_disconnected_state_handler
                0x10009374       0x88 src/ASF/thirdparty/wireless/ble_smart_sdk/ble_services/ble_mgr/ble_manager.o
                0x10009374                ble_disconnected_state_handler
 .text.ble_encryption_status_change_handler
                0x100093fc       0xc4 src/ASF/thirdparty/wireless/ble_smart_sdk/ble_services/ble_mgr/ble_manager.o
                0x100093fc                ble_encryption_status_change_handler
 .text.ble_scan_info_handler
                0x100094c0       0x80 src/ASF/thirdparty/wireless/ble_smart_sdk/ble_services/ble_mgr/ble_manager.o
                0x100094c0                ble_scan_info_handler
 .text.ble_pair_done_handler
                0x10009540      0x120 src/ASF/thirdparty/wireless/ble_smart_sdk/ble_services/ble_mgr/ble_manager.o
                0x10009540                ble_pair_done_handler
 .text.ble_conn_param_update_req
                0x10009660       0x18 src/ASF/thirdparty/wireless/ble_smart_sdk/ble_services/ble_mgr/ble_manager.o
                0x10009660                ble_conn_param_update_req
 .text.ble_slave_security_request_handler
                0x10009678      0x1ec src/ASF/thirdparty/wireless/ble_smart_sdk/ble_services/ble_mgr/ble_manager.o
                0x10009678                ble_slave_security_request_handler
 .text.ble_pair_request_handler
                0x10009864      0x154 src/ASF/thirdparty/wireless/ble_smart_sdk/ble_services/ble_mgr/ble_manager.o
                0x10009864                ble_pair_request_handler
 .text.ble_pair_key_request_handler
                0x100099b8      0x144 src/ASF/thirdparty/wireless/ble_smart_sdk/ble_services/ble_mgr/ble_manager.o
                0x100099b8                ble_pair_key_request_handler
 .text.ble_encryption_request_handler
                0x10009afc       0xec src/ASF/thirdparty/wireless/ble_smart_sdk/ble_services/ble_mgr/ble_manager.o
                0x10009afc                ble_encryption_request_handler
 .text.ble_mgr_events_callback_handler
                0x10009be8       0xd0 src/ASF/thirdparty/wireless/ble_smart_sdk/ble_services/ble_mgr/ble_manager.o
                0x10009be8                ble_mgr_events_callback_handler
 .text.ble_device_init
                0x10009cb8      0x2a8 src/ASF/thirdparty/wireless/ble_smart_sdk/ble_services/ble_mgr/ble_manager.o
                0x10009cb8                ble_device_init
 .text.ble_send_slave_sec_request
                0x10009f60       0x34 src/ASF/thirdparty/wireless/ble_smart_sdk/ble_services/ble_mgr/ble_manager.o
                0x10009f60                ble_send_slave_sec_request
 .text.ble_connected_state_handler
                0x10009f94      0x23c src/ASF/thirdparty/wireless/ble_smart_sdk/ble_services/ble_mgr/ble_manager.o
                0x10009f94                ble_connected_state_handler
 .text.ble_resolv_rand_addr_handler
                0x1000a1d0       0xec src/ASF/thirdparty/wireless/ble_smart_sdk/ble_services/ble_mgr/ble_manager.o
                0x1000a1d0                ble_resolv_rand_addr_handler
 .text.ble_event_manager
                0x1000a2bc      0x128 src/ASF/thirdparty/wireless/ble_smart_sdk/ble_services/ble_mgr/ble_manager.o
                0x1000a2bc                ble_event_manager
 .text.ble_event_task
                0x1000a3e4       0x58 src/ASF/thirdparty/wireless/ble_smart_sdk/ble_services/ble_mgr/ble_manager.o
                0x1000a3e4                ble_event_task
 .text.uart_read_complete_callback
                0x1000a43c       0x54 src/ASF/thirdparty/wireless/ble_smart_sdk/services/uart/console_serial.o
 .text.usart_serial_getchar
                0x1000a490       0x18 src/ASF/thirdparty/wireless/ble_smart_sdk/services/uart/console_serial.o
 .text.usart_serial_putchar
                0x1000a4a8       0x18 src/ASF/thirdparty/wireless/ble_smart_sdk/services/uart/console_serial.o
 .text.serial_console_init
                0x1000a4c0       0xa8 src/ASF/thirdparty/wireless/ble_smart_sdk/services/uart/console_serial.o
                0x1000a4c0                serial_console_init
 .text._time_start
                0x1000a568       0x58 src/ASF/thirdparty/wireless/ble_smart_sdk/services/uart/console_serial.o
                0x1000a568                _time_start
 .text._time_done
                0x1000a5c0       0x10 src/ASF/thirdparty/wireless/ble_smart_sdk/services/uart/console_serial.o
                0x1000a5c0                _time_done
 .text.getchar_b11_timeout
                0x1000a5d0       0x6c src/ASF/thirdparty/wireless/ble_smart_sdk/services/uart/console_serial.o
                0x1000a5d0                getchar_b11_timeout
 .text.platform_event_free
                0x1000a63c       0x10 src/ASF/thirdparty/wireless/ble_smart_sdk/src/event_handler.o
                0x1000a63c                platform_event_free
 .text.platform_event_post
                0x1000a64c       0x38 src/ASF/thirdparty/wireless/ble_smart_sdk/src/event_handler.o
                0x1000a64c                platform_event_post
 .text.platform_event_init
                0x1000a684       0x30 src/ASF/thirdparty/wireless/ble_smart_sdk/src/event_handler.o
                0x1000a684                platform_event_init
 .text.at_ke_msg_send
                0x1000a6b4       0x78 src/ASF/thirdparty/wireless/ble_smart_sdk/src/platform_drv.o
 .text.samb11_plf_resume_callback
                0x1000a72c       0x2c src/ASF/thirdparty/wireless/ble_smart_sdk/src/platform_drv.o
                0x1000a72c                samb11_plf_resume_callback
 .text.init_port_list
                0x1000a758       0x44 src/ASF/thirdparty/wireless/ble_smart_sdk/src/platform_drv.o
                0x1000a758                init_port_list
 .text.init_clock
                0x1000a79c       0x30 src/ASF/thirdparty/wireless/ble_smart_sdk/src/platform_drv.o
                0x1000a79c                init_clock
 .text.platform_driver_init
                0x1000a7cc      0x244 src/ASF/thirdparty/wireless/ble_smart_sdk/src/platform_drv.o
                0x1000a7cc                platform_driver_init
 .text.platform_register_ble_msg_handler
                0x1000aa10       0x1c src/ASF/thirdparty/wireless/ble_smart_sdk/src/platform_drv.o
                0x1000aa10                platform_register_ble_msg_handler
 .text.platform_interface_send
                0x1000aa2c       0x50 src/ASF/thirdparty/wireless/ble_smart_sdk/src/platform_drv.o
                0x1000aa2c                platform_interface_send
 .text.send_plf_int_msg_ind
                0x1000aa7c       0x40 src/ASF/thirdparty/wireless/ble_smart_sdk/src/platform_drv.o
                0x1000aa7c                send_plf_int_msg_ind
 .text.platform_event_wait
                0x1000aabc      0x264 src/ASF/thirdparty/wireless/ble_smart_sdk/src/platform_drv.o
                0x1000aabc                platform_event_wait
 .text.acquire_sleep_lock
                0x1000ad20       0x14 src/ASF/thirdparty/wireless/ble_smart_sdk/src/platform_drv.o
                0x1000ad20                acquire_sleep_lock
 .text.release_message_lock
                0x1000ad34       0x14 src/ASF/thirdparty/wireless/ble_smart_sdk/src/platform_drv.o
                0x1000ad34                release_message_lock
 .text.release_sleep_lock
                0x1000ad48       0x1c src/ASF/thirdparty/wireless/ble_smart_sdk/src/platform_drv.o
                0x1000ad48                release_sleep_lock
 .text.gpio1_combined_isr_handler
                0x1000ad64       0x70 src/ASF/thirdparty/wireless/ble_smart_sdk/src/port_from_sdk.o
                0x1000ad64                gpio1_combined_isr_handler
 .text.gpio0_combined_isr_handler
                0x1000add4       0x6c src/ASF/thirdparty/wireless/ble_smart_sdk/src/port_from_sdk.o
                0x1000add4                gpio0_combined_isr_handler
 .text.PORT1_COMB_Handler
                0x1000ae40       0x44 src/ASF/thirdparty/wireless/ble_smart_sdk/src/port_from_sdk.o
                0x1000ae40                PORT1_COMB_Handler
 .text.wakeup_int_unregister_callback
                0x1000ae84       0x18 src/ASF/thirdparty/wireless/ble_smart_sdk/src/port_from_sdk.o
                0x1000ae84                wakeup_int_unregister_callback
 .text.wakeup_active_event_callback
                0x1000ae9c       0x5c src/ASF/thirdparty/wireless/ble_smart_sdk/src/port_from_sdk.o
                0x1000ae9c                wakeup_active_event_callback
 .text._read    0x1000aef8       0x40 src/ASF/sam0/utils/stdio/read.o
                0x1000aef8                _read
 .text._write   0x1000af38       0x50 src/ASF/sam0/utils/stdio/write.o
                0x1000af38                _write
 .text.uart_rx0_isr_handler
                0x1000af88       0x88 src/ASF/sam0/drivers/uart/uart.o
 .text.uart_tx0_isr_handler
                0x1000b010       0x8c src/ASF/sam0/drivers/uart/uart.o
 .text.uart_rx1_isr_handler
                0x1000b09c       0x88 src/ASF/sam0/drivers/uart/uart.o
 .text.uart_tx1_isr_handler
                0x1000b124       0x8c src/ASF/sam0/drivers/uart/uart.o
 .text.uart_get_config_defaults
                0x1000b1b0       0x2c src/ASF/sam0/drivers/uart/uart.o
                0x1000b1b0                uart_get_config_defaults
 .text.uart_init
                0x1000b1dc      0x1bc src/ASF/sam0/drivers/uart/uart.o
                0x1000b1dc                uart_init
 .text.uart_write_wait
                0x1000b398       0x10 src/ASF/sam0/drivers/uart/uart.o
                0x1000b398                uart_write_wait
 .text.uart_read_wait
                0x1000b3a8       0x14 src/ASF/sam0/drivers/uart/uart.o
                0x1000b3a8                uart_read_wait
 .text.uart_read_buffer_job
                0x1000b3bc       0x28 src/ASF/sam0/drivers/uart/uart.o
                0x1000b3bc                uart_read_buffer_job
 .text.uart_register_callback
                0x1000b3e4       0x14 src/ASF/sam0/drivers/uart/uart.o
                0x1000b3e4                uart_register_callback
 .text.uart_enable_callback
                0x1000b3f8       0x20 src/ASF/sam0/drivers/uart/uart.o
                0x1000b3f8                uart_enable_callback
 .text.uart_disable_callback
                0x1000b418       0x20 src/ASF/sam0/drivers/uart/uart.o
                0x1000b418                uart_disable_callback
 .text.gpio_port0_isr_handler
                0x1000b438       0x64 src/ASF/sam0/drivers/gpio/gpio.o
 .text.gpio_port1_isr_handler
                0x1000b49c       0x70 src/ASF/sam0/drivers/gpio/gpio.o
 .text.gpio_port2_isr_handler
                0x1000b50c       0x7c src/ASF/sam0/drivers/gpio/gpio.o
 .text.gpio_get_config_defaults
                0x1000b588       0x10 src/ASF/sam0/drivers/gpio/gpio.o
                0x1000b588                gpio_get_config_defaults
 .text.gpio_pin_set_config
                0x1000b598      0x1b8 src/ASF/sam0/drivers/gpio/gpio.o
                0x1000b598                gpio_pin_set_config
 .text.gpio_pinmux_cofiguration
                0x1000b750      0x14c src/ASF/sam0/drivers/gpio/gpio.o
                0x1000b750                gpio_pinmux_cofiguration
 .text.gpio_register_callback
                0x1000b89c       0xd0 src/ASF/sam0/drivers/gpio/gpio.o
                0x1000b89c                gpio_register_callback
 .text.gpio_disable_callback
                0x1000b96c       0x3c src/ASF/sam0/drivers/gpio/gpio.o
                0x1000b96c                gpio_disable_callback
 .text.gpio_init
                0x1000b9a8       0x6c src/ASF/sam0/drivers/gpio/gpio.o
                0x1000b9a8                gpio_init
 .text._i2c_master_read_packet
                0x1000ba14       0x7c src/ASF/sam0/drivers/i2c/i2c_master.o
 .text._i2c_master_write_packet
                0x1000ba90       0x60 src/ASF/sam0/drivers/i2c/i2c_master.o
 .text.i2c_master_get_config_defaults
                0x1000baf0       0x18 src/ASF/sam0/drivers/i2c/i2c_master.o
                0x1000baf0                i2c_master_get_config_defaults
 .text.i2c_master_init
                0x1000bb08       0x74 src/ASF/sam0/drivers/i2c/i2c_master.o
                0x1000bb08                i2c_master_init
 .text.i2c_master_read_packet_wait
                0x1000bb7c       0x24 src/ASF/sam0/drivers/i2c/i2c_master.o
                0x1000bb7c                i2c_master_read_packet_wait
 .text.i2c_master_write_packet_wait
                0x1000bba0       0x34 src/ASF/sam0/drivers/i2c/i2c_master.o
                0x1000bba0                i2c_master_write_packet_wait
 .text.i2c_master_write_packet_wait_no_stop
                0x1000bbd4       0x24 src/ASF/sam0/drivers/i2c/i2c_master.o
                0x1000bbd4                i2c_master_write_packet_wait_no_stop
 .text.system_clock_config
                0x1000bbf8       0x84 src/ASF/sam0/drivers/system/system_sam_b.o
                0x1000bbf8                system_clock_config
 .text.system_clock_get_value
                0x1000bc7c        0xc src/ASF/sam0/drivers/system/system_sam_b.o
                0x1000bc7c                system_clock_get_value
 .text.system_clock_peripheral_enable
                0x1000bc88      0x35c src/ASF/sam0/drivers/system/system_sam_b.o
                0x1000bc88                system_clock_peripheral_enable
 .text.system_peripheral_reset
                0x1000bfe4      0x468 src/ASF/sam0/drivers/system/system_sam_b.o
                0x1000bfe4                system_peripheral_reset
 .text.system_register_isr
                0x1000c44c       0x10 src/ASF/sam0/drivers/system/system_sam_b.o
                0x1000c44c                system_register_isr
 .text._sbrk    0x1000c45c       0x24 src/ASF/sam0/utils/syscalls/gcc/syscalls.o
                0x1000c45c                _sbrk
 .text._close   0x1000c480        0x8 src/ASF/sam0/utils/syscalls/gcc/syscalls.o
                0x1000c480                _close
 .text._fstat   0x1000c488        0xc src/ASF/sam0/utils/syscalls/gcc/syscalls.o
                0x1000c488                _fstat
 .text._isatty  0x1000c494        0x4 src/ASF/sam0/utils/syscalls/gcc/syscalls.o
                0x1000c494                _isatty
 .text._lseek   0x1000c498        0x4 src/ASF/sam0/utils/syscalls/gcc/syscalls.o
                0x1000c498                _lseek
 .text.interrupt_cb
                0x1000c49c       0x28 src/qs_i2c_master_basic_use.o
                0x1000c49c                interrupt_cb
 .text.configure_i2c_master
                0x1000c4c4       0x74 src/qs_i2c_master_basic_use.o
                0x1000c4c4                configure_i2c_master
 .text.init_dualtimer
                0x1000c538       0x30 src/qs_i2c_master_basic_use.o
                0x1000c538                init_dualtimer
 .text.dmp_read_fifo
                0x1000c568       0x1c src/qs_i2c_master_basic_use.o
                0x1000c568                dmp_read_fifo
 .text.imu_poll_data
                0x1000c584       0x30 src/qs_i2c_master_basic_use.o
                0x1000c584                imu_poll_data
 .text.main     0x1000c5b4       0xc8 src/qs_i2c_master_basic_use.o
                0x1000c5b4                main
 .text.internal_event_post
                0x1000c67c       0x5c ../src/ASF/thirdparty/wireless/ble_smart_sdk/lib/cm0/gcc\libblusdk.a(event.o)
                0x1000c67c                internal_event_post
 .text.internal_event_init
                0x1000c6d8       0x2c ../src/ASF/thirdparty/wireless/ble_smart_sdk/lib/cm0/gcc\libblusdk.a(event.o)
                0x1000c6d8                internal_event_init
 .text.special_events_handler
                0x1000c704       0x90 ../src/ASF/thirdparty/wireless/ble_smart_sdk/lib/cm0/gcc\libblusdk.a(event.o)
                0x1000c704                special_events_handler
 .text.at_ble_event_get
                0x1000c794      0x6d8 ../src/ASF/thirdparty/wireless/ble_smart_sdk/lib/cm0/gcc\libblusdk.a(event.o)
                0x1000c794                at_ble_event_get
 .text.internal_event_flush
                0x1000ce6c       0x44 ../src/ASF/thirdparty/wireless/ble_smart_sdk/lib/cm0/gcc\libblusdk.a(event.o)
                0x1000ce6c                internal_event_flush
 .text.internal_conn_flush
                0x1000ceb0       0x54 ../src/ASF/thirdparty/wireless/ble_smart_sdk/lib/cm0/gcc\libblusdk.a(event.o)
                0x1000ceb0                internal_conn_flush
 .text.at_ble_device_name_set
                0x1000cf04       0x34 ../src/ASF/thirdparty/wireless/ble_smart_sdk/lib/cm0/gcc\libblusdk.a(gap.o)
                0x1000cf04                at_ble_device_name_set
 .text.at_ble_addr_get
                0x1000cf38       0x24 ../src/ASF/thirdparty/wireless/ble_smart_sdk/lib/cm0/gcc\libblusdk.a(gap.o)
                0x1000cf38                at_ble_addr_get
 .text.at_ble_set_dev_config
                0x1000cf5c       0x90 ../src/ASF/thirdparty/wireless/ble_smart_sdk/lib/cm0/gcc\libblusdk.a(gap.o)
                0x1000cf5c                at_ble_set_dev_config
 .text.at_ble_init
                0x1000cfec      0x1b4 ../src/ASF/thirdparty/wireless/ble_smart_sdk/lib/cm0/gcc\libblusdk.a(gap.o)
                0x1000cfec                at_ble_init
 .text.at_ble_addr_set
                0x1000d1a0       0x54 ../src/ASF/thirdparty/wireless/ble_smart_sdk/lib/cm0/gcc\libblusdk.a(gap.o)
                0x1000d1a0                at_ble_addr_set
 .text.at_ble_scan_stop
                0x1000d1f4       0x20 ../src/ASF/thirdparty/wireless/ble_smart_sdk/lib/cm0/gcc\libblusdk.a(gap.o)
                0x1000d1f4                at_ble_scan_stop
 .text.at_ble_disconnect
                0x1000d214       0x20 ../src/ASF/thirdparty/wireless/ble_smart_sdk/lib/cm0/gcc\libblusdk.a(gap.o)
                0x1000d214                at_ble_disconnect
 .text.at_ble_conn_update_reply
                0x1000d234        0xc ../src/ASF/thirdparty/wireless/ble_smart_sdk/lib/cm0/gcc\libblusdk.a(gap.o)
                0x1000d234                at_ble_conn_update_reply
 .text.at_ble_random_address_resolve
                0x1000d240       0x28 ../src/ASF/thirdparty/wireless/ble_smart_sdk/lib/cm0/gcc\libblusdk.a(gap.o)
                0x1000d240                at_ble_random_address_resolve
 .text.at_ble_uuid_len2type
                0x1000d268       0x14 ../src/ASF/thirdparty/wireless/ble_smart_sdk/lib/cm0/gcc\libblusdk.a(gap.o)
                0x1000d268                at_ble_uuid_len2type
 .text.init_gatt_client_module
                0x1000d27c        0xc ../src/ASF/thirdparty/wireless/ble_smart_sdk/lib/cm0/gcc\libblusdk.a(gatt_client.o)
                0x1000d27c                init_gatt_client_module
 .text.db_searchATT
                0x1000d288       0x40 ../src/ASF/thirdparty/wireless/ble_smart_sdk/lib/cm0/gcc\libblusdk.a(gatt_server.o)
 .text.at_ble_read_authorize_reply.part.1
                0x1000d2c8       0x30 ../src/ASF/thirdparty/wireless/ble_smart_sdk/lib/cm0/gcc\libblusdk.a(gatt_server.o)
 .text.initi_gatt_server_module
                0x1000d2f8       0x3c ../src/ASF/thirdparty/wireless/ble_smart_sdk/lib/cm0/gcc\libblusdk.a(gatt_server.o)
                0x1000d2f8                initi_gatt_server_module
 .text.db_init  0x1000d334       0x44 ../src/ASF/thirdparty/wireless/ble_smart_sdk/lib/cm0/gcc\libblusdk.a(gatt_server.o)
                0x1000d334                db_init
 .text.at_ble_characteristic_value_set
                0x1000d378       0x3c ../src/ASF/thirdparty/wireless/ble_smart_sdk/lib/cm0/gcc\libblusdk.a(gatt_server.o)
                0x1000d378                at_ble_characteristic_value_set
 .text.at_ble_characteristic_value_get
                0x1000d3b4       0x40 ../src/ASF/thirdparty/wireless/ble_smart_sdk/lib/cm0/gcc\libblusdk.a(gatt_server.o)
                0x1000d3b4                at_ble_characteristic_value_get
 .text.at_ble_write_authorize_reply
                0x1000d3f4       0x88 ../src/ASF/thirdparty/wireless/ble_smart_sdk/lib/cm0/gcc\libblusdk.a(gatt_server.o)
                0x1000d3f4                at_ble_write_authorize_reply
 .text.gatts_handle_read_req
                0x1000d47c       0x30 ../src/ASF/thirdparty/wireless/ble_smart_sdk/lib/cm0/gcc\libblusdk.a(gatt_server.o)
                0x1000d47c                gatts_handle_read_req
 .text.gatts_handle_att_info_req
                0x1000d4ac       0x3c ../src/ASF/thirdparty/wireless/ble_smart_sdk/lib/cm0/gcc\libblusdk.a(gatt_server.o)
                0x1000d4ac                gatts_handle_att_info_req
 .text.gatts_handle_write_req
                0x1000d4e8       0x30 ../src/ASF/thirdparty/wireless/ble_smart_sdk/lib/cm0/gcc\libblusdk.a(gatt_server.o)
                0x1000d4e8                gatts_handle_write_req
 .text.init_l2cc_task_module
                0x1000d518        0xc ../src/ASF/thirdparty/wireless/ble_smart_sdk/lib/cm0/gcc\libblusdk.a(l2cc_task.o)
                0x1000d518                init_l2cc_task_module
 .text.l2cc_data_send_rsp_handler
                0x1000d524       0x2c ../src/ASF/thirdparty/wireless/ble_smart_sdk/lib/cm0/gcc\libblusdk.a(l2cc_task.o)
                0x1000d524                l2cc_data_send_rsp_handler
 .text.l2cc_data_received_handler
                0x1000d550       0x30 ../src/ASF/thirdparty/wireless/ble_smart_sdk/lib/cm0/gcc\libblusdk.a(l2cc_task.o)
                0x1000d550                l2cc_data_received_handler
 .text.at_ble_authenticate
                0x1000d580      0x130 ../src/ASF/thirdparty/wireless/ble_smart_sdk/lib/cm0/gcc\libblusdk.a(security.o)
                0x1000d580                at_ble_authenticate
 .text.at_ble_pair_key_reply
                0x1000d6b0       0x7c ../src/ASF/thirdparty/wireless/ble_smart_sdk/lib/cm0/gcc\libblusdk.a(security.o)
                0x1000d6b0                at_ble_pair_key_reply
 .text.at_ble_send_slave_sec_request
                0x1000d72c       0x40 ../src/ASF/thirdparty/wireless/ble_smart_sdk/lib/cm0/gcc\libblusdk.a(security.o)
                0x1000d72c                at_ble_send_slave_sec_request
 .text.at_ble_encryption_start
                0x1000d76c       0x78 ../src/ASF/thirdparty/wireless/ble_smart_sdk/lib/cm0/gcc\libblusdk.a(security.o)
                0x1000d76c                at_ble_encryption_start
 .text.at_ble_encryption_request_reply
                0x1000d7e4       0x34 ../src/ASF/thirdparty/wireless/ble_smart_sdk/lib/cm0/gcc\libblusdk.a(security.o)
                0x1000d7e4                at_ble_encryption_request_reply
 .text.rx_callback
                0x1000d818       0x98 ../src/ASF/thirdparty/wireless/ble_smart_sdk/lib/cm0/gcc\libblusdk.a(interface.o)
                0x1000d818                rx_callback
 .text.interface_send
                0x1000d8b0       0x10 ../src/ASF/thirdparty/wireless/ble_smart_sdk/lib/cm0/gcc\libblusdk.a(interface.o)
                0x1000d8b0                interface_send
 .text.interface_init
                0x1000d8c0       0x48 ../src/ASF/thirdparty/wireless/ble_smart_sdk/lib/cm0/gcc\libblusdk.a(interface.o)
                0x1000d8c0                interface_init
 .text.platform_cmd_cmpl_signal
                0x1000d908        0xc ../src/ASF/thirdparty/wireless/ble_smart_sdk/lib/cm0/gcc\libblusdk.a(interface.o)
                0x1000d908                platform_cmd_cmpl_signal
 .text.platform_cmd_cmpl_wait
                0x1000d914       0x2c ../src/ASF/thirdparty/wireless/ble_smart_sdk/lib/cm0/gcc\libblusdk.a(interface.o)
                0x1000d914                platform_cmd_cmpl_wait
 .text.start_timer
                0x1000d940        0x2 ../src/ASF/thirdparty/wireless/ble_smart_sdk/lib/cm0/gcc\libblusdk.a(interface.o)
                0x1000d940                start_timer
 .text.stop_timer
                0x1000d942        0x2 ../src/ASF/thirdparty/wireless/ble_smart_sdk/lib/cm0/gcc\libblusdk.a(interface.o)
                0x1000d942                stop_timer
 .text.dbg_le_set_bd_addr_req_handler
                0x1000d944       0x7c ../src/ASF/thirdparty/wireless/ble_smart_sdk/lib/cm0/gcc\libblusdk.a(dbg_task.o)
                0x1000d944                dbg_le_set_bd_addr_req_handler
 .text.gapc_get_dev_info_cfm.constprop.1
                0x1000d9c0       0xc0 ../src/ASF/thirdparty/wireless/ble_smart_sdk/lib/cm0/gcc\libblusdk.a(gapc_task.o)
 .text.check_ConnData_idx_role
                0x1000da80       0x3c ../src/ASF/thirdparty/wireless/ble_smart_sdk/lib/cm0/gcc\libblusdk.a(gapc_task.o)
                0x1000da80                check_ConnData_idx_role
 .text.check_ConnData_emptyEntry
                0x1000dabc       0x28 ../src/ASF/thirdparty/wireless/ble_smart_sdk/lib/cm0/gcc\libblusdk.a(gapc_task.o)
                0x1000dabc                check_ConnData_emptyEntry
 .text.gapc_cmp_evt
                0x1000dae4       0xd0 ../src/ASF/thirdparty/wireless/ble_smart_sdk/lib/cm0/gcc\libblusdk.a(gapc_task.o)
                0x1000dae4                gapc_cmp_evt
 .text.gapc_connection_cfm_handler
                0x1000dbb4       0xc4 ../src/ASF/thirdparty/wireless/ble_smart_sdk/lib/cm0/gcc\libblusdk.a(gapc_task.o)
                0x1000dbb4                gapc_connection_cfm_handler
 .text.gapc_con_req_ind
                0x1000dc78       0xe0 ../src/ASF/thirdparty/wireless/ble_smart_sdk/lib/cm0/gcc\libblusdk.a(gapc_task.o)
                0x1000dc78                gapc_con_req_ind
 .text.gapc_disconnect_cmd_handler
                0x1000dd58       0x44 ../src/ASF/thirdparty/wireless/ble_smart_sdk/lib/cm0/gcc\libblusdk.a(gapc_task.o)
                0x1000dd58                gapc_disconnect_cmd_handler
 .text.gapc_disconnect_ind
                0x1000dd9c       0x34 ../src/ASF/thirdparty/wireless/ble_smart_sdk/lib/cm0/gcc\libblusdk.a(gapc_task.o)
                0x1000dd9c                gapc_disconnect_ind
 .text.gapc_bond_cmd_handler
                0x1000ddd0       0x68 ../src/ASF/thirdparty/wireless/ble_smart_sdk/lib/cm0/gcc\libblusdk.a(gapc_task.o)
                0x1000ddd0                gapc_bond_cmd_handler
 .text.gapc_bond_ind
                0x1000de38       0xd8 ../src/ASF/thirdparty/wireless/ble_smart_sdk/lib/cm0/gcc\libblusdk.a(gapc_task.o)
                0x1000de38                gapc_bond_ind
 .text.gapc_bond_req_ind
                0x1000df10       0xe0 ../src/ASF/thirdparty/wireless/ble_smart_sdk/lib/cm0/gcc\libblusdk.a(gapc_task.o)
                0x1000df10                gapc_bond_req_ind
 .text.gapc_bond_cfm_handler_pair_resp
                0x1000dff0       0x7c ../src/ASF/thirdparty/wireless/ble_smart_sdk/lib/cm0/gcc\libblusdk.a(gapc_task.o)
                0x1000dff0                gapc_bond_cfm_handler_pair_resp
 .text.gapc_bond_cfm_handler_key_exch
                0x1000e06c       0x50 ../src/ASF/thirdparty/wireless/ble_smart_sdk/lib/cm0/gcc\libblusdk.a(gapc_task.o)
                0x1000e06c                gapc_bond_cfm_handler_key_exch
 .text.gapc_security_cmd_handler
                0x1000e0bc       0x40 ../src/ASF/thirdparty/wireless/ble_smart_sdk/lib/cm0/gcc\libblusdk.a(gapc_task.o)
                0x1000e0bc                gapc_security_cmd_handler
 .text.gapc_encrypt_cmd_handler
                0x1000e0fc       0x9c ../src/ASF/thirdparty/wireless/ble_smart_sdk/lib/cm0/gcc\libblusdk.a(gapc_task.o)
                0x1000e0fc                gapc_encrypt_cmd_handler
 .text.gapc_encrypt_req_ind
                0x1000e198       0x20 ../src/ASF/thirdparty/wireless/ble_smart_sdk/lib/cm0/gcc\libblusdk.a(gapc_task.o)
                0x1000e198                gapc_encrypt_req_ind
 .text.gapc_encrypt_cfm_handler
                0x1000e1b8       0x80 ../src/ASF/thirdparty/wireless/ble_smart_sdk/lib/cm0/gcc\libblusdk.a(gapc_task.o)
                0x1000e1b8                gapc_encrypt_cfm_handler
 .text.gapc_encrypt_ind
                0x1000e238        0xe ../src/ASF/thirdparty/wireless/ble_smart_sdk/lib/cm0/gcc\libblusdk.a(gapc_task.o)
                0x1000e238                gapc_encrypt_ind
 *fill*         0x1000e246        0x2 
 .text.gapc_param_update_cfm_handler
                0x1000e248       0x4c ../src/ASF/thirdparty/wireless/ble_smart_sdk/lib/cm0/gcc\libblusdk.a(gapc_task.o)
                0x1000e248                gapc_param_update_cfm_handler
 .text.gapc_param_updated_ind
                0x1000e294       0x2a ../src/ASF/thirdparty/wireless/ble_smart_sdk/lib/cm0/gcc\libblusdk.a(gapc_task.o)
                0x1000e294                gapc_param_updated_ind
 .text.gapc_param_updated_req_ind
                0x1000e2be       0x30 ../src/ASF/thirdparty/wireless/ble_smart_sdk/lib/cm0/gcc\libblusdk.a(gapc_task.o)
                0x1000e2be                gapc_param_updated_req_ind
 *fill*         0x1000e2ee        0x2 
 .text.gapc_dev_info_req_ind_handler
                0x1000e2f0       0x28 ../src/ASF/thirdparty/wireless/ble_smart_sdk/lib/cm0/gcc\libblusdk.a(gapc_task.o)
                0x1000e2f0                gapc_dev_info_req_ind_handler
 .text.gapc_sec_req_ind
                0x1000e318       0x16 ../src/ASF/thirdparty/wireless/ble_smart_sdk/lib/cm0/gcc\libblusdk.a(gapc_task.o)
                0x1000e318                gapc_sec_req_ind
 .text.gapc_sign_counter_ind_handler
                0x1000e32e       0x34 ../src/ASF/thirdparty/wireless/ble_smart_sdk/lib/cm0/gcc\libblusdk.a(gapc_task.o)
                0x1000e32e                gapc_sign_counter_ind_handler
 *fill*         0x1000e362        0x2 
 .text.gapc_peer_att_info_ind_handler
                0x1000e364       0x7c ../src/ASF/thirdparty/wireless/ble_smart_sdk/lib/cm0/gcc\libblusdk.a(gapc_task.o)
                0x1000e364                gapc_peer_att_info_ind_handler
 .text.gapc_con_channel_map_ind_handler
                0x1000e3e0       0x18 ../src/ASF/thirdparty/wireless/ble_smart_sdk/lib/cm0/gcc\libblusdk.a(gapc_task.o)
                0x1000e3e0                gapc_con_channel_map_ind_handler
 .text.gapc_lecb_connected
                0x1000e3f8       0x2e ../src/ASF/thirdparty/wireless/ble_smart_sdk/lib/cm0/gcc\libblusdk.a(gapc_task.o)
                0x1000e3f8                gapc_lecb_connected
 .text.gapc_lecb_disconnected
                0x1000e426       0x16 ../src/ASF/thirdparty/wireless/ble_smart_sdk/lib/cm0/gcc\libblusdk.a(gapc_task.o)
                0x1000e426                gapc_lecb_disconnected
 .text.gapc_lecb_connect_req_ind
                0x1000e43c       0x2a ../src/ASF/thirdparty/wireless/ble_smart_sdk/lib/cm0/gcc\libblusdk.a(gapc_task.o)
                0x1000e43c                gapc_lecb_connect_req_ind
 .text.gapc_lecb_add_credit_resp_handler
                0x1000e466       0x20 ../src/ASF/thirdparty/wireless/ble_smart_sdk/lib/cm0/gcc\libblusdk.a(gapc_task.o)
                0x1000e466                gapc_lecb_add_credit_resp_handler
 *fill*         0x1000e486        0x2 
 .text.gapm_reset_req_handler
                0x1000e488       0x70 ../src/ASF/thirdparty/wireless/ble_smart_sdk/lib/cm0/gcc\libblusdk.a(gapm_task.o)
                0x1000e488                gapm_reset_req_handler
 .text.gapm_set_dev_config_cmd_handler
                0x1000e4f8      0x108 ../src/ASF/thirdparty/wireless/ble_smart_sdk/lib/cm0/gcc\libblusdk.a(gapm_task.o)
                0x1000e4f8                gapm_set_dev_config_cmd_handler
 .text.gapm_get_dev_config_cmd_handler
                0x1000e600       0xe0 ../src/ASF/thirdparty/wireless/ble_smart_sdk/lib/cm0/gcc\libblusdk.a(gapm_task.o)
                0x1000e600                gapm_get_dev_config_cmd_handler
 .text.gapm_cancel_cmd_handler
                0x1000e6e0       0x70 ../src/ASF/thirdparty/wireless/ble_smart_sdk/lib/cm0/gcc\libblusdk.a(gapm_task.o)
                0x1000e6e0                gapm_cancel_cmd_handler
 .text.gapm_dev_bdaddr_ind_handler
                0x1000e750       0x1c ../src/ASF/thirdparty/wireless/ble_smart_sdk/lib/cm0/gcc\libblusdk.a(gapm_task.o)
                0x1000e750                gapm_dev_bdaddr_ind_handler
 .text.gapm_cmp_evt
                0x1000e76c      0x148 ../src/ASF/thirdparty/wireless/ble_smart_sdk/lib/cm0/gcc\libblusdk.a(gapm_task.o)
                0x1000e76c                gapm_cmp_evt
 .text.gapm_adv_report_evt_handler
                0x1000e8b4       0x88 ../src/ASF/thirdparty/wireless/ble_smart_sdk/lib/cm0/gcc\libblusdk.a(gapm_task.o)
                0x1000e8b4                gapm_adv_report_evt_handler
 .text.gapm_resolv_addr_cmd_handler
                0x1000e93c       0x68 ../src/ASF/thirdparty/wireless/ble_smart_sdk/lib/cm0/gcc\libblusdk.a(gapm_task.o)
                0x1000e93c                gapm_resolv_addr_cmd_handler
 .text.gapm_addr_solved_ind_handler
                0x1000e9a4       0x24 ../src/ASF/thirdparty/wireless/ble_smart_sdk/lib/cm0/gcc\libblusdk.a(gapm_task.o)
                0x1000e9a4                gapm_addr_solved_ind_handler
 .text.gapm_profile_added_ind_handler
                0x1000e9c8       0x20 ../src/ASF/thirdparty/wireless/ble_smart_sdk/lib/cm0/gcc\libblusdk.a(gapm_task.o)
                0x1000e9c8                gapm_profile_added_ind_handler
 .text.gattc_read_req_ind_parser
                0x1000e9e8        0xc ../src/ASF/thirdparty/wireless/ble_smart_sdk/lib/cm0/gcc\libblusdk.a(gattc_task.o)
                0x1000e9e8                gattc_read_req_ind_parser
 .text.gattc_write_req_ind_parser
                0x1000e9f4       0x38 ../src/ASF/thirdparty/wireless/ble_smart_sdk/lib/cm0/gcc\libblusdk.a(gattc_task.o)
                0x1000e9f4                gattc_write_req_ind_parser
 .text.gattc_att_info_req_parser
                0x1000ea2c        0xc ../src/ASF/thirdparty/wireless/ble_smart_sdk/lib/cm0/gcc\libblusdk.a(gattc_task.o)
                0x1000ea2c                gattc_att_info_req_parser
 .text.gattc_read_cfm
                0x1000ea38       0x6c ../src/ASF/thirdparty/wireless/ble_smart_sdk/lib/cm0/gcc\libblusdk.a(gattc_task.o)
                0x1000ea38                gattc_read_cfm
 .text.gattc_write_cfm
                0x1000eaa4       0x44 ../src/ASF/thirdparty/wireless/ble_smart_sdk/lib/cm0/gcc\libblusdk.a(gattc_task.o)
                0x1000eaa4                gattc_write_cfm
 .text.gattc_att_info_cfm
                0x1000eae8       0x48 ../src/ASF/thirdparty/wireless/ble_smart_sdk/lib/cm0/gcc\libblusdk.a(gattc_task.o)
                0x1000eae8                gattc_att_info_cfm
 .text.gattc_event_cfm_handler
                0x1000eb30       0x40 ../src/ASF/thirdparty/wireless/ble_smart_sdk/lib/cm0/gcc\libblusdk.a(gattc_task.o)
                0x1000eb30                gattc_event_cfm_handler
 .text.gattc_disc_svc_ind_parser
                0x1000eb70       0x3c ../src/ASF/thirdparty/wireless/ble_smart_sdk/lib/cm0/gcc\libblusdk.a(gattc_task.o)
                0x1000eb70                gattc_disc_svc_ind_parser
 .text.gattc_disc_svc_incl_ind_parser
                0x1000ebac       0x48 ../src/ASF/thirdparty/wireless/ble_smart_sdk/lib/cm0/gcc\libblusdk.a(gattc_task.o)
                0x1000ebac                gattc_disc_svc_incl_ind_parser
 .text.gattc_disc_char_ind_parser
                0x1000ebf4       0x44 ../src/ASF/thirdparty/wireless/ble_smart_sdk/lib/cm0/gcc\libblusdk.a(gattc_task.o)
                0x1000ebf4                gattc_disc_char_ind_parser
 .text.gattc_disc_char_desc_ind_parser
                0x1000ec38       0x34 ../src/ASF/thirdparty/wireless/ble_smart_sdk/lib/cm0/gcc\libblusdk.a(gattc_task.o)
                0x1000ec38                gattc_disc_char_desc_ind_parser
 .text.gattc_event_ind_and_notification_parser
                0x1000ec6c       0x54 ../src/ASF/thirdparty/wireless/ble_smart_sdk/lib/cm0/gcc\libblusdk.a(gattc_task.o)
                0x1000ec6c                gattc_event_ind_and_notification_parser
 .text.gattc_complete_evt_handler
                0x1000ecc0       0x78 ../src/ASF/thirdparty/wireless/ble_smart_sdk/lib/cm0/gcc\libblusdk.a(gattc_task.o)
                0x1000ecc0                gattc_complete_evt_handler
 .text.gattc_event_mtu_changed_ind_parser
                0x1000ed38       0x10 ../src/ASF/thirdparty/wireless/ble_smart_sdk/lib/cm0/gcc\libblusdk.a(gattc_task.o)
                0x1000ed38                gattc_event_mtu_changed_ind_parser
 .text.gattc_read_ind_parser
                0x1000ed48       0x40 ../src/ASF/thirdparty/wireless/ble_smart_sdk/lib/cm0/gcc\libblusdk.a(gattc_task.o)
                0x1000ed48                gattc_read_ind_parser
 .text.gattc_svc_changed_cfg_ind_parser
                0x1000ed88       0x10 ../src/ASF/thirdparty/wireless/ble_smart_sdk/lib/cm0/gcc\libblusdk.a(gattc_task.o)
                0x1000ed88                gattc_svc_changed_cfg_ind_parser
 .text.init_gattc_task_module
                0x1000ed98       0x14 ../src/ASF/thirdparty/wireless/ble_smart_sdk/lib/cm0/gcc\libblusdk.a(gattc_task.o)
                0x1000ed98                init_gattc_task_module
 .text.gattm_att_set_value_req_handler
                0x1000edac       0x8c ../src/ASF/thirdparty/wireless/ble_smart_sdk/lib/cm0/gcc\libblusdk.a(gattm_task.o)
                0x1000edac                gattm_att_set_value_req_handler
 .text.gattm_att_get_value_req_handler
                0x1000ee38       0x9c ../src/ASF/thirdparty/wireless/ble_smart_sdk/lib/cm0/gcc\libblusdk.a(gattm_task.o)
                0x1000ee38                gattm_att_get_value_req_handler
 .text.htpt_enable_rsp_handler
                0x1000eed4        0xa ../src/ASF/thirdparty/wireless/ble_smart_sdk/lib/cm0/gcc\libblusdk.a(htpt_task.o)
                0x1000eed4                htpt_enable_rsp_handler
 .text.htpt_temp_send_rsp_handler
                0x1000eede        0x6 ../src/ASF/thirdparty/wireless/ble_smart_sdk/lib/cm0/gcc\libblusdk.a(htpt_task.o)
                0x1000eede                htpt_temp_send_rsp_handler
 .text.htpt_meas_intv_upd_rsp_handler
                0x1000eee4        0x6 ../src/ASF/thirdparty/wireless/ble_smart_sdk/lib/cm0/gcc\libblusdk.a(htpt_task.o)
                0x1000eee4                htpt_meas_intv_upd_rsp_handler
 .text.htpt_meas_intv_chg_req_ind_handler
                0x1000eeea        0xc ../src/ASF/thirdparty/wireless/ble_smart_sdk/lib/cm0/gcc\libblusdk.a(htpt_task.o)
                0x1000eeea                htpt_meas_intv_chg_req_ind_handler
 .text.htpt_cfg_indntf_ind_handler
                0x1000eef6        0xa ../src/ASF/thirdparty/wireless/ble_smart_sdk/lib/cm0/gcc\libblusdk.a(htpt_task.o)
                0x1000eef6                htpt_cfg_indntf_ind_handler
 .text          0x1000ef00       0x14 c:/program files (x86)/atmel/studio/7.0/toolchain/arm/arm-gnu-toolchain/bin/../lib/gcc/arm-none-eabi/5.3.1/armv6-m\libgcc.a(_thumb1_case_uqi.o)
                0x1000ef00                __gnu_thumb1_case_uqi
 .text          0x1000ef14      0x114 c:/program files (x86)/atmel/studio/7.0/toolchain/arm/arm-gnu-toolchain/bin/../lib/gcc/arm-none-eabi/5.3.1/armv6-m\libgcc.a(_udivsi3.o)
                0x1000ef14                __aeabi_uidiv
                0x1000ef14                __udivsi3
                0x1000f020                __aeabi_uidivmod
 .text          0x1000f028      0x1d4 c:/program files (x86)/atmel/studio/7.0/toolchain/arm/arm-gnu-toolchain/bin/../lib/gcc/arm-none-eabi/5.3.1/armv6-m\libgcc.a(_divsi3.o)
                0x1000f028                __divsi3
                0x1000f028                __aeabi_idiv
                0x1000f1f4                __aeabi_idivmod
 .text          0x1000f1fc        0x4 c:/program files (x86)/atmel/studio/7.0/toolchain/arm/arm-gnu-toolchain/bin/../lib/gcc/arm-none-eabi/5.3.1/armv6-m\libgcc.a(_dvmd_tls.o)
                0x1000f1fc                __aeabi_idiv0
                0x1000f1fc                __aeabi_ldiv0
 .text          0x1000f200       0x7c c:/program files (x86)/atmel/studio/7.0/toolchain/arm/arm-gnu-toolchain/bin/../lib/gcc/arm-none-eabi/5.3.1/armv6-m\libgcc.a(_arm_cmpdf2.o)
                0x1000f200                __aeabi_cdrcmple
                0x1000f210                __aeabi_cdcmple
                0x1000f210                __aeabi_cdcmpeq
                0x1000f220                __aeabi_dcmpeq
                0x1000f22c                __aeabi_dcmplt
                0x1000f240                __aeabi_dcmple
                0x1000f254                __aeabi_dcmpgt
                0x1000f268                __aeabi_dcmpge
 .text          0x1000f27c       0x3c c:/program files (x86)/atmel/studio/7.0/toolchain/arm/arm-gnu-toolchain/bin/../lib/gcc/arm-none-eabi/5.3.1/armv6-m\libgcc.a(_fixunsdfsi.o)
                0x1000f27c                __aeabi_d2uiz
                0x1000f27c                __fixunsdfsi
 .text          0x1000f2b8       0x80 c:/program files (x86)/atmel/studio/7.0/toolchain/arm/arm-gnu-toolchain/bin/../lib/gcc/arm-none-eabi/5.3.1/armv6-m\libgcc.a(eqdf2.o)
                0x1000f2b8                __nedf2
                0x1000f2b8                __eqdf2
 .text          0x1000f338       0xc8 c:/program files (x86)/atmel/studio/7.0/toolchain/arm/arm-gnu-toolchain/bin/../lib/gcc/arm-none-eabi/5.3.1/armv6-m\libgcc.a(gedf2.o)
                0x1000f338                __gedf2
                0x1000f338                __gtdf2
 .text          0x1000f400       0xd4 c:/program files (x86)/atmel/studio/7.0/toolchain/arm/arm-gnu-toolchain/bin/../lib/gcc/arm-none-eabi/5.3.1/armv6-m\libgcc.a(ledf2.o)
                0x1000f400                __ledf2
                0x1000f400                __ltdf2
 .text          0x1000f4d4      0x4f4 c:/program files (x86)/atmel/studio/7.0/toolchain/arm/arm-gnu-toolchain/bin/../lib/gcc/arm-none-eabi/5.3.1/armv6-m\libgcc.a(muldf3.o)
                0x1000f4d4                __aeabi_dmul
 .text          0x1000f9c8      0x6a8 c:/program files (x86)/atmel/studio/7.0/toolchain/arm/arm-gnu-toolchain/bin/../lib/gcc/arm-none-eabi/5.3.1/armv6-m\libgcc.a(subdf3.o)
                0x1000f9c8                __aeabi_dsub
 .text          0x10010070       0x6c c:/program files (x86)/atmel/studio/7.0/toolchain/arm/arm-gnu-toolchain/bin/../lib/gcc/arm-none-eabi/5.3.1/armv6-m\libgcc.a(fixdfsi.o)
                0x10010070                __aeabi_d2iz
 .text          0x100100dc       0x70 c:/program files (x86)/atmel/studio/7.0/toolchain/arm/arm-gnu-toolchain/bin/../lib/gcc/arm-none-eabi/5.3.1/armv6-m\libgcc.a(floatunsidf.o)
                0x100100dc                __aeabi_ui2d
 .text          0x1001014c       0x3c c:/program files (x86)/atmel/studio/7.0/toolchain/arm/arm-gnu-toolchain/bin/../lib/gcc/arm-none-eabi/5.3.1/armv6-m\libgcc.a(_clzsi2.o)
                0x1001014c                __clzsi2
 .text          0x10010188       0x58 c:/program files (x86)/atmel/studio/7.0/toolchain/arm/arm-gnu-toolchain/bin/../lib/gcc/arm-none-eabi/5.3.1/armv6-m\libgcc.a(_muldi3.o)
                0x10010188                __muldi3
                0x10010188                __aeabi_lmul
 .text.__libc_init_array
                0x100101e0       0x4c c:/program files (x86)/atmel/studio/7.0/toolchain/arm/arm-gnu-toolchain/bin/../lib/gcc/arm-none-eabi/5.3.1/../../../../arm-none-eabi/lib/armv6-m\libc_nano.a(lib_a-init.o)
                0x100101e0                __libc_init_array
 .text.malloc   0x1001022c       0x14 c:/program files (x86)/atmel/studio/7.0/toolchain/arm/arm-gnu-toolchain/bin/../lib/gcc/arm-none-eabi/5.3.1/../../../../arm-none-eabi/lib/armv6-m\libc_nano.a(lib_a-malloc.o)
                0x1001022c                malloc
 .text.memcmp   0x10010240       0x1e c:/program files (x86)/atmel/studio/7.0/toolchain/arm/arm-gnu-toolchain/bin/../lib/gcc/arm-none-eabi/5.3.1/../../../../arm-none-eabi/lib/armv6-m\libc_nano.a(lib_a-memcmp.o)
                0x10010240                memcmp
 .text.memcpy   0x1001025e       0x12 c:/program files (x86)/atmel/studio/7.0/toolchain/arm/arm-gnu-toolchain/bin/../lib/gcc/arm-none-eabi/5.3.1/../../../../arm-none-eabi/lib/armv6-m\libc_nano.a(lib_a-memcpy-stub.o)
                0x1001025e                memcpy
 .text.memset   0x10010270       0x10 c:/program files (x86)/atmel/studio/7.0/toolchain/arm/arm-gnu-toolchain/bin/../lib/gcc/arm-none-eabi/5.3.1/../../../../arm-none-eabi/lib/armv6-m\libc_nano.a(lib_a-memset.o)
                0x10010270                memset
 .text._free_r  0x10010280       0x8c c:/program files (x86)/atmel/studio/7.0/toolchain/arm/arm-gnu-toolchain/bin/../lib/gcc/arm-none-eabi/5.3.1/../../../../arm-none-eabi/lib/armv6-m\libc_nano.a(lib_a-nano-freer.o)
                0x10010280                _free_r
 .text._malloc_r
                0x1001030c       0xac c:/program files (x86)/atmel/studio/7.0/toolchain/arm/arm-gnu-toolchain/bin/../lib/gcc/arm-none-eabi/5.3.1/../../../../arm-none-eabi/lib/armv6-m\libc_nano.a(lib_a-nano-mallocr.o)
                0x1001030c                _malloc_r
 .text.printf   0x100103b8       0x34 c:/program files (x86)/atmel/studio/7.0/toolchain/arm/arm-gnu-toolchain/bin/../lib/gcc/arm-none-eabi/5.3.1/../../../../arm-none-eabi/lib/armv6-m\libc_nano.a(lib_a-printf.o)
                0x100103b8                iprintf
                0x100103b8                printf
 .text.putchar  0x100103ec       0x28 c:/program files (x86)/atmel/studio/7.0/toolchain/arm/arm-gnu-toolchain/bin/../lib/gcc/arm-none-eabi/5.3.1/../../../../arm-none-eabi/lib/armv6-m\libc_nano.a(lib_a-putchar.o)
                0x100103ec                putchar
 .text._puts_r  0x10010414       0xc4 c:/program files (x86)/atmel/studio/7.0/toolchain/arm/arm-gnu-toolchain/bin/../lib/gcc/arm-none-eabi/5.3.1/../../../../arm-none-eabi/lib/armv6-m\libc_nano.a(lib_a-puts.o)
                0x10010414                _puts_r
 .text.puts     0x100104d8       0x14 c:/program files (x86)/atmel/studio/7.0/toolchain/arm/arm-gnu-toolchain/bin/../lib/gcc/arm-none-eabi/5.3.1/../../../../arm-none-eabi/lib/armv6-m\libc_nano.a(lib_a-puts.o)
                0x100104d8                puts
 .text.rand     0x100104ec       0x78 c:/program files (x86)/atmel/studio/7.0/toolchain/arm/arm-gnu-toolchain/bin/../lib/gcc/arm-none-eabi/5.3.1/../../../../arm-none-eabi/lib/armv6-m\libc_nano.a(lib_a-rand.o)
                0x100104ec                rand
 .text._sbrk_r  0x10010564       0x24 c:/program files (x86)/atmel/studio/7.0/toolchain/arm/arm-gnu-toolchain/bin/../lib/gcc/arm-none-eabi/5.3.1/../../../../arm-none-eabi/lib/armv6-m\libc_nano.a(lib_a-sbrkr.o)
                0x10010564                _sbrk_r
 .text.setbuf   0x10010588       0x12 c:/program files (x86)/atmel/studio/7.0/toolchain/arm/arm-gnu-toolchain/bin/../lib/gcc/arm-none-eabi/5.3.1/../../../../arm-none-eabi/lib/armv6-m\libc_nano.a(lib_a-setbuf.o)
                0x10010588                setbuf
 *fill*         0x1001059a        0x2 
 .text.setvbuf  0x1001059c      0x160 c:/program files (x86)/atmel/studio/7.0/toolchain/arm/arm-gnu-toolchain/bin/../lib/gcc/arm-none-eabi/5.3.1/../../../../arm-none-eabi/lib/armv6-m\libc_nano.a(lib_a-setvbuf.o)
                0x1001059c                setvbuf
 .text.__swbuf_r
                0x100106fc       0xb0 c:/program files (x86)/atmel/studio/7.0/toolchain/arm/arm-gnu-toolchain/bin/../lib/gcc/arm-none-eabi/5.3.1/../../../../arm-none-eabi/lib/armv6-m\libc_nano.a(lib_a-wbuf.o)
                0x100106fc                __swbuf_r
 .text.__swsetup_r
                0x100107ac       0xec c:/program files (x86)/atmel/studio/7.0/toolchain/arm/arm-gnu-toolchain/bin/../lib/gcc/arm-none-eabi/5.3.1/../../../../arm-none-eabi/lib/armv6-m\libc_nano.a(lib_a-wsetup.o)
                0x100107ac                __swsetup_r
 .text.__sflush_r
                0x10010898      0x10c c:/program files (x86)/atmel/studio/7.0/toolchain/arm/arm-gnu-toolchain/bin/../lib/gcc/arm-none-eabi/5.3.1/../../../../arm-none-eabi/lib/armv6-m\libc_nano.a(lib_a-fflush.o)
                0x10010898                __sflush_r
 .text._fflush_r
                0x100109a4       0x58 c:/program files (x86)/atmel/studio/7.0/toolchain/arm/arm-gnu-toolchain/bin/../lib/gcc/arm-none-eabi/5.3.1/../../../../arm-none-eabi/lib/armv6-m\libc_nano.a(lib_a-fflush.o)
                0x100109a4                _fflush_r
 .text._cleanup_r
                0x100109fc       0x10 c:/program files (x86)/atmel/studio/7.0/toolchain/arm/arm-gnu-toolchain/bin/../lib/gcc/arm-none-eabi/5.3.1/../../../../arm-none-eabi/lib/armv6-m\libc_nano.a(lib_a-findfp.o)
                0x100109fc                _cleanup_r
 .text.std.isra.0
                0x10010a0c       0x48 c:/program files (x86)/atmel/studio/7.0/toolchain/arm/arm-gnu-toolchain/bin/../lib/gcc/arm-none-eabi/5.3.1/../../../../arm-none-eabi/lib/armv6-m\libc_nano.a(lib_a-findfp.o)
 .text.__sfmoreglue
                0x10010a54       0x2c c:/program files (x86)/atmel/studio/7.0/toolchain/arm/arm-gnu-toolchain/bin/../lib/gcc/arm-none-eabi/5.3.1/../../../../arm-none-eabi/lib/armv6-m\libc_nano.a(lib_a-findfp.o)
                0x10010a54                __sfmoreglue
 .text.__sinit  0x10010a80       0x68 c:/program files (x86)/atmel/studio/7.0/toolchain/arm/arm-gnu-toolchain/bin/../lib/gcc/arm-none-eabi/5.3.1/../../../../arm-none-eabi/lib/armv6-m\libc_nano.a(lib_a-findfp.o)
                0x10010a80                __sinit
 .text.__sfp    0x10010ae8       0x7c c:/program files (x86)/atmel/studio/7.0/toolchain/arm/arm-gnu-toolchain/bin/../lib/gcc/arm-none-eabi/5.3.1/../../../../arm-none-eabi/lib/armv6-m\libc_nano.a(lib_a-findfp.o)
                0x10010ae8                __sfp
 .text._fwalk_reent
                0x10010b64       0x42 c:/program files (x86)/atmel/studio/7.0/toolchain/arm/arm-gnu-toolchain/bin/../lib/gcc/arm-none-eabi/5.3.1/../../../../arm-none-eabi/lib/armv6-m\libc_nano.a(lib_a-fwalk.o)
                0x10010b64                _fwalk_reent
 *fill*         0x10010ba6        0x2 
 .text.__swhatbuf_r
                0x10010ba8       0x4c c:/program files (x86)/atmel/studio/7.0/toolchain/arm/arm-gnu-toolchain/bin/../lib/gcc/arm-none-eabi/5.3.1/../../../../arm-none-eabi/lib/armv6-m\libc_nano.a(lib_a-makebuf.o)
                0x10010ba8                __swhatbuf_r
 .text.__smakebuf_r
                0x10010bf4       0x7c c:/program files (x86)/atmel/studio/7.0/toolchain/arm/arm-gnu-toolchain/bin/../lib/gcc/arm-none-eabi/5.3.1/../../../../arm-none-eabi/lib/armv6-m\libc_nano.a(lib_a-makebuf.o)
                0x10010bf4                __smakebuf_r
 .text.__sfputc_r
                0x10010c70       0x2a c:/program files (x86)/atmel/studio/7.0/toolchain/arm/arm-gnu-toolchain/bin/../lib/gcc/arm-none-eabi/5.3.1/../../../../arm-none-eabi/lib/armv6-m\libc_nano.a(lib_a-nano-vfprintf.o)
 .text.__sfputs_r
                0x10010c9a       0x24 c:/program files (x86)/atmel/studio/7.0/toolchain/arm/arm-gnu-toolchain/bin/../lib/gcc/arm-none-eabi/5.3.1/../../../../arm-none-eabi/lib/armv6-m\libc_nano.a(lib_a-nano-vfprintf.o)
                0x10010c9a                __sfputs_r
 *fill*         0x10010cbe        0x2 
 .text._vfprintf_r
                0x10010cc0      0x238 c:/program files (x86)/atmel/studio/7.0/toolchain/arm/arm-gnu-toolchain/bin/../lib/gcc/arm-none-eabi/5.3.1/../../../../arm-none-eabi/lib/armv6-m\libc_nano.a(lib_a-nano-vfprintf.o)
                0x10010cc0                _vfprintf_r
                0x10010cc0                _vfiprintf_r
 .text._printf_common
                0x10010ef8       0xdc c:/program files (x86)/atmel/studio/7.0/toolchain/arm/arm-gnu-toolchain/bin/../lib/gcc/arm-none-eabi/5.3.1/../../../../arm-none-eabi/lib/armv6-m\libc_nano.a(lib_a-nano-vfprintf_i.o)
                0x10010ef8                _printf_common
 .text._printf_i
                0x10010fd4      0x244 c:/program files (x86)/atmel/studio/7.0/toolchain/arm/arm-gnu-toolchain/bin/../lib/gcc/arm-none-eabi/5.3.1/../../../../arm-none-eabi/lib/armv6-m\libc_nano.a(lib_a-nano-vfprintf_i.o)
                0x10010fd4                _printf_i
 .text._putc_r  0x10011218       0x6c c:/program files (x86)/atmel/studio/7.0/toolchain/arm/arm-gnu-toolchain/bin/../lib/gcc/arm-none-eabi/5.3.1/../../../../arm-none-eabi/lib/armv6-m\libc_nano.a(lib_a-putc.o)
                0x10011218                _putc_r
 .text.__sread  0x10011284       0x28 c:/program files (x86)/atmel/studio/7.0/toolchain/arm/arm-gnu-toolchain/bin/../lib/gcc/arm-none-eabi/5.3.1/../../../../arm-none-eabi/lib/armv6-m\libc_nano.a(lib_a-stdio.o)
                0x10011284                __sread
 .text.__swrite
                0x100112ac       0x38 c:/program files (x86)/atmel/studio/7.0/toolchain/arm/arm-gnu-toolchain/bin/../lib/gcc/arm-none-eabi/5.3.1/../../../../arm-none-eabi/lib/armv6-m\libc_nano.a(lib_a-stdio.o)
                0x100112ac                __swrite
 .text.__sseek  0x100112e4       0x2c c:/program files (x86)/atmel/studio/7.0/toolchain/arm/arm-gnu-toolchain/bin/../lib/gcc/arm-none-eabi/5.3.1/../../../../arm-none-eabi/lib/armv6-m\libc_nano.a(lib_a-stdio.o)
                0x100112e4                __sseek
 .text.__sclose
                0x10011310        0xc c:/program files (x86)/atmel/studio/7.0/toolchain/arm/arm-gnu-toolchain/bin/../lib/gcc/arm-none-eabi/5.3.1/../../../../arm-none-eabi/lib/armv6-m\libc_nano.a(lib_a-stdio.o)
                0x10011310                __sclose
 .text._write_r
                0x1001131c       0x28 c:/program files (x86)/atmel/studio/7.0/toolchain/arm/arm-gnu-toolchain/bin/../lib/gcc/arm-none-eabi/5.3.1/../../../../arm-none-eabi/lib/armv6-m\libc_nano.a(lib_a-writer.o)
                0x1001131c                _write_r
 .text._close_r
                0x10011344       0x24 c:/program files (x86)/atmel/studio/7.0/toolchain/arm/arm-gnu-toolchain/bin/../lib/gcc/arm-none-eabi/5.3.1/../../../../arm-none-eabi/lib/armv6-m\libc_nano.a(lib_a-closer.o)
                0x10011344                _close_r
 .text._fstat_r
                0x10011368       0x24 c:/program files (x86)/atmel/studio/7.0/toolchain/arm/arm-gnu-toolchain/bin/../lib/gcc/arm-none-eabi/5.3.1/../../../../arm-none-eabi/lib/armv6-m\libc_nano.a(lib_a-fstatr.o)
                0x10011368                _fstat_r
 .text._isatty_r
                0x1001138c       0x24 c:/program files (x86)/atmel/studio/7.0/toolchain/arm/arm-gnu-toolchain/bin/../lib/gcc/arm-none-eabi/5.3.1/../../../../arm-none-eabi/lib/armv6-m\libc_nano.a(lib_a-isattyr.o)
                0x1001138c                _isatty_r
 .text._lseek_r
                0x100113b0       0x28 c:/program files (x86)/atmel/studio/7.0/toolchain/arm/arm-gnu-toolchain/bin/../lib/gcc/arm-none-eabi/5.3.1/../../../../arm-none-eabi/lib/armv6-m\libc_nano.a(lib_a-lseekr.o)
                0x100113b0                _lseek_r
 .text.memchr   0x100113d8       0x16 c:/program files (x86)/atmel/studio/7.0/toolchain/arm/arm-gnu-toolchain/bin/../lib/gcc/arm-none-eabi/5.3.1/../../../../arm-none-eabi/lib/armv6-m\libc_nano.a(lib_a-memchr-stub.o)
                0x100113d8                memchr
 *fill*         0x100113ee        0x2 
 .text._read_r  0x100113f0       0x28 c:/program files (x86)/atmel/studio/7.0/toolchain/arm/arm-gnu-toolchain/bin/../lib/gcc/arm-none-eabi/5.3.1/../../../../arm-none-eabi/lib/armv6-m\libc_nano.a(lib_a-readr.o)
                0x100113f0                _read_r
 *(.glue_7t)
 .glue_7t       0x10011418        0x0 linker stubs
 *(.glue_7)
 .glue_7        0x10011418        0x0 linker stubs
 *(.rodata .rodata* .gnu.linkonce.r.*)
 .rodata.cst2   0x10011418        0x2 src/ASF/thirdparty/sensor/mpu9250/inv_mpu.o
 *fill*         0x1001141a        0x2 
 .rodata.test   0x1001141c       0x30 src/ASF/thirdparty/sensor/mpu9250/inv_mpu.o
                0x1001141c                test
 .rodata.str1.4
                0x1001144c      0x48d src/ASF/thirdparty/sensor/mpu9250/inv_mpu.o
                                0x491 (size before relaxing)
 *fill*         0x100118d9        0x3 
 .rodata.hw     0x100118dc        0xe src/ASF/thirdparty/sensor/mpu9250/inv_mpu.o
                0x100118dc                hw
 *fill*         0x100118ea        0x2 
 .rodata.reg    0x100118ec       0x2a src/ASF/thirdparty/sensor/mpu9250/inv_mpu.o
                0x100118ec                reg
 *fill*         0x10011916        0x2 
 .rodata.ble_disconnected_state_handler
                0x10011918       0x20 src/ASF/thirdparty/wireless/ble_smart_sdk/ble_services/ble_mgr/ble_manager.o
 .rodata.ble_mgr_events_callback_handler
                0x10011938       0x1c src/ASF/thirdparty/wireless/ble_smart_sdk/ble_services/ble_mgr/ble_manager.o
 .rodata.ble_event_manager
                0x10011954       0xf0 src/ASF/thirdparty/wireless/ble_smart_sdk/ble_services/ble_mgr/ble_manager.o
 .rodata        0x10011a44       0x19 src/ASF/thirdparty/wireless/ble_smart_sdk/ble_services/ble_mgr/ble_manager.o
 *fill*         0x10011a5d        0x3 
 .rodata.ble_mgr_gatt_server_handle
                0x10011a60       0x28 src/ASF/thirdparty/wireless/ble_smart_sdk/ble_services/ble_mgr/ble_manager.o
 .rodata.str1.4
                0x10011a88      0x612 src/ASF/thirdparty/wireless/ble_smart_sdk/ble_services/ble_mgr/ble_manager.o
                                0x616 (size before relaxing)
 *fill*         0x1001209a        0x2 
 .rodata.ble_mgr_gap_handle
                0x1001209c       0x4c src/ASF/thirdparty/wireless/ble_smart_sdk/ble_services/ble_mgr/ble_manager.o
 .rodata.str1.4
                0x100120e8        0x3 src/ASF/sam0/drivers/i2c/i2c_master.o
 *fill*         0x100120eb        0x1 
 .rodata.system_clock_peripheral_enable
                0x100120ec       0xd8 src/ASF/sam0/drivers/system/system_sam_b.o
 .rodata.system_peripheral_reset
                0x100121c4      0x110 src/ASF/sam0/drivers/system/system_sam_b.o
 .rodata.str1.4
                0x100122d4       0x10 src/qs_i2c_master_basic_use.o
                                 0x13 (size before relaxing)
 .rodata        0x100122e4        0xb ../src/ASF/thirdparty/wireless/ble_smart_sdk/lib/cm0/gcc\libblusdk.a(gap.o)
 .rodata.CSWTCH.47
                0x100122ef        0xf ../src/ASF/thirdparty/wireless/ble_smart_sdk/lib/cm0/gcc\libblusdk.a(gap.o)
 *fill*         0x100122fe        0x2 
 .rodata        0x10012300       0x40 c:/program files (x86)/atmel/studio/7.0/toolchain/arm/arm-gnu-toolchain/bin/../lib/gcc/arm-none-eabi/5.3.1/armv6-m\libgcc.a(muldf3.o)
 .rodata.str1.1
                0x10012340        0x2 c:/program files (x86)/atmel/studio/7.0/toolchain/arm/arm-gnu-toolchain/bin/../lib/gcc/arm-none-eabi/5.3.1/../../../../arm-none-eabi/lib/armv6-m\libc_nano.a(lib_a-impure.o)
 *fill*         0x10012342        0x2 
 .rodata._global_impure_ptr
                0x10012344        0x4 c:/program files (x86)/atmel/studio/7.0/toolchain/arm/arm-gnu-toolchain/bin/../lib/gcc/arm-none-eabi/5.3.1/../../../../arm-none-eabi/lib/armv6-m\libc_nano.a(lib_a-impure.o)
                0x10012344                _global_impure_ptr
 .rodata.__sf_fake_stdin
                0x10012348       0x20 c:/program files (x86)/atmel/studio/7.0/toolchain/arm/arm-gnu-toolchain/bin/../lib/gcc/arm-none-eabi/5.3.1/../../../../arm-none-eabi/lib/armv6-m\libc_nano.a(lib_a-findfp.o)
                0x10012348                __sf_fake_stdin
 .rodata.__sf_fake_stdout
                0x10012368       0x20 c:/program files (x86)/atmel/studio/7.0/toolchain/arm/arm-gnu-toolchain/bin/../lib/gcc/arm-none-eabi/5.3.1/../../../../arm-none-eabi/lib/armv6-m\libc_nano.a(lib_a-findfp.o)
                0x10012368                __sf_fake_stdout
 .rodata.__sf_fake_stderr
                0x10012388       0x20 c:/program files (x86)/atmel/studio/7.0/toolchain/arm/arm-gnu-toolchain/bin/../lib/gcc/arm-none-eabi/5.3.1/../../../../arm-none-eabi/lib/armv6-m\libc_nano.a(lib_a-findfp.o)
                0x10012388                __sf_fake_stderr
 .rodata.str1.1
                0x100123a8       0x11 c:/program files (x86)/atmel/studio/7.0/toolchain/arm/arm-gnu-toolchain/bin/../lib/gcc/arm-none-eabi/5.3.1/../../../../arm-none-eabi/lib/armv6-m\libc_nano.a(lib_a-nano-vfprintf.o)
 .rodata.str1.1
                0x100123b9       0x22 c:/program files (x86)/atmel/studio/7.0/toolchain/arm/arm-gnu-toolchain/bin/../lib/gcc/arm-none-eabi/5.3.1/../../../../arm-none-eabi/lib/armv6-m\libc_nano.a(lib_a-nano-vfprintf_i.o)
 *(.ARM.extab* .gnu.linkonce.armextab.*)
                0x100123dc                . = ALIGN (0x4)
 *fill*         0x100123db        0x1 
 *(.init)
 .init          0x100123dc        0x4 c:/program files (x86)/atmel/studio/7.0/toolchain/arm/arm-gnu-toolchain/bin/../lib/gcc/arm-none-eabi/5.3.1/armv6-m/crti.o
                0x100123dc                _init
 .init          0x100123e0        0x8 c:/program files (x86)/atmel/studio/7.0/toolchain/arm/arm-gnu-toolchain/bin/../lib/gcc/arm-none-eabi/5.3.1/armv6-m/crtn.o
                0x100123e8                . = ALIGN (0x4)
                0x100123e8                __preinit_array_start = .
 *(.preinit_array)
                0x100123e8                __preinit_array_end = .
                0x100123e8                . = ALIGN (0x4)
                0x100123e8                __init_array_start = .
 *(SORT(.init_array.*))
 *(.init_array)
 .init_array    0x100123e8        0x4 c:/program files (x86)/atmel/studio/7.0/toolchain/arm/arm-gnu-toolchain/bin/../lib/gcc/arm-none-eabi/5.3.1/armv6-m/crtbegin.o
                0x100123ec                __init_array_end = .
                0x100123ec                . = ALIGN (0x4)
 *crtbegin.o(.ctors)
 *(EXCLUDE_FILE(*crtend.o) .ctors)
 *(SORT(.ctors.*))
 *crtend.o(.ctors)
                0x100123ec                . = ALIGN (0x4)
 *(.fini)
 .fini          0x100123ec        0x4 c:/program files (x86)/atmel/studio/7.0/toolchain/arm/arm-gnu-toolchain/bin/../lib/gcc/arm-none-eabi/5.3.1/armv6-m/crti.o
                0x100123ec                _fini
 .fini          0x100123f0        0x8 c:/program files (x86)/atmel/studio/7.0/toolchain/arm/arm-gnu-toolchain/bin/../lib/gcc/arm-none-eabi/5.3.1/armv6-m/crtn.o
                0x100123f8                . = ALIGN (0x4)
                0x100123f8                __fini_array_start = .
 *(.fini_array)
 .fini_array    0x100123f8        0x4 c:/program files (x86)/atmel/studio/7.0/toolchain/arm/arm-gnu-toolchain/bin/../lib/gcc/arm-none-eabi/5.3.1/armv6-m/crtbegin.o
 *(SORT(.fini_array.*))
                0x100123fc                __fini_array_end = .
 *crtbegin.o(.dtors)
 *(EXCLUDE_FILE(*crtend.o) .dtors)
 *(SORT(.dtors.*))
 *crtend.o(.dtors)
                0x100123fc                . = ALIGN (0x4)
                0x100123fc                _efixed = .

.vfp11_veneer   0x100123fc        0x0
 .vfp11_veneer  0x100123fc        0x0 linker stubs

.v4_bx          0x100123fc        0x0
 .v4_bx         0x100123fc        0x0 linker stubs

.iplt           0x100123fc        0x0
 .iplt          0x100123fc        0x0 c:/program files (x86)/atmel/studio/7.0/toolchain/arm/arm-gnu-toolchain/bin/../lib/gcc/arm-none-eabi/5.3.1/armv6-m/crtbegin.o

.eh_frame       0x100123fc        0x0
 .eh_frame      0x100123fc        0x0 c:/program files (x86)/atmel/studio/7.0/toolchain/arm/arm-gnu-toolchain/bin/../lib/gcc/arm-none-eabi/5.3.1/armv6-m/crtbegin.o

.rel.dyn        0x100123fc        0x0
 .rel.iplt      0x100123fc        0x0 c:/program files (x86)/atmel/studio/7.0/toolchain/arm/arm-gnu-toolchain/bin/../lib/gcc/arm-none-eabi/5.3.1/armv6-m/crtbegin.o

.jcr            0x100123fc        0x0
 .jcr           0x100123fc        0x0 c:/program files (x86)/atmel/studio/7.0/toolchain/arm/arm-gnu-toolchain/bin/../lib/gcc/arm-none-eabi/5.3.1/armv6-m/crtbegin.o

.igot.plt       0x100123fc        0x0
 .igot.plt      0x100123fc        0x0 c:/program files (x86)/atmel/studio/7.0/toolchain/arm/arm-gnu-toolchain/bin/../lib/gcc/arm-none-eabi/5.3.1/armv6-m/crtbegin.o
                0x100123fc                . = ALIGN (0x4)
                0x100123fc                _etext = .

.relocate       0x100123fc       0xac
                0x100123fc                . = ALIGN (0x4)
                0x100123fc                _srelocate = .
 *(.ramfunc .ramfunc.*)
 *(.data .data.*)
 .data.cycles_per_us
                0x100123fc        0x4 src/ASF/common/services/delay/sam/systick_counter.o
 .data.cycles_per_ms
                0x10012400        0x4 src/ASF/common/services/delay/sam/systick_counter.o
 .data.st       0x10012404       0x38 src/ASF/thirdparty/sensor/mpu9250/inv_mpu.o
                0x10012404                st
 .data.l2cap_avail_buffers
                0x1001243c        0x1 ../src/ASF/thirdparty/wireless/ble_smart_sdk/lib/cm0/gcc\libblusdk.a(l2cc_task.o)
                0x1001243c                l2cap_avail_buffers
 *fill*         0x1001243d        0x3 
 .data.dummy_buffer
                0x10012440        0x4 ../src/ASF/thirdparty/wireless/ble_smart_sdk/lib/cm0/gcc\libblusdk.a(interface.o)
                0x10012440                dummy_buffer
 .data.impure_data
                0x10012444       0x60 c:/program files (x86)/atmel/studio/7.0/toolchain/arm/arm-gnu-toolchain/bin/../lib/gcc/arm-none-eabi/5.3.1/../../../../arm-none-eabi/lib/armv6-m\libc_nano.a(lib_a-impure.o)
 .data._impure_ptr
                0x100124a4        0x4 c:/program files (x86)/atmel/studio/7.0/toolchain/arm/arm-gnu-toolchain/bin/../lib/gcc/arm-none-eabi/5.3.1/../../../../arm-none-eabi/lib/armv6-m\libc_nano.a(lib_a-impure.o)
                0x100124a4                _impure_ptr
                0x100124a8                . = ALIGN (0x4)
                0x100124a8                _erelocate = .

.bss            0x100124a8     0x27f0
                0x100124a8                . = ALIGN (0x4)
                0x100124a8                _sbss = .
                0x100124a8                _szero = .
 *(.bss .bss.*)
 .bss           0x100124a8       0x1c c:/program files (x86)/atmel/studio/7.0/toolchain/arm/arm-gnu-toolchain/bin/../lib/gcc/arm-none-eabi/5.3.1/armv6-m/crtbegin.o
 .bss.dualtimer_callback_timer1
                0x100124c4        0x4 src/ASF/sam0/drivers/dualtimer/dualtimer.o
 .bss.dualtimer_callback_timer2
                0x100124c8        0x4 src/ASF/sam0/drivers/dualtimer/dualtimer.o
 .bss.event_pool_memory
                0x100124cc      0x400 src/ASF/thirdparty/wireless/ble_smart_sdk/ble_services/ble_mgr/ble_manager.o
                0x100124cc                event_pool_memory
 .bss.event_params_memory
                0x100128cc     0x1000 src/ASF/thirdparty/wireless/ble_smart_sdk/ble_services/ble_mgr/ble_manager.o
                0x100128cc                event_params_memory
 .bss.ble_user_event_cb
                0x100138cc        0x4 src/ASF/thirdparty/wireless/ble_smart_sdk/ble_services/ble_mgr/ble_manager.o
                0x100138cc                ble_user_event_cb
 .bss.scan_response_count
                0x100138d0        0x1 src/ASF/thirdparty/wireless/ble_smart_sdk/ble_services/ble_mgr/ble_manager.o
                0x100138d0                scan_response_count
 *fill*         0x100138d1        0x3 
 .bss.ble_peripheral_dev_address
                0x100138d4        0x7 src/ASF/thirdparty/wireless/ble_smart_sdk/ble_services/ble_mgr/ble_manager.o
 .bss.ulp_status
                0x100138db        0x1 src/ASF/thirdparty/wireless/ble_smart_sdk/ble_services/ble_mgr/ble_manager.o
                0x100138db                ulp_status
 .bss.tick      0x100138dc        0x4 src/ASF/thirdparty/wireless/ble_smart_sdk/services/uart/console_serial.o
                0x100138dc                tick
 .bss.read_status
                0x100138e0        0x1 src/ASF/thirdparty/wireless/ble_smart_sdk/services/uart/console_serial.o
                0x100138e0                read_status
 *fill*         0x100138e1        0x3 
 .bss.string_input
                0x100138e4        0x1 src/ASF/thirdparty/wireless/ble_smart_sdk/services/uart/console_serial.o
                0x100138e4                string_input
 *fill*         0x100138e5        0x3 
 .bss.user_callback_func
                0x100138e8        0x4 src/ASF/thirdparty/wireless/ble_smart_sdk/services/uart/console_serial.o
                0x100138e8                user_callback_func
 .bss.platform_event_pending_list
                0x100138ec        0x4 src/ASF/thirdparty/wireless/ble_smart_sdk/src/event_handler.o
 .bss.platform_event_free_list
                0x100138f0        0x4 src/ASF/thirdparty/wireless/ble_smart_sdk/src/event_handler.o
 .bss.platform_event_pool
                0x100138f4       0x78 src/ASF/thirdparty/wireless/ble_smart_sdk/src/event_handler.o
 .bss.rcv_msg.12903
                0x1001396c        0x4 src/ASF/thirdparty/wireless/ble_smart_sdk/src/platform_drv.o
 .bss.ke_free   0x10013970        0x4 src/ASF/thirdparty/wireless/ble_smart_sdk/src/platform_drv.o
 .bss.gapm_get_id_from_task
                0x10013974        0x4 src/ASF/thirdparty/wireless/ble_smart_sdk/src/platform_drv.o
 .bss.gapm_get_task_from_id
                0x10013978        0x4 src/ASF/thirdparty/wireless/ble_smart_sdk/src/platform_drv.o
 .bss.os_sem_up
                0x1001397c        0x4 src/ASF/thirdparty/wireless/ble_smart_sdk/src/platform_drv.o
 .bss.pwr_wait_BLE_out_of_reset
                0x10013980        0x4 src/ASF/thirdparty/wireless/ble_smart_sdk/src/platform_drv.o
 .bss.platform_initialized
                0x10013984        0x1 src/ASF/thirdparty/wireless/ble_smart_sdk/src/platform_drv.o
                0x10013984                platform_initialized
 *fill*         0x10013985        0x3 
 .bss.pwr_disable_arm_wakeup
                0x10013988        0x4 src/ASF/thirdparty/wireless/ble_smart_sdk/src/platform_drv.o
 .bss.gstrFwSem
                0x1001398c        0x4 src/ASF/thirdparty/wireless/ble_smart_sdk/src/platform_drv.o
 .bss.os_sem_down
                0x10013990        0x4 src/ASF/thirdparty/wireless/ble_smart_sdk/src/platform_drv.o
 .bss.pwr_enable_arm_wakeup
                0x10013994        0x4 src/ASF/thirdparty/wireless/ble_smart_sdk/src/platform_drv.o
 .bss.NMI_MsgQueueRecv
                0x10013998        0x4 src/ASF/thirdparty/wireless/ble_smart_sdk/src/platform_drv.o
 .bss.ke_msg_send
                0x1001399c        0x4 src/ASF/thirdparty/wireless/ble_smart_sdk/src/platform_drv.o
 .bss.ble_stack_message_handler
                0x100139a0        0x4 src/ASF/thirdparty/wireless/ble_smart_sdk/src/platform_drv.o
 .bss.pwr_arm_wakeup_req
                0x100139a4        0x4 src/ASF/thirdparty/wireless/ble_smart_sdk/src/platform_drv.o
 .bss.ke_msg_hdr.12904
                0x100139a8        0x4 src/ASF/thirdparty/wireless/ble_smart_sdk/src/platform_drv.o
 .bss.ke_msg_alloc
                0x100139ac        0x4 src/ASF/thirdparty/wireless/ble_smart_sdk/src/platform_drv.o
 .bss.InternalAppMsgQHandle
                0x100139b0        0x4 src/ASF/thirdparty/wireless/ble_smart_sdk/src/platform_drv.o
 .bss.heap.5286
                0x100139b4        0x4 src/ASF/sam0/utils/syscalls/gcc/syscalls.o
 .bss.imu_interrupt
                0x100139b8        0x1 src/qs_i2c_master_basic_use.o
                0x100139b8                imu_interrupt
 *fill*         0x100139b9        0x3 
 .bss.spare_event
                0x100139bc       0x10 ../src/ASF/thirdparty/wireless/ble_smart_sdk/lib/cm0/gcc\libblusdk.a(event.o)
 .bss.spare_event_busy
                0x100139cc        0x1 ../src/ASF/thirdparty/wireless/ble_smart_sdk/lib/cm0/gcc\libblusdk.a(event.o)
 *fill*         0x100139cd        0x3 
 .bss.event_pending_list
                0x100139d0        0x4 ../src/ASF/thirdparty/wireless/ble_smart_sdk/lib/cm0/gcc\libblusdk.a(event.o)
 .bss.event_free_list
                0x100139d4        0x4 ../src/ASF/thirdparty/wireless/ble_smart_sdk/lib/cm0/gcc\libblusdk.a(event.o)
 .bss.u16GattcSeqNo
                0x100139d8        0x2 ../src/ASF/thirdparty/wireless/ble_smart_sdk/lib/cm0/gcc\libblusdk.a(gatt_client.o)
 *fill*         0x100139da        0x2 
 .bss.pu8valuesBuffer
                0x100139dc        0x4 ../src/ASF/thirdparty/wireless/ble_smart_sdk/lib/cm0/gcc\libblusdk.a(gatt_server.o)
                0x100139dc                pu8valuesBuffer
 .bss.unNull    0x100139e0        0x1 ../src/ASF/thirdparty/wireless/ble_smart_sdk/lib/cm0/gcc\libblusdk.a(gatt_server.o)
                0x100139e0                unNull
 *fill*         0x100139e1        0x3 
 .bss.ptstrattDb
                0x100139e4        0x4 ../src/ASF/thirdparty/wireless/ble_smart_sdk/lib/cm0/gcc\libblusdk.a(gatt_server.o)
                0x100139e4                ptstrattDb
 .bss.pu8valuesBufferEnd
                0x100139e8        0x4 ../src/ASF/thirdparty/wireless/ble_smart_sdk/lib/cm0/gcc\libblusdk.a(gatt_server.o)
                0x100139e8                pu8valuesBufferEnd
 .bss.u32numberOfValues
                0x100139ec        0x4 ../src/ASF/thirdparty/wireless/ble_smart_sdk/lib/cm0/gcc\libblusdk.a(gatt_server.o)
                0x100139ec                u32numberOfValues
 .bss.u32dbMemorySize
                0x100139f0        0x4 ../src/ASF/thirdparty/wireless/ble_smart_sdk/lib/cm0/gcc\libblusdk.a(gatt_server.o)
                0x100139f0                u32dbMemorySize
 .bss.service_setup_buffer
                0x100139f4        0x4 ../src/ASF/thirdparty/wireless/ble_smart_sdk/lib/cm0/gcc\libblusdk.a(gatt_server.o)
                0x100139f4                service_setup_buffer
 .bss.event_param_buff
                0x100139f8        0x4 ../src/ASF/thirdparty/wireless/ble_smart_sdk/lib/cm0/gcc\libblusdk.a(interface.o)
                0x100139f8                event_param_buff
 .bss.event_param_buff_length
                0x100139fc        0x4 ../src/ASF/thirdparty/wireless/ble_smart_sdk/lib/cm0/gcc\libblusdk.a(interface.o)
                0x100139fc                event_param_buff_length
 .bss.cmd_cmpl_flag
                0x10013a00        0x4 ../src/ASF/thirdparty/wireless/ble_smart_sdk/lib/cm0/gcc\libblusdk.a(interface.o)
 .bss.dummy_key.7283
                0x10013a04       0x10 ../src/ASF/thirdparty/wireless/ble_smart_sdk/lib/cm0/gcc\libblusdk.a(gapc_task.o)
 .bss.dummy_key.7401
                0x10013a14       0x10 ../src/ASF/thirdparty/wireless/ble_smart_sdk/lib/cm0/gcc\libblusdk.a(gapc_task.o)
 .bss.dummy_key.7419
                0x10013a24       0x10 ../src/ASF/thirdparty/wireless/ble_smart_sdk/lib/cm0/gcc\libblusdk.a(gapc_task.o)
 .bss.peer_key_info
                0x10013a34       0x46 ../src/ASF/thirdparty/wireless/ble_smart_sdk/lib/cm0/gcc\libblusdk.a(gapc_task.o)
 .bss.g_seq_num_tx
                0x10013a7a        0x2 ../src/ASF/thirdparty/wireless/ble_smart_sdk/lib/cm0/gcc\libblusdk.a(gattc_task.o)
 .bss.Seq_NUM   0x10013a7c        0x2 ../src/ASF/thirdparty/wireless/ble_smart_sdk/lib/cm0/gcc\libblusdk.a(gattc_task.o)
                0x10013a7c                Seq_NUM
 *fill*         0x10013a7e        0x2 
 .bss.u32usedBuffers
                0x10013a80        0x4 ../src/ASF/thirdparty/wireless/ble_smart_sdk/lib/cm0/gcc\libblusdk.a(gattm_task.o)
                0x10013a80                u32usedBuffers
 .bss.__malloc_sbrk_start
                0x10013a84        0x4 c:/program files (x86)/atmel/studio/7.0/toolchain/arm/arm-gnu-toolchain/bin/../lib/gcc/arm-none-eabi/5.3.1/../../../../arm-none-eabi/lib/armv6-m\libc_nano.a(lib_a-nano-mallocr.o)
                0x10013a84                __malloc_sbrk_start
 .bss.__malloc_free_list
                0x10013a88        0x4 c:/program files (x86)/atmel/studio/7.0/toolchain/arm/arm-gnu-toolchain/bin/../lib/gcc/arm-none-eabi/5.3.1/../../../../arm-none-eabi/lib/armv6-m\libc_nano.a(lib_a-nano-mallocr.o)
                0x10013a88                __malloc_free_list
 *(COMMON)
 COMMON         0x10013a8c       0x10 src/ASF/thirdparty/sensor/mpu9250/inv_mpu.o
                0x10013a8c                i2c_rpacket
                0x10013a94                i2c_wpacket
 COMMON         0x10013a9c      0x840 src/ASF/thirdparty/wireless/ble_smart_sdk/ble_services/ble_mgr/ble_manager.o
                0x10013a9c                ble_mgr_htpt_event_cb
                0x10013aa0                ble_mgr_gatt_server_event_cb
                0x10013ab4                ble_dev_info
                0x10013d20                ble_device_count
                0x10013d24                ble_mgr_dtm_event_cb
                0x10013d38                ble_mgr_gap_event_cb
                0x10013d4c                ble_mgr_gatt_client_event_cb
                0x10013d60                connected_state_info
                0x10013d74                pf_cfg
                0x10013d90                event
                0x10013d94                ble_mgr_l2cap_event_cb
                0x10013d98                scan_info
                0x100140cc                ble_event_params
                0x100142d8                ble_mgr_custom_event_cb
 COMMON         0x100142dc       0x4c src/ASF/thirdparty/wireless/ble_smart_sdk/services/uart/console_serial.o
                0x100142dc                uart_instance
                0x10014300                config_uart
 COMMON         0x10014328      0x2ea src/ASF/thirdparty/wireless/ble_smart_sdk/src/platform_drv.o
                0x10014328                default_samb11_clock_init
                0x10014330                rwip_prevent_sleep_set
                0x10014334                platform_unregister_isr
                0x10014338                wakeup_event_pending
                0x1001433c                rwip_prevent_sleep_clear
                0x10014340                actualfreq
                0x10014344                port_list
                0x10014378                rx_buffer
                0x100145f8                platform_register_isr
                0x100145fc                handle_ext_wakeup_isr
                0x10014600                wakeup_source_active_cb
                0x10014604                samb11_app_resume_cb
                0x10014608                updateuartbr_fp
                0x1001460c                apps_resume_cb
                0x10014610                plf_event_buff_index
 *fill*         0x10014612        0x2 
 COMMON         0x10014614        0xc src/ASF/thirdparty/wireless/ble_smart_sdk/src/port_from_sdk.o
                0x10014614                wakeup_source_callback
 COMMON         0x10014620        0x4 src/ASF/sam0/utils/stdio/read.o
                0x10014620                ptr_get
 COMMON         0x10014624        0x8 src/ASF/sam0/utils/stdio/write.o
                0x10014624                ptr_put
                0x10014628                stdio_base
 COMMON         0x1001462c        0x8 src/ASF/sam0/drivers/uart/uart.o
                0x1001462c                _uart_instances
 COMMON         0x10014634       0xd8 src/ASF/sam0/drivers/gpio/gpio.o
                0x10014634                _gpio_instances
 COMMON         0x1001470c        0x4 src/ASF/sam0/drivers/system/system_sam_b.o
                0x1001470c                system_clock_value
 COMMON         0x10014710        0x8 src/qs_i2c_master_basic_use.o
                0x10014710                i2c_master_instance
 COMMON         0x10014718        0xc ../src/ASF/thirdparty/wireless/ble_smart_sdk/lib/cm0/gcc\libblusdk.a(event.o)
                0x10014718                watched_event
 COMMON         0x10014724      0x16a ../src/ASF/thirdparty/wireless/ble_smart_sdk/lib/cm0/gcc\libblusdk.a(gap.o)
                0x10014724                app_task_type
                0x10014726                gstrConnData
                0x100147b6                device
 *fill*         0x1001488e        0x2 
 COMMON         0x10014890      0x404 ../src/ASF/thirdparty/wireless/ble_smart_sdk/lib/cm0/gcc\libblusdk.a(interface.o)
                0x10014890                event_param_buff_index
                0x10014894                dummy_buffer_buff
                0x10014a94                interface_send_msg
 COMMON         0x10014c94        0x4 c:/program files (x86)/atmel/studio/7.0/toolchain/arm/arm-gnu-toolchain/bin/../lib/gcc/arm-none-eabi/5.3.1/../../../../arm-none-eabi/lib/armv6-m\libc_nano.a(lib_a-reent.o)
                0x10014c94                errno
                0x10014c98                . = ALIGN (0x4)
                0x10014c98                _ebss = .
                0x10014c98                _ezero = .

.stack          0x10014c98      0x800
                0x10014c98                . = ALIGN (0x8)
                0x10014c98                _sstack = .
                0x10015498                . = (. + STACK_SIZE)
 *fill*         0x10014c98      0x800 
                0x10015498                . = ALIGN (0x8)
                0x10015498                _estack = .
                [!provide]                PROVIDE (__exidx_start, .)

.ARM.exidx
 *(.ARM.exidx* .gnu.linkonce.armexidx.*)
                [!provide]                PROVIDE (__exidx_end, .)
                0x10015498                . = ALIGN (0x4)
                0x10015498                _end = .
OUTPUT(I2C_QUICK_START_MASTER3.elf elf32-littlearm)

.ARM.attributes
                0x00000000       0x28
 .ARM.attributes
                0x00000000       0x1e c:/program files (x86)/atmel/studio/7.0/toolchain/arm/arm-gnu-toolchain/bin/../lib/gcc/arm-none-eabi/5.3.1/armv6-m/crti.o
 .ARM.attributes
                0x0000001e       0x2c c:/program files (x86)/atmel/studio/7.0/toolchain/arm/arm-gnu-toolchain/bin/../lib/gcc/arm-none-eabi/5.3.1/armv6-m/crtbegin.o
 .ARM.attributes
                0x0000004a       0x31 src/ASF/common/services/delay/sam/systick_counter.o
 .ARM.attributes
                0x0000007b       0x31 src/ASF/sam0/drivers/dualtimer/dualtimer.o
 .ARM.attributes
                0x000000ac       0x31 src/ASF/thirdparty/sensor/mpu9250/inv_mpu.o
 .ARM.attributes
                0x000000dd       0x31 src/ASF/thirdparty/wireless/ble_smart_sdk/ble_services/ble_mgr/ble_manager.o
 .ARM.attributes
                0x0000010e       0x31 src/ASF/thirdparty/wireless/ble_smart_sdk/services/uart/console_serial.o
 .ARM.attributes
                0x0000013f       0x31 src/ASF/thirdparty/wireless/ble_smart_sdk/src/event_handler.o
 .ARM.attributes
                0x00000170       0x31 src/ASF/thirdparty/wireless/ble_smart_sdk/src/platform_drv.o
 .ARM.attributes
                0x000001a1       0x31 src/ASF/thirdparty/wireless/ble_smart_sdk/src/port_from_sdk.o
 .ARM.attributes
                0x000001d2       0x31 src/ASF/sam0/utils/stdio/read.o
 .ARM.attributes
                0x00000203       0x31 src/ASF/sam0/utils/stdio/write.o
 .ARM.attributes
                0x00000234       0x31 src/ASF/sam0/drivers/uart/uart.o
 .ARM.attributes
                0x00000265       0x31 src/ASF/sam0/drivers/gpio/gpio.o
 .ARM.attributes
                0x00000296       0x31 src/ASF/sam0/drivers/i2c/i2c_master.o
 .ARM.attributes
                0x000002c7       0x31 src/ASF/sam0/drivers/system/system_sam_b.o
 .ARM.attributes
                0x000002f8       0x31 src/ASF/sam0/utils/cmsis/samb11/source/gcc/startup_samb11.o
 .ARM.attributes
                0x00000329       0x31 src/ASF/sam0/utils/syscalls/gcc/syscalls.o
 .ARM.attributes
                0x0000035a       0x31 src/qs_i2c_master_basic_use.o
 .ARM.attributes
                0x0000038b       0x31 ../src/ASF/thirdparty/wireless/ble_smart_sdk/lib/cm0/gcc\libblusdk.a(event.o)
 .ARM.attributes
                0x000003bc       0x31 ../src/ASF/thirdparty/wireless/ble_smart_sdk/lib/cm0/gcc\libblusdk.a(gap.o)
 .ARM.attributes
                0x000003ed       0x31 ../src/ASF/thirdparty/wireless/ble_smart_sdk/lib/cm0/gcc\libblusdk.a(gatt_client.o)
 .ARM.attributes
                0x0000041e       0x31 ../src/ASF/thirdparty/wireless/ble_smart_sdk/lib/cm0/gcc\libblusdk.a(gatt_server.o)
 .ARM.attributes
                0x0000044f       0x31 ../src/ASF/thirdparty/wireless/ble_smart_sdk/lib/cm0/gcc\libblusdk.a(l2cc_task.o)
 .ARM.attributes
                0x00000480       0x31 ../src/ASF/thirdparty/wireless/ble_smart_sdk/lib/cm0/gcc\libblusdk.a(security.o)
 .ARM.attributes
                0x000004b1       0x31 ../src/ASF/thirdparty/wireless/ble_smart_sdk/lib/cm0/gcc\libblusdk.a(interface.o)
 .ARM.attributes
                0x000004e2       0x31 ../src/ASF/thirdparty/wireless/ble_smart_sdk/lib/cm0/gcc\libblusdk.a(dbg_task.o)
 .ARM.attributes
                0x00000513       0x31 ../src/ASF/thirdparty/wireless/ble_smart_sdk/lib/cm0/gcc\libblusdk.a(gapc_task.o)
 .ARM.attributes
                0x00000544       0x31 ../src/ASF/thirdparty/wireless/ble_smart_sdk/lib/cm0/gcc\libblusdk.a(gapm_task.o)
 .ARM.attributes
                0x00000575       0x31 ../src/ASF/thirdparty/wireless/ble_smart_sdk/lib/cm0/gcc\libblusdk.a(gattc_task.o)
 .ARM.attributes
                0x000005a6       0x31 ../src/ASF/thirdparty/wireless/ble_smart_sdk/lib/cm0/gcc\libblusdk.a(gattm_task.o)
 .ARM.attributes
                0x000005d7       0x31 ../src/ASF/thirdparty/wireless/ble_smart_sdk/lib/cm0/gcc\libblusdk.a(htpt_task.o)
 .ARM.attributes
                0x00000608       0x1e c:/program files (x86)/atmel/studio/7.0/toolchain/arm/arm-gnu-toolchain/bin/../lib/gcc/arm-none-eabi/5.3.1/armv6-m\libgcc.a(_thumb1_case_uqi.o)
 .ARM.attributes
                0x00000626       0x1e c:/program files (x86)/atmel/studio/7.0/toolchain/arm/arm-gnu-toolchain/bin/../lib/gcc/arm-none-eabi/5.3.1/armv6-m\libgcc.a(_udivsi3.o)
 .ARM.attributes
                0x00000644       0x1e c:/program files (x86)/atmel/studio/7.0/toolchain/arm/arm-gnu-toolchain/bin/../lib/gcc/arm-none-eabi/5.3.1/armv6-m\libgcc.a(_divsi3.o)
 .ARM.attributes
                0x00000662       0x1e c:/program files (x86)/atmel/studio/7.0/toolchain/arm/arm-gnu-toolchain/bin/../lib/gcc/arm-none-eabi/5.3.1/armv6-m\libgcc.a(_dvmd_tls.o)
 .ARM.attributes
                0x00000680       0x1e c:/program files (x86)/atmel/studio/7.0/toolchain/arm/arm-gnu-toolchain/bin/../lib/gcc/arm-none-eabi/5.3.1/armv6-m\libgcc.a(_arm_cmpdf2.o)
 .ARM.attributes
                0x0000069e       0x2c c:/program files (x86)/atmel/studio/7.0/toolchain/arm/arm-gnu-toolchain/bin/../lib/gcc/arm-none-eabi/5.3.1/armv6-m\libgcc.a(_fixunsdfsi.o)
 .ARM.attributes
                0x000006ca       0x2c c:/program files (x86)/atmel/studio/7.0/toolchain/arm/arm-gnu-toolchain/bin/../lib/gcc/arm-none-eabi/5.3.1/armv6-m\libgcc.a(eqdf2.o)
 .ARM.attributes
                0x000006f6       0x2c c:/program files (x86)/atmel/studio/7.0/toolchain/arm/arm-gnu-toolchain/bin/../lib/gcc/arm-none-eabi/5.3.1/armv6-m\libgcc.a(gedf2.o)
 .ARM.attributes
                0x00000722       0x2c c:/program files (x86)/atmel/studio/7.0/toolchain/arm/arm-gnu-toolchain/bin/../lib/gcc/arm-none-eabi/5.3.1/armv6-m\libgcc.a(ledf2.o)
 .ARM.attributes