Archive member included to satisfy reference by file (symbol)

../src/ASF/thirdparty/wireless/ble_smart_sdk/lib/cm0/gcc\libblusdk.a(event.o)
                              src/ASF/thirdparty/wireless/ble_smart_sdk/ble_services/ble_mgr/ble_manager.o (at_ble_event_get)
../src/ASF/thirdparty/wireless/ble_smart_sdk/lib/cm0/gcc\libblusdk.a(gap.o)
                              src/ASF/thirdparty/wireless/ble_smart_sdk/ble_services/ble_mgr/ble_manager.o (at_ble_device_name_set)
../src/ASF/thirdparty/wireless/ble_smart_sdk/lib/cm0/gcc\libblusdk.a(gatt_client.o)
                              ../src/ASF/thirdparty/wireless/ble_smart_sdk/lib/cm0/gcc\libblusdk.a(gap.o) (init_gatt_client_module)
../src/ASF/thirdparty/wireless/ble_smart_sdk/lib/cm0/gcc\libblusdk.a(gatt_server.o)
                              ../src/ASF/thirdparty/wireless/ble_smart_sdk/lib/cm0/gcc\libblusdk.a(gap.o) (initi_gatt_server_module)
../src/ASF/thirdparty/wireless/ble_smart_sdk/lib/cm0/gcc\libblusdk.a(l2cc_task.o)
                              ../src/ASF/thirdparty/wireless/ble_smart_sdk/lib/cm0/gcc\libblusdk.a(gap.o) (init_l2cc_task_module)
../src/ASF/thirdparty/wireless/ble_smart_sdk/lib/cm0/gcc\libblusdk.a(security.o)
                              src/ASF/thirdparty/wireless/ble_smart_sdk/ble_services/ble_mgr/ble_manager.o (at_ble_authenticate)
../src/ASF/thirdparty/wireless/ble_smart_sdk/lib/cm0/gcc\libblusdk.a(interface.o)
                              ../src/ASF/thirdparty/wireless/ble_smart_sdk/lib/cm0/gcc\libblusdk.a(gap.o) (rx_callback)
../src/ASF/thirdparty/wireless/ble_smart_sdk/lib/cm0/gcc\libblusdk.a(calib_task.o)
                              ../src/ASF/thirdparty/wireless/ble_smart_sdk/lib/cm0/gcc\libblusdk.a(gap.o) (calib_config)
../src/ASF/thirdparty/wireless/ble_smart_sdk/lib/cm0/gcc\libblusdk.a(dbg_task.o)
                              ../src/ASF/thirdparty/wireless/ble_smart_sdk/lib/cm0/gcc\libblusdk.a(gap.o) (dbg_le_set_bd_addr_req_handler)
../src/ASF/thirdparty/wireless/ble_smart_sdk/lib/cm0/gcc\libblusdk.a(gapc_task.o)
                              ../src/ASF/thirdparty/wireless/ble_smart_sdk/lib/cm0/gcc\libblusdk.a(security.o) (check_ConnData_idx_role)
../src/ASF/thirdparty/wireless/ble_smart_sdk/lib/cm0/gcc\libblusdk.a(gapm_task.o)
                              ../src/ASF/thirdparty/wireless/ble_smart_sdk/lib/cm0/gcc\libblusdk.a(gap.o) (gapm_reset_req_handler)
../src/ASF/thirdparty/wireless/ble_smart_sdk/lib/cm0/gcc\libblusdk.a(gattc_task.o)
                              ../src/ASF/thirdparty/wireless/ble_smart_sdk/lib/cm0/gcc\libblusdk.a(gatt_server.o) (gattc_read_req_ind_parser)
../src/ASF/thirdparty/wireless/ble_smart_sdk/lib/cm0/gcc\libblusdk.a(gattm_task.o)
                              ../src/ASF/thirdparty/wireless/ble_smart_sdk/lib/cm0/gcc\libblusdk.a(gatt_server.o) (gattm_add_svc_req_handler)
../src/ASF/thirdparty/wireless/ble_smart_sdk/lib/cm0/gcc\libblusdk.a(htpt_task.o)
                              ../src/ASF/thirdparty/wireless/ble_smart_sdk/lib/cm0/gcc\libblusdk.a(event.o) (htpt_enable_rsp_handler)
c:/program files (x86)/atmel/studio/7.0/toolchain/arm/arm-gnu-toolchain/bin/../lib/gcc/arm-none-eabi/5.3.1/armv6-m\libgcc.a(_thumb1_case_sqi.o)
                              ../src/ASF/thirdparty/wireless/ble_smart_sdk/lib/cm0/gcc\libblusdk.a(gap.o) (__gnu_thumb1_case_sqi)
c:/program files (x86)/atmel/studio/7.0/toolchain/arm/arm-gnu-toolchain/bin/../lib/gcc/arm-none-eabi/5.3.1/armv6-m\libgcc.a(_thumb1_case_uqi.o)
                              ../src/ASF/thirdparty/wireless/ble_smart_sdk/lib/cm0/gcc\libblusdk.a(gap.o) (__gnu_thumb1_case_uqi)
c:/program files (x86)/atmel/studio/7.0/toolchain/arm/arm-gnu-toolchain/bin/../lib/gcc/arm-none-eabi/5.3.1/armv6-m\libgcc.a(_udivsi3.o)
                              src/ASF/common/services/delay/sam/systick_counter.o (__aeabi_uidiv)
c:/program files (x86)/atmel/studio/7.0/toolchain/arm/arm-gnu-toolchain/bin/../lib/gcc/arm-none-eabi/5.3.1/armv6-m\libgcc.a(_divsi3.o)
                              src/ASF/thirdparty/sensor/mpu9250/inv_mpu.o (__aeabi_idiv)
c:/program files (x86)/atmel/studio/7.0/toolchain/arm/arm-gnu-toolchain/bin/../lib/gcc/arm-none-eabi/5.3.1/armv6-m\libgcc.a(_dvmd_tls.o)
                              c:/program files (x86)/atmel/studio/7.0/toolchain/arm/arm-gnu-toolchain/bin/../lib/gcc/arm-none-eabi/5.3.1/armv6-m\libgcc.a(_udivsi3.o) (__aeabi_idiv0)
c:/program files (x86)/atmel/studio/7.0/toolchain/arm/arm-gnu-toolchain/bin/../lib/gcc/arm-none-eabi/5.3.1/armv6-m\libgcc.a(_arm_cmpdf2.o)
                              src/ASF/thirdparty/sensor/mpu9250/inv_mpu.o (__aeabi_dcmpgt)
c:/program files (x86)/atmel/studio/7.0/toolchain/arm/arm-gnu-toolchain/bin/../lib/gcc/arm-none-eabi/5.3.1/armv6-m\libgcc.a(_arm_cmpsf2.o)
                              src/ASF/thirdparty/sensor/mpu9250/inv_mpu.o (__aeabi_fcmplt)
c:/program files (x86)/atmel/studio/7.0/toolchain/arm/arm-gnu-toolchain/bin/../lib/gcc/arm-none-eabi/5.3.1/armv6-m\libgcc.a(_aeabi_ldivmod.o)
[...]
Memory Configuration

Name             Origin             Length             Attributes
ram              0x10008000         0x00017800         xrw
lram             0x1001f800         0x00000800         xrw
*default*        0x00000000         0xffffffff

Linker script and memory map

LOAD c:/program files (x86)/atmel/studio/7.0/toolchain/arm/arm-gnu-toolchain/bin/../lib/gcc/arm-none-eabi/5.3.1/armv6-m/crti.o
LOAD c:/program files (x86)/atmel/studio/7.0/toolchain/arm/arm-gnu-toolchain/bin/../lib/gcc/arm-none-eabi/5.3.1/armv6-m/crtbegin.o
LOAD c:/program files (x86)/atmel/studio/7.0/toolchain/arm/arm-gnu-toolchain/bin/../lib/gcc/arm-none-eabi/5.3.1/../../../../arm-none-eabi/lib/armv6-m/crt0.o
LOAD src/ASF/common/services/delay/sam/systick_counter.o
LOAD src/ASF/sam0/drivers/dualtimer/dualtimer.o
LOAD src/ASF/thirdparty/sensor/mpu9250/inv_mpu.o
LOAD src/ASF/thirdparty/sensor/mpu9250/inv_mpu_dmp_motion_driver.o
LOAD src/ASF/thirdparty/sensor/mpu9250/mpu9250.o
LOAD src/ASF/thirdparty/wireless/ble_smart_sdk/ble_services/ble_mgr/ble_manager.o
LOAD src/ASF/thirdparty/wireless/ble_smart_sdk/services/dualtimer/timer_hw.o
LOAD src/ASF/thirdparty/wireless/ble_smart_sdk/services/gpio/button.o
LOAD src/ASF/thirdparty/wireless/ble_smart_sdk/services/uart/console_serial.o
LOAD src/ASF/thirdparty/wireless/ble_smart_sdk/src/event_handler.o
LOAD src/ASF/thirdparty/wireless/ble_smart_sdk/src/platform_drv.o
LOAD src/ASF/thirdparty/wireless/ble_smart_sdk/src/port_from_sdk.o
LOAD src/ASF/thirdparty/wireless/ble_smart_sdk/services/gpio/led.o
LOAD src/ASF/sam0/drivers/timer/timer.o
LOAD src/ASF/sam0/utils/stdio/read.o
LOAD src/ASF/sam0/utils/stdio/write.o
LOAD src/ASF/sam0/drivers/uart/uart.o
LOAD src/ASF/common/utils/interrupt/interrupt_sam_nvic.o
LOAD src/ASF/sam0/boards/samb11_xplained_pro/board_init.o
LOAD src/ASF/sam0/drivers/gpio/gpio.o
LOAD src/ASF/sam0/drivers/i2c/i2c_master.o
LOAD src/ASF/sam0/drivers/system/system_sam_b.o
LOAD src/ASF/sam0/utils/cmsis/samb11/source/gcc/startup_samb11.o
LOAD src/ASF/sam0/utils/cmsis/samb11/source/system_samb11.o
LOAD src/ASF/sam0/utils/syscalls/gcc/syscalls.o
LOAD src/qs_i2c_master_basic_use.o
START GROUP
LOAD ../src/ASF/thirdparty/wireless/ble_smart_sdk/lib/cm0/gcc\libblusdk.a
LOAD ../src/ASF/thirdparty/CMSIS/Lib/GCC\libarm_cortexM0l_math.a
LOAD c:/program files (x86)/atmel/studio/7.0/toolchain/arm/arm-gnu-toolchain/bin/../lib/gcc/arm-none-eabi/5.3.1/../../../../arm-none-eabi/lib/armv6-m\libm.a
END GROUP
START GROUP
LOAD c:/program files (x86)/atmel/studio/7.0/toolchain/arm/arm-gnu-toolchain/bin/../lib/gcc/arm-none-eabi/5.3.1/armv6-m\libgcc.a
LOAD c:/program files (x86)/atmel/studio/7.0/toolchain/arm/arm-gnu-toolchain/bin/../lib/gcc/arm-none-eabi/5.3.1/../../../../arm-none-eabi/lib/armv6-m\libc_nano.a
END GROUP
START GROUP
LOAD c:/program files (x86)/atmel/studio/7.0/toolchain/arm/arm-gnu-toolchain/bin/../lib/gcc/arm-none-eabi/5.3.1/armv6-m\libgcc.a
LOAD c:/program files (x86)/atmel/studio/7.0/toolchain/arm/arm-gnu-toolchain/bin/../lib/gcc/arm-none-eabi/5.3.1/../../../../arm-none-eabi/lib/armv6-m\libc_nano.a
END GROUP
LOAD c:/program files (x86)/atmel/studio/7.0/toolchain/arm/arm-gnu-toolchain/bin/../lib/gcc/arm-none-eabi/5.3.1/armv6-m/crtend.o
LOAD c:/program files (x86)/atmel/studio/7.0/toolchain/arm/arm-gnu-toolchain/bin/../lib/gcc/arm-none-eabi/5.3.1/armv6-m/crtn.o
                0x00000800                STACK_SIZE = DEFINED (STACK_SIZE)?STACK_SIZE:DEFINED (__stack_size__)?__stack_size__:0x800

.text           0x10008000     0xb818
                0x10008000                . = ALIGN (0x4)
                0x10008000                _sfixed = .
 *(.test.main .text.app_entry)
 .text.app_entry
                0x10008000       0x88 src/ASF/sam0/utils/cmsis/samb11/source/gcc/startup_samb11.o
                0x10008000                app_entry
 *(.text .text.* .gnu.linkonce.t.*)
 .text          0x10008088       0x60 c:/program files (x86)/atmel/studio/7.0/toolchain/arm/arm-gnu-toolchain/bin/../lib/gcc/arm-none-eabi/5.3.1/armv6-m/crtbegin.o
 .text.delay_init
                0x100080e8       0x40 src/ASF/common/services/delay/sam/systick_counter.o
                0x100080e8                delay_init
 .text.delay_cycles_ms
                0x10008128       0x2c src/ASF/common/services/delay/sam/systick_counter.o
                0x10008128                delay_cycles_ms
 .text.dualtimer_isr_handler
                0x10008154       0x44 src/ASF/sam0/drivers/dualtimer/dualtimer.o
 .text.dualtimer_get_config_defaults
                0x10008198       0x24 src/ASF/sam0/drivers/dualtimer/dualtimer.o
                0x10008198                dualtimer_get_config_defaults
 .text.dualtimer_enable
                0x100081bc       0x24 src/ASF/sam0/drivers/dualtimer/dualtimer.o
                0x100081bc                dualtimer_enable
 .text.dualtimer_init
                0x100081e0      0x104 src/ASF/sam0/drivers/dualtimer/dualtimer.o
                0x100081e0                dualtimer_init
 .text.i2c_read
                0x100082e4       0xc4 src/ASF/thirdparty/sensor/mpu9250/inv_mpu.o
 .text.i2c_write
                0x100083a8       0x70 src/ASF/thirdparty/sensor/mpu9250/inv_mpu.o
 .text.set_int_enable
                0x10008418       0xa4 src/ASF/thirdparty/sensor/mpu9250/inv_mpu.o
 .text.mpu_reset_fifo
                0x100084bc      0x1f8 src/ASF/thirdparty/sensor/mpu9250/inv_mpu.o
                0x100084bc                mpu_reset_fifo
 .text.mpu_get_gyro_fsr
                0x100086b4       0x40 src/ASF/thirdparty/sensor/mpu9250/inv_mpu.o
                0x100086b4                mpu_get_gyro_fsr
 .text.mpu_set_gyro_fsr
                0x100086f4       0xa0 src/ASF/thirdparty/sensor/mpu9250/inv_mpu.o
                0x100086f4                mpu_set_gyro_fsr
 .text.mpu_get_accel_fsr
                0x10008794       0x4c src/ASF/thirdparty/sensor/mpu9250/inv_mpu.o
                0x10008794                mpu_get_accel_fsr
 .text.mpu_set_accel_fsr
                0x100087e0       0x94 src/ASF/thirdparty/sensor/mpu9250/inv_mpu.o
                0x100087e0                mpu_set_accel_fsr
 .text.mpu_set_lpf
                0x10008874       0x98 src/ASF/thirdparty/sensor/mpu9250/inv_mpu.o
                0x10008874                mpu_set_lpf
 .text.mpu_get_sample_rate
                0x1000890c       0x1c src/ASF/thirdparty/sensor/mpu9250/inv_mpu.o
                0x1000890c                mpu_get_sample_rate
 .text.mpu_set_compass_sample_rate
                0x10008928       0x78 src/ASF/thirdparty/sensor/mpu9250/inv_mpu.o
                0x10008928                mpu_set_compass_sample_rate
 .text.mpu_configure_fifo
                0x100089a0       0x6c src/ASF/thirdparty/sensor/mpu9250/inv_mpu.o
                0x100089a0                mpu_configure_fifo
 .text.mpu_read_fifo_stream
                0x10008a0c       0xec src/ASF/thirdparty/sensor/mpu9250/inv_mpu.o
                0x10008a0c                mpu_read_fifo_stream
 .text.mpu_set_bypass
                0x10008af8      0x17c src/ASF/thirdparty/sensor/mpu9250/inv_mpu.o
                0x10008af8                mpu_set_bypass
 .text.mpu_set_int_latched
                0x10008c74       0x84 src/ASF/thirdparty/sensor/mpu9250/inv_mpu.o
                0x10008c74                mpu_set_int_latched
 .text.mpu_lp_accel_mode
                0x10008cf8       0x74 src/ASF/thirdparty/sensor/mpu9250/inv_mpu.o
                0x10008cf8                mpu_lp_accel_mode
 .text.mpu_set_sample_rate
                0x10008d6c       0xf0 src/ASF/thirdparty/sensor/mpu9250/inv_mpu.o
                0x10008d6c                mpu_set_sample_rate
 .text.mpu_set_sensors
                0x10008e5c      0x1e8 src/ASF/thirdparty/sensor/mpu9250/inv_mpu.o
                0x10008e5c                mpu_set_sensors
 .text.mpu_init
                0x10009044      0x344 src/ASF/thirdparty/sensor/mpu9250/inv_mpu.o
                0x10009044                mpu_init
 .text.mpu_write_mem
                0x10009388       0x78 src/ASF/thirdparty/sensor/mpu9250/inv_mpu.o
                0x10009388                mpu_write_mem
 .text.dmp_set_tap_thresh
                0x10009400      0x1ac src/ASF/thirdparty/sensor/mpu9250/inv_mpu_dmp_motion_driver.o
                0x10009400                dmp_set_tap_thresh
 .text.dmp_set_tap_axes
                0x100095ac       0x4c src/ASF/thirdparty/sensor/mpu9250/inv_mpu_dmp_motion_driver.o
                0x100095ac                dmp_set_tap_axes
 .text.dmp_set_tap_count
                0x100095f8       0x30 src/ASF/thirdparty/sensor/mpu9250/inv_mpu_dmp_motion_driver.o
                0x100095f8                dmp_set_tap_count
 .text.dmp_set_tap_time
                0x10009628       0x2c src/ASF/thirdparty/sensor/mpu9250/inv_mpu_dmp_motion_driver.o
                0x10009628                dmp_set_tap_time
 .text.dmp_set_tap_time_multi
                0x10009654       0x2c src/ASF/thirdparty/sensor/mpu9250/inv_mpu_dmp_motion_driver.o
                0x10009654                dmp_set_tap_time_multi
 .text.dmp_set_shake_reject_thresh
                0x10009680       0x38 src/ASF/thirdparty/sensor/mpu9250/inv_mpu_dmp_motion_driver.o
                0x10009680                dmp_set_shake_reject_thresh
 .text.dmp_set_shake_reject_time
                0x100096b8       0x2c src/ASF/thirdparty/sensor/mpu9250/inv_mpu_dmp_motion_driver.o
                0x100096b8                dmp_set_shake_reject_time
 .text.dmp_set_shake_reject_timeout
                0x100096e4       0x2c src/ASF/thirdparty/sensor/mpu9250/inv_mpu_dmp_motion_driver.o
                0x100096e4                dmp_set_shake_reject_timeout
 .text.dmp_enable_gyro_cal
                0x10009710       0x4c src/ASF/thirdparty/sensor/mpu9250/inv_mpu_dmp_motion_driver.o
                0x10009710                dmp_enable_gyro_cal
 .text.dmp_enable_lp_quat
                0x1000975c       0x44 src/ASF/thirdparty/sensor/mpu9250/inv_mpu_dmp_motion_driver.o
                0x1000975c                dmp_enable_lp_quat
 .text.dmp_enable_6x_lp_quat
                0x100097a0       0x44 src/ASF/thirdparty/sensor/mpu9250/inv_mpu_dmp_motion_driver.o
                0x100097a0                dmp_enable_6x_lp_quat
 .text.dmp_enable_feature
                0x100097e4      0x214 src/ASF/thirdparty/sensor/mpu9250/inv_mpu_dmp_motion_driver.o
                0x100097e4                dmp_enable_feature
 .text.dmp_read_fifo
                0x100099f8      0x1bc src/ASF/thirdparty/sensor/mpu9250/inv_mpu_dmp_motion_driver.o
                0x100099f8                dmp_read_fifo
 .text.ble_undefined_event_handler
                0x10009bb4        0x4 src/ASF/thirdparty/wireless/ble_smart_sdk/ble_services/ble_mgr/ble_manager.o
                0x10009bb4                ble_undefined_event_handler
 .text.ble_mtu_changed_indication_handler
                0x10009bb8        0x4 src/ASF/thirdparty/wireless/ble_smart_sdk/ble_services/ble_mgr/ble_manager.o
                0x10009bb8                ble_mtu_changed_indication_handler
 .text.ble_characteristic_write_cmd_complete_handler
                0x10009bbc        0xc src/ASF/thirdparty/wireless/ble_smart_sdk/ble_services/ble_mgr/ble_manager.o
                0x10009bbc                ble_characteristic_write_cmd_complete_handler
 .text.ble_conn_param_update
                0x10009bc8        0x4 src/ASF/thirdparty/wireless/ble_smart_sdk/ble_services/ble_mgr/ble_manager.o
                0x10009bc8                ble_conn_param_update
 .text.ble_scan_report_handler
                0x10009bcc       0x28 src/ASF/thirdparty/wireless/ble_smart_sdk/ble_services/ble_mgr/ble_manager.o
                0x10009bcc                ble_scan_report_handler
 .text.ble_mtu_changed_cmd_complete_handler
                0x10009bf4       0x30 src/ASF/thirdparty/wireless/ble_smart_sdk/ble_services/ble_mgr/ble_manager.o
                0x10009bf4                ble_mtu_changed_cmd_complete_handler
 .text.ble_disconnected_state_handler
                0x10009c24       0x88 src/ASF/thirdparty/wireless/ble_smart_sdk/ble_services/ble_mgr/ble_manager.o
                0x10009c24                ble_disconnected_state_handler
 .text.ble_encryption_status_change_handler
                0x10009cac       0xc4 src/ASF/thirdparty/wireless/ble_smart_sdk/ble_services/ble_mgr/ble_manager.o
                0x10009cac                ble_encryption_status_change_handler
 .text.ble_scan_info_handler
                0x10009d70       0x80 src/ASF/thirdparty/wireless/ble_smart_sdk/ble_services/ble_mgr/ble_manager.o
                0x10009d70                ble_scan_info_handler
 .text.ble_pair_done_handler
                0x10009df0      0x120 src/ASF/thirdparty/wireless/ble_smart_sdk/ble_services/ble_mgr/ble_manager.o
                0x10009df0                ble_pair_done_handler
 .text.ble_conn_param_update_req
                0x10009f10       0x18 src/ASF/thirdparty/wireless/ble_smart_sdk/ble_services/ble_mgr/ble_manager.o
                0x10009f10                ble_conn_param_update_req
 .text.ble_slave_security_request_handler
                0x10009f28      0x1ec src/ASF/thirdparty/wireless/ble_smart_sdk/ble_services/ble_mgr/ble_manager.o
                0x10009f28                ble_slave_security_request_handler
 .text.ble_pair_request_handler
                0x1000a114      0x154 src/ASF/thirdparty/wireless/ble_smart_sdk/ble_services/ble_mgr/ble_manager.o
                0x1000a114                ble_pair_request_handler
 .text.ble_pair_key_request_handler
                0x1000a268      0x144 src/ASF/thirdparty/wireless/ble_smart_sdk/ble_services/ble_mgr/ble_manager.o
                0x1000a268                ble_pair_key_request_handler
 .text.ble_encryption_request_handler
                0x1000a3ac       0xec src/ASF/thirdparty/wireless/ble_smart_sdk/ble_services/ble_mgr/ble_manager.o
                0x1000a3ac                ble_encryption_request_handler
 .text.ble_mgr_events_callback_handler
                0x1000a498       0xd0 src/ASF/thirdparty/wireless/ble_smart_sdk/ble_services/ble_mgr/ble_manager.o
                0x1000a498                ble_mgr_events_callback_handler
 .text.ble_device_init
                0x1000a568      0x2a8 src/ASF/thirdparty/wireless/ble_smart_sdk/ble_services/ble_mgr/ble_manager.o
                0x1000a568                ble_device_init
 .text.ble_send_slave_sec_request
                0x1000a810       0x34 src/ASF/thirdparty/wireless/ble_smart_sdk/ble_services/ble_mgr/ble_manager.o
                0x1000a810                ble_send_slave_sec_request
 .text.ble_connected_state_handler
                0x1000a844      0x23c src/ASF/thirdparty/wireless/ble_smart_sdk/ble_services/ble_mgr/ble_manager.o
                0x1000a844                ble_connected_state_handler
 .text.ble_resolv_rand_addr_handler
                0x1000aa80       0xec src/ASF/thirdparty/wireless/ble_smart_sdk/ble_services/ble_mgr/ble_manager.o
                0x1000aa80                ble_resolv_rand_addr_handler
 .text.ble_event_manager
                0x1000ab6c      0x128 src/ASF/thirdparty/wireless/ble_smart_sdk/ble_services/ble_mgr/ble_manager.o
                0x1000ab6c                ble_event_manager
 .text.ble_event_task
                0x1000ac94       0x58 src/ASF/thirdparty/wireless/ble_smart_sdk/ble_services/ble_mgr/ble_manager.o
                0x1000ac94                ble_event_task
 .text.uart_read_complete_callback
                0x1000acec       0x54 src/ASF/thirdparty/wireless/ble_smart_sdk/services/uart/console_serial.o
 .text.usart_serial_getchar
                0x1000ad40       0x18 src/ASF/thirdparty/wireless/ble_smart_sdk/services/uart/console_serial.o
 .text.usart_serial_putchar
                0x1000ad58       0x18 src/ASF/thirdparty/wireless/ble_smart_sdk/services/uart/console_serial.o
 .text.serial_console_init
                0x1000ad70       0xa8 src/ASF/thirdparty/wireless/ble_smart_sdk/services/uart/console_serial.o
                0x1000ad70                serial_console_init
 .text._time_start
                0x1000ae18       0x58 src/ASF/thirdparty/wireless/ble_smart_sdk/services/uart/console_serial.o
                0x1000ae18                _time_start
 .text._time_done
                0x1000ae70       0x10 src/ASF/thirdparty/wireless/ble_smart_sdk/services/uart/console_serial.o
                0x1000ae70                _time_done
 .text.getchar_b11_timeout
                0x1000ae80       0x6c src/ASF/thirdparty/wireless/ble_smart_sdk/services/uart/console_serial.o
                0x1000ae80                getchar_b11_timeout
 .text.platform_event_free
                0x1000aeec       0x10 src/ASF/thirdparty/wireless/ble_smart_sdk/src/event_handler.o
                0x1000aeec                platform_event_free
 .text.platform_event_post
                0x1000aefc       0x38 src/ASF/thirdparty/wireless/ble_smart_sdk/src/event_handler.o
                0x1000aefc                platform_event_post
 .text.platform_event_init
                0x1000af34       0x30 src/ASF/thirdparty/wireless/ble_smart_sdk/src/event_handler.o
                0x1000af34                platform_event_init
 .text.at_ke_msg_send
                0x1000af64       0x78 src/ASF/thirdparty/wireless/ble_smart_sdk/src/platform_drv.o
 .text.samb11_plf_resume_callback
                0x1000afdc       0x2c src/ASF/thirdparty/wireless/ble_smart_sdk/src/platform_drv.o
                0x1000afdc                samb11_plf_resume_callback
 .text.init_port_list
                0x1000b008       0x44 src/ASF/thirdparty/wireless/ble_smart_sdk/src/platform_drv.o
                0x1000b008                init_port_list
 .text.init_clock
                0x1000b04c       0x30 src/ASF/thirdparty/wireless/ble_smart_sdk/src/platform_drv.o
                0x1000b04c                init_clock
 .text.platform_driver_init
                0x1000b07c      0x244 src/ASF/thirdparty/wireless/ble_smart_sdk/src/platform_drv.o
                0x1000b07c                platform_driver_init
 .text.platform_register_ble_msg_handler
                0x1000b2c0       0x1c src/ASF/thirdparty/wireless/ble_smart_sdk/src/platform_drv.o
                0x1000b2c0                platform_register_ble_msg_handler
 .text.platform_interface_send
                0x1000b2dc       0x50 src/ASF/thirdparty/wireless/ble_smart_sdk/src/platform_drv.o
                0x1000b2dc                platform_interface_send
 .text.send_plf_int_msg_ind
                0x1000b32c       0x40 src/ASF/thirdparty/wireless/ble_smart_sdk/src/platform_drv.o
                0x1000b32c                send_plf_int_msg_ind
 .text.platform_event_wait
                0x1000b36c      0x264 src/ASF/thirdparty/wireless/ble_smart_sdk/src/platform_drv.o
                0x1000b36c                platform_event_wait
 .text.acquire_sleep_lock
                0x1000b5d0       0x14 src/ASF/thirdparty/wireless/ble_smart_sdk/src/platform_drv.o
                0x1000b5d0                acquire_sleep_lock
 .text.release_message_lock
                0x1000b5e4       0x14 src/ASF/thirdparty/wireless/ble_smart_sdk/src/platform_drv.o
                0x1000b5e4                release_message_lock
 .text.release_sleep_lock
                0x1000b5f8       0x1c src/ASF/thirdparty/wireless/ble_smart_sdk/src/platform_drv.o
                0x1000b5f8                release_sleep_lock
 .text.gpio1_combined_isr_handler
                0x1000b614       0x70 src/ASF/thirdparty/wireless/ble_smart_sdk/src/port_from_sdk.o
                0x1000b614                gpio1_combined_isr_handler
 .text.gpio0_combined_isr_handler
                0x1000b684       0x6c src/ASF/thirdparty/wireless/ble_smart_sdk/src/port_from_sdk.o
                0x1000b684                gpio0_combined_isr_handler
 .text.PORT1_COMB_Handler
                0x1000b6f0       0x44 src/ASF/thirdparty/wireless/ble_smart_sdk/src/port_from_sdk.o
                0x1000b6f0                PORT1_COMB_Handler
 .text.wakeup_int_unregister_callback
                0x1000b734       0x18 src/ASF/thirdparty/wireless/ble_smart_sdk/src/port_from_sdk.o
                0x1000b734                wakeup_int_unregister_callback
 .text.wakeup_active_event_callback
                0x1000b74c       0x5c src/ASF/thirdparty/wireless/ble_smart_sdk/src/port_from_sdk.o
                0x1000b74c                wakeup_active_event_callback
 .text._read    0x1000b7a8       0x40 src/ASF/sam0/utils/stdio/read.o
                0x1000b7a8                _read
 .text._write   0x1000b7e8       0x50 src/ASF/sam0/utils/stdio/write.o
                0x1000b7e8                _write
 .text.uart_rx0_isr_handler
                0x1000b838       0x88 src/ASF/sam0/drivers/uart/uart.o
 .text.uart_tx0_isr_handler
                0x1000b8c0       0x8c src/ASF/sam0/drivers/uart/uart.o
 .text.uart_rx1_isr_handler
                0x1000b94c       0x88 src/ASF/sam0/drivers/uart/uart.o
 .text.uart_tx1_isr_handler
                0x1000b9d4       0x8c src/ASF/sam0/drivers/uart/uart.o
 .text.uart_get_config_defaults
                0x1000ba60       0x2c src/ASF/sam0/drivers/uart/uart.o
                0x1000ba60                uart_get_config_defaults
 .text.uart_init
                0x1000ba8c      0x1bc src/ASF/sam0/drivers/uart/uart.o
                0x1000ba8c                uart_init
 .text.uart_write_wait
                0x1000bc48       0x10 src/ASF/sam0/drivers/uart/uart.o
                0x1000bc48                uart_write_wait
 .text.uart_read_wait
                0x1000bc58       0x14 src/ASF/sam0/drivers/uart/uart.o
                0x1000bc58                uart_read_wait
 .text.uart_read_buffer_job
                0x1000bc6c       0x28 src/ASF/sam0/drivers/uart/uart.o
                0x1000bc6c                uart_read_buffer_job
 .text.uart_register_callback
                0x1000bc94       0x14 src/ASF/sam0/drivers/uart/uart.o
                0x1000bc94                uart_register_callback
 .text.uart_enable_callback
                0x1000bca8       0x20 src/ASF/sam0/drivers/uart/uart.o
                0x1000bca8                uart_enable_callback
 .text.uart_disable_callback
                0x1000bcc8       0x20 src/ASF/sam0/drivers/uart/uart.o
                0x1000bcc8                uart_disable_callback
 .text.gpio_port0_isr_handler
                0x1000bce8       0x64 src/ASF/sam0/drivers/gpio/gpio.o
 .text.gpio_port1_isr_handler
                0x1000bd4c       0x70 src/ASF/sam0/drivers/gpio/gpio.o
 .text.gpio_port2_isr_handler
                0x1000bdbc       0x7c src/ASF/sam0/drivers/gpio/gpio.o
 .text.gpio_get_config_defaults
                0x1000be38       0x10 src/ASF/sam0/drivers/gpio/gpio.o
                0x1000be38                gpio_get_config_defaults
 .text.gpio_pin_set_config
                0x1000be48      0x1b8 src/ASF/sam0/drivers/gpio/gpio.o
                0x1000be48                gpio_pin_set_config
 .text.gpio_pinmux_cofiguration
                0x1000c000      0x14c src/ASF/sam0/drivers/gpio/gpio.o
                0x1000c000                gpio_pinmux_cofiguration
 .text.gpio_register_callback
                0x1000c14c       0xd0 src/ASF/sam0/drivers/gpio/gpio.o
                0x1000c14c                gpio_register_callback
 .text.gpio_enable_callback
                0x1000c21c       0x5c src/ASF/sam0/drivers/gpio/gpio.o
                0x1000c21c                gpio_enable_callback
 .text.gpio_init
                0x1000c278       0x6c src/ASF/sam0/drivers/gpio/gpio.o
                0x1000c278                gpio_init
 .text._i2c_master_read_packet
                0x1000c2e4       0x7c src/ASF/sam0/drivers/i2c/i2c_master.o
 .text._i2c_master_write_packet
                0x1000c360       0x60 src/ASF/sam0/drivers/i2c/i2c_master.o
 .text.i2c_master_get_config_defaults
                0x1000c3c0       0x18 src/ASF/sam0/drivers/i2c/i2c_master.o
                0x1000c3c0                i2c_master_get_config_defaults
 .text.i2c_master_init
                0x1000c3d8       0x74 src/ASF/sam0/drivers/i2c/i2c_master.o
                0x1000c3d8                i2c_master_init
 .text.i2c_master_read_packet_wait
                0x1000c44c       0x24 src/ASF/sam0/drivers/i2c/i2c_master.o
                0x1000c44c                i2c_master_read_packet_wait
 .text.i2c_master_write_packet_wait
                0x1000c470       0x34 src/ASF/sam0/drivers/i2c/i2c_master.o
                0x1000c470                i2c_master_write_packet_wait
 .text.i2c_master_write_packet_wait_no_stop
                0x1000c4a4       0x24 src/ASF/sam0/drivers/i2c/i2c_master.o
                0x1000c4a4                i2c_master_write_packet_wait_no_stop
 .text.system_clock_config
                0x1000c4c8       0x84 src/ASF/sam0/drivers/system/system_sam_b.o
                0x1000c4c8                system_clock_config
 .text.system_clock_get_value
                0x1000c54c        0xc src/ASF/sam0/drivers/system/system_sam_b.o
                0x1000c54c                system_clock_get_value
 .text.system_clock_peripheral_enable
                0x1000c558      0x35c src/ASF/sam0/drivers/system/system_sam_b.o
                0x1000c558                system_clock_peripheral_enable
 .text.system_peripheral_reset
                0x1000c8b4      0x468 src/ASF/sam0/drivers/system/system_sam_b.o
                0x1000c8b4                system_peripheral_reset
 .text.system_register_isr
                0x1000cd1c       0x10 src/ASF/sam0/drivers/system/system_sam_b.o
                0x1000cd1c                system_register_isr
 .text._sbrk    0x1000cd2c       0x24 src/ASF/sam0/utils/syscalls/gcc/syscalls.o
                0x1000cd2c                _sbrk
 .text._close   0x1000cd50        0x8 src/ASF/sam0/utils/syscalls/gcc/syscalls.o
                0x1000cd50                _close
 .text._fstat   0x1000cd58        0xc src/ASF/sam0/utils/syscalls/gcc/syscalls.o
                0x1000cd58                _fstat
 .text._isatty  0x1000cd64        0x4 src/ASF/sam0/utils/syscalls/gcc/syscalls.o
                0x1000cd64                _isatty
 .text._lseek   0x1000cd68        0x4 src/ASF/sam0/utils/syscalls/gcc/syscalls.o
                0x1000cd68                _lseek
 .text.interrupt_cb
                0x1000cd6c       0x20 src/qs_i2c_master_basic_use.o
                0x1000cd6c                interrupt_cb
 .text.configure_i2c_master
                0x1000cd8c       0x74 src/qs_i2c_master_basic_use.o
                0x1000cd8c                configure_i2c_master
 .text.init_dualtimer
                0x1000ce00       0x30 src/qs_i2c_master_basic_use.o
                0x1000ce00                init_dualtimer
 .text.imu_poll_data
                0x1000ce30       0x30 src/qs_i2c_master_basic_use.o
                0x1000ce30                imu_poll_data
 .text.main     0x1000ce60      0x12c src/qs_i2c_master_basic_use.o
                0x1000ce60                main
 .text.internal_event_post
                0x1000cf8c       0x5c ../src/ASF/thirdparty/wireless/ble_smart_sdk/lib/cm0/gcc\libblusdk.a(event.o)
                0x1000cf8c                internal_event_post
 .text.internal_event_init
                0x1000cfe8       0x2c ../src/ASF/thirdparty/wireless/ble_smart_sdk/lib/cm0/gcc\libblusdk.a(event.o)
                0x1000cfe8                internal_event_init
 .text.special_events_handler
                0x1000d014       0x90 ../src/ASF/thirdparty/wireless/ble_smart_sdk/lib/cm0/gcc\libblusdk.a(event.o)
                0x1000d014                special_events_handler
 .text.at_ble_event_get
                0x1000d0a4      0x6d8 ../src/ASF/thirdparty/wireless/ble_smart_sdk/lib/cm0/gcc\libblusdk.a(event.o)
                0x1000d0a4                at_ble_event_get
 .text.internal_event_flush
                0x1000d77c       0x44 ../src/ASF/thirdparty/wireless/ble_smart_sdk/lib/cm0/gcc\libblusdk.a(event.o)
                0x1000d77c                internal_event_flush
 .text.internal_conn_flush
                0x1000d7c0       0x54 ../src/ASF/thirdparty/wireless/ble_smart_sdk/lib/cm0/gcc\libblusdk.a(event.o)
                0x1000d7c0                internal_conn_flush
 .text.at_ble_device_name_set
                0x1000d814       0x34 ../src/ASF/thirdparty/wireless/ble_smart_sdk/lib/cm0/gcc\libblusdk.a(gap.o)
                0x1000d814                at_ble_device_name_set
 .text.at_ble_addr_get
                0x1000d848       0x24 ../src/ASF/thirdparty/wireless/ble_smart_sdk/lib/cm0/gcc\libblusdk.a(gap.o)
                0x1000d848                at_ble_addr_get
 .text.at_ble_set_dev_config
                0x1000d86c       0x90 ../src/ASF/thirdparty/wireless/ble_smart_sdk/lib/cm0/gcc\libblusdk.a(gap.o)
                0x1000d86c                at_ble_set_dev_config
 .text.at_ble_init
                0x1000d8fc      0x1b4 ../src/ASF/thirdparty/wireless/ble_smart_sdk/lib/cm0/gcc\libblusdk.a(gap.o)
                0x1000d8fc                at_ble_init
 .text.at_ble_addr_set
                0x1000dab0       0x54 ../src/ASF/thirdparty/wireless/ble_smart_sdk/lib/cm0/gcc\libblusdk.a(gap.o)
                0x1000dab0                at_ble_addr_set
 .text.at_ble_scan_stop
                0x1000db04       0x20 ../src/ASF/thirdparty/wireless/ble_smart_sdk/lib/cm0/gcc\libblusdk.a(gap.o)
                0x1000db04                at_ble_scan_stop
 .text.at_ble_disconnect
                0x1000db24       0x20 ../src/ASF/thirdparty/wireless/ble_smart_sdk/lib/cm0/gcc\libblusdk.a(gap.o)
                0x1000db24                at_ble_disconnect
 .text.at_ble_conn_update_reply
                0x1000db44        0xc ../src/ASF/thirdparty/wireless/ble_smart_sdk/lib/cm0/gcc\libblusdk.a(gap.o)
                0x1000db44                at_ble_conn_update_reply
 .text.at_ble_random_address_resolve
                0x1000db50       0x28 ../src/ASF/thirdparty/wireless/ble_smart_sdk/lib/cm0/gcc\libblusdk.a(gap.o)
                0x1000db50                at_ble_random_address_resolve
 .text.at_ble_uuid_len2type
                0x1000db78       0x14 ../src/ASF/thirdparty/wireless/ble_smart_sdk/lib/cm0/gcc\libblusdk.a(gap.o)
                0x1000db78                at_ble_uuid_len2type
 .text.init_gatt_client_module
                0x1000db8c        0xc ../src/ASF/thirdparty/wireless/ble_smart_sdk/lib/cm0/gcc\libblusdk.a(gatt_client.o)
                0x1000db8c                init_gatt_client_module
 .text.db_searchATT
                0x1000db98       0x40 ../src/ASF/thirdparty/wireless/ble_smart_sdk/lib/cm0/gcc\libblusdk.a(gatt_server.o)
 .text.at_ble_read_authorize_reply.part.1
                0x1000dbd8       0x30 ../src/ASF/thirdparty/wireless/ble_smart_sdk/lib/cm0/gcc\libblusdk.a(gatt_server.o)
 .text.initi_gatt_server_module
                0x1000dc08       0x3c ../src/ASF/thirdparty/wireless/ble_smart_sdk/lib/cm0/gcc\libblusdk.a(gatt_server.o)
                0x1000dc08                initi_gatt_server_module
 .text.db_init  0x1000dc44       0x44 ../src/ASF/thirdparty/wireless/ble_smart_sdk/lib/cm0/gcc\libblusdk.a(gatt_server.o)
                0x1000dc44                db_init
 .text.at_ble_characteristic_value_set
                0x1000dc88       0x3c ../src/ASF/thirdparty/wireless/ble_smart_sdk/lib/cm0/gcc\libblusdk.a(gatt_server.o)
                0x1000dc88                at_ble_characteristic_value_set
 .text.at_ble_characteristic_value_get
                0x1000dcc4       0x40 ../src/ASF/thirdparty/wireless/ble_smart_sdk/lib/cm0/gcc\libblusdk.a(gatt_server.o)
                0x1000dcc4                at_ble_characteristic_value_get
 .text.at_ble_write_authorize_reply
                0x1000dd04       0x88 ../src/ASF/thirdparty/wireless/ble_smart_sdk/lib/cm0/gcc\libblusdk.a(gatt_server.o)
                0x1000dd04                at_ble_write_authorize_reply
 .text.gatts_handle_read_req
                0x1000dd8c       0x30 ../src/ASF/thirdparty/wireless/ble_smart_sdk/lib/cm0/gcc\libblusdk.a(gatt_server.o)
                0x1000dd8c                gatts_handle_read_req
 .text.gatts_handle_att_info_req
                0x1000ddbc       0x3c ../src/ASF/thirdparty/wireless/ble_smart_sdk/lib/cm0/gcc\libblusdk.a(gatt_server.o)
                0x1000ddbc                gatts_handle_att_info_req
 .text.gatts_handle_write_req
                0x1000ddf8       0x30 ../src/ASF/thirdparty/wireless/ble_smart_sdk/lib/cm0/gcc\libblusdk.a(gatt_server.o)
                0x1000ddf8                gatts_handle_write_req
 .text.init_l2cc_task_module
                0x1000de28        0xc ../src/ASF/thirdparty/wireless/ble_smart_sdk/lib/cm0/gcc\libblusdk.a(l2cc_task.o)
                0x1000de28                init_l2cc_task_module
 .text.l2cc_data_send_rsp_handler
                0x1000de34       0x2c ../src/ASF/thirdparty/wireless/ble_smart_sdk/lib/cm0/gcc\libblusdk.a(l2cc_task.o)
                0x1000de34                l2cc_data_send_rsp_handler
 .text.l2cc_data_received_handler
                0x1000de60       0x30 ../src/ASF/thirdparty/wireless/ble_smart_sdk/lib/cm0/gcc\libblusdk.a(l2cc_task.o)
                0x1000de60                l2cc_data_received_handler
 .text.at_ble_authenticate
                0x1000de90      0x130 ../src/ASF/thirdparty/wireless/ble_smart_sdk/lib/cm0/gcc\libblusdk.a(security.o)
                0x1000de90                at_ble_authenticate
 .text.at_ble_pair_key_reply
                0x1000dfc0       0x7c ../src/ASF/thirdparty/wireless/ble_smart_sdk/lib/cm0/gcc\libblusdk.a(security.o)
                0x1000dfc0                at_ble_pair_key_reply
 .text.at_ble_send_slave_sec_request
                0x1000e03c       0x40 ../src/ASF/thirdparty/wireless/ble_smart_sdk/lib/cm0/gcc\libblusdk.a(security.o)
                0x1000e03c                at_ble_send_slave_sec_request
 .text.at_ble_encryption_start
                0x1000e07c       0x78 ../src/ASF/thirdparty/wireless/ble_smart_sdk/lib/cm0/gcc\libblusdk.a(security.o)
                0x1000e07c                at_ble_encryption_start
 .text.at_ble_encryption_request_reply
                0x1000e0f4       0x34 ../src/ASF/thirdparty/wireless/ble_smart_sdk/lib/cm0/gcc\libblusdk.a(security.o)
                0x1000e0f4                at_ble_encryption_request_reply
 .text.rx_callback
                0x1000e128       0x98 ../src/ASF/thirdparty/wireless/ble_smart_sdk/lib/cm0/gcc\libblusdk.a(interface.o)
                0x1000e128                rx_callback
 .text.interface_send
                0x1000e1c0       0x10 ../src/ASF/thirdparty/wireless/ble_smart_sdk/lib/cm0/gcc\libblusdk.a(interface.o)
                0x1000e1c0                interface_send
 .text.interface_init
                0x1000e1d0       0x48 ../src/ASF/thirdparty/wireless/ble_smart_sdk/lib/cm0/gcc\libblusdk.a(interface.o)
                0x1000e1d0                interface_init
 .text.platform_cmd_cmpl_signal
                0x1000e218        0xc ../src/ASF/thirdparty/wireless/ble_smart_sdk/lib/cm0/gcc\libblusdk.a(interface.o)
                0x1000e218                platform_cmd_cmpl_signal
 .text.platform_cmd_cmpl_wait
                0x1000e224       0x2c ../src/ASF/thirdparty/wireless/ble_smart_sdk/lib/cm0/gcc\libblusdk.a(interface.o)
                0x1000e224                platform_cmd_cmpl_wait
 .text.start_timer
                0x1000e250        0x2 ../src/ASF/thirdparty/wireless/ble_smart_sdk/lib/cm0/gcc\libblusdk.a(interface.o)
                0x1000e250                start_timer
 .text.stop_timer
                0x1000e252        0x2 ../src/ASF/thirdparty/wireless/ble_smart_sdk/lib/cm0/gcc\libblusdk.a(interface.o)
                0x1000e252                stop_timer
 .text.dbg_le_set_bd_addr_req_handler
                0x1000e254       0x7c ../src/ASF/thirdparty/wireless/ble_smart_sdk/lib/cm0/gcc\libblusdk.a(dbg_task.o)
                0x1000e254                dbg_le_set_bd_addr_req_handler
 .text.gapc_get_dev_info_cfm.constprop.1
                0x1000e2d0       0xc0 ../src/ASF/thirdparty/wireless/ble_smart_sdk/lib/cm0/gcc\libblusdk.a(gapc_task.o)
 .text.check_ConnData_idx_role
                0x1000e390       0x3c ../src/ASF/thirdparty/wireless/ble_smart_sdk/lib/cm0/gcc\libblusdk.a(gapc_task.o)
                0x1000e390                check_ConnData_idx_role
 .text.check_ConnData_emptyEntry
                0x1000e3cc       0x28 ../src/ASF/thirdparty/wireless/ble_smart_sdk/lib/cm0/gcc\libblusdk.a(gapc_task.o)
                0x1000e3cc                check_ConnData_emptyEntry
 .text.gapc_cmp_evt
                0x1000e3f4       0xd0 ../src/ASF/thirdparty/wireless/ble_smart_sdk/lib/cm0/gcc\libblusdk.a(gapc_task.o)
                0x1000e3f4                gapc_cmp_evt
 .text.gapc_connection_cfm_handler
                0x1000e4c4       0xc4 ../src/ASF/thirdparty/wireless/ble_smart_sdk/lib/cm0/gcc\libblusdk.a(gapc_task.o)
                0x1000e4c4                gapc_connection_cfm_handler
 .text.gapc_con_req_ind
                0x1000e588       0xe0 ../src/ASF/thirdparty/wireless/ble_smart_sdk/lib/cm0/gcc\libblusdk.a(gapc_task.o)
                0x1000e588                gapc_con_req_ind
 .text.gapc_disconnect_cmd_handler
                0x1000e668       0x44 ../src/ASF/thirdparty/wireless/ble_smart_sdk/lib/cm0/gcc\libblusdk.a(gapc_task.o)
                0x1000e668                gapc_disconnect_cmd_handler
 .text.gapc_disconnect_ind
                0x1000e6ac       0x34 ../src/ASF/thirdparty/wireless/ble_smart_sdk/lib/cm0/gcc\libblusdk.a(gapc_task.o)
                0x1000e6ac                gapc_disconnect_ind
 .text.gapc_bond_cmd_handler
                0x1000e6e0       0x68 ../src/ASF/thirdparty/wireless/ble_smart_sdk/lib/cm0/gcc\libblusdk.a(gapc_task.o)
                0x1000e6e0                gapc_bond_cmd_handler
 .text.gapc_bond_ind
                0x1000e748       0xd8 ../src/ASF/thirdparty/wireless/ble_smart_sdk/lib/cm0/gcc\libblusdk.a(gapc_task.o)
                0x1000e748                gapc_bond_ind
 .text.gapc_bond_req_ind
                0x1000e820       0xe0 ../src/ASF/thirdparty/wireless/ble_smart_sdk/lib/cm0/gcc\libblusdk.a(gapc_task.o)
                0x1000e820                gapc_bond_req_ind
 .text.gapc_bond_cfm_handler_pair_resp
                0x1000e900       0x7c ../src/ASF/thirdparty/wireless/ble_smart_sdk/lib/cm0/gcc\libblusdk.a(gapc_task.o)
                0x1000e900                gapc_bond_cfm_handler_pair_resp
 .text.gapc_bond_cfm_handler_key_exch
                0x1000e97c       0x50 ../src/ASF/thirdparty/wireless/ble_smart_sdk/lib/cm0/gcc\libblusdk.a(gapc_task.o)
                0x1000e97c                gapc_bond_cfm_handler_key_exch
 .text.gapc_security_cmd_handler
                0x1000e9cc       0x40 ../src/ASF/thirdparty/wireless/ble_smart_sdk/lib/cm0/gcc\libblusdk.a(gapc_task.o)
                0x1000e9cc                gapc_security_cmd_handler
 .text.gapc_encrypt_cmd_handler
                0x1000ea0c       0x9c ../src/ASF/thirdparty/wireless/ble_smart_sdk/lib/cm0/gcc\libblusdk.a(gapc_task.o)
                0x1000ea0c                gapc_encrypt_cmd_handler
 .text.gapc_encrypt_req_ind
                0x1000eaa8       0x20 ../src/ASF/thirdparty/wireless/ble_smart_sdk/lib/cm0/gcc\libblusdk.a(gapc_task.o)
                0x1000eaa8                gapc_encrypt_req_ind
 .text.gapc_encrypt_cfm_handler
                0x1000eac8       0x80 ../src/ASF/thirdparty/wireless/ble_smart_sdk/lib/cm0/gcc\libblusdk.a(gapc_task.o)
                0x1000eac8                gapc_encrypt_cfm_handler
 .text.gapc_encrypt_ind
                0x1000eb48        0xe ../src/ASF/thirdparty/wireless/ble_smart_sdk/lib/cm0/gcc\libblusdk.a(gapc_task.o)
                0x1000eb48                gapc_encrypt_ind
 *fill*         0x1000eb56        0x2 
 .text.gapc_param_update_cfm_handler
                0x1000eb58       0x4c ../src/ASF/thirdparty/wireless/ble_smart_sdk/lib/cm0/gcc\libblusdk.a(gapc_task.o)
                0x1000eb58                gapc_param_update_cfm_handler
 .text.gapc_param_updated_ind
                0x1000eba4       0x2a ../src/ASF/thirdparty/wireless/ble_smart_sdk/lib/cm0/gcc\libblusdk.a(gapc_task.o)
                0x1000eba4                gapc_param_updated_ind
 .text.gapc_param_updated_req_ind
                0x1000ebce       0x30 ../src/ASF/thirdparty/wireless/ble_smart_sdk/lib/cm0/gcc\libblusdk.a(gapc_task.o)
                0x1000ebce                gapc_param_updated_req_ind
 *fill*         0x1000ebfe        0x2 
 .text.gapc_dev_info_req_ind_handler
                0x1000ec00       0x28 ../src/ASF/thirdparty/wireless/ble_smart_sdk/lib/cm0/gcc\libblusdk.a(gapc_task.o)
                0x1000ec00                gapc_dev_info_req_ind_handler
 .text.gapc_sec_req_ind
                0x1000ec28       0x16 ../src/ASF/thirdparty/wireless/ble_smart_sdk/lib/cm0/gcc\libblusdk.a(gapc_task.o)
                0x1000ec28                gapc_sec_req_ind
 .text.gapc_sign_counter_ind_handler
                0x1000ec3e       0x34 ../src/ASF/thirdparty/wireless/ble_smart_sdk/lib/cm0/gcc\libblusdk.a(gapc_task.o)
                0x1000ec3e                gapc_sign_counter_ind_handler
 *fill*         0x1000ec72        0x2 
 .text.gapc_peer_att_info_ind_handler
                0x1000ec74       0x7c ../src/ASF/thirdparty/wireless/ble_smart_sdk/lib/cm0/gcc\libblusdk.a(gapc_task.o)
                0x1000ec74                gapc_peer_att_info_ind_handler
 .text.gapc_con_channel_map_ind_handler
                0x1000ecf0       0x18 ../src/ASF/thirdparty/wireless/ble_smart_sdk/lib/cm0/gcc\libblusdk.a(gapc_task.o)
                0x1000ecf0                gapc_con_channel_map_ind_handler
 .text.gapc_lecb_connected
                0x1000ed08       0x2e ../src/ASF/thirdparty/wireless/ble_smart_sdk/lib/cm0/gcc\libblusdk.a(gapc_task.o)
                0x1000ed08                gapc_lecb_connected
 .text.gapc_lecb_disconnected
                0x1000ed36       0x16 ../src/ASF/thirdparty/wireless/ble_smart_sdk/lib/cm0/gcc\libblusdk.a(gapc_task.o)
                0x1000ed36                gapc_lecb_disconnected
 .text.gapc_lecb_connect_req_ind
                0x1000ed4c       0x2a ../src/ASF/thirdparty/wireless/ble_smart_sdk/lib/cm0/gcc\libblusdk.a(gapc_task.o)
                0x1000ed4c                gapc_lecb_connect_req_ind
 .text.gapc_lecb_add_credit_resp_handler
                0x1000ed76       0x20 ../src/ASF/thirdparty/wireless/ble_smart_sdk/lib/cm0/gcc\libblusdk.a(gapc_task.o)
                0x1000ed76                gapc_lecb_add_credit_resp_handler
 *fill*         0x1000ed96        0x2 
 .text.gapm_reset_req_handler
                0x1000ed98       0x70 ../src/ASF/thirdparty/wireless/ble_smart_sdk/lib/cm0/gcc\libblusdk.a(gapm_task.o)
                0x1000ed98                gapm_reset_req_handler
 .text.gapm_set_dev_config_cmd_handler
                0x1000ee08      0x108 ../src/ASF/thirdparty/wireless/ble_smart_sdk/lib/cm0/gcc\libblusdk.a(gapm_task.o)
                0x1000ee08                gapm_set_dev_config_cmd_handler
 .text.gapm_get_dev_config_cmd_handler
                0x1000ef10       0xe0 ../src/ASF/thirdparty/wireless/ble_smart_sdk/lib/cm0/gcc\libblusdk.a(gapm_task.o)
                0x1000ef10                gapm_get_dev_config_cmd_handler
 .text.gapm_cancel_cmd_handler
                0x1000eff0       0x70 ../src/ASF/thirdparty/wireless/ble_smart_sdk/lib/cm0/gcc\libblusdk.a(gapm_task.o)
                0x1000eff0                gapm_cancel_cmd_handler
 .text.gapm_dev_bdaddr_ind_handler
                0x1000f060       0x1c ../src/ASF/thirdparty/wireless/ble_smart_sdk/lib/cm0/gcc\libblusdk.a(gapm_task.o)
                0x1000f060                gapm_dev_bdaddr_ind_handler
 .text.gapm_cmp_evt
                0x1000f07c      0x148 ../src/ASF/thirdparty/wireless/ble_smart_sdk/lib/cm0/gcc\libblusdk.a(gapm_task.o)
                0x1000f07c                gapm_cmp_evt
 .text.gapm_adv_report_evt_handler
                0x1000f1c4       0x88 ../src/ASF/thirdparty/wireless/ble_smart_sdk/lib/cm0/gcc\libblusdk.a(gapm_task.o)
                0x1000f1c4                gapm_adv_report_evt_handler
 .text.gapm_resolv_addr_cmd_handler
                0x1000f24c       0x68 ../src/ASF/thirdparty/wireless/ble_smart_sdk/lib/cm0/gcc\libblusdk.a(gapm_task.o)
                0x1000f24c                gapm_resolv_addr_cmd_handler
 .text.gapm_addr_solved_ind_handler
                0x1000f2b4       0x24 ../src/ASF/thirdparty/wireless/ble_smart_sdk/lib/cm0/gcc\libblusdk.a(gapm_task.o)
                0x1000f2b4                gapm_addr_solved_ind_handler
 .text.gapm_profile_added_ind_handler
                0x1000f2d8       0x20 ../src/ASF/thirdparty/wireless/ble_smart_sdk/lib/cm0/gcc\libblusdk.a(gapm_task.o)
                0x1000f2d8                gapm_profile_added_ind_handler
 .text.gattc_read_req_ind_parser
                0x1000f2f8        0xc ../src/ASF/thirdparty/wireless/ble_smart_sdk/lib/cm0/gcc\libblusdk.a(gattc_task.o)
                0x1000f2f8                gattc_read_req_ind_parser
 .text.gattc_write_req_ind_parser
                0x1000f304       0x38 ../src/ASF/thirdparty/wireless/ble_smart_sdk/lib/cm0/gcc\libblusdk.a(gattc_task.o)
                0x1000f304                gattc_write_req_ind_parser
 .text.gattc_att_info_req_parser
                0x1000f33c        0xc ../src/ASF/thirdparty/wireless/ble_smart_sdk/lib/cm0/gcc\libblusdk.a(gattc_task.o)
                0x1000f33c                gattc_att_info_req_parser
 .text.gattc_read_cfm
                0x1000f348       0x6c ../src/ASF/thirdparty/wireless/ble_smart_sdk/lib/cm0/gcc\libblusdk.a(gattc_task.o)
                0x1000f348                gattc_read_cfm
 .text.gattc_write_cfm
                0x1000f3b4       0x44 ../src/ASF/thirdparty/wireless/ble_smart_sdk/lib/cm0/gcc\libblusdk.a(gattc_task.o)
                0x1000f3b4                gattc_write_cfm
 .text.gattc_att_info_cfm
                0x1000f3f8       0x48 ../src/ASF/thirdparty/wireless/ble_smart_sdk/lib/cm0/gcc\libblusdk.a(gattc_task.o)
                0x1000f3f8                gattc_att_info_cfm
 .text.gattc_event_cfm_handler
                0x1000f440       0x40 ../src/ASF/thirdparty/wireless/ble_smart_sdk/lib/cm0/gcc\libblusdk.a(gattc_task.o)
                0x1000f440                gattc_event_cfm_handler
 .text.gattc_disc_svc_ind_parser
                0x1000f480       0x3c ../src/ASF/thirdparty/wireless/ble_smart_sdk/lib/cm0/gcc\libblusdk.a(gattc_task.o)
                0x1000f480                gattc_disc_svc_ind_parser
 .text.gattc_disc_svc_incl_ind_parser
                0x1000f4bc       0x48 ../src/ASF/thirdparty/wireless/ble_smart_sdk/lib/cm0/gcc\libblusdk.a(gattc_task.o)
                0x1000f4bc                gattc_disc_svc_incl_ind_parser
 .text.gattc_disc_char_ind_parser
                0x1000f504       0x44 ../src/ASF/thirdparty/wireless/ble_smart_sdk/lib/cm0/gcc\libblusdk.a(gattc_task.o)
                0x1000f504                gattc_disc_char_ind_parser
 .text.gattc_disc_char_desc_ind_parser
                0x1000f548       0x34 ../src/ASF/thirdparty/wireless/ble_smart_sdk/lib/cm0/gcc\libblusdk.a(gattc_task.o)
                0x1000f548                gattc_disc_char_desc_ind_parser
 .text.gattc_event_ind_and_notification_parser
                0x1000f57c       0x54 ../src/ASF/thirdparty/wireless/ble_smart_sdk/lib/cm0/gcc\libblusdk.a(gattc_task.o)
                0x1000f57c                gattc_event_ind_and_notification_parser
 .text.gattc_complete_evt_handler
                0x1000f5d0       0x78 ../src/ASF/thirdparty/wireless/ble_smart_sdk/lib/cm0/gcc\libblusdk.a(gattc_task.o)
                0x1000f5d0                gattc_complete_evt_handler
 .text.gattc_event_mtu_changed_ind_parser
                0x1000f648       0x10 ../src/ASF/thirdparty/wireless/ble_smart_sdk/lib/cm0/gcc\libblusdk.a(gattc_task.o)
                0x1000f648                gattc_event_mtu_changed_ind_parser
 .text.gattc_read_ind_parser
                0x1000f658       0x40 ../src/ASF/thirdparty/wireless/ble_smart_sdk/lib/cm0/gcc\libblusdk.a(gattc_task.o)
                0x1000f658                gattc_read_ind_parser
 .text.gattc_svc_changed_cfg_ind_parser
                0x1000f698       0x10 ../src/ASF/thirdparty/wireless/ble_smart_sdk/lib/cm0/gcc\libblusdk.a(gattc_task.o)
                0x1000f698                gattc_svc_changed_cfg_ind_parser
 .text.init_gattc_task_module
                0x1000f6a8       0x14 ../src/ASF/thirdparty/wireless/ble_smart_sdk/lib/cm0/gcc\libblusdk.a(gattc_task.o)
                0x1000f6a8                init_gattc_task_module
 .text.gattm_att_set_value_req_handler
                0x1000f6bc       0x8c ../src/ASF/thirdparty/wireless/ble_smart_sdk/lib/cm0/gcc\libblusdk.a(gattm_task.o)
                0x1000f6bc                gattm_att_set_value_req_handler
 .text.gattm_att_get_value_req_handler
                0x1000f748       0x9c ../src/ASF/thirdparty/wireless/ble_smart_sdk/lib/cm0/gcc\libblusdk.a(gattm_task.o)
                0x1000f748                gattm_att_get_value_req_handler
 .text.htpt_enable_rsp_handler
                0x1000f7e4        0xa ../src/ASF/thirdparty/wireless/ble_smart_sdk/lib/cm0/gcc\libblusdk.a(htpt_task.o)
                0x1000f7e4                htpt_enable_rsp_handler
 .text.htpt_temp_send_rsp_handler
                0x1000f7ee        0x6 ../src/ASF/thirdparty/wireless/ble_smart_sdk/lib/cm0/gcc\libblusdk.a(htpt_task.o)
                0x1000f7ee                htpt_temp_send_rsp_handler
 .text.htpt_meas_intv_upd_rsp_handler
                0x1000f7f4        0x6 ../src/ASF/thirdparty/wireless/ble_smart_sdk/lib/cm0/gcc\libblusdk.a(htpt_task.o)
                0x1000f7f4                htpt_meas_intv_upd_rsp_handler
 .text.htpt_meas_intv_chg_req_ind_handler
                0x1000f7fa        0xc ../src/ASF/thirdparty/wireless/ble_smart_sdk/lib/cm0/gcc\libblusdk.a(htpt_task.o)
                0x1000f7fa                htpt_meas_intv_chg_req_ind_handler
 .text.htpt_cfg_indntf_ind_handler
                0x1000f806        0xa ../src/ASF/thirdparty/wireless/ble_smart_sdk/lib/cm0/gcc\libblusdk.a(htpt_task.o)
                0x1000f806                htpt_cfg_indntf_ind_handler
 .text          0x1000f810       0x14 c:/program files (x86)/atmel/studio/7.0/toolchain/arm/arm-gnu-toolchain/bin/../lib/gcc/arm-none-eabi/5.3.1/armv6-m\libgcc.a(_thumb1_case_uqi.o)
                0x1000f810                __gnu_thumb1_case_uqi
 .text          0x1000f824      0x114 c:/program files (x86)/atmel/studio/7.0/toolchain/arm/arm-gnu-toolchain/bin/../lib/gcc/arm-none-eabi/5.3.1/armv6-m\libgcc.a(_udivsi3.o)
                0x1000f824                __aeabi_uidiv
                0x1000f824                __udivsi3
                0x1000f930                __aeabi_uidivmod
 .text          0x1000f938      0x1d4 c:/program files (x86)/atmel/studio/7.0/toolchain/arm/arm-gnu-toolchain/bin/../lib/gcc/arm-none-eabi/5.3.1/armv6-m\libgcc.a(_divsi3.o)
                0x1000f938                __divsi3
                0x1000f938                __aeabi_idiv
                0x1000fb04                __aeabi_idivmod
 .text          0x1000fb0c        0x4 c:/program files (x86)/atmel/studio/7.0/toolchain/arm/arm-gnu-toolchain/bin/../lib/gcc/arm-none-eabi/5.3.1/armv6-m\libgcc.a(_dvmd_tls.o)
                0x1000fb0c                __aeabi_idiv0
                0x1000fb0c                __aeabi_ldiv0
 .text          0x1000fb10       0x7c c:/program files (x86)/atmel/studio/7.0/toolchain/arm/arm-gnu-toolchain/bin/../lib/gcc/arm-none-eabi/5.3.1/armv6-m\libgcc.a(_arm_cmpdf2.o)
                0x1000fb10                __aeabi_cdrcmple
                0x1000fb20                __aeabi_cdcmple
                0x1000fb20                __aeabi_cdcmpeq
                0x1000fb30                __aeabi_dcmpeq
                0x1000fb3c                __aeabi_dcmplt
                0x1000fb50                __aeabi_dcmple
                0x1000fb64                __aeabi_dcmpgt
                0x1000fb78                __aeabi_dcmpge
 .text          0x1000fb8c       0x74 c:/program files (x86)/atmel/studio/7.0/toolchain/arm/arm-gnu-toolchain/bin/../lib/gcc/arm-none-eabi/5.3.1/armv6-m\libgcc.a(_arm_cmpsf2.o)
                0x1000fb8c                __aeabi_cfrcmple
                0x1000fb94                __aeabi_cfcmpeq
                0x1000fb94                __aeabi_cfcmple
                0x1000fba4                __aeabi_fcmpeq
                0x1000fbb0                __aeabi_fcmplt
                0x1000fbc4                __aeabi_fcmple
                0x1000fbd8                __aeabi_fcmpgt
                0x1000fbec                __aeabi_fcmpge
 .text          0x1000fc00       0x58 c:/program files (x86)/atmel/studio/7.0/toolchain/arm/arm-gnu-toolchain/bin/../lib/gcc/arm-none-eabi/5.3.1/armv6-m\libgcc.a(_muldi3.o)
                0x1000fc00                __muldi3
                0x1000fc00                __aeabi_lmul
 .text          0x1000fc58       0x30 c:/program files (x86)/atmel/studio/7.0/toolchain/arm/arm-gnu-toolchain/bin/../lib/gcc/arm-none-eabi/5.3.1/armv6-m\libgcc.a(_fixunssfsi.o)
                0x1000fc58                __fixunssfsi
                0x1000fc58                __aeabi_f2uiz
 .text          0x1000fc88       0x3c c:/program files (x86)/atmel/studio/7.0/toolchain/arm/arm-gnu-toolchain/bin/../lib/gcc/arm-none-eabi/5.3.1/armv6-m\libgcc.a(_fixunsdfsi.o)
                0x1000fc88                __aeabi_d2uiz
                0x1000fc88                __fixunsdfsi
 .text          0x1000fcc4      0x234 c:/program files (x86)/atmel/studio/7.0/toolchain/arm/arm-gnu-toolchain/bin/../lib/gcc/arm-none-eabi/5.3.1/armv6-m\libgcc.a(divsf3.o)
                0x1000fcc4                __aeabi_fdiv
 .text          0x1000fef8       0x50 c:/program files (x86)/atmel/studio/7.0/toolchain/arm/arm-gnu-toolchain/bin/../lib/gcc/arm-none-eabi/5.3.1/armv6-m\libgcc.a(eqsf2.o)
                0x1000fef8                __eqsf2
                0x1000fef8                __nesf2
 .text          0x1000ff48       0x88 c:/program files (x86)/atmel/studio/7.0/toolchain/arm/arm-gnu-toolchain/bin/../lib/gcc/arm-none-eabi/5.3.1/armv6-m\libgcc.a(gesf2.o)
                0x1000ff48                __gesf2
                0x1000ff48                __gtsf2
 .text          0x1000ffd0       0x88 c:/program files (x86)/atmel/studio/7.0/toolchain/arm/arm-gnu-toolchain/bin/../lib/gcc/arm-none-eabi/5.3.1/armv6-m\libgcc.a(lesf2.o)
                0x1000ffd0                __ltsf2
                0x1000ffd0                __lesf2
 .text          0x10010058      0x228 c:/program files (x86)/atmel/studio/7.0/toolchain/arm/arm-gnu-toolchain/bin/../lib/gcc/arm-none-eabi/5.3.1/armv6-m\libgcc.a(mulsf3.o)
                0x10010058                __aeabi_fmul
 .text          0x10010280      0x30c c:/program files (x86)/atmel/studio/7.0/toolchain/arm/arm-gnu-toolchain/bin/../lib/gcc/arm-none-eabi/5.3.1/armv6-m\libgcc.a(subsf3.o)
                0x10010280                __aeabi_fsub
 .text          0x1001058c       0x44 c:/program files (x86)/atmel/studio/7.0/toolchain/arm/arm-gnu-toolchain/bin/../lib/gcc/arm-none-eabi/5.3.1/armv6-m\libgcc.a(fixsfsi.o)
                0x1001058c                __aeabi_f2iz
 .text          0x100105d0       0x7c c:/program files (x86)/atmel/studio/7.0/toolchain/arm/arm-gnu-toolchain/bin/../lib/gcc/arm-none-eabi/5.3.1/armv6-m\libgcc.a(floatunsisf.o)
                0x100105d0                __aeabi_ui2f
 .text          0x1001064c       0x80 c:/program files (x86)/atmel/studio/7.0/toolchain/arm/arm-gnu-toolchain/bin/../lib/gcc/arm-none-eabi/5.3.1/armv6-m\libgcc.a(eqdf2.o)
                0x1001064c                __nedf2
                0x1001064c                __eqdf2
 .text          0x100106cc       0xc8 c:/program files (x86)/atmel/studio/7.0/toolchain/arm/arm-gnu-toolchain/bin/../lib/gcc/arm-none-eabi/5.3.1/armv6-m\libgcc.a(gedf2.o)
                0x100106cc                __gedf2
                0x100106cc                __gtdf2
 .text          0x10010794       0xd4 c:/program files (x86)/atmel/studio/7.0/toolchain/arm/arm-gnu-toolchain/bin/../lib/gcc/arm-none-eabi/5.3.1/armv6-m\libgcc.a(ledf2.o)
                0x10010794                __ledf2
                0x10010794                __ltdf2
 .text          0x10010868      0x4f4 c:/program files (x86)/atmel/studio/7.0/toolchain/arm/arm-gnu-toolchain/bin/../lib/gcc/arm-none-eabi/5.3.1/armv6-m\libgcc.a(muldf3.o)
                0x10010868                __aeabi_dmul
 .text          0x10010d5c      0x6a8 c:/program files (x86)/atmel/studio/7.0/toolchain/arm/arm-gnu-toolchain/bin/../lib/gcc/arm-none-eabi/5.3.1/armv6-m\libgcc.a(subdf3.o)
                0x10010d5c                __aeabi_dsub
 .text          0x10011404       0x6c c:/program files (x86)/atmel/studio/7.0/toolchain/arm/arm-gnu-toolchain/bin/../lib/gcc/arm-none-eabi/5.3.1/armv6-m\libgcc.a(fixdfsi.o)
                0x10011404                __aeabi_d2iz
 .text          0x10011470       0x70 c:/program files (x86)/atmel/studio/7.0/toolchain/arm/arm-gnu-toolchain/bin/../lib/gcc/arm-none-eabi/5.3.1/armv6-m\libgcc.a(floatunsidf.o)
                0x10011470                __aeabi_ui2d
 .text          0x100114e0       0x3c c:/program files (x86)/atmel/studio/7.0/toolchain/arm/arm-gnu-toolchain/bin/../lib/gcc/arm-none-eabi/5.3.1/armv6-m\libgcc.a(_clzsi2.o)
                0x100114e0                __clzsi2
 .text.__libc_init_array
                0x1001151c       0x4c c:/program files (x86)/atmel/studio/7.0/toolchain/arm/arm-gnu-toolchain/bin/../lib/gcc/arm-none-eabi/5.3.1/../../../../arm-none-eabi/lib/armv6-m\libc_nano.a(lib_a-init.o)
                0x1001151c                __libc_init_array
 .text.malloc   0x10011568       0x14 c:/program files (x86)/atmel/studio/7.0/toolchain/arm/arm-gnu-toolchain/bin/../lib/gcc/arm-none-eabi/5.3.1/../../../../arm-none-eabi/lib/armv6-m\libc_nano.a(lib_a-malloc.o)
                0x10011568                malloc
 .text.memcmp   0x1001157c       0x1e c:/program files (x86)/atmel/studio/7.0/toolchain/arm/arm-gnu-toolchain/bin/../lib/gcc/arm-none-eabi/5.3.1/../../../../arm-none-eabi/lib/armv6-m\libc_nano.a(lib_a-memcmp.o)
                0x1001157c                memcmp
 .text.memcpy   0x1001159a       0x12 c:/program files (x86)/atmel/studio/7.0/toolchain/arm/arm-gnu-toolchain/bin/../lib/gcc/arm-none-eabi/5.3.1/../../../../arm-none-eabi/lib/armv6-m\libc_nano.a(lib_a-memcpy-stub.o)
                0x1001159a                memcpy
 .text.memset   0x100115ac       0x10 c:/program files (x86)/atmel/studio/7.0/toolchain/arm/arm-gnu-toolchain/bin/../lib/gcc/arm-none-eabi/5.3.1/../../../../arm-none-eabi/lib/armv6-m\libc_nano.a(lib_a-memset.o)
                0x100115ac                memset
 .text._free_r  0x100115bc       0x8c c:/program files (x86)/atmel/studio/7.0/toolchain/arm/arm-gnu-toolchain/bin/../lib/gcc/arm-none-eabi/5.3.1/../../../../arm-none-eabi/lib/armv6-m\libc_nano.a(lib_a-nano-freer.o)
                0x100115bc                _free_r
 .text._malloc_r
                0x10011648       0xac c:/program files (x86)/atmel/studio/7.0/toolchain/arm/arm-gnu-toolchain/bin/../lib/gcc/arm-none-eabi/5.3.1/../../../../arm-none-eabi/lib/armv6-m\libc_nano.a(lib_a-nano-mallocr.o)
                0x10011648                _malloc_r
 .text.printf   0x100116f4       0x34 c:/program files (x86)/atmel/studio/7.0/toolchain/arm/arm-gnu-toolchain/bin/../lib/gcc/arm-none-eabi/5.3.1/../../../../arm-none-eabi/lib/armv6-m\libc_nano.a(lib_a-printf.o)
                0x100116f4                iprintf
                0x100116f4                printf
 .text.putchar  0x10011728       0x28 c:/program files (x86)/atmel/studio/7.0/toolchain/arm/arm-gnu-toolchain/bin/../lib/gcc/arm-none-eabi/5.3.1/../../../../arm-none-eabi/lib/armv6-m\libc_nano.a(lib_a-putchar.o)
                0x10011728                putchar
 .text._puts_r  0x10011750       0xc4 c:/program files (x86)/atmel/studio/7.0/toolchain/arm/arm-gnu-toolchain/bin/../lib/gcc/arm-none-eabi/5.3.1/../../../../arm-none-eabi/lib/armv6-m\libc_nano.a(lib_a-puts.o)
                0x10011750                _puts_r
 .text.puts     0x10011814       0x14 c:/program files (x86)/atmel/studio/7.0/toolchain/arm/arm-gnu-toolchain/bin/../lib/gcc/arm-none-eabi/5.3.1/../../../../arm-none-eabi/lib/armv6-m\libc_nano.a(lib_a-puts.o)
                0x10011814                puts
 .text.rand     0x10011828       0x78 c:/program files (x86)/atmel/studio/7.0/toolchain/arm/arm-gnu-toolchain/bin/../lib/gcc/arm-none-eabi/5.3.1/../../../../arm-none-eabi/lib/armv6-m\libc_nano.a(lib_a-rand.o)
                0x10011828                rand
 .text._sbrk_r  0x100118a0       0x24 c:/program files (x86)/atmel/studio/7.0/toolchain/arm/arm-gnu-toolchain/bin/../lib/gcc/arm-none-eabi/5.3.1/../../../../arm-none-eabi/lib/armv6-m\libc_nano.a(lib_a-sbrkr.o)
                0x100118a0                _sbrk_r
 .text.setbuf   0x100118c4       0x12 c:/program files (x86)/atmel/studio/7.0/toolchain/arm/arm-gnu-toolchain/bin/../lib/gcc/arm-none-eabi/5.3.1/../../../../arm-none-eabi/lib/armv6-m\libc_nano.a(lib_a-setbuf.o)
                0x100118c4                setbuf
 *fill*         0x100118d6        0x2 
 .text.setvbuf  0x100118d8      0x160 c:/program files (x86)/atmel/studio/7.0/toolchain/arm/arm-gnu-toolchain/bin/../lib/gcc/arm-none-eabi/5.3.1/../../../../arm-none-eabi/lib/armv6-m\libc_nano.a(lib_a-setvbuf.o)
                0x100118d8                setvbuf
 .text.__swbuf_r
                0x10011a38       0xb0 c:/program files (x86)/atmel/studio/7.0/toolchain/arm/arm-gnu-toolchain/bin/../lib/gcc/arm-none-eabi/5.3.1/../../../../arm-none-eabi/lib/armv6-m\libc_nano.a(lib_a-wbuf.o)
                0x10011a38                __swbuf_r
 .text.__swsetup_r
                0x10011ae8       0xec c:/program files (x86)/atmel/studio/7.0/toolchain/arm/arm-gnu-toolchain/bin/../lib/gcc/arm-none-eabi/5.3.1/../../../../arm-none-eabi/lib/armv6-m\libc_nano.a(lib_a-wsetup.o)
                0x10011ae8                __swsetup_r
 .text.__sflush_r
                0x10011bd4      0x10c c:/program files (x86)/atmel/studio/7.0/toolchain/arm/arm-gnu-toolchain/bin/../lib/gcc/arm-none-eabi/5.3.1/../../../../arm-none-eabi/lib/armv6-m\libc_nano.a(lib_a-fflush.o)
                0x10011bd4                __sflush_r
 .text._fflush_r
                0x10011ce0       0x58 c:/program files (x86)/atmel/studio/7.0/toolchain/arm/arm-gnu-toolchain/bin/../lib/gcc/arm-none-eabi/5.3.1/../../../../arm-none-eabi/lib/armv6-m\libc_nano.a(lib_a-fflush.o)
                0x10011ce0                _fflush_r
 .text._cleanup_r
                0x10011d38       0x10 c:/program files (x86)/atmel/studio/7.0/toolchain/arm/arm-gnu-toolchain/bin/../lib/gcc/arm-none-eabi/5.3.1/../../../../arm-none-eabi/lib/armv6-m\libc_nano.a(lib_a-findfp.o)
                0x10011d38                _cleanup_r
 .text.std.isra.0
                0x10011d48       0x48 c:/program files (x86)/atmel/studio/7.0/toolchain/arm/arm-gnu-toolchain/bin/../lib/gcc/arm-none-eabi/5.3.1/../../../../arm-none-eabi/lib/armv6-m\libc_nano.a(lib_a-findfp.o)
 .text.__sfmoreglue
                0x10011d90       0x2c c:/program files (x86)/atmel/studio/7.0/toolchain/arm/arm-gnu-toolchain/bin/../lib/gcc/arm-none-eabi/5.3.1/../../../../arm-none-eabi/lib/armv6-m\libc_nano.a(lib_a-findfp.o)
                0x10011d90                __sfmoreglue
 .text.__sinit  0x10011dbc       0x68 c:/program files (x86)/atmel/studio/7.0/toolchain/arm/arm-gnu-toolchain/bin/../lib/gcc/arm-none-eabi/5.3.1/../../../../arm-none-eabi/lib/armv6-m\libc_nano.a(lib_a-findfp.o)
                0x10011dbc                __sinit
 .text.__sfp    0x10011e24       0x7c c:/program files (x86)/atmel/studio/7.0/toolchain/arm/arm-gnu-toolchain/bin/../lib/gcc/arm-none-eabi/5.3.1/../../../../arm-none-eabi/lib/armv6-m\libc_nano.a(lib_a-findfp.o)
                0x10011e24                __sfp
 .text._fwalk_reent
                0x10011ea0       0x42 c:/program files (x86)/atmel/studio/7.0/toolchain/arm/arm-gnu-toolchain/bin/../lib/gcc/arm-none-eabi/5.3.1/../../../../arm-none-eabi/lib/armv6-m\libc_nano.a(lib_a-fwalk.o)
                0x10011ea0                _fwalk_reent
 *fill*         0x10011ee2        0x2 
 .text.__swhatbuf_r
                0x10011ee4       0x4c c:/program files (x86)/atmel/studio/7.0/toolchain/arm/arm-gnu-toolchain/bin/../lib/gcc/arm-none-eabi/5.3.1/../../../../arm-none-eabi/lib/armv6-m\libc_nano.a(lib_a-makebuf.o)
                0x10011ee4                __swhatbuf_r
 .text.__smakebuf_r
                0x10011f30       0x7c c:/program files (x86)/atmel/studio/7.0/toolchain/arm/arm-gnu-toolchain/bin/../lib/gcc/arm-none-eabi/5.3.1/../../../../arm-none-eabi/lib/armv6-m\libc_nano.a(lib_a-makebuf.o)
                0x10011f30                __smakebuf_r
 .text.__sfputc_r
                0x10011fac       0x2a c:/program files (x86)/atmel/studio/7.0/toolchain/arm/arm-gnu-toolchain/bin/../lib/gcc/arm-none-eabi/5.3.1/../../../../arm-none-eabi/lib/armv6-m\libc_nano.a(lib_a-nano-vfprintf.o)
 .text.__sfputs_r
                0x10011fd6       0x24 c:/program files (x86)/atmel/studio/7.0/toolchain/arm/arm-gnu-toolchain/bin/../lib/gcc/arm-none-eabi/5.3.1/../../../../arm-none-eabi/lib/armv6-m\libc_nano.a(lib_a-nano-vfprintf.o)
                0x10011fd6                __sfputs_r
 *fill*         0x10011ffa        0x2 
 .text._vfprintf_r
                0x10011ffc      0x238 c:/program files (x86)/atmel/studio/7.0/toolchain/arm/arm-gnu-toolchain/bin/../lib/gcc/arm-none-eabi/5.3.1/../../../../arm-none-eabi/lib/armv6-m\libc_nano.a(lib_a-nano-vfprintf.o)
                0x10011ffc                _vfprintf_r
                0x10011ffc                _vfiprintf_r
 .text._printf_common
                0x10012234       0xdc c:/program files (x86)/atmel/studio/7.0/toolchain/arm/arm-gnu-toolchain/bin/../lib/gcc/arm-none-eabi/5.3.1/../../../../arm-none-eabi/lib/armv6-m\libc_nano.a(lib_a-nano-vfprintf_i.o)
                0x10012234                _printf_common
 .text._printf_i
                0x10012310      0x244 c:/program files (x86)/atmel/studio/7.0/toolchain/arm/arm-gnu-toolchain/bin/../lib/gcc/arm-none-eabi/5.3.1/../../../../arm-none-eabi/lib/armv6-m\libc_nano.a(lib_a-nano-vfprintf_i.o)
                0x10012310                _printf_i
 .text._putc_r  0x10012554       0x6c c:/program files (x86)/atmel/studio/7.0/toolchain/arm/arm-gnu-toolchain/bin/../lib/gcc/arm-none-eabi/5.3.1/../../../../arm-none-eabi/lib/armv6-m\libc_nano.a(lib_a-putc.o)
                0x10012554                _putc_r
 .text.__sread  0x100125c0       0x28 c:/program files (x86)/atmel/studio/7.0/toolchain/arm/arm-gnu-toolchain/bin/../lib/gcc/arm-none-eabi/5.3.1/../../../../arm-none-eabi/lib/armv6-m\libc_nano.a(lib_a-stdio.o)
                0x100125c0                __sread
 .text.__swrite
                0x100125e8       0x38 c:/program files (x86)/atmel/studio/7.0/toolchain/arm/arm-gnu-toolchain/bin/../lib/gcc/arm-none-eabi/5.3.1/../../../../arm-none-eabi/lib/armv6-m\libc_nano.a(lib_a-stdio.o)
                0x100125e8                __swrite
 .text.__sseek  0x10012620       0x2c c:/program files (x86)/atmel/studio/7.0/toolchain/arm/arm-gnu-toolchain/bin/../lib/gcc/arm-none-eabi/5.3.1/../../../../arm-none-eabi/lib/armv6-m\libc_nano.a(lib_a-stdio.o)
                0x10012620                __sseek
 .text.__sclose
                0x1001264c        0xc c:/program files (x86)/atmel/studio/7.0/toolchain/arm/arm-gnu-toolchain/bin/../lib/gcc/arm-none-eabi/5.3.1/../../../../arm-none-eabi/lib/armv6-m\libc_nano.a(lib_a-stdio.o)
                0x1001264c                __sclose
 .text._write_r
                0x10012658       0x28 c:/program files (x86)/atmel/studio/7.0/toolchain/arm/arm-gnu-toolchain/bin/../lib/gcc/arm-none-eabi/5.3.1/../../../../arm-none-eabi/lib/armv6-m\libc_nano.a(lib_a-writer.o)
                0x10012658                _write_r
 .text._close_r
                0x10012680       0x24 c:/program files (x86)/atmel/studio/7.0/toolchain/arm/arm-gnu-toolchain/bin/../lib/gcc/arm-none-eabi/5.3.1/../../../../arm-none-eabi/lib/armv6-m\libc_nano.a(lib_a-closer.o)
                0x10012680                _close_r
 .text._fstat_r
                0x100126a4       0x24 c:/program files (x86)/atmel/studio/7.0/toolchain/arm/arm-gnu-toolchain/bin/../lib/gcc/arm-none-eabi/5.3.1/../../../../arm-none-eabi/lib/armv6-m\libc_nano.a(lib_a-fstatr.o)
                0x100126a4                _fstat_r
 .text._isatty_r
                0x100126c8       0x24 c:/program files (x86)/atmel/studio/7.0/toolchain/arm/arm-gnu-toolchain/bin/../lib/gcc/arm-none-eabi/5.3.1/../../../../arm-none-eabi/lib/armv6-m\libc_nano.a(lib_a-isattyr.o)
                0x100126c8                _isatty_r
 .text._lseek_r
                0x100126ec       0x28 c:/program files (x86)/atmel/studio/7.0/toolchain/arm/arm-gnu-toolchain/bin/../lib/gcc/arm-none-eabi/5.3.1/../../../../arm-none-eabi/lib/armv6-m\libc_nano.a(lib_a-lseekr.o)
                0x100126ec                _lseek_r
 .text.memchr   0x10012714       0x16 c:/program files (x86)/atmel/studio/7.0/toolchain/arm/arm-gnu-toolchain/bin/../lib/gcc/arm-none-eabi/5.3.1/../../../../arm-none-eabi/lib/armv6-m\libc_nano.a(lib_a-memchr-stub.o)
                0x10012714                memchr
 *fill*         0x1001272a        0x2 
 .text._read_r  0x1001272c       0x28 c:/program files (x86)/atmel/studio/7.0/toolchain/arm/arm-gnu-toolchain/bin/../lib/gcc/arm-none-eabi/5.3.1/../../../../arm-none-eabi/lib/armv6-m\libc_nano.a(lib_a-readr.o)
                0x1001272c                _read_r
 *(.glue_7t)
 .glue_7t       0x10012754        0x0 linker stubs
 *(.glue_7)
 .glue_7        0x10012754        0x0 linker stubs
 *(.rodata .rodata* .gnu.linkonce.r.*)
 .rodata.cst2   0x10012754        0x2 src/ASF/thirdparty/sensor/mpu9250/inv_mpu.o
 *fill*         0x10012756        0x2 
 .rodata.test   0x10012758       0x30 src/ASF/thirdparty/sensor/mpu9250/inv_mpu.o
                0x10012758                test
 .rodata.str1.4
                0x10012788      0x461 src/ASF/thirdparty/sensor/mpu9250/inv_mpu.o
                                0x465 (size before relaxing)
 *fill*         0x10012be9        0x3 
 .rodata.hw     0x10012bec        0xe src/ASF/thirdparty/sensor/mpu9250/inv_mpu.o
                0x10012bec                hw
 *fill*         0x10012bfa        0x2 
 .rodata.reg    0x10012bfc       0x2a src/ASF/thirdparty/sensor/mpu9250/inv_mpu.o
                0x10012bfc                reg
 *fill*         0x10012c26        0x2 
 .rodata        0x10012c28       0x4b src/ASF/thirdparty/sensor/mpu9250/inv_mpu_dmp_motion_driver.o
 *fill*         0x10012c73        0x1 
 .rodata.ble_disconnected_state_handler
                0x10012c74       0x20 src/ASF/thirdparty/wireless/ble_smart_sdk/ble_services/ble_mgr/ble_manager.o
 .rodata.ble_mgr_events_callback_handler
                0x10012c94       0x1c src/ASF/thirdparty/wireless/ble_smart_sdk/ble_services/ble_mgr/ble_manager.o
 .rodata.ble_event_manager
                0x10012cb0       0xf0 src/ASF/thirdparty/wireless/ble_smart_sdk/ble_services/ble_mgr/ble_manager.o
 .rodata        0x10012da0       0x19 src/ASF/thirdparty/wireless/ble_smart_sdk/ble_services/ble_mgr/ble_manager.o
 *fill*         0x10012db9        0x3 
 .rodata.ble_mgr_gatt_server_handle
                0x10012dbc       0x28 src/ASF/thirdparty/wireless/ble_smart_sdk/ble_services/ble_mgr/ble_manager.o
 .rodata.str1.4
                0x10012de4      0x612 src/ASF/thirdparty/wireless/ble_smart_sdk/ble_services/ble_mgr/ble_manager.o
                                0x616 (size before relaxing)
 *fill*         0x100133f6        0x2 
 .rodata.ble_mgr_gap_handle
                0x100133f8       0x4c src/ASF/thirdparty/wireless/ble_smart_sdk/ble_services/ble_mgr/ble_manager.o
 .rodata.str1.4
                0x10013444        0x3 src/ASF/sam0/drivers/i2c/i2c_master.o
 *fill*         0x10013447        0x1 
 .rodata.system_clock_peripheral_enable
                0x10013448       0xd8 src/ASF/sam0/drivers/system/system_sam_b.o
 .rodata.system_peripheral_reset
                0x10013520      0x110 src/ASF/sam0/drivers/system/system_sam_b.o
 .rodata.str1.4
                0x10013630       0x10 src/qs_i2c_master_basic_use.o
                                 0x13 (size before relaxing)
 .rodata        0x10013640        0xb ../src/ASF/thirdparty/wireless/ble_smart_sdk/lib/cm0/gcc\libblusdk.a(gap.o)
 .rodata.CSWTCH.47
                0x1001364b        0xf ../src/ASF/thirdparty/wireless/ble_smart_sdk/lib/cm0/gcc\libblusdk.a(gap.o)
 *fill*         0x1001365a        0x2 
 .rodata        0x1001365c       0x80 c:/program files (x86)/atmel/studio/7.0/toolchain/arm/arm-gnu-toolchain/bin/../lib/gcc/arm-none-eabi/5.3.1/armv6-m\libgcc.a(divsf3.o)
 .rodata        0x100136dc       0x40 c:/program files (x86)/atmel/studio/7.0/toolchain/arm/arm-gnu-toolchain/bin/../lib/gcc/arm-none-eabi/5.3.1/armv6-m\libgcc.a(mulsf3.o)
 .rodata        0x1001371c       0x40 c:/program files (x86)/atmel/studio/7.0/toolchain/arm/arm-gnu-toolchain/bin/../lib/gcc/arm-none-eabi/5.3.1/armv6-m\libgcc.a(muldf3.o)
 .rodata.str1.1
                0x1001375c        0x2 c:/program files (x86)/atmel/studio/7.0/toolchain/arm/arm-gnu-toolchain/bin/../lib/gcc/arm-none-eabi/5.3.1/../../../../arm-none-eabi/lib/armv6-m\libc_nano.a(lib_a-impure.o)
 *fill*         0x1001375e        0x2 
 .rodata._global_impure_ptr
                0x10013760        0x4 c:/program files (x86)/atmel/studio/7.0/toolchain/arm/arm-gnu-toolchain/bin/../lib/gcc/arm-none-eabi/5.3.1/../../../../arm-none-eabi/lib/armv6-m\libc_nano.a(lib_a-impure.o)
                0x10013760                _global_impure_ptr
 .rodata.__sf_fake_stdin
                0x10013764       0x20 c:/program files (x86)/atmel/studio/7.0/toolchain/arm/arm-gnu-toolchain/bin/../lib/gcc/arm-none-eabi/5.3.1/../../../../arm-none-eabi/lib/armv6-m\libc_nano.a(lib_a-findfp.o)
                0x10013764                __sf_fake_stdin
 .rodata.__sf_fake_stdout
                0x10013784       0x20 c:/program files (x86)/atmel/studio/7.0/toolchain/arm/arm-gnu-toolchain/bin/../lib/gcc/arm-none-eabi/5.3.1/../../../../arm-none-eabi/lib/armv6-m\libc_nano.a(lib_a-findfp.o)
                0x10013784                __sf_fake_stdout
 .rodata.__sf_fake_stderr
                0x100137a4       0x20 c:/program files (x86)/atmel/studio/7.0/toolchain/arm/arm-gnu-toolchain/bin/../lib/gcc/arm-none-eabi/5.3.1/../../../../arm-none-eabi/lib/armv6-m\libc_nano.a(lib_a-findfp.o)
                0x100137a4                __sf_fake_stderr
 .rodata.str1.1
                0x100137c4       0x11 c:/program files (x86)/atmel/studio/7.0/toolchain/arm/arm-gnu-toolchain/bin/../lib/gcc/arm-none-eabi/5.3.1/../../../../arm-none-eabi/lib/armv6-m\libc_nano.a(lib_a-nano-vfprintf.o)
 .rodata.str1.1
                0x100137d5       0x22 c:/program files (x86)/atmel/studio/7.0/toolchain/arm/arm-gnu-toolchain/bin/../lib/gcc/arm-none-eabi/5.3.1/../../../../arm-none-eabi/lib/armv6-m\libc_nano.a(lib_a-nano-vfprintf_i.o)
 *(.ARM.extab* .gnu.linkonce.armextab.*)
                0x100137f8                . = ALIGN (0x4)
 *fill*         0x100137f7        0x1 
 *(.init)
 .init          0x100137f8        0x4 c:/program files (x86)/atmel/studio/7.0/toolchain/arm/arm-gnu-toolchain/bin/../lib/gcc/arm-none-eabi/5.3.1/armv6-m/crti.o
                0x100137f8                _init
 .init          0x100137fc        0x8 c:/program files (x86)/atmel/studio/7.0/toolchain/arm/arm-gnu-toolchain/bin/../lib/gcc/arm-none-eabi/5.3.1/armv6-m/crtn.o
                0x10013804                . = ALIGN (0x4)
                0x10013804                __preinit_array_start = .
 *(.preinit_array)
                0x10013804                __preinit_array_end = .
                0x10013804                . = ALIGN (0x4)
                0x10013804                __init_array_start = .
 *(SORT(.init_array.*))
 *(.init_array)
 .init_array    0x10013804        0x4 c:/program files (x86)/atmel/studio/7.0/toolchain/arm/arm-gnu-toolchain/bin/../lib/gcc/arm-none-eabi/5.3.1/armv6-m/crtbegin.o
                0x10013808                __init_array_end = .
                0x10013808                . = ALIGN (0x4)
 *crtbegin.o(.ctors)
 *(EXCLUDE_FILE(*crtend.o) .ctors)
 *(SORT(.ctors.*))
 *crtend.o(.ctors)
                0x10013808                . = ALIGN (0x4)
 *(.fini)
 .fini          0x10013808        0x4 c:/program files (x86)/atmel/studio/7.0/toolchain/arm/arm-gnu-toolchain/bin/../lib/gcc/arm-none-eabi/5.3.1/armv6-m/crti.o
                0x10013808                _fini
 .fini          0x1001380c        0x8 c:/program files (x86)/atmel/studio/7.0/toolchain/arm/arm-gnu-toolchain/bin/../lib/gcc/arm-none-eabi/5.3.1/armv6-m/crtn.o
                0x10013814                . = ALIGN (0x4)
                0x10013814                __fini_array_start = .
 *(.fini_array)
 .fini_array    0x10013814        0x4 c:/program files (x86)/atmel/studio/7.0/toolchain/arm/arm-gnu-toolchain/bin/../lib/gcc/arm-none-eabi/5.3.1/armv6-m/crtbegin.o
 *(SORT(.fini_array.*))
                0x10013818                __fini_array_end = .
 *crtbegin.o(.dtors)
 *(EXCLUDE_FILE(*crtend.o) .dtors)
 *(SORT(.dtors.*))
 *crtend.o(.dtors)
                0x10013818                . = ALIGN (0x4)
                0x10013818                _efixed = .

.vfp11_veneer   0x10013818        0x0
 .vfp11_veneer  0x10013818        0x0 linker stubs

.v4_bx          0x10013818        0x0
 .v4_bx         0x10013818        0x0 linker stubs

.iplt           0x10013818        0x0
 .iplt          0x10013818        0x0 c:/program files (x86)/atmel/studio/7.0/toolchain/arm/arm-gnu-toolchain/bin/../lib/gcc/arm-none-eabi/5.3.1/armv6-m/crtbegin.o

.eh_frame       0x10013818        0x0
 .eh_frame      0x10013818        0x0 c:/program files (x86)/atmel/studio/7.0/toolchain/arm/arm-gnu-toolchain/bin/../lib/gcc/arm-none-eabi/5.3.1/armv6-m/crtbegin.o

.rel.dyn        0x10013818        0x0
 .rel.iplt      0x10013818        0x0 c:/program files (x86)/atmel/studio/7.0/toolchain/arm/arm-gnu-toolchain/bin/../lib/gcc/arm-none-eabi/5.3.1/armv6-m/crtbegin.o

.jcr            0x10013818        0x0
 .jcr           0x10013818        0x0 c:/program files (x86)/atmel/studio/7.0/toolchain/arm/arm-gnu-toolchain/bin/../lib/gcc/arm-none-eabi/5.3.1/armv6-m/crtbegin.o

.igot.plt       0x10013818        0x0
 .igot.plt      0x10013818        0x0 c:/program files (x86)/atmel/studio/7.0/toolchain/arm/arm-gnu-toolchain/bin/../lib/gcc/arm-none-eabi/5.3.1/armv6-m/crtbegin.o
                0x10013818                . = ALIGN (0x4)
                0x10013818                _etext = .

.relocate       0x10013818       0xac
                0x10013818                . = ALIGN (0x4)
                0x10013818                _srelocate = .
 *(.ramfunc .ramfunc.*)
 *(.data .data.*)
 .data.cycles_per_us
                0x10013818        0x4 src/ASF/common/services/delay/sam/systick_counter.o
 .data.cycles_per_ms
                0x1001381c        0x4 src/ASF/common/services/delay/sam/systick_counter.o
 .data.st       0x10013820       0x38 src/ASF/thirdparty/sensor/mpu9250/inv_mpu.o
                0x10013820                st
 .data.l2cap_avail_buffers
                0x10013858        0x1 ../src/ASF/thirdparty/wireless/ble_smart_sdk/lib/cm0/gcc\libblusdk.a(l2cc_task.o)
                0x10013858                l2cap_avail_buffers
 *fill*         0x10013859        0x3 
 .data.dummy_buffer
                0x1001385c        0x4 ../src/ASF/thirdparty/wireless/ble_smart_sdk/lib/cm0/gcc\libblusdk.a(interface.o)
                0x1001385c                dummy_buffer
 .data.impure_data
                0x10013860       0x60 c:/program files (x86)/atmel/studio/7.0/toolchain/arm/arm-gnu-toolchain/bin/../lib/gcc/arm-none-eabi/5.3.1/../../../../arm-none-eabi/lib/armv6-m\libc_nano.a(lib_a-impure.o)
 .data._impure_ptr
                0x100138c0        0x4 c:/program files (x86)/atmel/studio/7.0/toolchain/arm/arm-gnu-toolchain/bin/../lib/gcc/arm-none-eabi/5.3.1/../../../../arm-none-eabi/lib/armv6-m\libc_nano.a(lib_a-impure.o)
                0x100138c0                _impure_ptr
                0x100138c4                . = ALIGN (0x4)
                0x100138c4                _erelocate = .

.bss            0x100138c4     0x2800
                0x100138c4                . = ALIGN (0x4)
                0x100138c4                _sbss = .
                0x100138c4                _szero = .
 *(.bss .bss.*)
 .bss           0x100138c4       0x1c c:/program files (x86)/atmel/studio/7.0/toolchain/arm/arm-gnu-toolchain/bin/../lib/gcc/arm-none-eabi/5.3.1/armv6-m/crtbegin.o
 .bss.dualtimer_callback_timer1
                0x100138e0        0x4 src/ASF/sam0/drivers/dualtimer/dualtimer.o
 .bss.dualtimer_callback_timer2
                0x100138e4        0x4 src/ASF/sam0/drivers/dualtimer/dualtimer.o
 .bss.dmp       0x100138e8       0x10 src/ASF/thirdparty/sensor/mpu9250/inv_mpu_dmp_motion_driver.o
 .bss.event_pool_memory
                0x100138f8      0x400 src/ASF/thirdparty/wireless/ble_smart_sdk/ble_services/ble_mgr/ble_manager.o
                0x100138f8                event_pool_memory
 .bss.event_params_memory
                0x10013cf8     0x1000 src/ASF/thirdparty/wireless/ble_smart_sdk/ble_services/ble_mgr/ble_manager.o
                0x10013cf8                event_params_memory
 .bss.ble_user_event_cb
                0x10014cf8        0x4 src/ASF/thirdparty/wireless/ble_smart_sdk/ble_services/ble_mgr/ble_manager.o
                0x10014cf8                ble_user_event_cb
 .bss.scan_response_count
                0x10014cfc        0x1 src/ASF/thirdparty/wireless/ble_smart_sdk/ble_services/ble_mgr/ble_manager.o
                0x10014cfc                scan_response_count
 *fill*         0x10014cfd        0x3 
 .bss.ble_peripheral_dev_address
                0x10014d00        0x7 src/ASF/thirdparty/wireless/ble_smart_sdk/ble_services/ble_mgr/ble_manager.o
 .bss.ulp_status
                0x10014d07        0x1 src/ASF/thirdparty/wireless/ble_smart_sdk/ble_services/ble_mgr/ble_manager.o
                0x10014d07                ulp_status
 .bss.tick      0x10014d08        0x4 src/ASF/thirdparty/wireless/ble_smart_sdk/services/uart/console_serial.o
                0x10014d08                tick
 .bss.read_status
                0x10014d0c        0x1 src/ASF/thirdparty/wireless/ble_smart_sdk/services/uart/console_serial.o
                0x10014d0c                read_status
 *fill*         0x10014d0d        0x3 
 .bss.string_input
                0x10014d10        0x1 src/ASF/thirdparty/wireless/ble_smart_sdk/services/uart/console_serial.o
                0x10014d10                string_input
 *fill*         0x10014d11        0x3 
 .bss.user_callback_func
                0x10014d14        0x4 src/ASF/thirdparty/wireless/ble_smart_sdk/services/uart/console_serial.o
                0x10014d14                user_callback_func
 .bss.platform_event_pending_list
                0x10014d18        0x4 src/ASF/thirdparty/wireless/ble_smart_sdk/src/event_handler.o
 .bss.platform_event_free_list
                0x10014d1c        0x4 src/ASF/thirdparty/wireless/ble_smart_sdk/src/event_handler.o
 .bss.platform_event_pool
                0x10014d20       0x78 src/ASF/thirdparty/wireless/ble_smart_sdk/src/event_handler.o
 .bss.rcv_msg.12903
                0x10014d98        0x4 src/ASF/thirdparty/wireless/ble_smart_sdk/src/platform_drv.o
 .bss.ke_free   0x10014d9c        0x4 src/ASF/thirdparty/wireless/ble_smart_sdk/src/platform_drv.o
 .bss.gapm_get_id_from_task
                0x10014da0        0x4 src/ASF/thirdparty/wireless/ble_smart_sdk/src/platform_drv.o
 .bss.gapm_get_task_from_id
                0x10014da4        0x4 src/ASF/thirdparty/wireless/ble_smart_sdk/src/platform_drv.o
 .bss.os_sem_up
                0x10014da8        0x4 src/ASF/thirdparty/wireless/ble_smart_sdk/src/platform_drv.o
 .bss.pwr_wait_BLE_out_of_reset
                0x10014dac        0x4 src/ASF/thirdparty/wireless/ble_smart_sdk/src/platform_drv.o
 .bss.platform_initialized
                0x10014db0        0x1 src/ASF/thirdparty/wireless/ble_smart_sdk/src/platform_drv.o
                0x10014db0                platform_initialized
 *fill*         0x10014db1        0x3 
 .bss.pwr_disable_arm_wakeup
                0x10014db4        0x4 src/ASF/thirdparty/wireless/ble_smart_sdk/src/platform_drv.o
 .bss.gstrFwSem
                0x10014db8        0x4 src/ASF/thirdparty/wireless/ble_smart_sdk/src/platform_drv.o
 .bss.os_sem_down
                0x10014dbc        0x4 src/ASF/thirdparty/wireless/ble_smart_sdk/src/platform_drv.o
 .bss.pwr_enable_arm_wakeup
                0x10014dc0        0x4 src/ASF/thirdparty/wireless/ble_smart_sdk/src/platform_drv.o
 .bss.NMI_MsgQueueRecv
                0x10014dc4        0x4 src/ASF/thirdparty/wireless/ble_smart_sdk/src/platform_drv.o
 .bss.ke_msg_send
                0x10014dc8        0x4 src/ASF/thirdparty/wireless/ble_smart_sdk/src/platform_drv.o
 .bss.ble_stack_message_handler
                0x10014dcc        0x4 src/ASF/thirdparty/wireless/ble_smart_sdk/src/platform_drv.o
 .bss.pwr_arm_wakeup_req
                0x10014dd0        0x4 src/ASF/thirdparty/wireless/ble_smart_sdk/src/platform_drv.o
 .bss.ke_msg_hdr.12904
                0x10014dd4        0x4 src/ASF/thirdparty/wireless/ble_smart_sdk/src/platform_drv.o
 .bss.ke_msg_alloc
                0x10014dd8        0x4 src/ASF/thirdparty/wireless/ble_smart_sdk/src/platform_drv.o
 .bss.InternalAppMsgQHandle
                0x10014ddc        0x4 src/ASF/thirdparty/wireless/ble_smart_sdk/src/platform_drv.o
 .bss.heap.5286
                0x10014de0        0x4 src/ASF/sam0/utils/syscalls/gcc/syscalls.o
 .bss.imu_interrupt
                0x10014de4        0x1 src/qs_i2c_master_basic_use.o
                0x10014de4                imu_interrupt
 *fill*         0x10014de5        0x3 
 .bss.spare_event
                0x10014de8       0x10 ../src/ASF/thirdparty/wireless/ble_smart_sdk/lib/cm0/gcc\libblusdk.a(event.o)
 .bss.spare_event_busy
                0x10014df8        0x1 ../src/ASF/thirdparty/wireless/ble_smart_sdk/lib/cm0/gcc\libblusdk.a(event.o)
 *fill*         0x10014df9        0x3 
 .bss.event_pending_list
                0x10014dfc        0x4 ../src/ASF/thirdparty/wireless/ble_smart_sdk/lib/cm0/gcc\libblusdk.a(event.o)
 .bss.event_free_list
                0x10014e00        0x4 ../src/ASF/thirdparty/wireless/ble_smart_sdk/lib/cm0/gcc\libblusdk.a(event.o)
 .bss.u16GattcSeqNo
                0x10014e04        0x2 ../src/ASF/thirdparty/wireless/ble_smart_sdk/lib/cm0/gcc\libblusdk.a(gatt_client.o)
 *fill*         0x10014e06        0x2 
 .bss.pu8valuesBuffer
                0x10014e08        0x4 ../src/ASF/thirdparty/wireless/ble_smart_sdk/lib/cm0/gcc\libblusdk.a(gatt_server.o)
                0x10014e08                pu8valuesBuffer
 .bss.unNull    0x10014e0c        0x1 ../src/ASF/thirdparty/wireless/ble_smart_sdk/lib/cm0/gcc\libblusdk.a(gatt_server.o)
                0x10014e0c                unNull
 *fill*         0x10014e0d        0x3 
 .bss.ptstrattDb
                0x10014e10        0x4 ../src/ASF/thirdparty/wireless/ble_smart_sdk/lib/cm0/gcc\libblusdk.a(gatt_server.o)
                0x10014e10                ptstrattDb
 .bss.pu8valuesBufferEnd
                0x10014e14        0x4 ../src/ASF/thirdparty/wireless/ble_smart_sdk/lib/cm0/gcc\libblusdk.a(gatt_server.o)
                0x10014e14                pu8valuesBufferEnd
 .bss.u32numberOfValues
                0x10014e18        0x4 ../src/ASF/thirdparty/wireless/ble_smart_sdk/lib/cm0/gcc\libblusdk.a(gatt_server.o)
                0x10014e18                u32numberOfValues
 .bss.u32dbMemorySize
                0x10014e1c        0x4 ../src/ASF/thirdparty/wireless/ble_smart_sdk/lib/cm0/gcc\libblusdk.a(gatt_server.o)
                0x10014e1c                u32dbMemorySize
 .bss.service_setup_buffer
                0x10014e20        0x4 ../src/ASF/thirdparty/wireless/ble_smart_sdk/lib/cm0/gcc\libblusdk.a(gatt_server.o)
                0x10014e20                service_setup_buffer
 .bss.event_param_buff
                0x10014e24        0x4 ../src/ASF/thirdparty/wireless/ble_smart_sdk/lib/cm0/gcc\libblusdk.a(interface.o)
                0x10014e24                event_param_buff
 .bss.event_param_buff_length
                0x10014e28        0x4 ../src/ASF/thirdparty/wireless/ble_smart_sdk/lib/cm0/gcc\libblusdk.a(interface.o)
                0x10014e28                event_param_buff_length
 .bss.cmd_cmpl_flag
                0x10014e2c        0x4 ../src/ASF/thirdparty/wireless/ble_smart_sdk/lib/cm0/gcc\libblusdk.a(interface.o)
 .bss.dummy_key.7283
                0x10014e30       0x10 ../src/ASF/thirdparty/wireless/ble_smart_sdk/lib/cm0/gcc\libblusdk.a(gapc_task.o)
 .bss.dummy_key.7401
                0x10014e40       0x10 ../src/ASF/thirdparty/wireless/ble_smart_sdk/lib/cm0/gcc\libblusdk.a(gapc_task.o)
 .bss.dummy_key.7419
                0x10014e50       0x10 ../src/ASF/thirdparty/wireless/ble_smart_sdk/lib/cm0/gcc\libblusdk.a(gapc_task.o)
 .bss.peer_key_info
                0x10014e60       0x46 ../src/ASF/thirdparty/wireless/ble_smart_sdk/lib/cm0/gcc\libblusdk.a(gapc_task.o)
 .bss.g_seq_num_tx
                0x10014ea6        0x2 ../src/ASF/thirdparty/wireless/ble_smart_sdk/lib/cm0/gcc\libblusdk.a(gattc_task.o)
 .bss.Seq_NUM   0x10014ea8        0x2 ../src/ASF/thirdparty/wireless/ble_smart_sdk/lib/cm0/gcc\libblusdk.a(gattc_task.o)
                0x10014ea8                Seq_NUM
 *fill*         0x10014eaa        0x2 
 .bss.u32usedBuffers
                0x10014eac        0x4 ../src/ASF/thirdparty/wireless/ble_smart_sdk/lib/cm0/gcc\libblusdk.a(gattm_task.o)
                0x10014eac                u32usedBuffers
 .bss.__malloc_sbrk_start
                0x10014eb0        0x4 c:/program files (x86)/atmel/studio/7.0/toolchain/arm/arm-gnu-toolchain/bin/../lib/gcc/arm-none-eabi/5.3.1/../../../../arm-none-eabi/lib/armv6-m\libc_nano.a(lib_a-nano-mallocr.o)
                0x10014eb0                __malloc_sbrk_start
 .bss.__malloc_free_list
                0x10014eb4        0x4 c:/program files (x86)/atmel/studio/7.0/toolchain/arm/arm-gnu-toolchain/bin/../lib/gcc/arm-none-eabi/5.3.1/../../../../arm-none-eabi/lib/armv6-m\libc_nano.a(lib_a-nano-mallocr.o)
                0x10014eb4                __malloc_free_list
 *(COMMON)
 COMMON         0x10014eb8       0x10 src/ASF/thirdparty/sensor/mpu9250/inv_mpu.o
                0x10014eb8                i2c_rpacket
                0x10014ec0                i2c_wpacket
 COMMON         0x10014ec8      0x840 src/ASF/thirdparty/wireless/ble_smart_sdk/ble_services/ble_mgr/ble_manager.o
                0x10014ec8                ble_mgr_htpt_event_cb
                0x10014ecc                ble_mgr_gatt_server_event_cb
                0x10014ee0                ble_dev_info
                0x1001514c                ble_device_count
                0x10015150                ble_mgr_dtm_event_cb
                0x10015164                ble_mgr_gap_event_cb
                0x10015178                ble_mgr_gatt_client_event_cb
                0x1001518c                connected_state_info
                0x100151a0                pf_cfg
                0x100151bc                event
                0x100151c0                ble_mgr_l2cap_event_cb
                0x100151c4                scan_info
                0x100154f8                ble_event_params
                0x10015704                ble_mgr_custom_event_cb
 COMMON         0x10015708       0x4c src/ASF/thirdparty/wireless/ble_smart_sdk/services/uart/console_serial.o
                0x10015708                uart_instance
                0x1001572c                config_uart
 COMMON         0x10015754      0x2ea src/ASF/thirdparty/wireless/ble_smart_sdk/src/platform_drv.o
                0x10015754                default_samb11_clock_init
                0x1001575c                rwip_prevent_sleep_set
                0x10015760                platform_unregister_isr
                0x10015764                wakeup_event_pending
                0x10015768                rwip_prevent_sleep_clear
                0x1001576c                actualfreq
                0x10015770                port_list
                0x100157a4                rx_buffer
                0x10015a24                platform_register_isr
                0x10015a28                handle_ext_wakeup_isr
                0x10015a2c                wakeup_source_active_cb
                0x10015a30                samb11_app_resume_cb
                0x10015a34                updateuartbr_fp
                0x10015a38                apps_resume_cb
                0x10015a3c                plf_event_buff_index
 *fill*         0x10015a3e        0x2 
 COMMON         0x10015a40        0xc src/ASF/thirdparty/wireless/ble_smart_sdk/src/port_from_sdk.o
                0x10015a40                wakeup_source_callback
 COMMON         0x10015a4c        0x4 src/ASF/sam0/utils/stdio/read.o
                0x10015a4c                ptr_get
 COMMON         0x10015a50        0x8 src/ASF/sam0/utils/stdio/write.o
                0x10015a50                ptr_put
                0x10015a54                stdio_base
 COMMON         0x10015a58        0x8 src/ASF/sam0/drivers/uart/uart.o
                0x10015a58                _uart_instances
 COMMON         0x10015a60       0xd8 src/ASF/sam0/drivers/gpio/gpio.o
                0x10015a60                _gpio_instances
 COMMON         0x10015b38        0x4 src/ASF/sam0/drivers/system/system_sam_b.o
                0x10015b38                system_clock_value
 COMMON         0x10015b3c        0x8 src/qs_i2c_master_basic_use.o
                0x10015b3c                i2c_master_instance
 COMMON         0x10015b44        0xc ../src/ASF/thirdparty/wireless/ble_smart_sdk/lib/cm0/gcc\libblusdk.a(event.o)
                0x10015b44                watched_event
 COMMON         0x10015b50      0x16a ../src/ASF/thirdparty/wireless/ble_smart_sdk/lib/cm0/gcc\libblusdk.a(gap.o)
                0x10015b50                app_task_type
                0x10015b52                gstrConnData
                0x10015be2                device
 *fill*         0x10015cba        0x2 
 COMMON         0x10015cbc      0x404 ../src/ASF/thirdparty/wireless/ble_smart_sdk/lib/cm0/gcc\libblusdk.a(interface.o)
                0x10015cbc                event_param_buff_index
                0x10015cc0                dummy_buffer_buff
                0x10015ec0                interface_send_msg
 COMMON         0x100160c0        0x4 c:/program files (x86)/atmel/studio/7.0/toolchain/arm/arm-gnu-toolchain/bin/../lib/gcc/arm-none-eabi/5.3.1/../../../../arm-none-eabi/lib/armv6-m\libc_nano.a(lib_a-reent.o)
                0x100160c0                errno
                0x100160c4                . = ALIGN (0x4)
                0x100160c4                _ebss = .