Archive member included to satisfy reference by file (symbol)

../src/ASF/thirdparty/wireless/ble_smart_sdk/lib/cm0/gcc\libblusdk.a(event.o)
                              src/ASF/thirdparty/wireless/ble_smart_sdk/ble_services/ble_mgr/ble_manager.o (at_ble_event_get)
../src/ASF/thirdparty/wireless/ble_smart_sdk/lib/cm0/gcc\libblusdk.a(gap.o)
                              src/ASF/thirdparty/wireless/ble_smart_sdk/ble_services/ble_mgr/ble_manager.o (at_ble_device_name_set)
../src/ASF/thirdparty/wireless/ble_smart_sdk/lib/cm0/gcc\libblusdk.a(gatt_client.o)
                              ../src/ASF/thirdparty/wireless/ble_smart_sdk/lib/cm0/gcc\libblusdk.a(gap.o) (init_gatt_client_module)
../src/ASF/thirdparty/wireless/ble_smart_sdk/lib/cm0/gcc\libblusdk.a(gatt_server.o)
                              ../src/ASF/thirdparty/wireless/ble_smart_sdk/lib/cm0/gcc\libblusdk.a(gap.o) (initi_gatt_server_module)
../src/ASF/thirdparty/wireless/ble_smart_sdk/lib/cm0/gcc\libblusdk.a(l2cc_task.o)
                              ../src/ASF/thirdparty/wireless/ble_smart_sdk/lib/cm0/gcc\libblusdk.a(gap.o) (init_l2cc_task_module)
../src/ASF/thirdparty/wireless/ble_smart_sdk/lib/cm0/gcc\libblusdk.a(security.o)
                              src/ASF/thirdparty/wireless/ble_smart_sdk/ble_services/ble_mgr/ble_manager.o (at_ble_authenticate)
../src/ASF/thirdparty/wireless/ble_smart_sdk/lib/cm0/gcc\libblusdk.a(interface.o)
                              ../src/ASF/thirdparty/wireless/ble_smart_sdk/lib/cm0/gcc\libblusdk.a(gap.o) (rx_callback)
../src/ASF/thirdparty/wireless/ble_smart_sdk/lib/cm0/gcc\libblusdk.a(calib_task.o)
                              ../src/ASF/thirdparty/wireless/ble_smart_sdk/lib/cm0/gcc\libblusdk.a(gap.o) (calib_config)
../src/ASF/thirdparty/wireless/ble_smart_sdk/lib/cm0/gcc\libblusdk.a(dbg_task.o)
                              ../src/ASF/thirdparty/wireless/ble_smart_sdk/lib/cm0/gcc\libblusdk.a(gap.o) (dbg_le_set_bd_addr_req_handler)
../src/ASF/thirdparty/wireless/ble_smart_sdk/lib/cm0/gcc\libblusdk.a(gapc_task.o)
                              ../src/ASF/thirdparty/wireless/ble_smart_sdk/lib/cm0/gcc\libblusdk.a(security.o) (check_ConnData_idx_role)
../src/ASF/thirdparty/wireless/ble_smart_sdk/lib/cm0/gcc\libblusdk.a(gapm_task.o)
                              ../src/ASF/thirdparty/wireless/ble_smart_sdk/lib/cm0/gcc\libblusdk.a(gap.o) (gapm_reset_req_handler)
../src/ASF/thirdparty/wireless/ble_smart_sdk/lib/cm0/gcc\libblusdk.a(gattc_task.o)
                              ../src/ASF/thirdparty/wireless/ble_smart_sdk/lib/cm0/gcc\libblusdk.a(gatt_server.o) (gattc_read_req_ind_parser)
../src/ASF/thirdparty/wireless/ble_smart_sdk/lib/cm0/gcc\libblusdk.a(gattm_task.o)
                              ../src/ASF/thirdparty/wireless/ble_smart_sdk/lib/cm0/gcc\libblusdk.a(gatt_server.o) (gattm_add_svc_req_handler)
../src/ASF/thirdparty/wireless/ble_smart_sdk/lib/cm0/gcc\libblusdk.a(htpt_task.o)
                              ../src/ASF/thirdparty/wireless/ble_smart_sdk/lib/cm0/gcc\libblusdk.a(event.o) (htpt_enable_rsp_handler)
c:/program files (x86)/atmel/studio/7.0/toolchain/arm/arm-gnu-toolchain/bin/../lib/gcc/arm-none-eabi/5.3.1/armv6-m\libgcc.a(_thumb1_case_sqi.o)
                              ../src/ASF/thirdparty/wireless/ble_smart_sdk/lib/cm0/gcc\libblusdk.a(gap.o) (__gnu_thumb1_case_sqi)
c:/program files (x86)/atmel/studio/7.0/toolchain/arm/arm-gnu-toolchain/bin/../lib/gcc/arm-none-eabi/5.3.1/armv6-m\libgcc.a(_thumb1_case_uqi.o)
                              ../src/ASF/thirdparty/wireless/ble_smart_sdk/lib/cm0/gcc\libblusdk.a(gap.o) (__gnu_thumb1_case_uqi)
c:/program files (x86)/atmel/studio/7.0/toolchain/arm/arm-gnu-toolchain/bin/../lib/gcc/arm-none-eabi/5.3.1/armv6-m\libgcc.a(_udivsi3.o)
                              src/ASF/common/services/delay/sam/systick_counter.o (__aeabi_uidiv)
c:/program files (x86)/atmel/studio/7.0/toolchain/arm/arm-gnu-toolchain/bin/../lib/gcc/arm-none-eabi/5.3.1/armv6-m\libgcc.a(_dvmd_tls.o)
                              c:/program files (x86)/atmel/studio/7.0/toolchain/arm/arm-gnu-toolchain/bin/../lib/gcc/arm-none-eabi/5.3.1/armv6-m\libgcc.a(_udivsi3.o) (__aeabi_idiv0)
c:/program files (x86)/atmel/studio/7.0/toolchain/arm/arm-gnu-toolchain/bin/../lib/gcc/arm-none-eabi/5.3.1/armv6-m\libgcc.a(_fixunsdfsi.o)
                              src/ASF/thirdparty/wireless/ble_smart_sdk/services/uart/console_serial.o (__aeabi_d2uiz)
c:/program files (x86)/atmel/studio/7.0/toolchain/arm/arm-gnu-toolchain/bin/../lib/gcc/arm-none-eabi/5.3.1/armv6-m\libgcc.a(mulsf3.o)
                              ../src/ASF/thirdparty/wireless/ble_smart_sdk/lib/cm0/gcc\libblusdk.a(calib_task.o) (__aeabi_fmul)
c:/program files (x86)/atmel/studio/7.0/toolchain/arm/arm-gnu-toolchain/bin/../lib/gcc/arm-none-eabi/5.3.1/armv6-m\libgcc.a(floatunsisf.o)
                              ../src/ASF/thirdparty/wireless/ble_smart_sdk/lib/cm0/gcc\libblusdk.a(calib_task.o) (__aeabi_ui2f)
[...]
Memory Configuration

Name             Origin             Length             Attributes
ram              0x10008000         0x00017800         xrw
lram             0x1001f800         0x00000800         xrw
*default*        0x00000000         0xffffffff

Linker script and memory map

LOAD c:/program files (x86)/atmel/studio/7.0/toolchain/arm/arm-gnu-toolchain/bin/../lib/gcc/arm-none-eabi/5.3.1/armv6-m/crti.o
LOAD c:/program files (x86)/atmel/studio/7.0/toolchain/arm/arm-gnu-toolchain/bin/../lib/gcc/arm-none-eabi/5.3.1/armv6-m/crtbegin.o
LOAD c:/program files (x86)/atmel/studio/7.0/toolchain/arm/arm-gnu-toolchain/bin/../lib/gcc/arm-none-eabi/5.3.1/../../../../arm-none-eabi/lib/armv6-m/crt0.o
LOAD src/sms_v_0_2/src/sms_ble.o
LOAD src/sms_v_0_2/src/sms_button.o
LOAD src/sms_v_0_2/src/sms_led.o
LOAD src/sms_v_0_2/src/sms_spi.o
LOAD src/sms_v_0_2/src/sms_timer.o
LOAD src/ASF/common/services/delay/sam/systick_counter.o
LOAD src/ASF/sam0/drivers/spi/spi.o
LOAD src/ASF/thirdparty/wireless/ble_smart_sdk/ble_profiles/pxp_monitor/pxp_monitor.o
LOAD src/ASF/thirdparty/wireless/ble_smart_sdk/ble_services/immediate_alert/immediate_alert.o
LOAD src/ASF/thirdparty/wireless/ble_smart_sdk/ble_services/link_loss/link_loss.o
LOAD src/ASF/thirdparty/wireless/ble_smart_sdk/ble_services/tx_power/tx_power.o
LOAD src/ASF/common/utils/interrupt/interrupt_sam_nvic.o
LOAD src/ASF/sam0/boards/samb11_xplained_pro/board_init.o
LOAD src/ASF/sam0/drivers/dualtimer/dualtimer.o
LOAD src/ASF/sam0/drivers/gpio/gpio.o
LOAD src/ASF/sam0/drivers/system/system_sam_b.o
LOAD src/ASF/sam0/drivers/timer/timer.o
LOAD src/ASF/sam0/drivers/uart/uart.o
LOAD src/ASF/sam0/utils/cmsis/samb11/source/gcc/startup_samb11.o
LOAD src/ASF/sam0/utils/cmsis/samb11/source/system_samb11.o
LOAD src/ASF/sam0/utils/stdio/read.o
LOAD src/ASF/sam0/utils/stdio/write.o
LOAD src/ASF/sam0/utils/syscalls/gcc/syscalls.o
LOAD src/ASF/thirdparty/wireless/ble_smart_sdk/ble_services/ble_mgr/ble_manager.o
LOAD src/ASF/thirdparty/wireless/ble_smart_sdk/services/dualtimer/timer_hw.o
LOAD src/ASF/thirdparty/wireless/ble_smart_sdk/services/gpio/button.o
LOAD src/ASF/thirdparty/wireless/ble_smart_sdk/services/gpio/led.o
LOAD src/ASF/thirdparty/wireless/ble_smart_sdk/services/uart/console_serial.o
LOAD src/ASF/thirdparty/wireless/ble_smart_sdk/src/event_handler.o
LOAD src/ASF/thirdparty/wireless/ble_smart_sdk/src/platform_drv.o
LOAD src/ASF/thirdparty/wireless/ble_smart_sdk/src/port_from_sdk.o
LOAD src/sms_central1.o
START GROUP
LOAD ../src/ASF/thirdparty/CMSIS/Lib/GCC\libarm_cortexM0l_math.a
LOAD ../src/ASF/thirdparty/wireless/ble_smart_sdk/lib/cm0/gcc\libblusdk.a
LOAD c:/program files (x86)/atmel/studio/7.0/toolchain/arm/arm-gnu-toolchain/bin/../lib/gcc/arm-none-eabi/5.3.1/../../../../arm-none-eabi/lib/armv6-m\libm.a
END GROUP
START GROUP
LOAD c:/program files (x86)/atmel/studio/7.0/toolchain/arm/arm-gnu-toolchain/bin/../lib/gcc/arm-none-eabi/5.3.1/armv6-m\libgcc.a
LOAD c:/program files (x86)/atmel/studio/7.0/toolchain/arm/arm-gnu-toolchain/bin/../lib/gcc/arm-none-eabi/5.3.1/../../../../arm-none-eabi/lib/armv6-m\libc_nano.a
END GROUP
START GROUP
LOAD c:/program files (x86)/atmel/studio/7.0/toolchain/arm/arm-gnu-toolchain/bin/../lib/gcc/arm-none-eabi/5.3.1/armv6-m\libgcc.a
LOAD c:/program files (x86)/atmel/studio/7.0/toolchain/arm/arm-gnu-toolchain/bin/../lib/gcc/arm-none-eabi/5.3.1/../../../../arm-none-eabi/lib/armv6-m\libc_nano.a
END GROUP
LOAD c:/program files (x86)/atmel/studio/7.0/toolchain/arm/arm-gnu-toolchain/bin/../lib/gcc/arm-none-eabi/5.3.1/armv6-m/crtend.o
LOAD c:/program files (x86)/atmel/studio/7.0/toolchain/arm/arm-gnu-toolchain/bin/../lib/gcc/arm-none-eabi/5.3.1/armv6-m/crtn.o
                0x00000800                STACK_SIZE = DEFINED (STACK_SIZE)?STACK_SIZE:DEFINED (__stack_size__)?__stack_size__:0x800

.text           0x10008000     0x9820
                0x10008000                . = ALIGN (0x4)
                0x10008000                _sfixed = .
 *(.test.main .text.app_entry)
 .text.app_entry
                0x10008000       0x88 src/ASF/sam0/utils/cmsis/samb11/source/gcc/startup_samb11.o
                0x10008000                app_entry
 *(.text .text.* .gnu.linkonce.t.*)
 .text          0x10008088       0x60 c:/program files (x86)/atmel/studio/7.0/toolchain/arm/arm-gnu-toolchain/bin/../lib/gcc/arm-none-eabi/5.3.1/armv6-m/crtbegin.o
 .text.sms_ble_scan_report_fn
                0x100080e8        0x4 src/sms_v_0_2/src/sms_ble.o
                0x100080e8                sms_ble_scan_report_fn
 .text.sms_ble_connected_fn
                0x100080ec        0x4 src/sms_v_0_2/src/sms_ble.o
                0x100080ec                sms_ble_connected_fn
 .text.sms_ble_disconnected_fn
                0x100080f0        0x4 src/sms_v_0_2/src/sms_ble.o
                0x100080f0                sms_ble_disconnected_fn
 .text.sms_ble_paired_fn
                0x100080f4        0x4 src/sms_v_0_2/src/sms_ble.o
                0x100080f4                sms_ble_paired_fn
 .text.sms_ble_primary_service_found_fn
                0x100080f8        0x4 src/sms_v_0_2/src/sms_ble.o
                0x100080f8                sms_ble_primary_service_found_fn
 .text.sms_ble_characteristic_found_fn
                0x100080fc        0x4 src/sms_v_0_2/src/sms_ble.o
                0x100080fc                sms_ble_characteristic_found_fn
 .text.sms_ble_discovery_complete_fn
                0x10008100        0x4 src/sms_v_0_2/src/sms_ble.o
                0x10008100                sms_ble_discovery_complete_fn
 .text.sms_ble_characteristic_read_fn
                0x10008104        0x4 src/sms_v_0_2/src/sms_ble.o
                0x10008104                sms_ble_characteristic_read_fn
 .text.sms_ble_notification_received_fn
                0x10008108        0x4 src/sms_v_0_2/src/sms_ble.o
                0x10008108                sms_ble_notification_received_fn
 .text.sms_ble_indication_received_fn
                0x1000810c        0x4 src/sms_v_0_2/src/sms_ble.o
                0x1000810c                sms_ble_indication_received_fn
 .text.sms_button_configure_gpio
                0x10008110       0x48 src/sms_v_0_2/src/sms_button.o
                0x10008110                sms_button_configure_gpio
 .text.sms_button_register_callbacks
                0x10008158        0x4 src/sms_v_0_2/src/sms_button.o
                0x10008158                sms_button_register_callbacks
 .text.sms_led_switch_off
                0x1000815c       0x10 src/sms_v_0_2/src/sms_led.o
                0x1000815c                sms_led_switch_off
 .text.sms_led_gpio_init
                0x1000816c       0x50 src/sms_v_0_2/src/sms_led.o
                0x1000816c                sms_led_gpio_init
 .text.sms_spi_master_configure
                0x100081bc       0x78 src/sms_v_0_2/src/sms_spi.o
                0x100081bc                sms_spi_master_configure
 .text.sms_spi_master_transceive
                0x10008234       0x3c src/sms_v_0_2/src/sms_spi.o
                0x10008234                sms_spi_master_transceive
 .text.sms_dualtimer_init
                0x10008270       0x3c src/sms_v_0_2/src/sms_timer.o
                0x10008270                sms_dualtimer_init
 .text.sms_dualtimer_register_callback
                0x100082ac       0x18 src/sms_v_0_2/src/sms_timer.o
                0x100082ac                sms_dualtimer_register_callback
 .text.sms_dualtimer1_cb
                0x100082c4       0x14 src/sms_v_0_2/src/sms_timer.o
                0x100082c4                sms_dualtimer1_cb
 .text.sms_dualtimer2_cb
                0x100082d8       0x14 src/sms_v_0_2/src/sms_timer.o
                0x100082d8                sms_dualtimer2_cb
 .text.delay_init
                0x100082ec       0x40 src/ASF/common/services/delay/sam/systick_counter.o
                0x100082ec                delay_init
 .text.delay_cycles_ms
                0x1000832c       0x2c src/ASF/common/services/delay/sam/systick_counter.o
                0x1000832c                delay_cycles_ms
 .text.spi_slave_inst_get_config_defaults
                0x10008358        0xc src/ASF/sam0/drivers/spi/spi.o
                0x10008358                spi_slave_inst_get_config_defaults
 .text.spi_get_config_defaults
                0x10008364       0x2c src/ASF/sam0/drivers/spi/spi.o
                0x10008364                spi_get_config_defaults
 .text.spi_attach_slave
                0x10008390       0x40 src/ASF/sam0/drivers/spi/spi.o
                0x10008390                spi_attach_slave
 .text.spi_enable
                0x100083d0        0x8 src/ASF/sam0/drivers/spi/spi.o
                0x100083d0                spi_enable
 .text.spi_disable
                0x100083d8       0x4c src/ASF/sam0/drivers/spi/spi.o
                0x100083d8                spi_disable
 .text.spi_reset
                0x10008424       0x3c src/ASF/sam0/drivers/spi/spi.o
                0x10008424                spi_reset
 .text.spi_init
                0x10008460      0x164 src/ASF/sam0/drivers/spi/spi.o
                0x10008460                spi_init
 .text.spi_transceive_buffer_wait
                0x100085c4       0x84 src/ASF/sam0/drivers/spi/spi.o
                0x100085c4                spi_transceive_buffer_wait
 .text.spi_select_slave
                0x10008648       0x20 src/ASF/sam0/drivers/spi/spi.o
                0x10008648                spi_select_slave
 .text.dualtimer_isr_handler
                0x10008668       0x44 src/ASF/sam0/drivers/dualtimer/dualtimer.o
 .text.dualtimer_get_config_defaults
                0x100086ac       0x24 src/ASF/sam0/drivers/dualtimer/dualtimer.o
                0x100086ac                dualtimer_get_config_defaults
 .text.dualtimer_enable
                0x100086d0       0x24 src/ASF/sam0/drivers/dualtimer/dualtimer.o
                0x100086d0                dualtimer_enable
 .text.dualtimer_disable
                0x100086f4       0x24 src/ASF/sam0/drivers/dualtimer/dualtimer.o
                0x100086f4                dualtimer_disable
 .text.dualtimer_init
                0x10008718      0x104 src/ASF/sam0/drivers/dualtimer/dualtimer.o
                0x10008718                dualtimer_init
 .text.dualtimer_register_callback
                0x1000881c       0x18 src/ASF/sam0/drivers/dualtimer/dualtimer.o
                0x1000881c                dualtimer_register_callback
 .text.gpio_port0_isr_handler
                0x10008834       0x64 src/ASF/sam0/drivers/gpio/gpio.o
 .text.gpio_port1_isr_handler
                0x10008898       0x70 src/ASF/sam0/drivers/gpio/gpio.o
 .text.gpio_port2_isr_handler
                0x10008908       0x7c src/ASF/sam0/drivers/gpio/gpio.o
 .text.gpio_get_config_defaults
                0x10008984       0x10 src/ASF/sam0/drivers/gpio/gpio.o
                0x10008984                gpio_get_config_defaults
 .text.gpio_pin_set_config
                0x10008994      0x1b8 src/ASF/sam0/drivers/gpio/gpio.o
                0x10008994                gpio_pin_set_config
 .text.gpio_pin_set_output_level
                0x10008b4c       0x8c src/ASF/sam0/drivers/gpio/gpio.o
                0x10008b4c                gpio_pin_set_output_level
 .text.gpio_pinmux_cofiguration
                0x10008bd8      0x14c src/ASF/sam0/drivers/gpio/gpio.o
                0x10008bd8                gpio_pinmux_cofiguration
 .text.gpio_init
                0x10008d24       0x6c src/ASF/sam0/drivers/gpio/gpio.o
                0x10008d24                gpio_init
 .text.system_clock_config
                0x10008d90       0x84 src/ASF/sam0/drivers/system/system_sam_b.o
                0x10008d90                system_clock_config
 .text.system_clock_get_value
                0x10008e14        0xc src/ASF/sam0/drivers/system/system_sam_b.o
                0x10008e14                system_clock_get_value
 .text.system_clock_peripheral_enable
                0x10008e20      0x35c src/ASF/sam0/drivers/system/system_sam_b.o
                0x10008e20                system_clock_peripheral_enable
 .text.system_clock_peripheral_disable
                0x1000917c      0x36c src/ASF/sam0/drivers/system/system_sam_b.o
                0x1000917c                system_clock_peripheral_disable
 .text.system_peripheral_reset
                0x100094e8      0x468 src/ASF/sam0/drivers/system/system_sam_b.o
                0x100094e8                system_peripheral_reset
 .text.system_register_isr
                0x10009950       0x10 src/ASF/sam0/drivers/system/system_sam_b.o
                0x10009950                system_register_isr
 .text.uart_rx0_isr_handler
                0x10009960       0x88 src/ASF/sam0/drivers/uart/uart.o
 .text.uart_tx0_isr_handler
                0x100099e8       0x8c src/ASF/sam0/drivers/uart/uart.o
 .text.uart_rx1_isr_handler
                0x10009a74       0x88 src/ASF/sam0/drivers/uart/uart.o
 .text.uart_tx1_isr_handler
                0x10009afc       0x8c src/ASF/sam0/drivers/uart/uart.o
 .text.uart_get_config_defaults
                0x10009b88       0x2c src/ASF/sam0/drivers/uart/uart.o
                0x10009b88                uart_get_config_defaults
 .text.uart_init
                0x10009bb4      0x1bc src/ASF/sam0/drivers/uart/uart.o
                0x10009bb4                uart_init
 .text.uart_write_wait
                0x10009d70       0x10 src/ASF/sam0/drivers/uart/uart.o
                0x10009d70                uart_write_wait
 .text.uart_read_wait
                0x10009d80       0x14 src/ASF/sam0/drivers/uart/uart.o
                0x10009d80                uart_read_wait
 .text.uart_read_buffer_job
                0x10009d94       0x28 src/ASF/sam0/drivers/uart/uart.o
                0x10009d94                uart_read_buffer_job
 .text.uart_register_callback
                0x10009dbc       0x14 src/ASF/sam0/drivers/uart/uart.o
                0x10009dbc                uart_register_callback
 .text.uart_enable_callback
                0x10009dd0       0x20 src/ASF/sam0/drivers/uart/uart.o
                0x10009dd0                uart_enable_callback
 .text.uart_disable_callback
                0x10009df0       0x20 src/ASF/sam0/drivers/uart/uart.o
                0x10009df0                uart_disable_callback
 .text._read    0x10009e10       0x40 src/ASF/sam0/utils/stdio/read.o
                0x10009e10                _read
 .text._write   0x10009e50       0x50 src/ASF/sam0/utils/stdio/write.o
                0x10009e50                _write
 .text._sbrk    0x10009ea0       0x24 src/ASF/sam0/utils/syscalls/gcc/syscalls.o
                0x10009ea0                _sbrk
 .text._close   0x10009ec4        0x8 src/ASF/sam0/utils/syscalls/gcc/syscalls.o
                0x10009ec4                _close
 .text._fstat   0x10009ecc        0xc src/ASF/sam0/utils/syscalls/gcc/syscalls.o
                0x10009ecc                _fstat
 .text._isatty  0x10009ed8        0x4 src/ASF/sam0/utils/syscalls/gcc/syscalls.o
                0x10009ed8                _isatty
 .text._lseek   0x10009edc        0x4 src/ASF/sam0/utils/syscalls/gcc/syscalls.o
                0x10009edc                _lseek
 .text.ble_undefined_event_handler
                0x10009ee0       0x24 src/ASF/thirdparty/wireless/ble_smart_sdk/ble_services/ble_mgr/ble_manager.o
                0x10009ee0                ble_undefined_event_handler
 .text.ble_scan_report_handler
                0x10009f04       0x28 src/ASF/thirdparty/wireless/ble_smart_sdk/ble_services/ble_mgr/ble_manager.o
                0x10009f04                ble_scan_report_handler
 .text.ble_mtu_changed_indication_handler
                0x10009f2c       0x28 src/ASF/thirdparty/wireless/ble_smart_sdk/ble_services/ble_mgr/ble_manager.o
                0x10009f2c                ble_mtu_changed_indication_handler
 .text.ble_mtu_changed_cmd_complete_handler
                0x10009f54       0x48 src/ASF/thirdparty/wireless/ble_smart_sdk/ble_services/ble_mgr/ble_manager.o
                0x10009f54                ble_mtu_changed_cmd_complete_handler
 .text.ble_characteristic_write_cmd_complete_handler
                0x10009f9c       0x48 src/ASF/thirdparty/wireless/ble_smart_sdk/ble_services/ble_mgr/ble_manager.o
                0x10009f9c                ble_characteristic_write_cmd_complete_handler
 .text.ble_disconnected_state_handler
                0x10009fe4       0x9c src/ASF/thirdparty/wireless/ble_smart_sdk/ble_services/ble_mgr/ble_manager.o
                0x10009fe4                ble_disconnected_state_handler
 .text.ble_conn_param_update
                0x1000a080       0x24 src/ASF/thirdparty/wireless/ble_smart_sdk/ble_services/ble_mgr/ble_manager.o
                0x1000a080                ble_conn_param_update
 .text.ble_encryption_status_change_handler
                0x1000a0a4       0xc4 src/ASF/thirdparty/wireless/ble_smart_sdk/ble_services/ble_mgr/ble_manager.o
                0x1000a0a4                ble_encryption_status_change_handler
 .text.ble_scan_info_handler
                0x1000a168       0xac src/ASF/thirdparty/wireless/ble_smart_sdk/ble_services/ble_mgr/ble_manager.o
                0x1000a168                ble_scan_info_handler
 .text.ble_pair_done_handler
                0x1000a214      0x1b0 src/ASF/thirdparty/wireless/ble_smart_sdk/ble_services/ble_mgr/ble_manager.o
                0x1000a214                ble_pair_done_handler
 .text.ble_conn_param_update_req
                0x1000a3c4       0x18 src/ASF/thirdparty/wireless/ble_smart_sdk/ble_services/ble_mgr/ble_manager.o
                0x1000a3c4                ble_conn_param_update_req
 .text.ble_slave_security_request_handler
                0x1000a3dc      0x1e8 src/ASF/thirdparty/wireless/ble_smart_sdk/ble_services/ble_mgr/ble_manager.o
                0x1000a3dc                ble_slave_security_request_handler
 .text.ble_pair_request_handler
                0x1000a5c4      0x18c src/ASF/thirdparty/wireless/ble_smart_sdk/ble_services/ble_mgr/ble_manager.o
                0x1000a5c4                ble_pair_request_handler
 .text.ble_pair_key_request_handler
                0x1000a750      0x144 src/ASF/thirdparty/wireless/ble_smart_sdk/ble_services/ble_mgr/ble_manager.o
                0x1000a750                ble_pair_key_request_handler
 .text.ble_encryption_request_handler
                0x1000a894      0x178 src/ASF/thirdparty/wireless/ble_smart_sdk/ble_services/ble_mgr/ble_manager.o
                0x1000a894                ble_encryption_request_handler
 .text.ble_mgr_events_callback_handler
                0x1000aa0c       0xd0 src/ASF/thirdparty/wireless/ble_smart_sdk/ble_services/ble_mgr/ble_manager.o
                0x1000aa0c                ble_mgr_events_callback_handler
 .text.ble_device_init
                0x1000aadc      0x2c0 src/ASF/thirdparty/wireless/ble_smart_sdk/ble_services/ble_mgr/ble_manager.o
                0x1000aadc                ble_device_init
 .text.ble_send_slave_sec_request
                0x1000ad9c       0x48 src/ASF/thirdparty/wireless/ble_smart_sdk/ble_services/ble_mgr/ble_manager.o
                0x1000ad9c                ble_send_slave_sec_request
 .text.ble_connected_state_handler
                0x1000ade4      0x24c src/ASF/thirdparty/wireless/ble_smart_sdk/ble_services/ble_mgr/ble_manager.o
                0x1000ade4                ble_connected_state_handler
 .text.ble_resolv_rand_addr_handler
                0x1000b030      0x140 src/ASF/thirdparty/wireless/ble_smart_sdk/ble_services/ble_mgr/ble_manager.o
                0x1000b030                ble_resolv_rand_addr_handler
 .text.uart_read_complete_callback
                0x1000b170       0x54 src/ASF/thirdparty/wireless/ble_smart_sdk/services/uart/console_serial.o
 .text.usart_serial_getchar
                0x1000b1c4       0x18 src/ASF/thirdparty/wireless/ble_smart_sdk/services/uart/console_serial.o
 .text.usart_serial_putchar
                0x1000b1dc       0x18 src/ASF/thirdparty/wireless/ble_smart_sdk/services/uart/console_serial.o
 .text.serial_console_init
                0x1000b1f4       0xa8 src/ASF/thirdparty/wireless/ble_smart_sdk/services/uart/console_serial.o
                0x1000b1f4                serial_console_init
 .text._time_start
                0x1000b29c       0x58 src/ASF/thirdparty/wireless/ble_smart_sdk/services/uart/console_serial.o
                0x1000b29c                _time_start
 .text._time_done
                0x1000b2f4       0x10 src/ASF/thirdparty/wireless/ble_smart_sdk/services/uart/console_serial.o
                0x1000b2f4                _time_done
 .text.getchar_b11_timeout
                0x1000b304       0x6c src/ASF/thirdparty/wireless/ble_smart_sdk/services/uart/console_serial.o
                0x1000b304                getchar_b11_timeout
 .text.platform_event_free
                0x1000b370       0x10 src/ASF/thirdparty/wireless/ble_smart_sdk/src/event_handler.o
                0x1000b370                platform_event_free
 .text.platform_event_post
                0x1000b380       0x38 src/ASF/thirdparty/wireless/ble_smart_sdk/src/event_handler.o
                0x1000b380                platform_event_post
 .text.platform_event_init
                0x1000b3b8       0x30 src/ASF/thirdparty/wireless/ble_smart_sdk/src/event_handler.o
                0x1000b3b8                platform_event_init
 .text.at_ke_msg_send
                0x1000b3e8       0x78 src/ASF/thirdparty/wireless/ble_smart_sdk/src/platform_drv.o
 .text.samb11_plf_resume_callback
                0x1000b460       0x2c src/ASF/thirdparty/wireless/ble_smart_sdk/src/platform_drv.o
                0x1000b460                samb11_plf_resume_callback
 .text.init_port_list
                0x1000b48c       0x44 src/ASF/thirdparty/wireless/ble_smart_sdk/src/platform_drv.o
                0x1000b48c                init_port_list
 .text.init_clock
                0x1000b4d0       0x30 src/ASF/thirdparty/wireless/ble_smart_sdk/src/platform_drv.o
                0x1000b4d0                init_clock
 .text.platform_driver_init
                0x1000b500      0x244 src/ASF/thirdparty/wireless/ble_smart_sdk/src/platform_drv.o
                0x1000b500                platform_driver_init
 .text.platform_register_ble_msg_handler
                0x1000b744       0x1c src/ASF/thirdparty/wireless/ble_smart_sdk/src/platform_drv.o
                0x1000b744                platform_register_ble_msg_handler
 .text.platform_interface_send
                0x1000b760       0x50 src/ASF/thirdparty/wireless/ble_smart_sdk/src/platform_drv.o
                0x1000b760                platform_interface_send
 .text.send_plf_int_msg_ind
                0x1000b7b0       0x40 src/ASF/thirdparty/wireless/ble_smart_sdk/src/platform_drv.o
                0x1000b7b0                send_plf_int_msg_ind
 .text.platform_event_wait
                0x1000b7f0      0x264 src/ASF/thirdparty/wireless/ble_smart_sdk/src/platform_drv.o
                0x1000b7f0                platform_event_wait
 .text.acquire_sleep_lock
                0x1000ba54       0x14 src/ASF/thirdparty/wireless/ble_smart_sdk/src/platform_drv.o
                0x1000ba54                acquire_sleep_lock
 .text.release_message_lock
                0x1000ba68       0x14 src/ASF/thirdparty/wireless/ble_smart_sdk/src/platform_drv.o
                0x1000ba68                release_message_lock
 .text.gpio1_combined_isr_handler
                0x1000ba7c       0x70 src/ASF/thirdparty/wireless/ble_smart_sdk/src/port_from_sdk.o
                0x1000ba7c                gpio1_combined_isr_handler
 .text.gpio0_combined_isr_handler
                0x1000baec       0x6c src/ASF/thirdparty/wireless/ble_smart_sdk/src/port_from_sdk.o
                0x1000baec                gpio0_combined_isr_handler
 .text.PORT1_COMB_Handler
                0x1000bb58       0x44 src/ASF/thirdparty/wireless/ble_smart_sdk/src/port_from_sdk.o
                0x1000bb58                PORT1_COMB_Handler
 .text.wakeup_int_unregister_callback
                0x1000bb9c       0x18 src/ASF/thirdparty/wireless/ble_smart_sdk/src/port_from_sdk.o
                0x1000bb9c                wakeup_int_unregister_callback
 .text.wakeup_active_event_callback
                0x1000bbb4       0x5c src/ASF/thirdparty/wireless/ble_smart_sdk/src/port_from_sdk.o
                0x1000bbb4                wakeup_active_event_callback
 .text.main     0x1000bc10      0x110 src/sms_central1.o
                0x1000bc10                main
 .text.internal_event_post
                0x1000bd20       0x5c ../src/ASF/thirdparty/wireless/ble_smart_sdk/lib/cm0/gcc\libblusdk.a(event.o)
                0x1000bd20                internal_event_post
 .text.internal_event_init
                0x1000bd7c       0x2c ../src/ASF/thirdparty/wireless/ble_smart_sdk/lib/cm0/gcc\libblusdk.a(event.o)
                0x1000bd7c                internal_event_init
 .text.special_events_handler
                0x1000bda8       0x90 ../src/ASF/thirdparty/wireless/ble_smart_sdk/lib/cm0/gcc\libblusdk.a(event.o)
                0x1000bda8                special_events_handler
 .text.at_ble_event_get
                0x1000be38      0x6d8 ../src/ASF/thirdparty/wireless/ble_smart_sdk/lib/cm0/gcc\libblusdk.a(event.o)
                0x1000be38                at_ble_event_get
 .text.internal_event_flush
                0x1000c510       0x44 ../src/ASF/thirdparty/wireless/ble_smart_sdk/lib/cm0/gcc\libblusdk.a(event.o)
                0x1000c510                internal_event_flush
 .text.internal_conn_flush
                0x1000c554       0x54 ../src/ASF/thirdparty/wireless/ble_smart_sdk/lib/cm0/gcc\libblusdk.a(event.o)
                0x1000c554                internal_conn_flush
 .text.at_ble_device_name_set
                0x1000c5a8       0x34 ../src/ASF/thirdparty/wireless/ble_smart_sdk/lib/cm0/gcc\libblusdk.a(gap.o)
                0x1000c5a8                at_ble_device_name_set
 .text.at_ble_addr_get
                0x1000c5dc       0x24 ../src/ASF/thirdparty/wireless/ble_smart_sdk/lib/cm0/gcc\libblusdk.a(gap.o)
                0x1000c5dc                at_ble_addr_get
 .text.at_ble_set_dev_config
                0x1000c600       0x90 ../src/ASF/thirdparty/wireless/ble_smart_sdk/lib/cm0/gcc\libblusdk.a(gap.o)
                0x1000c600                at_ble_set_dev_config
 .text.at_ble_init
                0x1000c690      0x1b4 ../src/ASF/thirdparty/wireless/ble_smart_sdk/lib/cm0/gcc\libblusdk.a(gap.o)
                0x1000c690                at_ble_init
 .text.at_ble_addr_set
                0x1000c844       0x54 ../src/ASF/thirdparty/wireless/ble_smart_sdk/lib/cm0/gcc\libblusdk.a(gap.o)
                0x1000c844                at_ble_addr_set
 .text.at_ble_scan_stop
                0x1000c898       0x20 ../src/ASF/thirdparty/wireless/ble_smart_sdk/lib/cm0/gcc\libblusdk.a(gap.o)
                0x1000c898                at_ble_scan_stop
 .text.at_ble_disconnect
                0x1000c8b8       0x20 ../src/ASF/thirdparty/wireless/ble_smart_sdk/lib/cm0/gcc\libblusdk.a(gap.o)
                0x1000c8b8                at_ble_disconnect
 .text.at_ble_conn_update_reply
                0x1000c8d8        0xc ../src/ASF/thirdparty/wireless/ble_smart_sdk/lib/cm0/gcc\libblusdk.a(gap.o)
                0x1000c8d8                at_ble_conn_update_reply
 .text.at_ble_random_address_resolve
                0x1000c8e4       0x28 ../src/ASF/thirdparty/wireless/ble_smart_sdk/lib/cm0/gcc\libblusdk.a(gap.o)
                0x1000c8e4                at_ble_random_address_resolve
 .text.at_ble_uuid_len2type
                0x1000c90c       0x14 ../src/ASF/thirdparty/wireless/ble_smart_sdk/lib/cm0/gcc\libblusdk.a(gap.o)
                0x1000c90c                at_ble_uuid_len2type
 .text.init_gatt_client_module
                0x1000c920        0xc ../src/ASF/thirdparty/wireless/ble_smart_sdk/lib/cm0/gcc\libblusdk.a(gatt_client.o)
                0x1000c920                init_gatt_client_module
 .text.db_searchATT
                0x1000c92c       0x40 ../src/ASF/thirdparty/wireless/ble_smart_sdk/lib/cm0/gcc\libblusdk.a(gatt_server.o)
 .text.at_ble_read_authorize_reply.part.1
                0x1000c96c       0x30 ../src/ASF/thirdparty/wireless/ble_smart_sdk/lib/cm0/gcc\libblusdk.a(gatt_server.o)
 .text.initi_gatt_server_module
                0x1000c99c       0x3c ../src/ASF/thirdparty/wireless/ble_smart_sdk/lib/cm0/gcc\libblusdk.a(gatt_server.o)
                0x1000c99c                initi_gatt_server_module
 .text.db_init  0x1000c9d8       0x44 ../src/ASF/thirdparty/wireless/ble_smart_sdk/lib/cm0/gcc\libblusdk.a(gatt_server.o)
                0x1000c9d8                db_init
 .text.at_ble_characteristic_value_set
                0x1000ca1c       0x3c ../src/ASF/thirdparty/wireless/ble_smart_sdk/lib/cm0/gcc\libblusdk.a(gatt_server.o)
                0x1000ca1c                at_ble_characteristic_value_set
 .text.at_ble_characteristic_value_get
                0x1000ca58       0x40 ../src/ASF/thirdparty/wireless/ble_smart_sdk/lib/cm0/gcc\libblusdk.a(gatt_server.o)
                0x1000ca58                at_ble_characteristic_value_get
 .text.at_ble_write_authorize_reply
                0x1000ca98       0x88 ../src/ASF/thirdparty/wireless/ble_smart_sdk/lib/cm0/gcc\libblusdk.a(gatt_server.o)
                0x1000ca98                at_ble_write_authorize_reply
 .text.gatts_handle_read_req
                0x1000cb20       0x30 ../src/ASF/thirdparty/wireless/ble_smart_sdk/lib/cm0/gcc\libblusdk.a(gatt_server.o)
                0x1000cb20                gatts_handle_read_req
 .text.gatts_handle_att_info_req
                0x1000cb50       0x3c ../src/ASF/thirdparty/wireless/ble_smart_sdk/lib/cm0/gcc\libblusdk.a(gatt_server.o)
                0x1000cb50                gatts_handle_att_info_req
 .text.gatts_handle_write_req
                0x1000cb8c       0x30 ../src/ASF/thirdparty/wireless/ble_smart_sdk/lib/cm0/gcc\libblusdk.a(gatt_server.o)
                0x1000cb8c                gatts_handle_write_req
 .text.init_l2cc_task_module
                0x1000cbbc        0xc ../src/ASF/thirdparty/wireless/ble_smart_sdk/lib/cm0/gcc\libblusdk.a(l2cc_task.o)
                0x1000cbbc                init_l2cc_task_module
 .text.l2cc_data_send_rsp_handler
                0x1000cbc8       0x2c ../src/ASF/thirdparty/wireless/ble_smart_sdk/lib/cm0/gcc\libblusdk.a(l2cc_task.o)
                0x1000cbc8                l2cc_data_send_rsp_handler
 .text.l2cc_data_received_handler
                0x1000cbf4       0x30 ../src/ASF/thirdparty/wireless/ble_smart_sdk/lib/cm0/gcc\libblusdk.a(l2cc_task.o)
                0x1000cbf4                l2cc_data_received_handler
 .text.at_ble_authenticate
                0x1000cc24      0x130 ../src/ASF/thirdparty/wireless/ble_smart_sdk/lib/cm0/gcc\libblusdk.a(security.o)
                0x1000cc24                at_ble_authenticate
 .text.at_ble_pair_key_reply
                0x1000cd54       0x7c ../src/ASF/thirdparty/wireless/ble_smart_sdk/lib/cm0/gcc\libblusdk.a(security.o)
                0x1000cd54                at_ble_pair_key_reply
 .text.at_ble_send_slave_sec_request
                0x1000cdd0       0x40 ../src/ASF/thirdparty/wireless/ble_smart_sdk/lib/cm0/gcc\libblusdk.a(security.o)
                0x1000cdd0                at_ble_send_slave_sec_request
 .text.at_ble_encryption_start
                0x1000ce10       0x78 ../src/ASF/thirdparty/wireless/ble_smart_sdk/lib/cm0/gcc\libblusdk.a(security.o)
                0x1000ce10                at_ble_encryption_start
 .text.at_ble_encryption_request_reply
                0x1000ce88       0x34 ../src/ASF/thirdparty/wireless/ble_smart_sdk/lib/cm0/gcc\libblusdk.a(security.o)
                0x1000ce88                at_ble_encryption_request_reply
 .text.rx_callback
                0x1000cebc       0x98 ../src/ASF/thirdparty/wireless/ble_smart_sdk/lib/cm0/gcc\libblusdk.a(interface.o)
                0x1000cebc                rx_callback
 .text.interface_send
                0x1000cf54       0x10 ../src/ASF/thirdparty/wireless/ble_smart_sdk/lib/cm0/gcc\libblusdk.a(interface.o)
                0x1000cf54                interface_send
 .text.interface_init
                0x1000cf64       0x48 ../src/ASF/thirdparty/wireless/ble_smart_sdk/lib/cm0/gcc\libblusdk.a(interface.o)
                0x1000cf64                interface_init
 .text.platform_cmd_cmpl_signal
                0x1000cfac        0xc ../src/ASF/thirdparty/wireless/ble_smart_sdk/lib/cm0/gcc\libblusdk.a(interface.o)
                0x1000cfac                platform_cmd_cmpl_signal
 .text.platform_cmd_cmpl_wait
                0x1000cfb8       0x2c ../src/ASF/thirdparty/wireless/ble_smart_sdk/lib/cm0/gcc\libblusdk.a(interface.o)
                0x1000cfb8                platform_cmd_cmpl_wait
 .text.start_timer
                0x1000cfe4        0x2 ../src/ASF/thirdparty/wireless/ble_smart_sdk/lib/cm0/gcc\libblusdk.a(interface.o)
                0x1000cfe4                start_timer
 .text.stop_timer
                0x1000cfe6        0x2 ../src/ASF/thirdparty/wireless/ble_smart_sdk/lib/cm0/gcc\libblusdk.a(interface.o)
                0x1000cfe6                stop_timer
 .text.dbg_le_set_bd_addr_req_handler
                0x1000cfe8       0x7c ../src/ASF/thirdparty/wireless/ble_smart_sdk/lib/cm0/gcc\libblusdk.a(dbg_task.o)
                0x1000cfe8                dbg_le_set_bd_addr_req_handler
 .text.gapc_get_dev_info_cfm.constprop.1
                0x1000d064       0xc0 ../src/ASF/thirdparty/wireless/ble_smart_sdk/lib/cm0/gcc\libblusdk.a(gapc_task.o)
 .text.check_ConnData_idx_role
                0x1000d124       0x3c ../src/ASF/thirdparty/wireless/ble_smart_sdk/lib/cm0/gcc\libblusdk.a(gapc_task.o)
                0x1000d124                check_ConnData_idx_role
 .text.check_ConnData_emptyEntry
                0x1000d160       0x28 ../src/ASF/thirdparty/wireless/ble_smart_sdk/lib/cm0/gcc\libblusdk.a(gapc_task.o)
                0x1000d160                check_ConnData_emptyEntry
 .text.gapc_cmp_evt
                0x1000d188       0xd0 ../src/ASF/thirdparty/wireless/ble_smart_sdk/lib/cm0/gcc\libblusdk.a(gapc_task.o)
                0x1000d188                gapc_cmp_evt
 .text.gapc_connection_cfm_handler
                0x1000d258       0xc4 ../src/ASF/thirdparty/wireless/ble_smart_sdk/lib/cm0/gcc\libblusdk.a(gapc_task.o)
                0x1000d258                gapc_connection_cfm_handler
 .text.gapc_con_req_ind
                0x1000d31c       0xe0 ../src/ASF/thirdparty/wireless/ble_smart_sdk/lib/cm0/gcc\libblusdk.a(gapc_task.o)
                0x1000d31c                gapc_con_req_ind
 .text.gapc_disconnect_cmd_handler
                0x1000d3fc       0x44 ../src/ASF/thirdparty/wireless/ble_smart_sdk/lib/cm0/gcc\libblusdk.a(gapc_task.o)
                0x1000d3fc                gapc_disconnect_cmd_handler
 .text.gapc_disconnect_ind
                0x1000d440       0x34 ../src/ASF/thirdparty/wireless/ble_smart_sdk/lib/cm0/gcc\libblusdk.a(gapc_task.o)
                0x1000d440                gapc_disconnect_ind
 .text.gapc_bond_cmd_handler
                0x1000d474       0x68 ../src/ASF/thirdparty/wireless/ble_smart_sdk/lib/cm0/gcc\libblusdk.a(gapc_task.o)
                0x1000d474                gapc_bond_cmd_handler
 .text.gapc_bond_ind
                0x1000d4dc       0xd8 ../src/ASF/thirdparty/wireless/ble_smart_sdk/lib/cm0/gcc\libblusdk.a(gapc_task.o)
                0x1000d4dc                gapc_bond_ind
 .text.gapc_bond_req_ind
                0x1000d5b4       0xe0 ../src/ASF/thirdparty/wireless/ble_smart_sdk/lib/cm0/gcc\libblusdk.a(gapc_task.o)
                0x1000d5b4                gapc_bond_req_ind
 .text.gapc_bond_cfm_handler_pair_resp
                0x1000d694       0x7c ../src/ASF/thirdparty/wireless/ble_smart_sdk/lib/cm0/gcc\libblusdk.a(gapc_task.o)
                0x1000d694                gapc_bond_cfm_handler_pair_resp
 .text.gapc_bond_cfm_handler_key_exch
                0x1000d710       0x50 ../src/ASF/thirdparty/wireless/ble_smart_sdk/lib/cm0/gcc\libblusdk.a(gapc_task.o)
                0x1000d710                gapc_bond_cfm_handler_key_exch
 .text.gapc_security_cmd_handler
                0x1000d760       0x40 ../src/ASF/thirdparty/wireless/ble_smart_sdk/lib/cm0/gcc\libblusdk.a(gapc_task.o)
                0x1000d760                gapc_security_cmd_handler
 .text.gapc_encrypt_cmd_handler
                0x1000d7a0       0x9c ../src/ASF/thirdparty/wireless/ble_smart_sdk/lib/cm0/gcc\libblusdk.a(gapc_task.o)
                0x1000d7a0                gapc_encrypt_cmd_handler
 .text.gapc_encrypt_req_ind
                0x1000d83c       0x20 ../src/ASF/thirdparty/wireless/ble_smart_sdk/lib/cm0/gcc\libblusdk.a(gapc_task.o)
                0x1000d83c                gapc_encrypt_req_ind
 .text.gapc_encrypt_cfm_handler
                0x1000d85c       0x80 ../src/ASF/thirdparty/wireless/ble_smart_sdk/lib/cm0/gcc\libblusdk.a(gapc_task.o)
                0x1000d85c                gapc_encrypt_cfm_handler
 .text.gapc_encrypt_ind
                0x1000d8dc        0xe ../src/ASF/thirdparty/wireless/ble_smart_sdk/lib/cm0/gcc\libblusdk.a(gapc_task.o)
                0x1000d8dc                gapc_encrypt_ind
 *fill*         0x1000d8ea        0x2 
 .text.gapc_param_update_cfm_handler
                0x1000d8ec       0x4c ../src/ASF/thirdparty/wireless/ble_smart_sdk/lib/cm0/gcc\libblusdk.a(gapc_task.o)
                0x1000d8ec                gapc_param_update_cfm_handler
 .text.gapc_param_updated_ind
                0x1000d938       0x2a ../src/ASF/thirdparty/wireless/ble_smart_sdk/lib/cm0/gcc\libblusdk.a(gapc_task.o)
                0x1000d938                gapc_param_updated_ind
 .text.gapc_param_updated_req_ind
                0x1000d962       0x30 ../src/ASF/thirdparty/wireless/ble_smart_sdk/lib/cm0/gcc\libblusdk.a(gapc_task.o)
                0x1000d962                gapc_param_updated_req_ind
 *fill*         0x1000d992        0x2 
 .text.gapc_dev_info_req_ind_handler
                0x1000d994       0x28 ../src/ASF/thirdparty/wireless/ble_smart_sdk/lib/cm0/gcc\libblusdk.a(gapc_task.o)
                0x1000d994                gapc_dev_info_req_ind_handler
 .text.gapc_sec_req_ind
                0x1000d9bc       0x16 ../src/ASF/thirdparty/wireless/ble_smart_sdk/lib/cm0/gcc\libblusdk.a(gapc_task.o)
                0x1000d9bc                gapc_sec_req_ind
 .text.gapc_sign_counter_ind_handler
                0x1000d9d2       0x34 ../src/ASF/thirdparty/wireless/ble_smart_sdk/lib/cm0/gcc\libblusdk.a(gapc_task.o)
                0x1000d9d2                gapc_sign_counter_ind_handler
 *fill*         0x1000da06        0x2 
 .text.gapc_peer_att_info_ind_handler
                0x1000da08       0x7c ../src/ASF/thirdparty/wireless/ble_smart_sdk/lib/cm0/gcc\libblusdk.a(gapc_task.o)
                0x1000da08                gapc_peer_att_info_ind_handler
 .text.gapc_con_channel_map_ind_handler
                0x1000da84       0x18 ../src/ASF/thirdparty/wireless/ble_smart_sdk/lib/cm0/gcc\libblusdk.a(gapc_task.o)
                0x1000da84                gapc_con_channel_map_ind_handler
 .text.gapc_lecb_connected
                0x1000da9c       0x2e ../src/ASF/thirdparty/wireless/ble_smart_sdk/lib/cm0/gcc\libblusdk.a(gapc_task.o)
                0x1000da9c                gapc_lecb_connected
 .text.gapc_lecb_disconnected
                0x1000daca       0x16 ../src/ASF/thirdparty/wireless/ble_smart_sdk/lib/cm0/gcc\libblusdk.a(gapc_task.o)
                0x1000daca                gapc_lecb_disconnected
 .text.gapc_lecb_connect_req_ind
                0x1000dae0       0x2a ../src/ASF/thirdparty/wireless/ble_smart_sdk/lib/cm0/gcc\libblusdk.a(gapc_task.o)
                0x1000dae0                gapc_lecb_connect_req_ind
 .text.gapc_lecb_add_credit_resp_handler
                0x1000db0a       0x20 ../src/ASF/thirdparty/wireless/ble_smart_sdk/lib/cm0/gcc\libblusdk.a(gapc_task.o)
                0x1000db0a                gapc_lecb_add_credit_resp_handler
 *fill*         0x1000db2a        0x2 
 .text.gapm_reset_req_handler
                0x1000db2c       0x70 ../src/ASF/thirdparty/wireless/ble_smart_sdk/lib/cm0/gcc\libblusdk.a(gapm_task.o)
                0x1000db2c                gapm_reset_req_handler
 .text.gapm_set_dev_config_cmd_handler
                0x1000db9c      0x108 ../src/ASF/thirdparty/wireless/ble_smart_sdk/lib/cm0/gcc\libblusdk.a(gapm_task.o)
                0x1000db9c                gapm_set_dev_config_cmd_handler
 .text.gapm_get_dev_config_cmd_handler
                0x1000dca4       0xe0 ../src/ASF/thirdparty/wireless/ble_smart_sdk/lib/cm0/gcc\libblusdk.a(gapm_task.o)
                0x1000dca4                gapm_get_dev_config_cmd_handler
 .text.gapm_cancel_cmd_handler
                0x1000dd84       0x70 ../src/ASF/thirdparty/wireless/ble_smart_sdk/lib/cm0/gcc\libblusdk.a(gapm_task.o)
                0x1000dd84                gapm_cancel_cmd_handler
 .text.gapm_dev_bdaddr_ind_handler
                0x1000ddf4       0x1c ../src/ASF/thirdparty/wireless/ble_smart_sdk/lib/cm0/gcc\libblusdk.a(gapm_task.o)
                0x1000ddf4                gapm_dev_bdaddr_ind_handler
 .text.gapm_cmp_evt
                0x1000de10      0x148 ../src/ASF/thirdparty/wireless/ble_smart_sdk/lib/cm0/gcc\libblusdk.a(gapm_task.o)
                0x1000de10                gapm_cmp_evt
 .text.gapm_adv_report_evt_handler
                0x1000df58       0x88 ../src/ASF/thirdparty/wireless/ble_smart_sdk/lib/cm0/gcc\libblusdk.a(gapm_task.o)
                0x1000df58                gapm_adv_report_evt_handler
 .text.gapm_resolv_addr_cmd_handler
                0x1000dfe0       0x68 ../src/ASF/thirdparty/wireless/ble_smart_sdk/lib/cm0/gcc\libblusdk.a(gapm_task.o)
                0x1000dfe0                gapm_resolv_addr_cmd_handler
 .text.gapm_addr_solved_ind_handler
                0x1000e048       0x24 ../src/ASF/thirdparty/wireless/ble_smart_sdk/lib/cm0/gcc\libblusdk.a(gapm_task.o)
                0x1000e048                gapm_addr_solved_ind_handler
 .text.gapm_profile_added_ind_handler
                0x1000e06c       0x20 ../src/ASF/thirdparty/wireless/ble_smart_sdk/lib/cm0/gcc\libblusdk.a(gapm_task.o)
                0x1000e06c                gapm_profile_added_ind_handler
 .text.gattc_read_req_ind_parser
                0x1000e08c        0xc ../src/ASF/thirdparty/wireless/ble_smart_sdk/lib/cm0/gcc\libblusdk.a(gattc_task.o)
                0x1000e08c                gattc_read_req_ind_parser
 .text.gattc_write_req_ind_parser
                0x1000e098       0x38 ../src/ASF/thirdparty/wireless/ble_smart_sdk/lib/cm0/gcc\libblusdk.a(gattc_task.o)
                0x1000e098                gattc_write_req_ind_parser
 .text.gattc_att_info_req_parser
                0x1000e0d0        0xc ../src/ASF/thirdparty/wireless/ble_smart_sdk/lib/cm0/gcc\libblusdk.a(gattc_task.o)
                0x1000e0d0                gattc_att_info_req_parser
 .text.gattc_read_cfm
                0x1000e0dc       0x6c ../src/ASF/thirdparty/wireless/ble_smart_sdk/lib/cm0/gcc\libblusdk.a(gattc_task.o)
                0x1000e0dc                gattc_read_cfm
 .text.gattc_write_cfm
                0x1000e148       0x44 ../src/ASF/thirdparty/wireless/ble_smart_sdk/lib/cm0/gcc\libblusdk.a(gattc_task.o)
                0x1000e148                gattc_write_cfm
 .text.gattc_att_info_cfm
                0x1000e18c       0x48 ../src/ASF/thirdparty/wireless/ble_smart_sdk/lib/cm0/gcc\libblusdk.a(gattc_task.o)
                0x1000e18c                gattc_att_info_cfm
 .text.gattc_event_cfm_handler
                0x1000e1d4       0x40 ../src/ASF/thirdparty/wireless/ble_smart_sdk/lib/cm0/gcc\libblusdk.a(gattc_task.o)
                0x1000e1d4                gattc_event_cfm_handler
 .text.gattc_disc_svc_ind_parser
                0x1000e214       0x3c ../src/ASF/thirdparty/wireless/ble_smart_sdk/lib/cm0/gcc\libblusdk.a(gattc_task.o)
                0x1000e214                gattc_disc_svc_ind_parser
 .text.gattc_disc_svc_incl_ind_parser
                0x1000e250       0x48 ../src/ASF/thirdparty/wireless/ble_smart_sdk/lib/cm0/gcc\libblusdk.a(gattc_task.o)
                0x1000e250                gattc_disc_svc_incl_ind_parser
 .text.gattc_disc_char_ind_parser
                0x1000e298       0x44 ../src/ASF/thirdparty/wireless/ble_smart_sdk/lib/cm0/gcc\libblusdk.a(gattc_task.o)
                0x1000e298                gattc_disc_char_ind_parser
 .text.gattc_disc_char_desc_ind_parser
                0x1000e2dc       0x34 ../src/ASF/thirdparty/wireless/ble_smart_sdk/lib/cm0/gcc\libblusdk.a(gattc_task.o)
                0x1000e2dc                gattc_disc_char_desc_ind_parser
 .text.gattc_event_ind_and_notification_parser
                0x1000e310       0x54 ../src/ASF/thirdparty/wireless/ble_smart_sdk/lib/cm0/gcc\libblusdk.a(gattc_task.o)
                0x1000e310                gattc_event_ind_and_notification_parser
 .text.gattc_complete_evt_handler
                0x1000e364       0x78 ../src/ASF/thirdparty/wireless/ble_smart_sdk/lib/cm0/gcc\libblusdk.a(gattc_task.o)
                0x1000e364                gattc_complete_evt_handler
 .text.gattc_event_mtu_changed_ind_parser
                0x1000e3dc       0x10 ../src/ASF/thirdparty/wireless/ble_smart_sdk/lib/cm0/gcc\libblusdk.a(gattc_task.o)
                0x1000e3dc                gattc_event_mtu_changed_ind_parser
 .text.gattc_read_ind_parser
                0x1000e3ec       0x40 ../src/ASF/thirdparty/wireless/ble_smart_sdk/lib/cm0/gcc\libblusdk.a(gattc_task.o)
                0x1000e3ec                gattc_read_ind_parser
 .text.gattc_svc_changed_cfg_ind_parser
                0x1000e42c       0x10 ../src/ASF/thirdparty/wireless/ble_smart_sdk/lib/cm0/gcc\libblusdk.a(gattc_task.o)
                0x1000e42c                gattc_svc_changed_cfg_ind_parser
 .text.init_gattc_task_module
                0x1000e43c       0x14 ../src/ASF/thirdparty/wireless/ble_smart_sdk/lib/cm0/gcc\libblusdk.a(gattc_task.o)
                0x1000e43c                init_gattc_task_module
 .text.gattm_att_set_value_req_handler
                0x1000e450       0x8c ../src/ASF/thirdparty/wireless/ble_smart_sdk/lib/cm0/gcc\libblusdk.a(gattm_task.o)
                0x1000e450                gattm_att_set_value_req_handler
 .text.gattm_att_get_value_req_handler
                0x1000e4dc       0x9c ../src/ASF/thirdparty/wireless/ble_smart_sdk/lib/cm0/gcc\libblusdk.a(gattm_task.o)
                0x1000e4dc                gattm_att_get_value_req_handler
 .text.htpt_enable_rsp_handler
                0x1000e578        0xa ../src/ASF/thirdparty/wireless/ble_smart_sdk/lib/cm0/gcc\libblusdk.a(htpt_task.o)
                0x1000e578                htpt_enable_rsp_handler
 .text.htpt_temp_send_rsp_handler
                0x1000e582        0x6 ../src/ASF/thirdparty/wireless/ble_smart_sdk/lib/cm0/gcc\libblusdk.a(htpt_task.o)
                0x1000e582                htpt_temp_send_rsp_handler
 .text.htpt_meas_intv_upd_rsp_handler
                0x1000e588        0x6 ../src/ASF/thirdparty/wireless/ble_smart_sdk/lib/cm0/gcc\libblusdk.a(htpt_task.o)
                0x1000e588                htpt_meas_intv_upd_rsp_handler
 .text.htpt_meas_intv_chg_req_ind_handler
                0x1000e58e        0xc ../src/ASF/thirdparty/wireless/ble_smart_sdk/lib/cm0/gcc\libblusdk.a(htpt_task.o)
                0x1000e58e                htpt_meas_intv_chg_req_ind_handler
 .text.htpt_cfg_indntf_ind_handler
                0x1000e59a        0xa ../src/ASF/thirdparty/wireless/ble_smart_sdk/lib/cm0/gcc\libblusdk.a(htpt_task.o)
                0x1000e59a                htpt_cfg_indntf_ind_handler
 .text          0x1000e5a4       0x14 c:/program files (x86)/atmel/studio/7.0/toolchain/arm/arm-gnu-toolchain/bin/../lib/gcc/arm-none-eabi/5.3.1/armv6-m\libgcc.a(_thumb1_case_uqi.o)
                0x1000e5a4                __gnu_thumb1_case_uqi
 .text          0x1000e5b8      0x114 c:/program files (x86)/atmel/studio/7.0/toolchain/arm/arm-gnu-toolchain/bin/../lib/gcc/arm-none-eabi/5.3.1/armv6-m\libgcc.a(_udivsi3.o)
                0x1000e5b8                __aeabi_uidiv
                0x1000e5b8                __udivsi3
                0x1000e6c4                __aeabi_uidivmod
 .text          0x1000e6cc        0x4 c:/program files (x86)/atmel/studio/7.0/toolchain/arm/arm-gnu-toolchain/bin/../lib/gcc/arm-none-eabi/5.3.1/armv6-m\libgcc.a(_dvmd_tls.o)
                0x1000e6cc                __aeabi_idiv0
                0x1000e6cc                __aeabi_ldiv0
 .text          0x1000e6d0       0x3c c:/program files (x86)/atmel/studio/7.0/toolchain/arm/arm-gnu-toolchain/bin/../lib/gcc/arm-none-eabi/5.3.1/armv6-m\libgcc.a(_fixunsdfsi.o)
                0x1000e6d0                __aeabi_d2uiz
                0x1000e6d0                __fixunsdfsi
 .text          0x1000e70c      0x4f4 c:/program files (x86)/atmel/studio/7.0/toolchain/arm/arm-gnu-toolchain/bin/../lib/gcc/arm-none-eabi/5.3.1/armv6-m\libgcc.a(muldf3.o)
                0x1000e70c                __aeabi_dmul
 .text          0x1000ec00      0x6a8 c:/program files (x86)/atmel/studio/7.0/toolchain/arm/arm-gnu-toolchain/bin/../lib/gcc/arm-none-eabi/5.3.1/armv6-m\libgcc.a(subdf3.o)
                0x1000ec00                __aeabi_dsub
 .text          0x1000f2a8       0x6c c:/program files (x86)/atmel/studio/7.0/toolchain/arm/arm-gnu-toolchain/bin/../lib/gcc/arm-none-eabi/5.3.1/armv6-m\libgcc.a(fixdfsi.o)
                0x1000f2a8                __aeabi_d2iz
 .text          0x1000f314       0x70 c:/program files (x86)/atmel/studio/7.0/toolchain/arm/arm-gnu-toolchain/bin/../lib/gcc/arm-none-eabi/5.3.1/armv6-m\libgcc.a(floatunsidf.o)
                0x1000f314                __aeabi_ui2d
 .text          0x1000f384       0x7c c:/program files (x86)/atmel/studio/7.0/toolchain/arm/arm-gnu-toolchain/bin/../lib/gcc/arm-none-eabi/5.3.1/armv6-m\libgcc.a(_arm_cmpdf2.o)
                0x1000f384                __aeabi_cdrcmple
                0x1000f394                __aeabi_cdcmple
                0x1000f394                __aeabi_cdcmpeq
                0x1000f3a4                __aeabi_dcmpeq
                0x1000f3b0                __aeabi_dcmplt
                0x1000f3c4                __aeabi_dcmple
                0x1000f3d8                __aeabi_dcmpgt
                0x1000f3ec                __aeabi_dcmpge
 .text          0x1000f400       0x3c c:/program files (x86)/atmel/studio/7.0/toolchain/arm/arm-gnu-toolchain/bin/../lib/gcc/arm-none-eabi/5.3.1/armv6-m\libgcc.a(_clzsi2.o)
                0x1000f400                __clzsi2
 .text          0x1000f43c       0x80 c:/program files (x86)/atmel/studio/7.0/toolchain/arm/arm-gnu-toolchain/bin/../lib/gcc/arm-none-eabi/5.3.1/armv6-m\libgcc.a(eqdf2.o)
                0x1000f43c                __nedf2
                0x1000f43c                __eqdf2
 .text          0x1000f4bc       0xc8 c:/program files (x86)/atmel/studio/7.0/toolchain/arm/arm-gnu-toolchain/bin/../lib/gcc/arm-none-eabi/5.3.1/armv6-m\libgcc.a(gedf2.o)
                0x1000f4bc                __gedf2
                0x1000f4bc                __gtdf2
 .text          0x1000f584       0xd4 c:/program files (x86)/atmel/studio/7.0/toolchain/arm/arm-gnu-toolchain/bin/../lib/gcc/arm-none-eabi/5.3.1/armv6-m\libgcc.a(ledf2.o)
                0x1000f584                __ledf2
                0x1000f584                __ltdf2
 .text.__libc_init_array
                0x1000f658       0x4c c:/program files (x86)/atmel/studio/7.0/toolchain/arm/arm-gnu-toolchain/bin/../lib/gcc/arm-none-eabi/5.3.1/../../../../arm-none-eabi/lib/armv6-m\libc_nano.a(lib_a-init.o)
                0x1000f658                __libc_init_array
 .text.memcmp   0x1000f6a4       0x1e c:/program files (x86)/atmel/studio/7.0/toolchain/arm/arm-gnu-toolchain/bin/../lib/gcc/arm-none-eabi/5.3.1/../../../../arm-none-eabi/lib/armv6-m\libc_nano.a(lib_a-memcmp.o)
                0x1000f6a4                memcmp
 .text.memcpy   0x1000f6c2       0x12 c:/program files (x86)/atmel/studio/7.0/toolchain/arm/arm-gnu-toolchain/bin/../lib/gcc/arm-none-eabi/5.3.1/../../../../arm-none-eabi/lib/armv6-m\libc_nano.a(lib_a-memcpy-stub.o)
                0x1000f6c2                memcpy
 .text.memset   0x1000f6d4       0x10 c:/program files (x86)/atmel/studio/7.0/toolchain/arm/arm-gnu-toolchain/bin/../lib/gcc/arm-none-eabi/5.3.1/../../../../arm-none-eabi/lib/armv6-m\libc_nano.a(lib_a-memset.o)
                0x1000f6d4                memset
 .text.printf   0x1000f6e4       0x34 c:/program files (x86)/atmel/studio/7.0/toolchain/arm/arm-gnu-toolchain/bin/../lib/gcc/arm-none-eabi/5.3.1/../../../../arm-none-eabi/lib/armv6-m\libc_nano.a(lib_a-printf.o)
                0x1000f6e4                iprintf
                0x1000f6e4                printf
 .text.putchar  0x1000f718       0x28 c:/program files (x86)/atmel/studio/7.0/toolchain/arm/arm-gnu-toolchain/bin/../lib/gcc/arm-none-eabi/5.3.1/../../../../arm-none-eabi/lib/armv6-m\libc_nano.a(lib_a-putchar.o)
                0x1000f718                putchar
 .text._puts_r  0x1000f740       0xc4 c:/program files (x86)/atmel/studio/7.0/toolchain/arm/arm-gnu-toolchain/bin/../lib/gcc/arm-none-eabi/5.3.1/../../../../arm-none-eabi/lib/armv6-m\libc_nano.a(lib_a-puts.o)
                0x1000f740                _puts_r
 .text.puts     0x1000f804       0x14 c:/program files (x86)/atmel/studio/7.0/toolchain/arm/arm-gnu-toolchain/bin/../lib/gcc/arm-none-eabi/5.3.1/../../../../arm-none-eabi/lib/armv6-m\libc_nano.a(lib_a-puts.o)
                0x1000f804                puts
 .text.rand     0x1000f818       0x78 c:/program files (x86)/atmel/studio/7.0/toolchain/arm/arm-gnu-toolchain/bin/../lib/gcc/arm-none-eabi/5.3.1/../../../../arm-none-eabi/lib/armv6-m\libc_nano.a(lib_a-rand.o)
                0x1000f818                rand
 .text.setbuf   0x1000f890       0x12 c:/program files (x86)/atmel/studio/7.0/toolchain/arm/arm-gnu-toolchain/bin/../lib/gcc/arm-none-eabi/5.3.1/../../../../arm-none-eabi/lib/armv6-m\libc_nano.a(lib_a-setbuf.o)
                0x1000f890                setbuf
 *fill*         0x1000f8a2        0x2 
 .text.setvbuf  0x1000f8a4      0x160 c:/program files (x86)/atmel/studio/7.0/toolchain/arm/arm-gnu-toolchain/bin/../lib/gcc/arm-none-eabi/5.3.1/../../../../arm-none-eabi/lib/armv6-m\libc_nano.a(lib_a-setvbuf.o)
                0x1000f8a4                setvbuf
 .text.__swbuf_r
                0x1000fa04       0xb0 c:/program files (x86)/atmel/studio/7.0/toolchain/arm/arm-gnu-toolchain/bin/../lib/gcc/arm-none-eabi/5.3.1/../../../../arm-none-eabi/lib/armv6-m\libc_nano.a(lib_a-wbuf.o)
                0x1000fa04                __swbuf_r
 .text.__swsetup_r
                0x1000fab4       0xec c:/program files (x86)/atmel/studio/7.0/toolchain/arm/arm-gnu-toolchain/bin/../lib/gcc/arm-none-eabi/5.3.1/../../../../arm-none-eabi/lib/armv6-m\libc_nano.a(lib_a-wsetup.o)
                0x1000fab4                __swsetup_r
 .text.__sflush_r
                0x1000fba0      0x10c c:/program files (x86)/atmel/studio/7.0/toolchain/arm/arm-gnu-toolchain/bin/../lib/gcc/arm-none-eabi/5.3.1/../../../../arm-none-eabi/lib/armv6-m\libc_nano.a(lib_a-fflush.o)
                0x1000fba0                __sflush_r
 .text._fflush_r
                0x1000fcac       0x58 c:/program files (x86)/atmel/studio/7.0/toolchain/arm/arm-gnu-toolchain/bin/../lib/gcc/arm-none-eabi/5.3.1/../../../../arm-none-eabi/lib/armv6-m\libc_nano.a(lib_a-fflush.o)
                0x1000fcac                _fflush_r
 .text._cleanup_r
                0x1000fd04       0x10 c:/program files (x86)/atmel/studio/7.0/toolchain/arm/arm-gnu-toolchain/bin/../lib/gcc/arm-none-eabi/5.3.1/../../../../arm-none-eabi/lib/armv6-m\libc_nano.a(lib_a-findfp.o)
                0x1000fd04                _cleanup_r
 .text.std.isra.0
                0x1000fd14       0x48 c:/program files (x86)/atmel/studio/7.0/toolchain/arm/arm-gnu-toolchain/bin/../lib/gcc/arm-none-eabi/5.3.1/../../../../arm-none-eabi/lib/armv6-m\libc_nano.a(lib_a-findfp.o)
 .text.__sfmoreglue
                0x1000fd5c       0x2c c:/program files (x86)/atmel/studio/7.0/toolchain/arm/arm-gnu-toolchain/bin/../lib/gcc/arm-none-eabi/5.3.1/../../../../arm-none-eabi/lib/armv6-m\libc_nano.a(lib_a-findfp.o)
                0x1000fd5c                __sfmoreglue
 .text.__sinit  0x1000fd88       0x68 c:/program files (x86)/atmel/studio/7.0/toolchain/arm/arm-gnu-toolchain/bin/../lib/gcc/arm-none-eabi/5.3.1/../../../../arm-none-eabi/lib/armv6-m\libc_nano.a(lib_a-findfp.o)
                0x1000fd88                __sinit
 .text.__sfp    0x1000fdf0       0x7c c:/program files (x86)/atmel/studio/7.0/toolchain/arm/arm-gnu-toolchain/bin/../lib/gcc/arm-none-eabi/5.3.1/../../../../arm-none-eabi/lib/armv6-m\libc_nano.a(lib_a-findfp.o)
                0x1000fdf0                __sfp
 .text._fwalk_reent
                0x1000fe6c       0x42 c:/program files (x86)/atmel/studio/7.0/toolchain/arm/arm-gnu-toolchain/bin/../lib/gcc/arm-none-eabi/5.3.1/../../../../arm-none-eabi/lib/armv6-m\libc_nano.a(lib_a-fwalk.o)
                0x1000fe6c                _fwalk_reent
 *fill*         0x1000feae        0x2 
 .text.__swhatbuf_r
                0x1000feb0       0x4c c:/program files (x86)/atmel/studio/7.0/toolchain/arm/arm-gnu-toolchain/bin/../lib/gcc/arm-none-eabi/5.3.1/../../../../arm-none-eabi/lib/armv6-m\libc_nano.a(lib_a-makebuf.o)
                0x1000feb0                __swhatbuf_r
 .text.__smakebuf_r
                0x1000fefc       0x7c c:/program files (x86)/atmel/studio/7.0/toolchain/arm/arm-gnu-toolchain/bin/../lib/gcc/arm-none-eabi/5.3.1/../../../../arm-none-eabi/lib/armv6-m\libc_nano.a(lib_a-makebuf.o)
                0x1000fefc                __smakebuf_r
 .text.malloc   0x1000ff78       0x14 c:/program files (x86)/atmel/studio/7.0/toolchain/arm/arm-gnu-toolchain/bin/../lib/gcc/arm-none-eabi/5.3.1/../../../../arm-none-eabi/lib/armv6-m\libc_nano.a(lib_a-malloc.o)
                0x1000ff78                malloc
 .text._free_r  0x1000ff8c       0x8c c:/program files (x86)/atmel/studio/7.0/toolchain/arm/arm-gnu-toolchain/bin/../lib/gcc/arm-none-eabi/5.3.1/../../../../arm-none-eabi/lib/armv6-m\libc_nano.a(lib_a-nano-freer.o)
                0x1000ff8c                _free_r
 .text._malloc_r
                0x10010018       0xac c:/program files (x86)/atmel/studio/7.0/toolchain/arm/arm-gnu-toolchain/bin/../lib/gcc/arm-none-eabi/5.3.1/../../../../arm-none-eabi/lib/armv6-m\libc_nano.a(lib_a-nano-mallocr.o)
                0x10010018                _malloc_r
 .text.__sfputc_r
                0x100100c4       0x2a c:/program files (x86)/atmel/studio/7.0/toolchain/arm/arm-gnu-toolchain/bin/../lib/gcc/arm-none-eabi/5.3.1/../../../../arm-none-eabi/lib/armv6-m\libc_nano.a(lib_a-nano-vfprintf.o)
 .text.__sfputs_r
                0x100100ee       0x24 c:/program files (x86)/atmel/studio/7.0/toolchain/arm/arm-gnu-toolchain/bin/../lib/gcc/arm-none-eabi/5.3.1/../../../../arm-none-eabi/lib/armv6-m\libc_nano.a(lib_a-nano-vfprintf.o)
                0x100100ee                __sfputs_r
 *fill*         0x10010112        0x2 
 .text._vfprintf_r
                0x10010114      0x238 c:/program files (x86)/atmel/studio/7.0/toolchain/arm/arm-gnu-toolchain/bin/../lib/gcc/arm-none-eabi/5.3.1/../../../../arm-none-eabi/lib/armv6-m\libc_nano.a(lib_a-nano-vfprintf.o)
                0x10010114                _vfprintf_r
                0x10010114                _vfiprintf_r
 .text._printf_common
                0x1001034c       0xdc c:/program files (x86)/atmel/studio/7.0/toolchain/arm/arm-gnu-toolchain/bin/../lib/gcc/arm-none-eabi/5.3.1/../../../../arm-none-eabi/lib/armv6-m\libc_nano.a(lib_a-nano-vfprintf_i.o)
                0x1001034c                _printf_common
 .text._printf_i
                0x10010428      0x244 c:/program files (x86)/atmel/studio/7.0/toolchain/arm/arm-gnu-toolchain/bin/../lib/gcc/arm-none-eabi/5.3.1/../../../../arm-none-eabi/lib/armv6-m\libc_nano.a(lib_a-nano-vfprintf_i.o)
                0x10010428                _printf_i
 .text._putc_r  0x1001066c       0x6c c:/program files (x86)/atmel/studio/7.0/toolchain/arm/arm-gnu-toolchain/bin/../lib/gcc/arm-none-eabi/5.3.1/../../../../arm-none-eabi/lib/armv6-m\libc_nano.a(lib_a-putc.o)
                0x1001066c                _putc_r
 .text._sbrk_r  0x100106d8       0x24 c:/program files (x86)/atmel/studio/7.0/toolchain/arm/arm-gnu-toolchain/bin/../lib/gcc/arm-none-eabi/5.3.1/../../../../arm-none-eabi/lib/armv6-m\libc_nano.a(lib_a-sbrkr.o)
                0x100106d8                _sbrk_r
 .text.__sread  0x100106fc       0x28 c:/program files (x86)/atmel/studio/7.0/toolchain/arm/arm-gnu-toolchain/bin/../lib/gcc/arm-none-eabi/5.3.1/../../../../arm-none-eabi/lib/armv6-m\libc_nano.a(lib_a-stdio.o)
                0x100106fc                __sread
 .text.__swrite
                0x10010724       0x38 c:/program files (x86)/atmel/studio/7.0/toolchain/arm/arm-gnu-toolchain/bin/../lib/gcc/arm-none-eabi/5.3.1/../../../../arm-none-eabi/lib/armv6-m\libc_nano.a(lib_a-stdio.o)
                0x10010724                __swrite
 .text.__sseek  0x1001075c       0x2c c:/program files (x86)/atmel/studio/7.0/toolchain/arm/arm-gnu-toolchain/bin/../lib/gcc/arm-none-eabi/5.3.1/../../../../arm-none-eabi/lib/armv6-m\libc_nano.a(lib_a-stdio.o)
                0x1001075c                __sseek
 .text.__sclose
                0x10010788        0xc c:/program files (x86)/atmel/studio/7.0/toolchain/arm/arm-gnu-toolchain/bin/../lib/gcc/arm-none-eabi/5.3.1/../../../../arm-none-eabi/lib/armv6-m\libc_nano.a(lib_a-stdio.o)
                0x10010788                __sclose
 .text._write_r
                0x10010794       0x28 c:/program files (x86)/atmel/studio/7.0/toolchain/arm/arm-gnu-toolchain/bin/../lib/gcc/arm-none-eabi/5.3.1/../../../../arm-none-eabi/lib/armv6-m\libc_nano.a(lib_a-writer.o)
                0x10010794                _write_r
 .text._close_r
                0x100107bc       0x24 c:/program files (x86)/atmel/studio/7.0/toolchain/arm/arm-gnu-toolchain/bin/../lib/gcc/arm-none-eabi/5.3.1/../../../../arm-none-eabi/lib/armv6-m\libc_nano.a(lib_a-closer.o)
                0x100107bc                _close_r
 .text._fstat_r
                0x100107e0       0x24 c:/program files (x86)/atmel/studio/7.0/toolchain/arm/arm-gnu-toolchain/bin/../lib/gcc/arm-none-eabi/5.3.1/../../../../arm-none-eabi/lib/armv6-m\libc_nano.a(lib_a-fstatr.o)
                0x100107e0                _fstat_r
 .text._isatty_r
                0x10010804       0x24 c:/program files (x86)/atmel/studio/7.0/toolchain/arm/arm-gnu-toolchain/bin/../lib/gcc/arm-none-eabi/5.3.1/../../../../arm-none-eabi/lib/armv6-m\libc_nano.a(lib_a-isattyr.o)
                0x10010804                _isatty_r
 .text._lseek_r
                0x10010828       0x28 c:/program files (x86)/atmel/studio/7.0/toolchain/arm/arm-gnu-toolchain/bin/../lib/gcc/arm-none-eabi/5.3.1/../../../../arm-none-eabi/lib/armv6-m\libc_nano.a(lib_a-lseekr.o)
                0x10010828                _lseek_r
 .text.memchr   0x10010850       0x16 c:/program files (x86)/atmel/studio/7.0/toolchain/arm/arm-gnu-toolchain/bin/../lib/gcc/arm-none-eabi/5.3.1/../../../../arm-none-eabi/lib/armv6-m\libc_nano.a(lib_a-memchr-stub.o)
                0x10010850                memchr
 *fill*         0x10010866        0x2 
 .text._read_r  0x10010868       0x28 c:/program files (x86)/atmel/studio/7.0/toolchain/arm/arm-gnu-toolchain/bin/../lib/gcc/arm-none-eabi/5.3.1/../../../../arm-none-eabi/lib/armv6-m\libc_nano.a(lib_a-readr.o)
                0x10010868                _read_r
 .text          0x10010890       0x58 c:/program files (x86)/atmel/studio/7.0/toolchain/arm/arm-gnu-toolchain/bin/../lib/gcc/arm-none-eabi/5.3.1/armv6-m\libgcc.a(_muldi3.o)
                0x10010890                __muldi3
                0x10010890                __aeabi_lmul
 *(.glue_7t)
 .glue_7t       0x100108e8        0x0 linker stubs
 *(.glue_7)
 .glue_7        0x100108e8        0x0 linker stubs
 *(.rodata .rodata* .gnu.linkonce.r.*)
 .rodata.sms_ble_gap_cb
                0x100108e8       0x4c src/sms_v_0_2/src/sms_ble.o
                0x100108e8                sms_ble_gap_cb
 .rodata.sms_ble_gatt_client_cb
                0x10010934       0x28 src/sms_v_0_2/src/sms_ble.o
                0x10010934                sms_ble_gatt_client_cb
 .rodata.str1.4
                0x1001095c       0x49 src/sms_v_0_2/src/sms_button.o
 *fill*         0x100109a5        0x3 
 .rodata.str1.4
                0x100109a8       0x32 src/sms_v_0_2/src/sms_led.o
                                 0x36 (size before relaxing)
 *fill*         0x100109da        0x2 
 .rodata.system_clock_peripheral_enable
                0x100109dc       0xd8 src/ASF/sam0/drivers/system/system_sam_b.o
 .rodata.system_clock_peripheral_disable
                0x10010ab4       0xd8 src/ASF/sam0/drivers/system/system_sam_b.o
 .rodata.system_peripheral_reset
                0x10010b8c      0x110 src/ASF/sam0/drivers/system/system_sam_b.o
 .rodata.ble_disconnected_state_handler
                0x10010c9c       0x20 src/ASF/thirdparty/wireless/ble_smart_sdk/ble_services/ble_mgr/ble_manager.o
 .rodata.ble_mgr_events_callback_handler
                0x10010cbc       0x1c src/ASF/thirdparty/wireless/ble_smart_sdk/ble_services/ble_mgr/ble_manager.o
 .rodata        0x10010cd8       0x19 src/ASF/thirdparty/wireless/ble_smart_sdk/ble_services/ble_mgr/ble_manager.o
 *fill*         0x10010cf1        0x3 
 .rodata.ble_mgr_gatt_server_handle
                0x10010cf4       0x28 src/ASF/thirdparty/wireless/ble_smart_sdk/ble_services/ble_mgr/ble_manager.o
 .rodata.str1.4
                0x10010d1c      0x973 src/ASF/thirdparty/wireless/ble_smart_sdk/ble_services/ble_mgr/ble_manager.o
                                0x977 (size before relaxing)
 *fill*         0x1001168f        0x1 
 .rodata.ble_mgr_gap_handle
                0x10011690       0x4c src/ASF/thirdparty/wireless/ble_smart_sdk/ble_services/ble_mgr/ble_manager.o
 .rodata.str1.4
                0x100116dc       0x2c src/sms_central1.o
                                 0x30 (size before relaxing)
 .rodata        0x10011708        0xb ../src/ASF/thirdparty/wireless/ble_smart_sdk/lib/cm0/gcc\libblusdk.a(gap.o)
 .rodata.CSWTCH.47
                0x10011713        0xf ../src/ASF/thirdparty/wireless/ble_smart_sdk/lib/cm0/gcc\libblusdk.a(gap.o)
 *fill*         0x10011722        0x2 
 .rodata        0x10011724       0x40 c:/program files (x86)/atmel/studio/7.0/toolchain/arm/arm-gnu-toolchain/bin/../lib/gcc/arm-none-eabi/5.3.1/armv6-m\libgcc.a(muldf3.o)
 .rodata.str1.1
                0x10011764        0x2 c:/program files (x86)/atmel/studio/7.0/toolchain/arm/arm-gnu-toolchain/bin/../lib/gcc/arm-none-eabi/5.3.1/../../../../arm-none-eabi/lib/armv6-m\libc_nano.a(lib_a-impure.o)
 *fill*         0x10011766        0x2 
 .rodata._global_impure_ptr
                0x10011768        0x4 c:/program files (x86)/atmel/studio/7.0/toolchain/arm/arm-gnu-toolchain/bin/../lib/gcc/arm-none-eabi/5.3.1/../../../../arm-none-eabi/lib/armv6-m\libc_nano.a(lib_a-impure.o)
                0x10011768                _global_impure_ptr
 .rodata.__sf_fake_stdin
                0x1001176c       0x20 c:/program files (x86)/atmel/studio/7.0/toolchain/arm/arm-gnu-toolchain/bin/../lib/gcc/arm-none-eabi/5.3.1/../../../../arm-none-eabi/lib/armv6-m\libc_nano.a(lib_a-findfp.o)
                0x1001176c                __sf_fake_stdin
 .rodata.__sf_fake_stdout
                0x1001178c       0x20 c:/program files (x86)/atmel/studio/7.0/toolchain/arm/arm-gnu-toolchain/bin/../lib/gcc/arm-none-eabi/5.3.1/../../../../arm-none-eabi/lib/armv6-m\libc_nano.a(lib_a-findfp.o)
                0x1001178c                __sf_fake_stdout
 .rodata.__sf_fake_stderr
                0x100117ac       0x20 c:/program files (x86)/atmel/studio/7.0/toolchain/arm/arm-gnu-toolchain/bin/../lib/gcc/arm-none-eabi/5.3.1/../../../../arm-none-eabi/lib/armv6-m\libc_nano.a(lib_a-findfp.o)
                0x100117ac                __sf_fake_stderr
 .rodata.str1.1
                0x100117cc       0x11 c:/program files (x86)/atmel/studio/7.0/toolchain/arm/arm-gnu-toolchain/bin/../lib/gcc/arm-none-eabi/5.3.1/../../../../arm-none-eabi/lib/armv6-m\libc_nano.a(lib_a-nano-vfprintf.o)
 .rodata.str1.1
                0x100117dd       0x22 c:/program files (x86)/atmel/studio/7.0/toolchain/arm/arm-gnu-toolchain/bin/../lib/gcc/arm-none-eabi/5.3.1/../../../../arm-none-eabi/lib/armv6-m\libc_nano.a(lib_a-nano-vfprintf_i.o)
 *(.ARM.extab* .gnu.linkonce.armextab.*)
                0x10011800                . = ALIGN (0x4)
 *fill*         0x100117ff        0x1 
 *(.init)
 .init          0x10011800        0x4 c:/program files (x86)/atmel/studio/7.0/toolchain/arm/arm-gnu-toolchain/bin/../lib/gcc/arm-none-eabi/5.3.1/armv6-m/crti.o
                0x10011800                _init
 .init          0x10011804        0x8 c:/program files (x86)/atmel/studio/7.0/toolchain/arm/arm-gnu-toolchain/bin/../lib/gcc/arm-none-eabi/5.3.1/armv6-m/crtn.o
                0x1001180c                . = ALIGN (0x4)
                0x1001180c                __preinit_array_start = .
 *(.preinit_array)
                0x1001180c                __preinit_array_end = .
                0x1001180c                . = ALIGN (0x4)
                0x1001180c                __init_array_start = .
 *(SORT(.init_array.*))
 *(.init_array)
 .init_array    0x1001180c        0x4 c:/program files (x86)/atmel/studio/7.0/toolchain/arm/arm-gnu-toolchain/bin/../lib/gcc/arm-none-eabi/5.3.1/armv6-m/crtbegin.o
                0x10011810                __init_array_end = .
                0x10011810                . = ALIGN (0x4)
 *crtbegin.o(.ctors)
 *(EXCLUDE_FILE(*crtend.o) .ctors)
 *(SORT(.ctors.*))
 *crtend.o(.ctors)
                0x10011810                . = ALIGN (0x4)
 *(.fini)
 .fini          0x10011810        0x4 c:/program files (x86)/atmel/studio/7.0/toolchain/arm/arm-gnu-toolchain/bin/../lib/gcc/arm-none-eabi/5.3.1/armv6-m/crti.o
                0x10011810                _fini
 .fini          0x10011814        0x8 c:/program files (x86)/atmel/studio/7.0/toolchain/arm/arm-gnu-toolchain/bin/../lib/gcc/arm-none-eabi/5.3.1/armv6-m/crtn.o
                0x1001181c                . = ALIGN (0x4)
                0x1001181c                __fini_array_start = .
 *(.fini_array)
 .fini_array    0x1001181c        0x4 c:/program files (x86)/atmel/studio/7.0/toolchain/arm/arm-gnu-toolchain/bin/../lib/gcc/arm-none-eabi/5.3.1/armv6-m/crtbegin.o
 *(SORT(.fini_array.*))
                0x10011820                __fini_array_end = .
 *crtbegin.o(.dtors)
 *(EXCLUDE_FILE(*crtend.o) .dtors)
 *(SORT(.dtors.*))
 *crtend.o(.dtors)
                0x10011820                . = ALIGN (0x4)
                0x10011820                _efixed = .

.vfp11_veneer   0x10011820        0x0
 .vfp11_veneer  0x10011820        0x0 linker stubs

.v4_bx          0x10011820        0x0
 .v4_bx         0x10011820        0x0 linker stubs

.iplt           0x10011820        0x0
 .iplt          0x10011820        0x0 c:/program files (x86)/atmel/studio/7.0/toolchain/arm/arm-gnu-toolchain/bin/../lib/gcc/arm-none-eabi/5.3.1/armv6-m/crtbegin.o

.eh_frame       0x10011820        0x0
 .eh_frame      0x10011820        0x0 c:/program files (x86)/atmel/studio/7.0/toolchain/arm/arm-gnu-toolchain/bin/../lib/gcc/arm-none-eabi/5.3.1/armv6-m/crtbegin.o

.rel.dyn        0x10011820        0x0
 .rel.iplt      0x10011820        0x0 c:/program files (x86)/atmel/studio/7.0/toolchain/arm/arm-gnu-toolchain/bin/../lib/gcc/arm-none-eabi/5.3.1/armv6-m/crtbegin.o

.jcr            0x10011820        0x0
 .jcr           0x10011820        0x0 c:/program files (x86)/atmel/studio/7.0/toolchain/arm/arm-gnu-toolchain/bin/../lib/gcc/arm-none-eabi/5.3.1/armv6-m/crtbegin.o

.igot.plt       0x10011820        0x0
 .igot.plt      0x10011820        0x0 c:/program files (x86)/atmel/studio/7.0/toolchain/arm/arm-gnu-toolchain/bin/../lib/gcc/arm-none-eabi/5.3.1/armv6-m/crtbegin.o
                0x10011820                . = ALIGN (0x4)
                0x10011820                _etext = .

.relocate       0x10011820       0x74
                0x10011820                . = ALIGN (0x4)
                0x10011820                _srelocate = .
 *(.ramfunc .ramfunc.*)
 *(.data .data.*)
 .data.cycles_per_us
                0x10011820        0x4 src/ASF/common/services/delay/sam/systick_counter.o
 .data.cycles_per_ms
                0x10011824        0x4 src/ASF/common/services/delay/sam/systick_counter.o
 .data.l2cap_avail_buffers
                0x10011828        0x1 ../src/ASF/thirdparty/wireless/ble_smart_sdk/lib/cm0/gcc\libblusdk.a(l2cc_task.o)
                0x10011828                l2cap_avail_buffers
 *fill*         0x10011829        0x3 
 .data.dummy_buffer
                0x1001182c        0x4 ../src/ASF/thirdparty/wireless/ble_smart_sdk/lib/cm0/gcc\libblusdk.a(interface.o)
                0x1001182c                dummy_buffer
 .data.impure_data
                0x10011830       0x60 c:/program files (x86)/atmel/studio/7.0/toolchain/arm/arm-gnu-toolchain/bin/../lib/gcc/arm-none-eabi/5.3.1/../../../../arm-none-eabi/lib/armv6-m\libc_nano.a(lib_a-impure.o)
 .data._impure_ptr
                0x10011890        0x4 c:/program files (x86)/atmel/studio/7.0/toolchain/arm/arm-gnu-toolchain/bin/../lib/gcc/arm-none-eabi/5.3.1/../../../../arm-none-eabi/lib/armv6-m\libc_nano.a(lib_a-impure.o)
                0x10011890                _impure_ptr
                0x10011894                . = ALIGN (0x4)
                0x10011894                _erelocate = .

.bss            0x10011894     0x2d4c
                0x10011894                . = ALIGN (0x4)
                0x10011894                _sbss = .
                0x10011894                _szero = .
 *(.bss .bss.*)
 .bss           0x10011894       0x1c c:/program files (x86)/atmel/studio/7.0/toolchain/arm/arm-gnu-toolchain/bin/../lib/gcc/arm-none-eabi/5.3.1/armv6-m/crtbegin.o
 .bss.dualtimer_callback_timer1
                0x100118b0        0x4 src/ASF/sam0/drivers/dualtimer/dualtimer.o
 .bss.dualtimer_callback_timer2
                0x100118b4        0x4 src/ASF/sam0/drivers/dualtimer/dualtimer.o
 .bss.heap.5286
                0x100118b8        0x4 src/ASF/sam0/utils/syscalls/gcc/syscalls.o
 .bss.event_pool_memory
                0x100118bc      0x400 src/ASF/thirdparty/wireless/ble_smart_sdk/ble_services/ble_mgr/ble_manager.o
                0x100118bc                event_pool_memory
 .bss.att_db_data
                0x10011cbc      0x4e0 src/ASF/thirdparty/wireless/ble_smart_sdk/ble_services/ble_mgr/ble_manager.o
                0x10011cbc                att_db_data
 .bss.ble_user_event_cb
                0x1001219c        0x4 src/ASF/thirdparty/wireless/ble_smart_sdk/ble_services/ble_mgr/ble_manager.o
                0x1001219c                ble_user_event_cb
 .bss.scan_response_count
                0x100121a0        0x1 src/ASF/thirdparty/wireless/ble_smart_sdk/ble_services/ble_mgr/ble_manager.o
                0x100121a0                scan_response_count
 *fill*         0x100121a1        0x3 
 .bss.ble_peripheral_dev_address
                0x100121a4        0x7 src/ASF/thirdparty/wireless/ble_smart_sdk/ble_services/ble_mgr/ble_manager.o
 *fill*         0x100121ab        0x1 
 .bss.event_params_memory
                0x100121ac     0x1000 src/ASF/thirdparty/wireless/ble_smart_sdk/ble_services/ble_mgr/ble_manager.o
                0x100121ac                event_params_memory
 .bss.tick      0x100131ac        0x4 src/ASF/thirdparty/wireless/ble_smart_sdk/services/uart/console_serial.o
                0x100131ac                tick
 .bss.read_status
                0x100131b0        0x1 src/ASF/thirdparty/wireless/ble_smart_sdk/services/uart/console_serial.o
                0x100131b0                read_status
 *fill*         0x100131b1        0x3 
 .bss.string_input
                0x100131b4        0x1 src/ASF/thirdparty/wireless/ble_smart_sdk/services/uart/console_serial.o
                0x100131b4                string_input
 *fill*         0x100131b5        0x3 
 .bss.user_callback_func
                0x100131b8        0x4 src/ASF/thirdparty/wireless/ble_smart_sdk/services/uart/console_serial.o
                0x100131b8                user_callback_func
 .bss.platform_event_pending_list
                0x100131bc        0x4 src/ASF/thirdparty/wireless/ble_smart_sdk/src/event_handler.o
 .bss.platform_event_free_list
                0x100131c0        0x4 src/ASF/thirdparty/wireless/ble_smart_sdk/src/event_handler.o
 .bss.platform_event_pool
                0x100131c4       0x78 src/ASF/thirdparty/wireless/ble_smart_sdk/src/event_handler.o
 .bss.rcv_msg.12903
                0x1001323c        0x4 src/ASF/thirdparty/wireless/ble_smart_sdk/src/platform_drv.o
 .bss.ke_free   0x10013240        0x4 src/ASF/thirdparty/wireless/ble_smart_sdk/src/platform_drv.o
 .bss.gapm_get_id_from_task
                0x10013244        0x4 src/ASF/thirdparty/wireless/ble_smart_sdk/src/platform_drv.o
 .bss.gapm_get_task_from_id
                0x10013248        0x4 src/ASF/thirdparty/wireless/ble_smart_sdk/src/platform_drv.o
 .bss.os_sem_up
                0x1001324c        0x4 src/ASF/thirdparty/wireless/ble_smart_sdk/src/platform_drv.o
 .bss.pwr_wait_BLE_out_of_reset
                0x10013250        0x4 src/ASF/thirdparty/wireless/ble_smart_sdk/src/platform_drv.o
 .bss.platform_initialized
                0x10013254        0x1 src/ASF/thirdparty/wireless/ble_smart_sdk/src/platform_drv.o
                0x10013254                platform_initialized
 *fill*         0x10013255        0x3 
 .bss.pwr_disable_arm_wakeup
                0x10013258        0x4 src/ASF/thirdparty/wireless/ble_smart_sdk/src/platform_drv.o
 .bss.gstrFwSem
                0x1001325c        0x4 src/ASF/thirdparty/wireless/ble_smart_sdk/src/platform_drv.o
 .bss.os_sem_down
                0x10013260        0x4 src/ASF/thirdparty/wireless/ble_smart_sdk/src/platform_drv.o
 .bss.pwr_enable_arm_wakeup
                0x10013264        0x4 src/ASF/thirdparty/wireless/ble_smart_sdk/src/platform_drv.o
 .bss.NMI_MsgQueueRecv
                0x10013268        0x4 src/ASF/thirdparty/wireless/ble_smart_sdk/src/platform_drv.o
 .bss.ke_msg_send
                0x1001326c        0x4 src/ASF/thirdparty/wireless/ble_smart_sdk/src/platform_drv.o
 .bss.ble_stack_message_handler
                0x10013270        0x4 src/ASF/thirdparty/wireless/ble_smart_sdk/src/platform_drv.o
 .bss.pwr_arm_wakeup_req
                0x10013274        0x4 src/ASF/thirdparty/wireless/ble_smart_sdk/src/platform_drv.o
 .bss.ke_msg_hdr.12904
                0x10013278        0x4 src/ASF/thirdparty/wireless/ble_smart_sdk/src/platform_drv.o
 .bss.ke_msg_alloc
                0x1001327c        0x4 src/ASF/thirdparty/wireless/ble_smart_sdk/src/platform_drv.o
 .bss.InternalAppMsgQHandle
                0x10013280        0x4 src/ASF/thirdparty/wireless/ble_smart_sdk/src/platform_drv.o
 .bss.spare_event
                0x10013284       0x10 ../src/ASF/thirdparty/wireless/ble_smart_sdk/lib/cm0/gcc\libblusdk.a(event.o)
 .bss.spare_event_busy
                0x10013294        0x1 ../src/ASF/thirdparty/wireless/ble_smart_sdk/lib/cm0/gcc\libblusdk.a(event.o)
 *fill*         0x10013295        0x3 
 .bss.event_pending_list
                0x10013298        0x4 ../src/ASF/thirdparty/wireless/ble_smart_sdk/lib/cm0/gcc\libblusdk.a(event.o)
 .bss.event_free_list
                0x1001329c        0x4 ../src/ASF/thirdparty/wireless/ble_smart_sdk/lib/cm0/gcc\libblusdk.a(event.o)
 .bss.u16GattcSeqNo
                0x100132a0        0x2 ../src/ASF/thirdparty/wireless/ble_smart_sdk/lib/cm0/gcc\libblusdk.a(gatt_client.o)
 *fill*         0x100132a2        0x2 
 .bss.pu8valuesBuffer
                0x100132a4        0x4 ../src/ASF/thirdparty/wireless/ble_smart_sdk/lib/cm0/gcc\libblusdk.a(gatt_server.o)
                0x100132a4                pu8valuesBuffer
 .bss.unNull    0x100132a8        0x1 ../src/ASF/thirdparty/wireless/ble_smart_sdk/lib/cm0/gcc\libblusdk.a(gatt_server.o)
                0x100132a8                unNull
 *fill*         0x100132a9        0x3 
 .bss.ptstrattDb
                0x100132ac        0x4 ../src/ASF/thirdparty/wireless/ble_smart_sdk/lib/cm0/gcc\libblusdk.a(gatt_server.o)
                0x100132ac                ptstrattDb
 .bss.pu8valuesBufferEnd
                0x100132b0        0x4 ../src/ASF/thirdparty/wireless/ble_smart_sdk/lib/cm0/gcc\libblusdk.a(gatt_server.o)
                0x100132b0                pu8valuesBufferEnd
 .bss.u32numberOfValues
                0x100132b4        0x4 ../src/ASF/thirdparty/wireless/ble_smart_sdk/lib/cm0/gcc\libblusdk.a(gatt_server.o)
                0x100132b4                u32numberOfValues
 .bss.u32dbMemorySize
                0x100132b8        0x4 ../src/ASF/thirdparty/wireless/ble_smart_sdk/lib/cm0/gcc\libblusdk.a(gatt_server.o)
                0x100132b8                u32dbMemorySize
 .bss.service_setup_buffer
                0x100132bc        0x4 ../src/ASF/thirdparty/wireless/ble_smart_sdk/lib/cm0/gcc\libblusdk.a(gatt_server.o)
                0x100132bc                service_setup_buffer
 .bss.event_param_buff
                0x100132c0        0x4 ../src/ASF/thirdparty/wireless/ble_smart_sdk/lib/cm0/gcc\libblusdk.a(interface.o)
                0x100132c0                event_param_buff
 .bss.event_param_buff_length
                0x100132c4        0x4 ../src/ASF/thirdparty/wireless/ble_smart_sdk/lib/cm0/gcc\libblusdk.a(interface.o)
                0x100132c4                event_param_buff_length
 .bss.cmd_cmpl_flag
                0x100132c8        0x4 ../src/ASF/thirdparty/wireless/ble_smart_sdk/lib/cm0/gcc\libblusdk.a(interface.o)
 .bss.dummy_key.7283
                0x100132cc       0x10 ../src/ASF/thirdparty/wireless/ble_smart_sdk/lib/cm0/gcc\libblusdk.a(gapc_task.o)
 .bss.dummy_key.7401
                0x100132dc       0x10 ../src/ASF/thirdparty/wireless/ble_smart_sdk/lib/cm0/gcc\libblusdk.a(gapc_task.o)
 .bss.dummy_key.7419
                0x100132ec       0x10 ../src/ASF/thirdparty/wireless/ble_smart_sdk/lib/cm0/gcc\libblusdk.a(gapc_task.o)
 .bss.peer_key_info
                0x100132fc       0x46 ../src/ASF/thirdparty/wireless/ble_smart_sdk/lib/cm0/gcc\libblusdk.a(gapc_task.o)
 .bss.g_seq_num_tx
                0x10013342        0x2 ../src/ASF/thirdparty/wireless/ble_smart_sdk/lib/cm0/gcc\libblusdk.a(gattc_task.o)
 .bss.Seq_NUM   0x10013344        0x2 ../src/ASF/thirdparty/wireless/ble_smart_sdk/lib/cm0/gcc\libblusdk.a(gattc_task.o)
                0x10013344                Seq_NUM
 *fill*         0x10013346        0x2 
 .bss.u32usedBuffers
                0x10013348        0x4 ../src/ASF/thirdparty/wireless/ble_smart_sdk/lib/cm0/gcc\libblusdk.a(gattm_task.o)
                0x10013348                u32usedBuffers
 .bss.__malloc_sbrk_start
                0x1001334c        0x4 c:/program files (x86)/atmel/studio/7.0/toolchain/arm/arm-gnu-toolchain/bin/../lib/gcc/arm-none-eabi/5.3.1/../../../../arm-none-eabi/lib/armv6-m\libc_nano.a(lib_a-nano-mallocr.o)
                0x1001334c                __malloc_sbrk_start
 .bss.__malloc_free_list
                0x10013350        0x4 c:/program files (x86)/atmel/studio/7.0/toolchain/arm/arm-gnu-toolchain/bin/../lib/gcc/arm-none-eabi/5.3.1/../../../../arm-none-eabi/lib/armv6-m\libc_nano.a(lib_a-nano-mallocr.o)
                0x10013350                __malloc_free_list
 *(COMMON)
 COMMON         0x10013354       0x97 src/sms_v_0_2/src/sms_ble.o
                0x10013354                spi_slave_instance
                0x10013358                btn0_instance
                0x1001335c                timer1_current_mode
                0x10013360                btn1_instance
                0x10013364                button_instance
                0x100133b8                spi_rdata
                0x100133c8                spi_wdata
                0x100133d8                sms_ble_ind_retry
                0x100133da                sms_ble_conn_handle
                0x100133dc                ble_current_state
                0x100133dd                timer2_current_mode
                0x100133e0                spi_master_instance
                0x100133e8                sms_ble_send_cnt
                0x100133ea                sms_led_blink_cnt
 *fill*         0x100133eb        0x1 
 COMMON         0x100133ec       0xd8 src/ASF/sam0/drivers/gpio/gpio.o
                0x100133ec                _gpio_instances
 COMMON         0x100134c4        0x4 src/ASF/sam0/drivers/system/system_sam_b.o
                0x100134c4                system_clock_value
 COMMON         0x100134c8        0x8 src/ASF/sam0/drivers/uart/uart.o
                0x100134c8                _uart_instances
 COMMON         0x100134d0        0x4 src/ASF/sam0/utils/stdio/read.o
                0x100134d0                ptr_get
 COMMON         0x100134d4        0x8 src/ASF/sam0/utils/stdio/write.o
                0x100134d4                ptr_put
                0x100134d8                stdio_base
 COMMON         0x100134dc      0x840 src/ASF/thirdparty/wireless/ble_smart_sdk/ble_services/ble_mgr/ble_manager.o
                0x100134dc                ble_mgr_htpt_event_cb
                0x100134e0                ble_mgr_gatt_server_event_cb
                0x100134f4                ble_dev_info
                0x10013760                ble_device_count
                0x10013764                ble_mgr_dtm_event_cb
                0x10013778                ble_mgr_gap_event_cb
                0x1001378c                ble_mgr_gatt_client_event_cb
                0x100137a0                connected_state_info
                0x100137b4                pf_cfg
                0x100137d0                event
                0x100137d4                ble_mgr_l2cap_event_cb
                0x100137d8                scan_info
                0x10013b0c                ble_event_params
                0x10013d18                ble_mgr_custom_event_cb
 COMMON         0x10013d1c       0x4c src/ASF/thirdparty/wireless/ble_smart_sdk/services/uart/console_serial.o
                0x10013d1c                uart_instance
                0x10013d40                config_uart
 COMMON         0x10013d68      0x2ea src/ASF/thirdparty/wireless/ble_smart_sdk/src/platform_drv.o
                0x10013d68                default_samb11_clock_init
                0x10013d70                rwip_prevent_sleep_set
                0x10013d74                platform_unregister_isr
                0x10013d78                wakeup_event_pending
                0x10013d7c                rwip_prevent_sleep_clear
                0x10013d80                actualfreq
                0x10013d84                port_list
                0x10013db8                rx_buffer
                0x10014038                platform_register_isr
                0x1001403c                handle_ext_wakeup_isr
                0x10014040                wakeup_source_active_cb
                0x10014044                samb11_app_resume_cb
                0x10014048                updateuartbr_fp
                0x1001404c                apps_resume_cb
                0x10014050                plf_event_buff_index
 *fill*         0x10014052        0x2 
 COMMON         0x10014054        0xc src/ASF/thirdparty/wireless/ble_smart_sdk/src/port_from_sdk.o
                0x10014054                wakeup_source_callback
 COMMON         0x10014060        0xc ../src/ASF/thirdparty/wireless/ble_smart_sdk/lib/cm0/gcc\libblusdk.a(event.o)
                0x10014060                watched_event
 COMMON         0x1001406c      0x16a ../src/ASF/thirdparty/wireless/ble_smart_sdk/lib/cm0/gcc\libblusdk.a(gap.o)
                0x1001406c                app_task_type
                0x1001406e                gstrConnData
                0x100140fe                device
 *fill*         0x100141d6        0x2 
 COMMON         0x100141d8      0x404 ../src/ASF/thirdparty/wireless/ble_smart_sdk/lib/cm0/gcc\libblusdk.a(interface.o)
                0x100141d8                event_param_buff_index
                0x100141dc                dummy_buffer_buff
                0x100143dc                interface_send_msg
 COMMON         0x100145dc        0x4 c:/program files (x86)/atmel/studio/7.0/toolchain/arm/arm-gnu-toolchain/bin/../lib/gcc/arm-none-eabi/5.3.1/../../../../arm-none-eabi/lib/armv6-m\libc_nano.a(lib_a-reent.o)
                0x100145dc                errno
                0x100145e0                . = ALIGN (0x4)
                0x100145e0                _ebss = .
                0x100145e0                _ezero = .

.stack          0x100145e0      0x800
                0x100145e0                . = ALIGN (0x8)
                0x100145e0                _sstack = .
                0x10014de0                . = (. + STACK_SIZE)
 *fill*         0x100145e0      0x800 
                0x10014de0                . = ALIGN (0x8)
                0x10014de0                _estack = .
                [!provide]                PROVIDE (__exidx_start, .)

.ARM.exidx
 *(.ARM.exidx* .gnu.linkonce.armexidx.*)
                [!provide]                PROVIDE (__exidx_end, .)
                0x10014de0                . = ALIGN (0x4)
                0x10014de0                _end = .
OUTPUT(SMS_Central1.elf elf32-littlearm)

.ARM.attributes
                0x00000000       0x28
 .ARM.attributes
                0x00000000       0x1e c:/program files (x86)/atmel/studio/7.0/toolchain/arm/arm-gnu-toolchain/bin/../lib/gcc/arm-none-eabi/5.3.1/armv6-m/crti.o
 .ARM.attributes
                0x0000001e       0x2c c:/program files (x86)/atmel/studio/7.0/toolchain/arm/arm-gnu-toolchain/bin/../lib/gcc/arm-none-eabi/5.3.1/armv6-m/crtbegin.o
 .ARM.attributes
                0x0000004a       0x31 src/sms_v_0_2/src/sms_ble.o
 .ARM.attributes
                0x0000007b       0x31 src/sms_v_0_2/src/sms_button.o
 .ARM.attributes
                0x000000ac       0x31 src/sms_v_0_2/src/sms_led.o
 .ARM.attributes
                0x000000dd       0x31 src/sms_v_0_2/src/sms_spi.o
 .ARM.attributes
                0x0000010e       0x31 src/sms_v_0_2/src/sms_timer.o
 .ARM.attributes
                0x0000013f       0x31 src/ASF/common/services/delay/sam/systick_counter.o
 .ARM.attributes
                0x00000170       0x31 src/ASF/sam0/drivers/spi/spi.o
 .ARM.attributes
                0x000001a1       0x31 src/ASF/sam0/drivers/dualtimer/dualtimer.o
 .ARM.attributes
                0x000001d2       0x31 src/ASF/sam0/drivers/gpio/gpio.o
 .ARM.attributes
                0x00000203       0x31 src/ASF/sam0/drivers/system/system_sam_b.o
 .ARM.attributes
                0x00000234       0x31 src/ASF/sam0/drivers/uart/uart.o
 .ARM.attributes
                0x00000265       0x31 src/ASF/sam0/utils/cmsis/samb11/source/gcc/startup_samb11.o
 .ARM.attributes
                0x00000296       0x31 src/ASF/sam0/utils/stdio/read.o
 .ARM.attributes
                0x000002c7       0x31 src/ASF/sam0/utils/stdio/write.o
 .ARM.attributes
                0x000002f8       0x31 src/ASF/sam0/utils/syscalls/gcc/syscalls.o
 .ARM.attributes
                0x00000329       0x31 src/ASF/thirdparty/wireless/ble_smart_sdk/ble_services/ble_mgr/ble_manager.o
 .ARM.attributes
                0x0000035a       0x31 src/ASF/thirdparty/wireless/ble_smart_sdk/services/uart/console_serial.o
 .ARM.attributes
                0x0000038b       0x31 src/ASF/thirdparty/wireless/ble_smart_sdk/src/event_handler.o
 .ARM.attributes
                0x000003bc       0x31 src/ASF/thirdparty/wireless/ble_smart_sdk/src/platform_drv.o
 .ARM.attributes
                0x000003ed       0x31 src/ASF/thirdparty/wireless/ble_smart_sdk/src/port_from_sdk.o
 .ARM.attributes
                0x0000041e       0x31 src/sms_central1.o
 .ARM.attributes
                0x0000044f       0x31 ../src/ASF/thirdparty/wireless/ble_smart_sdk/lib/cm0/gcc\libblusdk.a(event.o)
 .ARM.attributes
                0x00000480       0x31 ../src/ASF/thirdparty/wireless/ble_smart_sdk/lib/cm0/gcc\libblusdk.a(gap.o)
 .ARM.attributes
                0x000004b1       0x31 ../src/ASF/thirdparty/wireless/ble_smart_sdk/lib/cm0/gcc\libblusdk.a(gatt_client.o)
 .ARM.attributes
                0x000004e2       0x31 ../src/ASF/thirdparty/wireless/ble_smart_sdk/lib/cm0/gcc\libblusdk.a(gatt_server.o)
 .ARM.attributes
                0x00000513       0x31 ../src/ASF/thirdparty/wireless/ble_smart_sdk/lib/cm0/gcc\libblusdk.a(l2cc_task.o)
 .ARM.attributes
                0x00000544       0x31 ../src/ASF/thirdparty/wireless/ble_smart_sdk/lib/cm0/gcc\libblusdk.a(security.o)
 .ARM.attributes
                0x00000575       0x31 ../src/ASF/thirdparty/wireless/ble_smart_sdk/lib/cm0/gcc\libblusdk.a(interface.o)
 .ARM.attributes
                0x000005a6       0x31 ../src/ASF/thirdparty/wireless/ble_smart_sdk/lib/cm0/gcc\libblusdk.a(dbg_task.o)
 .ARM.attributes
                0x000005d7       0x31 ../src/ASF/thirdparty/wireless/ble_smart_sdk/lib/cm0/gcc\libblusdk.a(gapc_task.o)
 .ARM.attributes
                0x00000608       0x31 ../src/ASF/thirdparty/wireless/ble_smart_sdk/lib/cm0/gcc\libblusdk.a(gapm_task.o)
 .ARM.attributes
                0x00000639       0x31 ../src/ASF/thirdparty/wireless/ble_smart_sdk/lib/cm0/gcc\libblusdk.a(gattc_task.o)
 .ARM.attributes
                0x0000066a       0x31 ../src/ASF/thirdparty/wireless/ble_smart_sdk/lib/cm0/gcc\libblusdk.a(gattm_task.o)
 .ARM.attributes
                0x0000069b       0x31 ../src/ASF/thirdparty/wireless/ble_smart_sdk/lib/cm0/gcc\libblusdk.a(htpt_task.o)
 .ARM.attributes
                0x000006cc       0x1e c:/program files (x86)/atmel/studio/7.0/toolchain/arm/arm-gnu-toolchain/bin/../lib/gcc/arm-none-eabi/5.3.1/armv6-m\libgcc.a(_thumb1_case_uqi.o)
 .ARM.attributes
                0x000006ea       0x1e c:/program files (x86)/atmel/studio/7.0/toolchain/arm/arm-gnu-toolchain/bin/../lib/gcc/arm-none-eabi/5.3.1/armv6-m\libgcc.a(_udivsi3.o)
 .ARM.attributes
                0x00000708       0x1e c:/program files (x86)/atmel/studio/7.0/toolchain/arm/arm-gnu-toolchain/bin/../lib/gcc/arm-none-eabi/5.3.1/armv6-m\libgcc.a(_dvmd_tls.o)
 .ARM.attributes
                0x00000726       0x2c c:/program files (x86)/atmel/studio/7.0/toolchain/arm/arm-gnu-toolchain/bin/../lib/gcc/arm-none-eabi/5.3.1/armv6-m\libgcc.a(_fixunsdfsi.o)
 .ARM.attributes
                0x00000752       0x2c c:/program files (x86)/atmel/studio/7.0/toolchain/arm/arm-gnu-toolchain/bin/../lib/gcc/arm-none-eabi/5.3.1/armv6-m\libgcc.a(muldf3.o)
 .ARM.attributes
                0x0000077e       0x2c c:/program files (x86)/atmel/studio/7.0/toolchain/arm/arm-gnu-toolchain/bin/../lib/gcc/arm-none-eabi/5.3.1/armv6-m\libgcc.a(subdf3.o)
 .ARM.attributes