Archive member included to satisfy reference by file (symbol)

../src/ASF/thirdparty/wireless/ble_smart_sdk/lib/cm0/gcc\libblusdk.a(event.o)
                              src/ASF/thirdparty/wireless/ble_smart_sdk/ble_services/ble_mgr/ble_manager.o (at_ble_event_get)
../src/ASF/thirdparty/wireless/ble_smart_sdk/lib/cm0/gcc\libblusdk.a(gap.o)
                              src/ASF/thirdparty/wireless/ble_smart_sdk/ble_services/ble_mgr/ble_manager.o (at_ble_device_name_set)
../src/ASF/thirdparty/wireless/ble_smart_sdk/lib/cm0/gcc\libblusdk.a(gatt_client.o)
                              ../src/ASF/thirdparty/wireless/ble_smart_sdk/lib/cm0/gcc\libblusdk.a(gap.o) (init_gatt_client_module)
../src/ASF/thirdparty/wireless/ble_smart_sdk/lib/cm0/gcc\libblusdk.a(gatt_server.o)
                              ../src/ASF/thirdparty/wireless/ble_smart_sdk/lib/cm0/gcc\libblusdk.a(gap.o) (initi_gatt_server_module)
../src/ASF/thirdparty/wireless/ble_smart_sdk/lib/cm0/gcc\libblusdk.a(l2cc_task.o)
                              ../src/ASF/thirdparty/wireless/ble_smart_sdk/lib/cm0/gcc\libblusdk.a(gap.o) (init_l2cc_task_module)
../src/ASF/thirdparty/wireless/ble_smart_sdk/lib/cm0/gcc\libblusdk.a(security.o)
                              src/ASF/thirdparty/wireless/ble_smart_sdk/ble_services/ble_mgr/ble_manager.o (at_ble_authenticate)
../src/ASF/thirdparty/wireless/ble_smart_sdk/lib/cm0/gcc\libblusdk.a(interface.o)
                              ../src/ASF/thirdparty/wireless/ble_smart_sdk/lib/cm0/gcc\libblusdk.a(gap.o) (rx_callback)
../src/ASF/thirdparty/wireless/ble_smart_sdk/lib/cm0/gcc\libblusdk.a(calib_task.o)
                              ../src/ASF/thirdparty/wireless/ble_smart_sdk/lib/cm0/gcc\libblusdk.a(gap.o) (calib_config)
../src/ASF/thirdparty/wireless/ble_smart_sdk/lib/cm0/gcc\libblusdk.a(dbg_task.o)
                              ../src/ASF/thirdparty/wireless/ble_smart_sdk/lib/cm0/gcc\libblusdk.a(gap.o) (dbg_le_set_bd_addr_req_handler)
../src/ASF/thirdparty/wireless/ble_smart_sdk/lib/cm0/gcc\libblusdk.a(gapc_task.o)
                              ../src/ASF/thirdparty/wireless/ble_smart_sdk/lib/cm0/gcc\libblusdk.a(security.o) (check_ConnData_idx_role)
../src/ASF/thirdparty/wireless/ble_smart_sdk/lib/cm0/gcc\libblusdk.a(gapm_task.o)
                              ../src/ASF/thirdparty/wireless/ble_smart_sdk/lib/cm0/gcc\libblusdk.a(gap.o) (gapm_reset_req_handler)
../src/ASF/thirdparty/wireless/ble_smart_sdk/lib/cm0/gcc\libblusdk.a(gattc_task.o)
                              ../src/ASF/thirdparty/wireless/ble_smart_sdk/lib/cm0/gcc\libblusdk.a(gatt_server.o) (gattc_read_req_ind_parser)
../src/ASF/thirdparty/wireless/ble_smart_sdk/lib/cm0/gcc\libblusdk.a(gattm_task.o)
                              ../src/ASF/thirdparty/wireless/ble_smart_sdk/lib/cm0/gcc\libblusdk.a(gatt_server.o) (gattm_add_svc_req_handler)
../src/ASF/thirdparty/wireless/ble_smart_sdk/lib/cm0/gcc\libblusdk.a(htpt_task.o)
                              ../src/ASF/thirdparty/wireless/ble_smart_sdk/lib/cm0/gcc\libblusdk.a(event.o) (htpt_enable_rsp_handler)
c:/program files (x86)/atmel/studio/7.0/toolchain/arm/arm-gnu-toolchain/bin/../lib/gcc/arm-none-eabi/5.3.1/armv6-m\libgcc.a(_thumb1_case_sqi.o)
                              ../src/ASF/thirdparty/wireless/ble_smart_sdk/lib/cm0/gcc\libblusdk.a(gap.o) (__gnu_thumb1_case_sqi)
c:/program files (x86)/atmel/studio/7.0/toolchain/arm/arm-gnu-toolchain/bin/../lib/gcc/arm-none-eabi/5.3.1/armv6-m\libgcc.a(_thumb1_case_uqi.o)
                              src/sms_v_0_2/src/sms_ble.o (__gnu_thumb1_case_uqi)
c:/program files (x86)/atmel/studio/7.0/toolchain/arm/arm-gnu-toolchain/bin/../lib/gcc/arm-none-eabi/5.3.1/armv6-m\libgcc.a(_thumb1_case_uhi.o)
                              src/ASF/sam0/drivers/system/system_sam_b.o (__gnu_thumb1_case_uhi)
c:/program files (x86)/atmel/studio/7.0/toolchain/arm/arm-gnu-toolchain/bin/../lib/gcc/arm-none-eabi/5.3.1/armv6-m\libgcc.a(_udivsi3.o)
                              src/ASF/sam0/drivers/uart/uart.o (__aeabi_uidiv)
c:/program files (x86)/atmel/studio/7.0/toolchain/arm/arm-gnu-toolchain/bin/../lib/gcc/arm-none-eabi/5.3.1/armv6-m\libgcc.a(_dvmd_tls.o)
                              c:/program files (x86)/atmel/studio/7.0/toolchain/arm/arm-gnu-toolchain/bin/../lib/gcc/arm-none-eabi/5.3.1/armv6-m\libgcc.a(_udivsi3.o) (__aeabi_idiv0)
c:/program files (x86)/atmel/studio/7.0/toolchain/arm/arm-gnu-toolchain/bin/../lib/gcc/arm-none-eabi/5.3.1/armv6-m\libgcc.a(_muldi3.o)
                              src/sms_v_0_2/src/sms_pressure.o (__aeabi_lmul)
c:/program files (x86)/atmel/studio/7.0/toolchain/arm/arm-gnu-toolchain/bin/../lib/gcc/arm-none-eabi/5.3.1/armv6-m\libgcc.a(_fixunsdfsi.o)
                              src/ASF/thirdparty/wireless/ble_smart_sdk/services/uart/console_serial.o (__aeabi_d2uiz)
c:/program files (x86)/atmel/studio/7.0/toolchain/arm/arm-gnu-toolchain/bin/../lib/gcc/arm-none-eabi/5.3.1/armv6-m\libgcc.a(mulsf3.o)
[...]
Memory Configuration

Name             Origin             Length             Attributes
ram              0x10008000         0x00016000         xrw
lram             0x1001e000         0x00000800         xrw
*default*        0x00000000         0xffffffff

Linker script and memory map

LOAD c:/program files (x86)/atmel/studio/7.0/toolchain/arm/arm-gnu-toolchain/bin/../lib/gcc/arm-none-eabi/5.3.1/armv6-m/crti.o
LOAD c:/program files (x86)/atmel/studio/7.0/toolchain/arm/arm-gnu-toolchain/bin/../lib/gcc/arm-none-eabi/5.3.1/armv6-m/crtbegin.o
LOAD c:/program files (x86)/atmel/studio/7.0/toolchain/arm/arm-gnu-toolchain/bin/../lib/gcc/arm-none-eabi/5.3.1/../../../../arm-none-eabi/lib/armv6-m/crt0.o
LOAD src/ASF/sam0/drivers/aon_sleep_timer/aon_sleep_timer.o
LOAD src/sms_v_0_2/src/sms_ble.o
LOAD src/sms_v_0_2/src/sms_button.o
LOAD src/sms_v_0_2/src/sms_imu.o
LOAD src/sms_v_0_2/src/sms_led.o
LOAD src/sms_v_0_2/src/sms_pressure.o
LOAD src/sms_v_0_2/src/sms_spi.o
LOAD src/sms_v_0_2/src/sms_timer.o
LOAD src/ASF/sam0/drivers/spi/spi.o
LOAD src/ASF/thirdparty/wireless/ble_smart_sdk/ble_profiles/pxp_reporter/pxp_reporter.o
LOAD src/ASF/thirdparty/wireless/ble_smart_sdk/ble_services/battery/battery.o
LOAD src/ASF/thirdparty/wireless/ble_smart_sdk/ble_services/immediate_alert/immediate_alert.o
LOAD src/ASF/thirdparty/wireless/ble_smart_sdk/ble_services/link_loss/link_loss.o
LOAD src/ASF/thirdparty/wireless/ble_smart_sdk/ble_services/tx_power/tx_power.o
LOAD src/ASF/common/utils/interrupt/interrupt_sam_nvic.o
LOAD src/ASF/sam0/boards/samb11_xplained_pro/board_init.o
LOAD src/ASF/sam0/drivers/dualtimer/dualtimer.o
LOAD src/ASF/sam0/drivers/gpio/gpio.o
LOAD src/ASF/sam0/drivers/system/system_sam_b.o
LOAD src/ASF/sam0/drivers/timer/timer.o
LOAD src/ASF/sam0/drivers/uart/uart.o
LOAD src/ASF/sam0/utils/cmsis/samb11/source/gcc/startup_samb11.o
LOAD src/ASF/sam0/utils/cmsis/samb11/source/system_samb11.o
LOAD src/ASF/sam0/utils/stdio/read.o
LOAD src/ASF/sam0/utils/stdio/write.o
LOAD src/ASF/sam0/utils/syscalls/gcc/syscalls.o
LOAD src/ASF/thirdparty/wireless/ble_smart_sdk/ble_services/ble_mgr/ble_manager.o
LOAD src/ASF/thirdparty/wireless/ble_smart_sdk/services/dualtimer/timer_hw.o
LOAD src/ASF/thirdparty/wireless/ble_smart_sdk/services/gpio/button.o
LOAD src/ASF/thirdparty/wireless/ble_smart_sdk/services/gpio/led.o
LOAD src/ASF/thirdparty/wireless/ble_smart_sdk/services/uart/console_serial.o
LOAD src/ASF/thirdparty/wireless/ble_smart_sdk/src/event_handler.o
LOAD src/ASF/thirdparty/wireless/ble_smart_sdk/src/platform_drv.o
LOAD src/ASF/thirdparty/wireless/ble_smart_sdk/src/port_from_sdk.o
LOAD src/sms_peripheral1.o
START GROUP
LOAD ../src/ASF/thirdparty/CMSIS/Lib/GCC\libarm_cortexM0l_math.a
LOAD ../src/ASF/thirdparty/wireless/ble_smart_sdk/lib/cm0/gcc\libblusdk.a
LOAD c:/program files (x86)/atmel/studio/7.0/toolchain/arm/arm-gnu-toolchain/bin/../lib/gcc/arm-none-eabi/5.3.1/../../../../arm-none-eabi/lib/armv6-m\libm.a
END GROUP
START GROUP
LOAD c:/program files (x86)/atmel/studio/7.0/toolchain/arm/arm-gnu-toolchain/bin/../lib/gcc/arm-none-eabi/5.3.1/armv6-m\libgcc.a
LOAD c:/program files (x86)/atmel/studio/7.0/toolchain/arm/arm-gnu-toolchain/bin/../lib/gcc/arm-none-eabi/5.3.1/../../../../arm-none-eabi/lib/armv6-m\libc_nano.a
END GROUP
START GROUP
LOAD c:/program files (x86)/atmel/studio/7.0/toolchain/arm/arm-gnu-toolchain/bin/../lib/gcc/arm-none-eabi/5.3.1/armv6-m\libgcc.a
LOAD c:/program files (x86)/atmel/studio/7.0/toolchain/arm/arm-gnu-toolchain/bin/../lib/gcc/arm-none-eabi/5.3.1/../../../../arm-none-eabi/lib/armv6-m\libc_nano.a
END GROUP
LOAD c:/program files (x86)/atmel/studio/7.0/toolchain/arm/arm-gnu-toolchain/bin/../lib/gcc/arm-none-eabi/5.3.1/armv6-m/crtend.o
LOAD c:/program files (x86)/atmel/studio/7.0/toolchain/arm/arm-gnu-toolchain/bin/../lib/gcc/arm-none-eabi/5.3.1/armv6-m/crtn.o
                0x00001800                STACK_SIZE = DEFINED (STACK_SIZE)?STACK_SIZE:DEFINED (__stack_size__)?__stack_size__:0x1800

.text           0x10008000     0x9e98
                0x10008000                . = ALIGN (0x4)
                0x10008000                _sfixed = .
 *(.test.main .text.app_entry)
 .text.app_entry
                0x10008000       0x54 src/ASF/sam0/utils/cmsis/samb11/source/gcc/startup_samb11.o
                0x10008000                app_entry
 *(.text .text.* .gnu.linkonce.t.*)
 .text          0x10008054       0x60 c:/program files (x86)/atmel/studio/7.0/toolchain/arm/arm-gnu-toolchain/bin/../lib/gcc/arm-none-eabi/5.3.1/armv6-m/crtbegin.o
 .text.aon_sleep_timer_get_config_defaults
                0x100080b4        0xe src/ASF/sam0/drivers/aon_sleep_timer/aon_sleep_timer.o
                0x100080b4                aon_sleep_timer_get_config_defaults
 *fill*         0x100080c2        0x2 
 .text.aon_sleep_timer_disable
                0x100080c4       0x20 src/ASF/sam0/drivers/aon_sleep_timer/aon_sleep_timer.o
                0x100080c4                aon_sleep_timer_disable
 .text.aon_sleep_timer_clear_interrup
                0x100080e4       0x10 src/ASF/sam0/drivers/aon_sleep_timer/aon_sleep_timer.o
                0x100080e4                aon_sleep_timer_clear_interrup
 .text.aon_sleep_timer_isr_handler
                0x100080f4       0x1c src/ASF/sam0/drivers/aon_sleep_timer/aon_sleep_timer.o
 .text.aon_sleep_timer_register_callback
                0x10008110        0xc src/ASF/sam0/drivers/aon_sleep_timer/aon_sleep_timer.o
                0x10008110                aon_sleep_timer_register_callback
 .text.aon_sleep_timer_unregister_callback
                0x1000811c        0xc src/ASF/sam0/drivers/aon_sleep_timer/aon_sleep_timer.o
                0x1000811c                aon_sleep_timer_unregister_callback
 .text.aon_sleep_timer_init
                0x10008128       0xa0 src/ASF/sam0/drivers/aon_sleep_timer/aon_sleep_timer.o
                0x10008128                aon_sleep_timer_init
 .text.sms_ble_pair_request_fn
                0x100081c8       0x24 src/sms_v_0_2/src/sms_ble.o
                0x100081c8                sms_ble_pair_request_fn
 .text.sms_ble_notification_confirmed_fn
                0x100081ec       0x6c src/sms_v_0_2/src/sms_ble.o
                0x100081ec                sms_ble_notification_confirmed_fn
 .text.sms_ble_indication_confirmed_fn
                0x10008258       0x74 src/sms_v_0_2/src/sms_ble.o
                0x10008258                sms_ble_indication_confirmed_fn
 .text.sms_ble_startup
                0x100082cc       0x24 src/sms_v_0_2/src/sms_ble.o
                0x100082cc                sms_ble_startup
 .text.sms_ble_power_down
                0x100082f0       0x8c src/sms_v_0_2/src/sms_ble.o
                0x100082f0                sms_ble_power_down
 .text.sms_ble_adv_report_fn
                0x1000837c       0x18 src/sms_v_0_2/src/sms_ble.o
                0x1000837c                sms_ble_adv_report_fn
 .text.sms_ble_connected_fn
                0x10008394       0x2c src/sms_v_0_2/src/sms_ble.o
                0x10008394                sms_ble_connected_fn
 .text.sms_ble_paired_fn
                0x100083c0       0x44 src/sms_v_0_2/src/sms_ble.o
                0x100083c0                sms_ble_paired_fn
 .text.sms_ble_advertise
                0x10008404       0x44 src/sms_v_0_2/src/sms_ble.o
                0x10008404                sms_ble_advertise
 .text.sms_ble_disconnected_fn
                0x10008448       0x74 src/sms_v_0_2/src/sms_ble.o
                0x10008448                sms_ble_disconnected_fn
 .text.sms_ble_send_characteristic
                0x100084bc      0x144 src/sms_v_0_2/src/sms_ble.o
                0x100084bc                sms_ble_send_characteristic
 .text.sms_ble_primary_service_define
                0x10008600       0x20 src/sms_v_0_2/src/sms_ble.o
                0x10008600                sms_ble_primary_service_define
 .text.sms_button_bt0_callback
                0x10008620       0x20 src/sms_v_0_2/src/sms_button.o
                0x10008620                sms_button_bt0_callback
 .text.sms_button_bt1_callback
                0x10008640       0x1c src/sms_v_0_2/src/sms_button.o
                0x10008640                sms_button_bt1_callback
 .text.sms_button_configure_gpio
                0x1000865c       0x4c src/sms_v_0_2/src/sms_button.o
                0x1000865c                sms_button_configure_gpio
 .text.sms_button_register_callbacks
                0x100086a8       0x24 src/sms_v_0_2/src/sms_button.o
                0x100086a8                sms_button_register_callbacks
 .text.sms_button_get_state
                0x100086cc       0x2c src/sms_v_0_2/src/sms_button.o
                0x100086cc                sms_button_get_state
 .text.sms_button_toggle_interrupt
                0x100086f8       0x24 src/sms_v_0_2/src/sms_button.o
                0x100086f8                sms_button_toggle_interrupt
 .text.sms_button_bt0_fn
                0x1000871c      0x100 src/sms_v_0_2/src/sms_button.o
                0x1000871c                sms_button_bt0_fn
 .text.sms_button_bt1_fn
                0x1000881c      0x100 src/sms_v_0_2/src/sms_button.o
                0x1000881c                sms_button_bt1_fn
 .text.sms_button_service_init
                0x1000891c       0x6a src/sms_v_0_2/src/sms_button.o
                0x1000891c                sms_button_service_init
 *fill*         0x10008986        0x2 
 .text.sms_button_define_services
                0x10008988       0x28 src/sms_v_0_2/src/sms_button.o
                0x10008988                sms_button_define_services
 .text.sms_led_switch_on
                0x100089b0       0x10 src/sms_v_0_2/src/sms_led.o
                0x100089b0                sms_led_switch_on
 .text.sms_led_switch_off
                0x100089c0       0x10 src/sms_v_0_2/src/sms_led.o
                0x100089c0                sms_led_switch_off
 .text.sms_led_gpio_init
                0x100089d0       0x2c src/sms_v_0_2/src/sms_led.o
                0x100089d0                sms_led_gpio_init
 .text.sms_led_toggle
                0x100089fc       0x28 src/sms_v_0_2/src/sms_led.o
                0x100089fc                sms_led_toggle
 .text.sms_led_blink_start
                0x10008a24       0x40 src/sms_v_0_2/src/sms_led.o
                0x10008a24                sms_led_blink_start
 .text.sms_pressure_ms58_reset
                0x10008a64       0x2c src/sms_v_0_2/src/sms_pressure.o
                0x10008a64                sms_pressure_ms58_reset
 .text.sms_pressure_startup
                0x10008a90       0x40 src/sms_v_0_2/src/sms_pressure.o
                0x10008a90                sms_pressure_startup
 .text.sms_pressure_ms58_read_prom
                0x10008ad0      0x10c src/sms_v_0_2/src/sms_pressure.o
                0x10008ad0                sms_pressure_ms58_read_prom
 .text.sms_pressure_init
                0x10008bdc       0x24 src/sms_v_0_2/src/sms_pressure.o
                0x10008bdc                sms_pressure_init
 .text.sms_pressure_ms58_read_data
                0x10008c00       0xc4 src/sms_v_0_2/src/sms_pressure.o
                0x10008c00                sms_pressure_ms58_read_data
 .text.sms_pressure_ms58_calculate
                0x10008cc4       0xb8 src/sms_v_0_2/src/sms_pressure.o
                0x10008cc4                sms_pressure_ms58_calculate
 .text.sms_pressure_poll_data
                0x10008d7c       0x60 src/sms_v_0_2/src/sms_pressure.o
                0x10008d7c                sms_pressure_poll_data
 .text.sms_pressure_service_init
                0x10008ddc       0x6c src/sms_v_0_2/src/sms_pressure.o
                0x10008ddc                sms_pressure_service_init
 .text.sms_pressure_define_services
                0x10008e48       0x28 src/sms_v_0_2/src/sms_pressure.o
                0x10008e48                sms_pressure_define_services
 .text.spi_master_configure
                0x10008e70       0x78 src/sms_v_0_2/src/sms_spi.o
                0x10008e70                spi_master_configure
 .text.spi_master_transceive
                0x10008ee8       0x38 src/sms_v_0_2/src/sms_spi.o
                0x10008ee8                spi_master_transceive
 .text.sms_timer_aon_callback
                0x10008f20       0x20 src/sms_v_0_2/src/sms_timer.o
                0x10008f20                sms_timer_aon_callback
 .text.sms_timer_aon_init
                0x10008f40       0x24 src/sms_v_0_2/src/sms_timer.o
                0x10008f40                sms_timer_aon_init
 .text.sms_timer_aon_disable
                0x10008f64        0xc src/sms_v_0_2/src/sms_timer.o
                0x10008f64                sms_timer_aon_disable
 .text.sms_timer_aon_register_callback
                0x10008f70       0x20 src/sms_v_0_2/src/sms_timer.o
                0x10008f70                sms_timer_aon_register_callback
 .text.sms_timer_aon_unregister_callback
                0x10008f90       0x18 src/sms_v_0_2/src/sms_timer.o
                0x10008f90                sms_timer_aon_unregister_callback
 .text.sms_dualtimer_init
                0x10008fa8       0x3c src/sms_v_0_2/src/sms_timer.o
                0x10008fa8                sms_dualtimer_init
 .text.sms_dualtimer_register_callback
                0x10008fe4       0x18 src/sms_v_0_2/src/sms_timer.o
                0x10008fe4                sms_dualtimer_register_callback
 .text.sms_dualtimer_start
                0x10008ffc       0x44 src/sms_v_0_2/src/sms_timer.o
                0x10008ffc                sms_dualtimer_start
 .text.sms_dualtimer_stop
                0x10009040        0xc src/sms_v_0_2/src/sms_timer.o
                0x10009040                sms_dualtimer_stop
 .text.sms_dualtimer1_cb
                0x1000904c       0x20 src/sms_v_0_2/src/sms_timer.o
                0x1000904c                sms_dualtimer1_cb
 .text.sms_dualtimer2_cb
                0x1000906c       0x20 src/sms_v_0_2/src/sms_timer.o
                0x1000906c                sms_dualtimer2_cb
 .text.sms_dualtimer1_fn
                0x1000908c      0x1e4 src/sms_v_0_2/src/sms_timer.o
                0x1000908c                sms_dualtimer1_fn
 .text.sms_dualtimer2_fn
                0x10009270      0x11c src/sms_v_0_2/src/sms_timer.o
                0x10009270                sms_dualtimer2_fn
 .text.spi_slave_inst_get_config_defaults
                0x1000938c        0xc src/ASF/sam0/drivers/spi/spi.o
                0x1000938c                spi_slave_inst_get_config_defaults
 .text.spi_get_config_defaults
                0x10009398       0x2c src/ASF/sam0/drivers/spi/spi.o
                0x10009398                spi_get_config_defaults
 .text.spi_attach_slave
                0x100093c4       0x3c src/ASF/sam0/drivers/spi/spi.o
                0x100093c4                spi_attach_slave
 .text.spi_enable
                0x10009400        0x8 src/ASF/sam0/drivers/spi/spi.o
                0x10009400                spi_enable
 .text.spi_disable
                0x10009408       0x48 src/ASF/sam0/drivers/spi/spi.o
                0x10009408                spi_disable
 .text.spi_reset
                0x10009450       0x3c src/ASF/sam0/drivers/spi/spi.o
                0x10009450                spi_reset
 .text.spi_init
                0x1000948c      0x11c src/ASF/sam0/drivers/spi/spi.o
                0x1000948c                spi_init
 .text.spi_transceive_buffer_wait
                0x100095a8       0x80 src/ASF/sam0/drivers/spi/spi.o
                0x100095a8                spi_transceive_buffer_wait
 .text.spi_select_slave
                0x10009628       0x18 src/ASF/sam0/drivers/spi/spi.o
                0x10009628                spi_select_slave
 .text.dualtimer_isr_handler
                0x10009640       0x48 src/ASF/sam0/drivers/dualtimer/dualtimer.o
 .text.dualtimer_get_config_defaults
                0x10009688       0x22 src/ASF/sam0/drivers/dualtimer/dualtimer.o
                0x10009688                dualtimer_get_config_defaults
 *fill*         0x100096aa        0x2 
 .text.dualtimer_set_counter
                0x100096ac       0x24 src/ASF/sam0/drivers/dualtimer/dualtimer.o
                0x100096ac                dualtimer_set_counter
 .text.dualtimer_enable
                0x100096d0       0x28 src/ASF/sam0/drivers/dualtimer/dualtimer.o
                0x100096d0                dualtimer_enable
 .text.dualtimer_disable
                0x100096f8       0x24 src/ASF/sam0/drivers/dualtimer/dualtimer.o
                0x100096f8                dualtimer_disable
 .text.dualtimer_init
                0x1000971c      0x10c src/ASF/sam0/drivers/dualtimer/dualtimer.o
                0x1000971c                dualtimer_init
 .text.dualtimer_register_callback
                0x10009828       0x14 src/ASF/sam0/drivers/dualtimer/dualtimer.o
                0x10009828                dualtimer_register_callback
 .text.gpio_port0_isr_handler
                0x1000983c       0x58 src/ASF/sam0/drivers/gpio/gpio.o
 .text.gpio_port1_isr_handler
                0x10009894       0x70 src/ASF/sam0/drivers/gpio/gpio.o
 .text.gpio_port2_isr_handler
                0x10009904       0x7c src/ASF/sam0/drivers/gpio/gpio.o
 .text.gpio_get_config_defaults
                0x10009980        0xe src/ASF/sam0/drivers/gpio/gpio.o
                0x10009980                gpio_get_config_defaults
 *fill*         0x1000998e        0x2 
 .text.gpio_pin_set_config
                0x10009990      0x184 src/ASF/sam0/drivers/gpio/gpio.o
                0x10009990                gpio_pin_set_config
 .text.gpio_pin_get_input_level
                0x10009b14       0x3c src/ASF/sam0/drivers/gpio/gpio.o
                0x10009b14                gpio_pin_get_input_level
 .text.gpio_pin_get_output_level
                0x10009b50       0x3c src/ASF/sam0/drivers/gpio/gpio.o
                0x10009b50                gpio_pin_get_output_level
 .text.gpio_pin_set_output_level
                0x10009b8c       0x4c src/ASF/sam0/drivers/gpio/gpio.o
                0x10009b8c                gpio_pin_set_output_level
 .text.gpio_pinmux_cofiguration
                0x10009bd8       0xd8 src/ASF/sam0/drivers/gpio/gpio.o
                0x10009bd8                gpio_pinmux_cofiguration
 .text.gpio_register_callback
                0x10009cb0       0x98 src/ASF/sam0/drivers/gpio/gpio.o
                0x10009cb0                gpio_register_callback
 .text.gpio_enable_callback
                0x10009d48       0x4c src/ASF/sam0/drivers/gpio/gpio.o
                0x10009d48                gpio_enable_callback
 .text.gpio_disable_callback
                0x10009d94       0x38 src/ASF/sam0/drivers/gpio/gpio.o
                0x10009d94                gpio_disable_callback
 .text.gpio_init
                0x10009dcc       0x6c src/ASF/sam0/drivers/gpio/gpio.o
                0x10009dcc                gpio_init
 .text.system_clock_config
                0x10009e38       0x78 src/ASF/sam0/drivers/system/system_sam_b.o
                0x10009e38                system_clock_config
 .text.system_clock_get_value
                0x10009eb0        0xc src/ASF/sam0/drivers/system/system_sam_b.o
                0x10009eb0                system_clock_get_value
 .text.system_clock_peripheral_enable
                0x10009ebc      0x1e8 src/ASF/sam0/drivers/system/system_sam_b.o
                0x10009ebc                system_clock_peripheral_enable
 .text.system_clock_peripheral_disable
                0x1000a0a4      0x200 src/ASF/sam0/drivers/system/system_sam_b.o
                0x1000a0a4                system_clock_peripheral_disable
 .text.system_peripheral_reset
                0x1000a2a4      0x388 src/ASF/sam0/drivers/system/system_sam_b.o
                0x1000a2a4                system_peripheral_reset
 .text.system_register_isr
                0x1000a62c        0xc src/ASF/sam0/drivers/system/system_sam_b.o
                0x1000a62c                system_register_isr
 .text.uart_rx0_isr_handler
                0x1000a638       0x8c src/ASF/sam0/drivers/uart/uart.o
 .text.uart_tx1_isr_handler
                0x1000a6c4       0x8c src/ASF/sam0/drivers/uart/uart.o
 .text.uart_rx1_isr_handler
                0x1000a750       0x8c src/ASF/sam0/drivers/uart/uart.o
 .text.uart_tx0_isr_handler
                0x1000a7dc       0x8c src/ASF/sam0/drivers/uart/uart.o
 .text.uart_get_config_defaults
                0x1000a868       0x2a src/ASF/sam0/drivers/uart/uart.o
                0x1000a868                uart_get_config_defaults
 *fill*         0x1000a892        0x2 
 .text.uart_init
                0x1000a894      0x17c src/ASF/sam0/drivers/uart/uart.o
                0x1000a894                uart_init
 .text.uart_write_wait
                0x1000aa10       0x10 src/ASF/sam0/drivers/uart/uart.o
                0x1000aa10                uart_write_wait
 .text.uart_read_wait
                0x1000aa20       0x12 src/ASF/sam0/drivers/uart/uart.o
                0x1000aa20                uart_read_wait
 .text.uart_read_buffer_job
                0x1000aa32       0x26 src/ASF/sam0/drivers/uart/uart.o
                0x1000aa32                uart_read_buffer_job
 .text.uart_register_callback
                0x1000aa58       0x14 src/ASF/sam0/drivers/uart/uart.o
                0x1000aa58                uart_register_callback
 .text.uart_enable_callback
                0x1000aa6c       0x1e src/ASF/sam0/drivers/uart/uart.o
                0x1000aa6c                uart_enable_callback
 .text.uart_disable_callback
                0x1000aa8a       0x1e src/ASF/sam0/drivers/uart/uart.o
                0x1000aa8a                uart_disable_callback
 .text._read    0x1000aaa8       0x38 src/ASF/sam0/utils/stdio/read.o
                0x1000aaa8                _read
 .text._write   0x1000aae0       0x34 src/ASF/sam0/utils/stdio/write.o
                0x1000aae0                _write
 .text._sbrk    0x1000ab14       0x20 src/ASF/sam0/utils/syscalls/gcc/syscalls.o
                0x1000ab14                _sbrk
 .text._close   0x1000ab34        0x6 src/ASF/sam0/utils/syscalls/gcc/syscalls.o
                0x1000ab34                _close
 .text._fstat   0x1000ab3a        0xa src/ASF/sam0/utils/syscalls/gcc/syscalls.o
                0x1000ab3a                _fstat
 .text._isatty  0x1000ab44        0x4 src/ASF/sam0/utils/syscalls/gcc/syscalls.o
                0x1000ab44                _isatty
 .text._lseek   0x1000ab48        0x4 src/ASF/sam0/utils/syscalls/gcc/syscalls.o
                0x1000ab48                _lseek
 .text.ble_scan_report_handler
                0x1000ab4c        0xa src/ASF/thirdparty/wireless/ble_smart_sdk/ble_services/ble_mgr/ble_manager.o
                0x1000ab4c                ble_scan_report_handler
 .text.ble_adv_report_handler
                0x1000ab56        0xa src/ASF/thirdparty/wireless/ble_smart_sdk/ble_services/ble_mgr/ble_manager.o
                0x1000ab56                ble_adv_report_handler
 .text.ble_characteristic_write_cmd_complete_handler
                0x1000ab60        0xa src/ASF/thirdparty/wireless/ble_smart_sdk/ble_services/ble_mgr/ble_manager.o
                0x1000ab60                ble_characteristic_write_cmd_complete_handler
 *fill*         0x1000ab6a        0x2 
 .text.ble_disconnected_state_handler
                0x1000ab6c       0x6c src/ASF/thirdparty/wireless/ble_smart_sdk/ble_services/ble_mgr/ble_manager.o
                0x1000ab6c                ble_disconnected_state_handler
 .text.ble_conn_param_update
                0x1000abd8        0x4 src/ASF/thirdparty/wireless/ble_smart_sdk/ble_services/ble_mgr/ble_manager.o
                0x1000abd8                ble_conn_param_update
 .text.ble_encryption_status_change_handler
                0x1000abdc       0x6c src/ASF/thirdparty/wireless/ble_smart_sdk/ble_services/ble_mgr/ble_manager.o
                0x1000abdc                ble_encryption_status_change_handler
 .text.ble_conn_param_update_req
                0x1000ac48       0x18 src/ASF/thirdparty/wireless/ble_smart_sdk/ble_services/ble_mgr/ble_manager.o
                0x1000ac48                ble_conn_param_update_req
 .text.ble_slave_security_request_handler
                0x1000ac60      0x168 src/ASF/thirdparty/wireless/ble_smart_sdk/ble_services/ble_mgr/ble_manager.o
                0x1000ac60                ble_slave_security_request_handler
 .text.ble_pair_request_handler
                0x1000adc8       0xf8 src/ASF/thirdparty/wireless/ble_smart_sdk/ble_services/ble_mgr/ble_manager.o
                0x1000adc8                ble_pair_request_handler
 .text.ble_encryption_request_handler
                0x1000aec0       0x90 src/ASF/thirdparty/wireless/ble_smart_sdk/ble_services/ble_mgr/ble_manager.o
                0x1000aec0                ble_encryption_request_handler
 .text.ble_scan_info_handler
                0x1000af50       0x40 src/ASF/thirdparty/wireless/ble_smart_sdk/ble_services/ble_mgr/ble_manager.o
                0x1000af50                ble_scan_info_handler
 .text.ble_pair_done_handler
                0x1000af90       0xac src/ASF/thirdparty/wireless/ble_smart_sdk/ble_services/ble_mgr/ble_manager.o
                0x1000af90                ble_pair_done_handler
 .text.ble_pair_key_request_handler
                0x1000b03c       0x84 src/ASF/thirdparty/wireless/ble_smart_sdk/ble_services/ble_mgr/ble_manager.o
                0x1000b03c                ble_pair_key_request_handler
 .text.ble_mtu_changed_indication_handler
                0x1000b0c0        0x4 src/ASF/thirdparty/wireless/ble_smart_sdk/ble_services/ble_mgr/ble_manager.o
                0x1000b0c0                ble_mtu_changed_indication_handler
 .text.ble_undefined_event_handler
                0x1000b0c4        0x4 src/ASF/thirdparty/wireless/ble_smart_sdk/ble_services/ble_mgr/ble_manager.o
                0x1000b0c4                ble_undefined_event_handler
 .text.ble_mtu_changed_cmd_complete_handler
                0x1000b0c8        0xa src/ASF/thirdparty/wireless/ble_smart_sdk/ble_services/ble_mgr/ble_manager.o
                0x1000b0c8                ble_mtu_changed_cmd_complete_handler
 *fill*         0x1000b0d2        0x2 
 .text.ble_set_device_name
                0x1000b0d4       0x1c src/ASF/thirdparty/wireless/ble_smart_sdk/ble_services/ble_mgr/ble_manager.o
                0x1000b0d4                ble_set_device_name
 .text.ble_mgr_events_callback_handler
                0x1000b0f0       0x64 src/ASF/thirdparty/wireless/ble_smart_sdk/ble_services/ble_mgr/ble_manager.o
                0x1000b0f0                ble_mgr_events_callback_handler
 .text.ble_device_init
                0x1000b154      0x1ec src/ASF/thirdparty/wireless/ble_smart_sdk/ble_services/ble_mgr/ble_manager.o
                0x1000b154                ble_device_init
 .text.ble_send_slave_sec_request
                0x1000b340       0x18 src/ASF/thirdparty/wireless/ble_smart_sdk/ble_services/ble_mgr/ble_manager.o
                0x1000b340                ble_send_slave_sec_request
 .text.ble_connected_state_handler
                0x1000b358      0x168 src/ASF/thirdparty/wireless/ble_smart_sdk/ble_services/ble_mgr/ble_manager.o
                0x1000b358                ble_connected_state_handler
 .text.ble_resolv_rand_addr_handler
                0x1000b4c0       0xc4 src/ASF/thirdparty/wireless/ble_smart_sdk/ble_services/ble_mgr/ble_manager.o
                0x1000b4c0                ble_resolv_rand_addr_handler
 .text.ble_event_manager
                0x1000b584      0x104 src/ASF/thirdparty/wireless/ble_smart_sdk/ble_services/ble_mgr/ble_manager.o
                0x1000b584                ble_event_manager
 .text.ble_event_task
                0x1000b688       0x58 src/ASF/thirdparty/wireless/ble_smart_sdk/ble_services/ble_mgr/ble_manager.o
                0x1000b688                ble_event_task
 .text.ble_advertisement_data_set
                0x1000b6e0       0x6c src/ASF/thirdparty/wireless/ble_smart_sdk/ble_services/ble_mgr/ble_manager.o
                0x1000b6e0                ble_advertisement_data_set
 .text.register_ble_user_event_cb
                0x1000b74c        0xc src/ASF/thirdparty/wireless/ble_smart_sdk/ble_services/ble_mgr/ble_manager.o
                0x1000b74c                register_ble_user_event_cb
 .text.usart_serial_getchar
                0x1000b758       0x18 src/ASF/thirdparty/wireless/ble_smart_sdk/services/uart/console_serial.o
 .text.usart_serial_putchar
                0x1000b770       0x18 src/ASF/thirdparty/wireless/ble_smart_sdk/services/uart/console_serial.o
 .text.uart_read_complete_callback
                0x1000b788       0x50 src/ASF/thirdparty/wireless/ble_smart_sdk/services/uart/console_serial.o
 .text.serial_console_init
                0x1000b7d8       0xa8 src/ASF/thirdparty/wireless/ble_smart_sdk/services/uart/console_serial.o
                0x1000b7d8                serial_console_init
 .text._time_start
                0x1000b880       0x54 src/ASF/thirdparty/wireless/ble_smart_sdk/services/uart/console_serial.o
                0x1000b880                _time_start
 .text._time_done
                0x1000b8d4       0x10 src/ASF/thirdparty/wireless/ble_smart_sdk/services/uart/console_serial.o
                0x1000b8d4                _time_done
 .text.getchar_b11_timeout
                0x1000b8e4       0x68 src/ASF/thirdparty/wireless/ble_smart_sdk/services/uart/console_serial.o
                0x1000b8e4                getchar_b11_timeout
 .text.platform_event_free
                0x1000b94c       0x10 src/ASF/thirdparty/wireless/ble_smart_sdk/src/event_handler.o
                0x1000b94c                platform_event_free
 .text.platform_event_post
                0x1000b95c       0x3c src/ASF/thirdparty/wireless/ble_smart_sdk/src/event_handler.o
                0x1000b95c                platform_event_post
 .text.platform_event_init
                0x1000b998       0x2c src/ASF/thirdparty/wireless/ble_smart_sdk/src/event_handler.o
                0x1000b998                platform_event_init
 .text.samb11_plf_resume_callback
                0x1000b9c4       0x2c src/ASF/thirdparty/wireless/ble_smart_sdk/src/platform_drv.o
                0x1000b9c4                samb11_plf_resume_callback
 .text.at_ke_msg_send
                0x1000b9f0       0x78 src/ASF/thirdparty/wireless/ble_smart_sdk/src/platform_drv.o
 .text.init_port_list
                0x1000ba68       0x44 src/ASF/thirdparty/wireless/ble_smart_sdk/src/platform_drv.o
                0x1000ba68                init_port_list
 .text.init_clock
                0x1000baac       0x30 src/ASF/thirdparty/wireless/ble_smart_sdk/src/platform_drv.o
                0x1000baac                init_clock
 .text.platform_driver_init
                0x1000badc      0x230 src/ASF/thirdparty/wireless/ble_smart_sdk/src/platform_drv.o
                0x1000badc                platform_driver_init
 .text.platform_register_ble_msg_handler
                0x1000bd0c       0x1c src/ASF/thirdparty/wireless/ble_smart_sdk/src/platform_drv.o
                0x1000bd0c                platform_register_ble_msg_handler
 .text.platform_interface_send
                0x1000bd28       0x48 src/ASF/thirdparty/wireless/ble_smart_sdk/src/platform_drv.o
                0x1000bd28                platform_interface_send
 .text.send_plf_int_msg_ind
                0x1000bd70       0x40 src/ASF/thirdparty/wireless/ble_smart_sdk/src/platform_drv.o
                0x1000bd70                send_plf_int_msg_ind
 .text.platform_event_wait
                0x1000bdb0      0x200 src/ASF/thirdparty/wireless/ble_smart_sdk/src/platform_drv.o
                0x1000bdb0                platform_event_wait
 .text.acquire_sleep_lock
                0x1000bfb0       0x14 src/ASF/thirdparty/wireless/ble_smart_sdk/src/platform_drv.o
                0x1000bfb0                acquire_sleep_lock
 .text.release_message_lock
                0x1000bfc4       0x14 src/ASF/thirdparty/wireless/ble_smart_sdk/src/platform_drv.o
                0x1000bfc4                release_message_lock
 .text.release_sleep_lock
                0x1000bfd8       0x1c src/ASF/thirdparty/wireless/ble_smart_sdk/src/platform_drv.o
                0x1000bfd8                release_sleep_lock
 .text.register_resume_callback
                0x1000bff4       0x14 src/ASF/thirdparty/wireless/ble_smart_sdk/src/platform_drv.o
                0x1000bff4                register_resume_callback
 .text.gpio1_combined_isr_handler
                0x1000c008       0x58 src/ASF/thirdparty/wireless/ble_smart_sdk/src/port_from_sdk.o
                0x1000c008                gpio1_combined_isr_handler
 .text.gpio0_combined_isr_handler
                0x1000c060       0x58 src/ASF/thirdparty/wireless/ble_smart_sdk/src/port_from_sdk.o
                0x1000c060                gpio0_combined_isr_handler
 .text.PORT1_COMB_Handler
                0x1000c0b8       0x40 src/ASF/thirdparty/wireless/ble_smart_sdk/src/port_from_sdk.o
                0x1000c0b8                PORT1_COMB_Handler
 .text.wakeup_int_unregister_callback
                0x1000c0f8       0x18 src/ASF/thirdparty/wireless/ble_smart_sdk/src/port_from_sdk.o
                0x1000c0f8                wakeup_int_unregister_callback
 .text.wakeup_active_event_callback
                0x1000c110       0x64 src/ASF/thirdparty/wireless/ble_smart_sdk/src/port_from_sdk.o
                0x1000c110                wakeup_active_event_callback
 .text.sms_plf_event_cb
                0x1000c174        0xc src/sms_peripheral1.o
 .text.sms_init_variables
                0x1000c180       0x54 src/sms_peripheral1.o
                0x1000c180                sms_init_variables
 .text.sms_set_debug_pin
                0x1000c1d4       0x34 src/sms_peripheral1.o
                0x1000c1d4                sms_set_debug_pin
 .text.resume_cb
                0x1000c208       0x3c src/sms_peripheral1.o
 .text.sms_monitor_states
                0x1000c244       0x34 src/sms_peripheral1.o
                0x1000c244                sms_monitor_states
 .text.sms_sensors_switch
                0x1000c278       0x38 src/sms_peripheral1.o
                0x1000c278                sms_sensors_switch
 .text.sms_sensors_toggle_interrupt
                0x1000c2b0       0x48 src/sms_peripheral1.o
                0x1000c2b0                sms_sensors_toggle_interrupt
 .text.startup.main
                0x1000c2f8      0x270 src/sms_peripheral1.o
                0x1000c2f8                main
 .text.internal_event_post
                0x1000c568       0x5c ../src/ASF/thirdparty/wireless/ble_smart_sdk/lib/cm0/gcc\libblusdk.a(event.o)
                0x1000c568                internal_event_post
 .text.internal_event_init
                0x1000c5c4       0x2c ../src/ASF/thirdparty/wireless/ble_smart_sdk/lib/cm0/gcc\libblusdk.a(event.o)
                0x1000c5c4                internal_event_init
 .text.special_events_handler
                0x1000c5f0       0x90 ../src/ASF/thirdparty/wireless/ble_smart_sdk/lib/cm0/gcc\libblusdk.a(event.o)
                0x1000c5f0                special_events_handler
 .text.at_ble_event_get
                0x1000c680      0x6d8 ../src/ASF/thirdparty/wireless/ble_smart_sdk/lib/cm0/gcc\libblusdk.a(event.o)
                0x1000c680                at_ble_event_get
 .text.internal_event_flush
                0x1000cd58       0x44 ../src/ASF/thirdparty/wireless/ble_smart_sdk/lib/cm0/gcc\libblusdk.a(event.o)
                0x1000cd58                internal_event_flush
 .text.internal_conn_flush
                0x1000cd9c       0x54 ../src/ASF/thirdparty/wireless/ble_smart_sdk/lib/cm0/gcc\libblusdk.a(event.o)
                0x1000cd9c                internal_conn_flush
 .text.at_ble_device_name_set
                0x1000cdf0       0x34 ../src/ASF/thirdparty/wireless/ble_smart_sdk/lib/cm0/gcc\libblusdk.a(gap.o)
                0x1000cdf0                at_ble_device_name_set
 .text.at_ble_addr_get
                0x1000ce24       0x24 ../src/ASF/thirdparty/wireless/ble_smart_sdk/lib/cm0/gcc\libblusdk.a(gap.o)
                0x1000ce24                at_ble_addr_get
 .text.at_ble_set_dev_config
                0x1000ce48       0x90 ../src/ASF/thirdparty/wireless/ble_smart_sdk/lib/cm0/gcc\libblusdk.a(gap.o)
                0x1000ce48                at_ble_set_dev_config
 .text.at_ble_init
                0x1000ced8      0x1b4 ../src/ASF/thirdparty/wireless/ble_smart_sdk/lib/cm0/gcc\libblusdk.a(gap.o)
                0x1000ced8                at_ble_init
 .text.at_ble_addr_set
                0x1000d08c       0x54 ../src/ASF/thirdparty/wireless/ble_smart_sdk/lib/cm0/gcc\libblusdk.a(gap.o)
                0x1000d08c                at_ble_addr_set
 .text.at_ble_adv_data_set
                0x1000d0e0       0x84 ../src/ASF/thirdparty/wireless/ble_smart_sdk/lib/cm0/gcc\libblusdk.a(gap.o)
                0x1000d0e0                at_ble_adv_data_set
 .text.at_ble_adv_start
                0x1000d164      0x13c ../src/ASF/thirdparty/wireless/ble_smart_sdk/lib/cm0/gcc\libblusdk.a(gap.o)
                0x1000d164                at_ble_adv_start
 .text.at_ble_adv_stop
                0x1000d2a0        0xc ../src/ASF/thirdparty/wireless/ble_smart_sdk/lib/cm0/gcc\libblusdk.a(gap.o)
                0x1000d2a0                at_ble_adv_stop
 .text.at_ble_scan_stop
                0x1000d2ac       0x20 ../src/ASF/thirdparty/wireless/ble_smart_sdk/lib/cm0/gcc\libblusdk.a(gap.o)
                0x1000d2ac                at_ble_scan_stop
 .text.at_ble_disconnect
                0x1000d2cc       0x20 ../src/ASF/thirdparty/wireless/ble_smart_sdk/lib/cm0/gcc\libblusdk.a(gap.o)
                0x1000d2cc                at_ble_disconnect
 .text.at_ble_conn_update_reply
                0x1000d2ec        0xc ../src/ASF/thirdparty/wireless/ble_smart_sdk/lib/cm0/gcc\libblusdk.a(gap.o)
                0x1000d2ec                at_ble_conn_update_reply
 .text.at_ble_random_address_resolve
                0x1000d2f8       0x28 ../src/ASF/thirdparty/wireless/ble_smart_sdk/lib/cm0/gcc\libblusdk.a(gap.o)
                0x1000d2f8                at_ble_random_address_resolve
 .text.at_ble_uuid_type2len
                0x1000d320       0x14 ../src/ASF/thirdparty/wireless/ble_smart_sdk/lib/cm0/gcc\libblusdk.a(gap.o)
                0x1000d320                at_ble_uuid_type2len
 .text.at_ble_uuid_len2type
                0x1000d334       0x14 ../src/ASF/thirdparty/wireless/ble_smart_sdk/lib/cm0/gcc\libblusdk.a(gap.o)
                0x1000d334                at_ble_uuid_len2type
 .text.init_gatt_client_module
                0x1000d348        0xc ../src/ASF/thirdparty/wireless/ble_smart_sdk/lib/cm0/gcc\libblusdk.a(gatt_client.o)
                0x1000d348                init_gatt_client_module
 .text.db_searchATT
                0x1000d354       0x40 ../src/ASF/thirdparty/wireless/ble_smart_sdk/lib/cm0/gcc\libblusdk.a(gatt_server.o)
 .text.att_permissions
                0x1000d394       0x58 ../src/ASF/thirdparty/wireless/ble_smart_sdk/lib/cm0/gcc\libblusdk.a(gatt_server.o)
 .text.char_permissions
                0x1000d3ec       0x9c ../src/ASF/thirdparty/wireless/ble_smart_sdk/lib/cm0/gcc\libblusdk.a(gatt_server.o)
 .text.presentation_format_define
                0x1000d488       0x2c ../src/ASF/thirdparty/wireless/ble_smart_sdk/lib/cm0/gcc\libblusdk.a(gatt_server.o)
 .text.db_addATT
                0x1000d4b4       0xb8 ../src/ASF/thirdparty/wireless/ble_smart_sdk/lib/cm0/gcc\libblusdk.a(gatt_server.o)
 .text.user_description_define
                0x1000d56c       0x50 ../src/ASF/thirdparty/wireless/ble_smart_sdk/lib/cm0/gcc\libblusdk.a(gatt_server.o)
 .text.at_ble_read_authorize_reply.part.1
                0x1000d5bc       0x30 ../src/ASF/thirdparty/wireless/ble_smart_sdk/lib/cm0/gcc\libblusdk.a(gatt_server.o)
 .text.internal_at_ble_service_define
                0x1000d5ec      0x3bc ../src/ASF/thirdparty/wireless/ble_smart_sdk/lib/cm0/gcc\libblusdk.a(gatt_server.o)
 .text.initi_gatt_server_module
                0x1000d9a8       0x3c ../src/ASF/thirdparty/wireless/ble_smart_sdk/lib/cm0/gcc\libblusdk.a(gatt_server.o)
                0x1000d9a8                initi_gatt_server_module
 .text.db_init  0x1000d9e4       0x44 ../src/ASF/thirdparty/wireless/ble_smart_sdk/lib/cm0/gcc\libblusdk.a(gatt_server.o)
                0x1000d9e4                db_init
 .text.at_ble_primary_service_define
                0x1000da28       0x20 ../src/ASF/thirdparty/wireless/ble_smart_sdk/lib/cm0/gcc\libblusdk.a(gatt_server.o)
                0x1000da28                at_ble_primary_service_define
 .text.at_ble_characteristic_value_set
                0x1000da48       0x3c ../src/ASF/thirdparty/wireless/ble_smart_sdk/lib/cm0/gcc\libblusdk.a(gatt_server.o)
                0x1000da48                at_ble_characteristic_value_set
 .text.at_ble_characteristic_value_get
                0x1000da84       0x40 ../src/ASF/thirdparty/wireless/ble_smart_sdk/lib/cm0/gcc\libblusdk.a(gatt_server.o)
                0x1000da84                at_ble_characteristic_value_get
 .text.at_ble_write_authorize_reply
                0x1000dac4       0x88 ../src/ASF/thirdparty/wireless/ble_smart_sdk/lib/cm0/gcc\libblusdk.a(gatt_server.o)
                0x1000dac4                at_ble_write_authorize_reply
 .text.gatts_handle_read_req
                0x1000db4c       0x30 ../src/ASF/thirdparty/wireless/ble_smart_sdk/lib/cm0/gcc\libblusdk.a(gatt_server.o)
                0x1000db4c                gatts_handle_read_req
 .text.gatts_handle_att_info_req
                0x1000db7c       0x3c ../src/ASF/thirdparty/wireless/ble_smart_sdk/lib/cm0/gcc\libblusdk.a(gatt_server.o)
                0x1000db7c                gatts_handle_att_info_req
 .text.gatts_handle_write_req
                0x1000dbb8       0x30 ../src/ASF/thirdparty/wireless/ble_smart_sdk/lib/cm0/gcc\libblusdk.a(gatt_server.o)
                0x1000dbb8                gatts_handle_write_req
 .text.at_ble_notification_send
                0x1000dbe8       0x74 ../src/ASF/thirdparty/wireless/ble_smart_sdk/lib/cm0/gcc\libblusdk.a(gatt_server.o)
                0x1000dbe8                at_ble_notification_send
 .text.init_l2cc_task_module
                0x1000dc5c        0xc ../src/ASF/thirdparty/wireless/ble_smart_sdk/lib/cm0/gcc\libblusdk.a(l2cc_task.o)
                0x1000dc5c                init_l2cc_task_module
 .text.l2cc_data_send_rsp_handler
                0x1000dc68       0x2c ../src/ASF/thirdparty/wireless/ble_smart_sdk/lib/cm0/gcc\libblusdk.a(l2cc_task.o)
                0x1000dc68                l2cc_data_send_rsp_handler
 .text.l2cc_data_received_handler
                0x1000dc94       0x30 ../src/ASF/thirdparty/wireless/ble_smart_sdk/lib/cm0/gcc\libblusdk.a(l2cc_task.o)
                0x1000dc94                l2cc_data_received_handler
 .text.at_ble_authenticate
                0x1000dcc4      0x130 ../src/ASF/thirdparty/wireless/ble_smart_sdk/lib/cm0/gcc\libblusdk.a(security.o)
                0x1000dcc4                at_ble_authenticate
 .text.at_ble_pair_key_reply
                0x1000ddf4       0x7c ../src/ASF/thirdparty/wireless/ble_smart_sdk/lib/cm0/gcc\libblusdk.a(security.o)
                0x1000ddf4                at_ble_pair_key_reply
 .text.at_ble_send_slave_sec_request
                0x1000de70       0x40 ../src/ASF/thirdparty/wireless/ble_smart_sdk/lib/cm0/gcc\libblusdk.a(security.o)
                0x1000de70                at_ble_send_slave_sec_request
 .text.at_ble_encryption_start
                0x1000deb0       0x78 ../src/ASF/thirdparty/wireless/ble_smart_sdk/lib/cm0/gcc\libblusdk.a(security.o)
                0x1000deb0                at_ble_encryption_start
 .text.at_ble_encryption_request_reply
                0x1000df28       0x34 ../src/ASF/thirdparty/wireless/ble_smart_sdk/lib/cm0/gcc\libblusdk.a(security.o)
                0x1000df28                at_ble_encryption_request_reply
 .text.rx_callback
                0x1000df5c       0x98 ../src/ASF/thirdparty/wireless/ble_smart_sdk/lib/cm0/gcc\libblusdk.a(interface.o)
                0x1000df5c                rx_callback
 .text.interface_send
                0x1000dff4       0x10 ../src/ASF/thirdparty/wireless/ble_smart_sdk/lib/cm0/gcc\libblusdk.a(interface.o)
                0x1000dff4                interface_send
 .text.interface_init
                0x1000e004       0x48 ../src/ASF/thirdparty/wireless/ble_smart_sdk/lib/cm0/gcc\libblusdk.a(interface.o)
                0x1000e004                interface_init
 .text.platform_cmd_cmpl_signal
                0x1000e04c        0xc ../src/ASF/thirdparty/wireless/ble_smart_sdk/lib/cm0/gcc\libblusdk.a(interface.o)
                0x1000e04c                platform_cmd_cmpl_signal
 .text.platform_cmd_cmpl_wait
                0x1000e058       0x2c ../src/ASF/thirdparty/wireless/ble_smart_sdk/lib/cm0/gcc\libblusdk.a(interface.o)
                0x1000e058                platform_cmd_cmpl_wait
 .text.start_timer
                0x1000e084        0x2 ../src/ASF/thirdparty/wireless/ble_smart_sdk/lib/cm0/gcc\libblusdk.a(interface.o)
                0x1000e084                start_timer
 .text.stop_timer
                0x1000e086        0x2 ../src/ASF/thirdparty/wireless/ble_smart_sdk/lib/cm0/gcc\libblusdk.a(interface.o)
                0x1000e086                stop_timer
 .text.dbg_le_set_bd_addr_req_handler
                0x1000e088       0x7c ../src/ASF/thirdparty/wireless/ble_smart_sdk/lib/cm0/gcc\libblusdk.a(dbg_task.o)
                0x1000e088                dbg_le_set_bd_addr_req_handler
 .text.gapc_get_dev_info_cfm.constprop.1
                0x1000e104       0xc0 ../src/ASF/thirdparty/wireless/ble_smart_sdk/lib/cm0/gcc\libblusdk.a(gapc_task.o)
 .text.check_ConnData_idx_role
                0x1000e1c4       0x3c ../src/ASF/thirdparty/wireless/ble_smart_sdk/lib/cm0/gcc\libblusdk.a(gapc_task.o)
                0x1000e1c4                check_ConnData_idx_role
 .text.check_ConnData_emptyEntry
                0x1000e200       0x28 ../src/ASF/thirdparty/wireless/ble_smart_sdk/lib/cm0/gcc\libblusdk.a(gapc_task.o)
                0x1000e200                check_ConnData_emptyEntry
 .text.gapc_cmp_evt
                0x1000e228       0xd0 ../src/ASF/thirdparty/wireless/ble_smart_sdk/lib/cm0/gcc\libblusdk.a(gapc_task.o)
                0x1000e228                gapc_cmp_evt
 .text.gapc_connection_cfm_handler
                0x1000e2f8       0xc4 ../src/ASF/thirdparty/wireless/ble_smart_sdk/lib/cm0/gcc\libblusdk.a(gapc_task.o)
                0x1000e2f8                gapc_connection_cfm_handler
 .text.gapc_con_req_ind
                0x1000e3bc       0xe0 ../src/ASF/thirdparty/wireless/ble_smart_sdk/lib/cm0/gcc\libblusdk.a(gapc_task.o)
                0x1000e3bc                gapc_con_req_ind
 .text.gapc_disconnect_cmd_handler
                0x1000e49c       0x44 ../src/ASF/thirdparty/wireless/ble_smart_sdk/lib/cm0/gcc\libblusdk.a(gapc_task.o)
                0x1000e49c                gapc_disconnect_cmd_handler
 .text.gapc_disconnect_ind
                0x1000e4e0       0x34 ../src/ASF/thirdparty/wireless/ble_smart_sdk/lib/cm0/gcc\libblusdk.a(gapc_task.o)
                0x1000e4e0                gapc_disconnect_ind
 .text.gapc_bond_cmd_handler
                0x1000e514       0x68 ../src/ASF/thirdparty/wireless/ble_smart_sdk/lib/cm0/gcc\libblusdk.a(gapc_task.o)
                0x1000e514                gapc_bond_cmd_handler
 .text.gapc_bond_ind
                0x1000e57c       0xd8 ../src/ASF/thirdparty/wireless/ble_smart_sdk/lib/cm0/gcc\libblusdk.a(gapc_task.o)
                0x1000e57c                gapc_bond_ind
 .text.gapc_bond_req_ind
                0x1000e654       0xe0 ../src/ASF/thirdparty/wireless/ble_smart_sdk/lib/cm0/gcc\libblusdk.a(gapc_task.o)
                0x1000e654                gapc_bond_req_ind
 .text.gapc_bond_cfm_handler_pair_resp
                0x1000e734       0x7c ../src/ASF/thirdparty/wireless/ble_smart_sdk/lib/cm0/gcc\libblusdk.a(gapc_task.o)
                0x1000e734                gapc_bond_cfm_handler_pair_resp
 .text.gapc_bond_cfm_handler_key_exch
                0x1000e7b0       0x50 ../src/ASF/thirdparty/wireless/ble_smart_sdk/lib/cm0/gcc\libblusdk.a(gapc_task.o)
                0x1000e7b0                gapc_bond_cfm_handler_key_exch
 .text.gapc_security_cmd_handler
                0x1000e800       0x40 ../src/ASF/thirdparty/wireless/ble_smart_sdk/lib/cm0/gcc\libblusdk.a(gapc_task.o)
                0x1000e800                gapc_security_cmd_handler
 .text.gapc_encrypt_cmd_handler
                0x1000e840       0x9c ../src/ASF/thirdparty/wireless/ble_smart_sdk/lib/cm0/gcc\libblusdk.a(gapc_task.o)
                0x1000e840                gapc_encrypt_cmd_handler
 .text.gapc_encrypt_req_ind
                0x1000e8dc       0x20 ../src/ASF/thirdparty/wireless/ble_smart_sdk/lib/cm0/gcc\libblusdk.a(gapc_task.o)
                0x1000e8dc                gapc_encrypt_req_ind
 .text.gapc_encrypt_cfm_handler
                0x1000e8fc       0x80 ../src/ASF/thirdparty/wireless/ble_smart_sdk/lib/cm0/gcc\libblusdk.a(gapc_task.o)
                0x1000e8fc                gapc_encrypt_cfm_handler
 .text.gapc_encrypt_ind
                0x1000e97c        0xe ../src/ASF/thirdparty/wireless/ble_smart_sdk/lib/cm0/gcc\libblusdk.a(gapc_task.o)
                0x1000e97c                gapc_encrypt_ind
 *fill*         0x1000e98a        0x2 
 .text.gapc_param_update_cfm_handler
                0x1000e98c       0x4c ../src/ASF/thirdparty/wireless/ble_smart_sdk/lib/cm0/gcc\libblusdk.a(gapc_task.o)
                0x1000e98c                gapc_param_update_cfm_handler
 .text.gapc_param_updated_ind
                0x1000e9d8       0x2a ../src/ASF/thirdparty/wireless/ble_smart_sdk/lib/cm0/gcc\libblusdk.a(gapc_task.o)
                0x1000e9d8                gapc_param_updated_ind
 .text.gapc_param_updated_req_ind
                0x1000ea02       0x30 ../src/ASF/thirdparty/wireless/ble_smart_sdk/lib/cm0/gcc\libblusdk.a(gapc_task.o)
                0x1000ea02                gapc_param_updated_req_ind
 *fill*         0x1000ea32        0x2 
 .text.gapc_dev_info_req_ind_handler
                0x1000ea34       0x28 ../src/ASF/thirdparty/wireless/ble_smart_sdk/lib/cm0/gcc\libblusdk.a(gapc_task.o)
                0x1000ea34                gapc_dev_info_req_ind_handler
 .text.gapc_sec_req_ind
                0x1000ea5c       0x16 ../src/ASF/thirdparty/wireless/ble_smart_sdk/lib/cm0/gcc\libblusdk.a(gapc_task.o)
                0x1000ea5c                gapc_sec_req_ind
 .text.gapc_sign_counter_ind_handler
                0x1000ea72       0x34 ../src/ASF/thirdparty/wireless/ble_smart_sdk/lib/cm0/gcc\libblusdk.a(gapc_task.o)
                0x1000ea72                gapc_sign_counter_ind_handler
 *fill*         0x1000eaa6        0x2 
 .text.gapc_peer_att_info_ind_handler
                0x1000eaa8       0x7c ../src/ASF/thirdparty/wireless/ble_smart_sdk/lib/cm0/gcc\libblusdk.a(gapc_task.o)
                0x1000eaa8                gapc_peer_att_info_ind_handler
 .text.gapc_con_channel_map_ind_handler
                0x1000eb24       0x18 ../src/ASF/thirdparty/wireless/ble_smart_sdk/lib/cm0/gcc\libblusdk.a(gapc_task.o)
                0x1000eb24                gapc_con_channel_map_ind_handler
 .text.gapc_lecb_connected
                0x1000eb3c       0x2e ../src/ASF/thirdparty/wireless/ble_smart_sdk/lib/cm0/gcc\libblusdk.a(gapc_task.o)
                0x1000eb3c                gapc_lecb_connected
 .text.gapc_lecb_disconnected
                0x1000eb6a       0x16 ../src/ASF/thirdparty/wireless/ble_smart_sdk/lib/cm0/gcc\libblusdk.a(gapc_task.o)
                0x1000eb6a                gapc_lecb_disconnected
 .text.gapc_lecb_connect_req_ind
                0x1000eb80       0x2a ../src/ASF/thirdparty/wireless/ble_smart_sdk/lib/cm0/gcc\libblusdk.a(gapc_task.o)
                0x1000eb80                gapc_lecb_connect_req_ind
 .text.gapc_lecb_add_credit_resp_handler
                0x1000ebaa       0x20 ../src/ASF/thirdparty/wireless/ble_smart_sdk/lib/cm0/gcc\libblusdk.a(gapc_task.o)
                0x1000ebaa                gapc_lecb_add_credit_resp_handler
 *fill*         0x1000ebca        0x2 
 .text.gapm_reset_req_handler
                0x1000ebcc       0x70 ../src/ASF/thirdparty/wireless/ble_smart_sdk/lib/cm0/gcc\libblusdk.a(gapm_task.o)
                0x1000ebcc                gapm_reset_req_handler
 .text.gapm_set_dev_config_cmd_handler
                0x1000ec3c      0x108 ../src/ASF/thirdparty/wireless/ble_smart_sdk/lib/cm0/gcc\libblusdk.a(gapm_task.o)
                0x1000ec3c                gapm_set_dev_config_cmd_handler
 .text.gapm_get_dev_config_cmd_handler
                0x1000ed44       0xe0 ../src/ASF/thirdparty/wireless/ble_smart_sdk/lib/cm0/gcc\libblusdk.a(gapm_task.o)
                0x1000ed44                gapm_get_dev_config_cmd_handler
 .text.gapm_cancel_cmd_handler
                0x1000ee24       0x70 ../src/ASF/thirdparty/wireless/ble_smart_sdk/lib/cm0/gcc\libblusdk.a(gapm_task.o)
                0x1000ee24                gapm_cancel_cmd_handler
 .text.gapm_dev_bdaddr_ind_handler
                0x1000ee94       0x1c ../src/ASF/thirdparty/wireless/ble_smart_sdk/lib/cm0/gcc\libblusdk.a(gapm_task.o)
                0x1000ee94                gapm_dev_bdaddr_ind_handler
 .text.gapm_cmp_evt
                0x1000eeb0      0x148 ../src/ASF/thirdparty/wireless/ble_smart_sdk/lib/cm0/gcc\libblusdk.a(gapm_task.o)
                0x1000eeb0                gapm_cmp_evt
 .text.gapm_start_adv_cmd_handler
                0x1000eff8      0x120 ../src/ASF/thirdparty/wireless/ble_smart_sdk/lib/cm0/gcc\libblusdk.a(gapm_task.o)
                0x1000eff8                gapm_start_adv_cmd_handler
 .text.get_gap_local_addr_type
                0x1000f118       0x18 ../src/ASF/thirdparty/wireless/ble_smart_sdk/lib/cm0/gcc\libblusdk.a(gapm_task.o)
                0x1000f118                get_gap_local_addr_type
 .text.gapm_adv_report_evt_handler
                0x1000f130       0x88 ../src/ASF/thirdparty/wireless/ble_smart_sdk/lib/cm0/gcc\libblusdk.a(gapm_task.o)
                0x1000f130                gapm_adv_report_evt_handler
 .text.gapm_resolv_addr_cmd_handler
                0x1000f1b8       0x68 ../src/ASF/thirdparty/wireless/ble_smart_sdk/lib/cm0/gcc\libblusdk.a(gapm_task.o)
                0x1000f1b8                gapm_resolv_addr_cmd_handler
 .text.gapm_addr_solved_ind_handler
                0x1000f220       0x24 ../src/ASF/thirdparty/wireless/ble_smart_sdk/lib/cm0/gcc\libblusdk.a(gapm_task.o)
                0x1000f220                gapm_addr_solved_ind_handler
 .text.gapm_profile_added_ind_handler
                0x1000f244       0x20 ../src/ASF/thirdparty/wireless/ble_smart_sdk/lib/cm0/gcc\libblusdk.a(gapm_task.o)
                0x1000f244                gapm_profile_added_ind_handler
 .text.gattc_read_req_ind_parser
                0x1000f264        0xc ../src/ASF/thirdparty/wireless/ble_smart_sdk/lib/cm0/gcc\libblusdk.a(gattc_task.o)
                0x1000f264                gattc_read_req_ind_parser
 .text.gattc_write_req_ind_parser
                0x1000f270       0x38 ../src/ASF/thirdparty/wireless/ble_smart_sdk/lib/cm0/gcc\libblusdk.a(gattc_task.o)
                0x1000f270                gattc_write_req_ind_parser
 .text.gattc_att_info_req_parser
                0x1000f2a8        0xc ../src/ASF/thirdparty/wireless/ble_smart_sdk/lib/cm0/gcc\libblusdk.a(gattc_task.o)
                0x1000f2a8                gattc_att_info_req_parser
 .text.gattc_read_cfm
                0x1000f2b4       0x6c ../src/ASF/thirdparty/wireless/ble_smart_sdk/lib/cm0/gcc\libblusdk.a(gattc_task.o)
                0x1000f2b4                gattc_read_cfm
 .text.gattc_write_cfm
                0x1000f320       0x44 ../src/ASF/thirdparty/wireless/ble_smart_sdk/lib/cm0/gcc\libblusdk.a(gattc_task.o)
                0x1000f320                gattc_write_cfm
 .text.gattc_att_info_cfm
                0x1000f364       0x48 ../src/ASF/thirdparty/wireless/ble_smart_sdk/lib/cm0/gcc\libblusdk.a(gattc_task.o)
                0x1000f364                gattc_att_info_cfm
 .text.gattc_send_evt_cmd_handler
                0x1000f3ac       0x78 ../src/ASF/thirdparty/wireless/ble_smart_sdk/lib/cm0/gcc\libblusdk.a(gattc_task.o)
                0x1000f3ac                gattc_send_evt_cmd_handler
 .text.gattc_event_cfm_handler
                0x1000f424       0x40 ../src/ASF/thirdparty/wireless/ble_smart_sdk/lib/cm0/gcc\libblusdk.a(gattc_task.o)
                0x1000f424                gattc_event_cfm_handler
 .text.gattc_disc_svc_ind_parser
                0x1000f464       0x3c ../src/ASF/thirdparty/wireless/ble_smart_sdk/lib/cm0/gcc\libblusdk.a(gattc_task.o)
                0x1000f464                gattc_disc_svc_ind_parser
 .text.gattc_disc_svc_incl_ind_parser
                0x1000f4a0       0x48 ../src/ASF/thirdparty/wireless/ble_smart_sdk/lib/cm0/gcc\libblusdk.a(gattc_task.o)
                0x1000f4a0                gattc_disc_svc_incl_ind_parser
 .text.gattc_disc_char_ind_parser
                0x1000f4e8       0x44 ../src/ASF/thirdparty/wireless/ble_smart_sdk/lib/cm0/gcc\libblusdk.a(gattc_task.o)
                0x1000f4e8                gattc_disc_char_ind_parser
 .text.gattc_disc_char_desc_ind_parser
                0x1000f52c       0x34 ../src/ASF/thirdparty/wireless/ble_smart_sdk/lib/cm0/gcc\libblusdk.a(gattc_task.o)
                0x1000f52c                gattc_disc_char_desc_ind_parser
 .text.gattc_event_ind_and_notification_parser
                0x1000f560       0x54 ../src/ASF/thirdparty/wireless/ble_smart_sdk/lib/cm0/gcc\libblusdk.a(gattc_task.o)
                0x1000f560                gattc_event_ind_and_notification_parser
 .text.gattc_complete_evt_handler
                0x1000f5b4       0x78 ../src/ASF/thirdparty/wireless/ble_smart_sdk/lib/cm0/gcc\libblusdk.a(gattc_task.o)
                0x1000f5b4                gattc_complete_evt_handler
 .text.gattc_event_mtu_changed_ind_parser
                0x1000f62c       0x10 ../src/ASF/thirdparty/wireless/ble_smart_sdk/lib/cm0/gcc\libblusdk.a(gattc_task.o)
                0x1000f62c                gattc_event_mtu_changed_ind_parser
 .text.gattc_read_ind_parser
                0x1000f63c       0x40 ../src/ASF/thirdparty/wireless/ble_smart_sdk/lib/cm0/gcc\libblusdk.a(gattc_task.o)
                0x1000f63c                gattc_read_ind_parser
 .text.gattc_svc_changed_cfg_ind_parser
                0x1000f67c       0x10 ../src/ASF/thirdparty/wireless/ble_smart_sdk/lib/cm0/gcc\libblusdk.a(gattc_task.o)
                0x1000f67c                gattc_svc_changed_cfg_ind_parser
 .text.init_gattc_task_module
                0x1000f68c       0x14 ../src/ASF/thirdparty/wireless/ble_smart_sdk/lib/cm0/gcc\libblusdk.a(gattc_task.o)
                0x1000f68c                init_gattc_task_module
 .text.gattm_add_svc_req_handler
                0x1000f6a0      0x10c ../src/ASF/thirdparty/wireless/ble_smart_sdk/lib/cm0/gcc\libblusdk.a(gattm_task.o)
                0x1000f6a0                gattm_add_svc_req_handler
 .text.gattm_add_attribute_req_handler
                0x1000f7ac       0x70 ../src/ASF/thirdparty/wireless/ble_smart_sdk/lib/cm0/gcc\libblusdk.a(gattm_task.o)
                0x1000f7ac                gattm_add_attribute_req_handler
 .text.gattm_att_set_value_req_handler
                0x1000f81c       0x8c ../src/ASF/thirdparty/wireless/ble_smart_sdk/lib/cm0/gcc\libblusdk.a(gattm_task.o)
                0x1000f81c                gattm_att_set_value_req_handler
 .text.gattm_att_get_value_req_handler
                0x1000f8a8       0x9c ../src/ASF/thirdparty/wireless/ble_smart_sdk/lib/cm0/gcc\libblusdk.a(gattm_task.o)
                0x1000f8a8                gattm_att_get_value_req_handler
 .text.htpt_enable_rsp_handler
                0x1000f944        0xa ../src/ASF/thirdparty/wireless/ble_smart_sdk/lib/cm0/gcc\libblusdk.a(htpt_task.o)
                0x1000f944                htpt_enable_rsp_handler
 .text.htpt_temp_send_rsp_handler
                0x1000f94e        0x6 ../src/ASF/thirdparty/wireless/ble_smart_sdk/lib/cm0/gcc\libblusdk.a(htpt_task.o)
                0x1000f94e                htpt_temp_send_rsp_handler
 .text.htpt_meas_intv_upd_rsp_handler
                0x1000f954        0x6 ../src/ASF/thirdparty/wireless/ble_smart_sdk/lib/cm0/gcc\libblusdk.a(htpt_task.o)
                0x1000f954                htpt_meas_intv_upd_rsp_handler
 .text.htpt_meas_intv_chg_req_ind_handler
                0x1000f95a        0xc ../src/ASF/thirdparty/wireless/ble_smart_sdk/lib/cm0/gcc\libblusdk.a(htpt_task.o)
                0x1000f95a                htpt_meas_intv_chg_req_ind_handler
 .text.htpt_cfg_indntf_ind_handler
                0x1000f966        0xa ../src/ASF/thirdparty/wireless/ble_smart_sdk/lib/cm0/gcc\libblusdk.a(htpt_task.o)
                0x1000f966                htpt_cfg_indntf_ind_handler
 .text          0x1000f970       0x14 c:/program files (x86)/atmel/studio/7.0/toolchain/arm/arm-gnu-toolchain/bin/../lib/gcc/arm-none-eabi/5.3.1/armv6-m\libgcc.a(_thumb1_case_sqi.o)
                0x1000f970                __gnu_thumb1_case_sqi
 .text          0x1000f984       0x14 c:/program files (x86)/atmel/studio/7.0/toolchain/arm/arm-gnu-toolchain/bin/../lib/gcc/arm-none-eabi/5.3.1/armv6-m\libgcc.a(_thumb1_case_uqi.o)
                0x1000f984                __gnu_thumb1_case_uqi
 .text          0x1000f998       0x14 c:/program files (x86)/atmel/studio/7.0/toolchain/arm/arm-gnu-toolchain/bin/../lib/gcc/arm-none-eabi/5.3.1/armv6-m\libgcc.a(_thumb1_case_uhi.o)
                0x1000f998                __gnu_thumb1_case_uhi
 .text          0x1000f9ac      0x114 c:/program files (x86)/atmel/studio/7.0/toolchain/arm/arm-gnu-toolchain/bin/../lib/gcc/arm-none-eabi/5.3.1/armv6-m\libgcc.a(_udivsi3.o)
                0x1000f9ac                __aeabi_uidiv
                0x1000f9ac                __udivsi3
                0x1000fab8                __aeabi_uidivmod
 .text          0x1000fac0        0x4 c:/program files (x86)/atmel/studio/7.0/toolchain/arm/arm-gnu-toolchain/bin/../lib/gcc/arm-none-eabi/5.3.1/armv6-m\libgcc.a(_dvmd_tls.o)
                0x1000fac0                __aeabi_idiv0
                0x1000fac0                __aeabi_ldiv0
 .text          0x1000fac4       0x58 c:/program files (x86)/atmel/studio/7.0/toolchain/arm/arm-gnu-toolchain/bin/../lib/gcc/arm-none-eabi/5.3.1/armv6-m\libgcc.a(_muldi3.o)
                0x1000fac4                __muldi3
                0x1000fac4                __aeabi_lmul
 .text          0x1000fb1c       0x3c c:/program files (x86)/atmel/studio/7.0/toolchain/arm/arm-gnu-toolchain/bin/../lib/gcc/arm-none-eabi/5.3.1/armv6-m\libgcc.a(_fixunsdfsi.o)
                0x1000fb1c                __aeabi_d2uiz
                0x1000fb1c                __fixunsdfsi
 .text          0x1000fb58      0x4f4 c:/program files (x86)/atmel/studio/7.0/toolchain/arm/arm-gnu-toolchain/bin/../lib/gcc/arm-none-eabi/5.3.1/armv6-m\libgcc.a(muldf3.o)
                0x1000fb58                __aeabi_dmul
 .text          0x1001004c      0x6a8 c:/program files (x86)/atmel/studio/7.0/toolchain/arm/arm-gnu-toolchain/bin/../lib/gcc/arm-none-eabi/5.3.1/armv6-m\libgcc.a(subdf3.o)
                0x1001004c                __aeabi_dsub
 .text          0x100106f4       0x6c c:/program files (x86)/atmel/studio/7.0/toolchain/arm/arm-gnu-toolchain/bin/../lib/gcc/arm-none-eabi/5.3.1/armv6-m\libgcc.a(fixdfsi.o)
                0x100106f4                __aeabi_d2iz
 .text          0x10010760       0x70 c:/program files (x86)/atmel/studio/7.0/toolchain/arm/arm-gnu-toolchain/bin/../lib/gcc/arm-none-eabi/5.3.1/armv6-m\libgcc.a(floatunsidf.o)
                0x10010760                __aeabi_ui2d
 .text          0x100107d0       0x7c c:/program files (x86)/atmel/studio/7.0/toolchain/arm/arm-gnu-toolchain/bin/../lib/gcc/arm-none-eabi/5.3.1/armv6-m\libgcc.a(_arm_cmpdf2.o)
                0x100107d0                __aeabi_cdrcmple
                0x100107e0                __aeabi_cdcmple
                0x100107e0                __aeabi_cdcmpeq
                0x100107f0                __aeabi_dcmpeq
                0x100107fc                __aeabi_dcmplt
                0x10010810                __aeabi_dcmple
                0x10010824                __aeabi_dcmpgt
                0x10010838                __aeabi_dcmpge
 .text          0x1001084c       0x3c c:/program files (x86)/atmel/studio/7.0/toolchain/arm/arm-gnu-toolchain/bin/../lib/gcc/arm-none-eabi/5.3.1/armv6-m\libgcc.a(_clzsi2.o)
                0x1001084c                __clzsi2
 .text          0x10010888       0x80 c:/program files (x86)/atmel/studio/7.0/toolchain/arm/arm-gnu-toolchain/bin/../lib/gcc/arm-none-eabi/5.3.1/armv6-m\libgcc.a(eqdf2.o)
                0x10010888                __nedf2
                0x10010888                __eqdf2
 .text          0x10010908       0xc8 c:/program files (x86)/atmel/studio/7.0/toolchain/arm/arm-gnu-toolchain/bin/../lib/gcc/arm-none-eabi/5.3.1/armv6-m\libgcc.a(gedf2.o)
                0x10010908                __gedf2
                0x10010908                __gtdf2
 .text          0x100109d0       0xd4 c:/program files (x86)/atmel/studio/7.0/toolchain/arm/arm-gnu-toolchain/bin/../lib/gcc/arm-none-eabi/5.3.1/armv6-m\libgcc.a(ledf2.o)
                0x100109d0                __ledf2
                0x100109d0                __ltdf2
 .text.__libc_init_array
                0x10010aa4       0x4c c:/program files (x86)/atmel/studio/7.0/toolchain/arm/arm-gnu-toolchain/bin/../lib/gcc/arm-none-eabi/5.3.1/../../../../arm-none-eabi/lib/armv6-m\libc_nano.a(lib_a-init.o)
                0x10010aa4                __libc_init_array
 .text.malloc   0x10010af0       0x14 c:/program files (x86)/atmel/studio/7.0/toolchain/arm/arm-gnu-toolchain/bin/../lib/gcc/arm-none-eabi/5.3.1/../../../../arm-none-eabi/lib/armv6-m\libc_nano.a(lib_a-malloc.o)
                0x10010af0                malloc
 .text.free     0x10010b04       0x14 c:/program files (x86)/atmel/studio/7.0/toolchain/arm/arm-gnu-toolchain/bin/../lib/gcc/arm-none-eabi/5.3.1/../../../../arm-none-eabi/lib/armv6-m\libc_nano.a(lib_a-malloc.o)
                0x10010b04                free
 .text.memcmp   0x10010b18       0x1e c:/program files (x86)/atmel/studio/7.0/toolchain/arm/arm-gnu-toolchain/bin/../lib/gcc/arm-none-eabi/5.3.1/../../../../arm-none-eabi/lib/armv6-m\libc_nano.a(lib_a-memcmp.o)
                0x10010b18                memcmp
 .text.memcpy   0x10010b36       0x12 c:/program files (x86)/atmel/studio/7.0/toolchain/arm/arm-gnu-toolchain/bin/../lib/gcc/arm-none-eabi/5.3.1/../../../../arm-none-eabi/lib/armv6-m\libc_nano.a(lib_a-memcpy-stub.o)
                0x10010b36                memcpy
 .text.memset   0x10010b48       0x10 c:/program files (x86)/atmel/studio/7.0/toolchain/arm/arm-gnu-toolchain/bin/../lib/gcc/arm-none-eabi/5.3.1/../../../../arm-none-eabi/lib/armv6-m\libc_nano.a(lib_a-memset.o)
                0x10010b48                memset
 .text._free_r  0x10010b58       0x8c c:/program files (x86)/atmel/studio/7.0/toolchain/arm/arm-gnu-toolchain/bin/../lib/gcc/arm-none-eabi/5.3.1/../../../../arm-none-eabi/lib/armv6-m\libc_nano.a(lib_a-nano-freer.o)
                0x10010b58                _free_r
 .text._malloc_r
                0x10010be4       0xac c:/program files (x86)/atmel/studio/7.0/toolchain/arm/arm-gnu-toolchain/bin/../lib/gcc/arm-none-eabi/5.3.1/../../../../arm-none-eabi/lib/armv6-m\libc_nano.a(lib_a-nano-mallocr.o)
                0x10010be4                _malloc_r
 .text.printf   0x10010c90       0x34 c:/program files (x86)/atmel/studio/7.0/toolchain/arm/arm-gnu-toolchain/bin/../lib/gcc/arm-none-eabi/5.3.1/../../../../arm-none-eabi/lib/armv6-m\libc_nano.a(lib_a-printf.o)
                0x10010c90                iprintf
                0x10010c90                printf
 .text.rand     0x10010cc4       0x78 c:/program files (x86)/atmel/studio/7.0/toolchain/arm/arm-gnu-toolchain/bin/../lib/gcc/arm-none-eabi/5.3.1/../../../../arm-none-eabi/lib/armv6-m\libc_nano.a(lib_a-rand.o)
                0x10010cc4                rand
 .text._sbrk_r  0x10010d3c       0x24 c:/program files (x86)/atmel/studio/7.0/toolchain/arm/arm-gnu-toolchain/bin/../lib/gcc/arm-none-eabi/5.3.1/../../../../arm-none-eabi/lib/armv6-m\libc_nano.a(lib_a-sbrkr.o)
                0x10010d3c                _sbrk_r
 .text.setbuf   0x10010d60       0x12 c:/program files (x86)/atmel/studio/7.0/toolchain/arm/arm-gnu-toolchain/bin/../lib/gcc/arm-none-eabi/5.3.1/../../../../arm-none-eabi/lib/armv6-m\libc_nano.a(lib_a-setbuf.o)
                0x10010d60                setbuf
 *fill*         0x10010d72        0x2 
 .text.setvbuf  0x10010d74      0x160 c:/program files (x86)/atmel/studio/7.0/toolchain/arm/arm-gnu-toolchain/bin/../lib/gcc/arm-none-eabi/5.3.1/../../../../arm-none-eabi/lib/armv6-m\libc_nano.a(lib_a-setvbuf.o)
                0x10010d74                setvbuf
 .text.__sflush_r
                0x10010ed4      0x10c c:/program files (x86)/atmel/studio/7.0/toolchain/arm/arm-gnu-toolchain/bin/../lib/gcc/arm-none-eabi/5.3.1/../../../../arm-none-eabi/lib/armv6-m\libc_nano.a(lib_a-fflush.o)
                0x10010ed4                __sflush_r
 .text._fflush_r
                0x10010fe0       0x58 c:/program files (x86)/atmel/studio/7.0/toolchain/arm/arm-gnu-toolchain/bin/../lib/gcc/arm-none-eabi/5.3.1/../../../../arm-none-eabi/lib/armv6-m\libc_nano.a(lib_a-fflush.o)
                0x10010fe0                _fflush_r
 .text._cleanup_r
                0x10011038       0x10 c:/program files (x86)/atmel/studio/7.0/toolchain/arm/arm-gnu-toolchain/bin/../lib/gcc/arm-none-eabi/5.3.1/../../../../arm-none-eabi/lib/armv6-m\libc_nano.a(lib_a-findfp.o)
                0x10011038                _cleanup_r
 .text.std.isra.0
                0x10011048       0x48 c:/program files (x86)/atmel/studio/7.0/toolchain/arm/arm-gnu-toolchain/bin/../lib/gcc/arm-none-eabi/5.3.1/../../../../arm-none-eabi/lib/armv6-m\libc_nano.a(lib_a-findfp.o)
 .text.__sfmoreglue
                0x10011090       0x2c c:/program files (x86)/atmel/studio/7.0/toolchain/arm/arm-gnu-toolchain/bin/../lib/gcc/arm-none-eabi/5.3.1/../../../../arm-none-eabi/lib/armv6-m\libc_nano.a(lib_a-findfp.o)
                0x10011090                __sfmoreglue
 .text.__sinit  0x100110bc       0x68 c:/program files (x86)/atmel/studio/7.0/toolchain/arm/arm-gnu-toolchain/bin/../lib/gcc/arm-none-eabi/5.3.1/../../../../arm-none-eabi/lib/armv6-m\libc_nano.a(lib_a-findfp.o)
                0x100110bc                __sinit
 .text.__sfp    0x10011124       0x7c c:/program files (x86)/atmel/studio/7.0/toolchain/arm/arm-gnu-toolchain/bin/../lib/gcc/arm-none-eabi/5.3.1/../../../../arm-none-eabi/lib/armv6-m\libc_nano.a(lib_a-findfp.o)
                0x10011124                __sfp
 .text._fwalk_reent
                0x100111a0       0x42 c:/program files (x86)/atmel/studio/7.0/toolchain/arm/arm-gnu-toolchain/bin/../lib/gcc/arm-none-eabi/5.3.1/../../../../arm-none-eabi/lib/armv6-m\libc_nano.a(lib_a-fwalk.o)
                0x100111a0                _fwalk_reent
 *fill*         0x100111e2        0x2 
 .text.__swhatbuf_r
                0x100111e4       0x4c c:/program files (x86)/atmel/studio/7.0/toolchain/arm/arm-gnu-toolchain/bin/../lib/gcc/arm-none-eabi/5.3.1/../../../../arm-none-eabi/lib/armv6-m\libc_nano.a(lib_a-makebuf.o)
                0x100111e4                __swhatbuf_r
 .text.__smakebuf_r
                0x10011230       0x7c c:/program files (x86)/atmel/studio/7.0/toolchain/arm/arm-gnu-toolchain/bin/../lib/gcc/arm-none-eabi/5.3.1/../../../../arm-none-eabi/lib/armv6-m\libc_nano.a(lib_a-makebuf.o)
                0x10011230                __smakebuf_r
 .text.__sfputc_r
                0x100112ac       0x2a c:/program files (x86)/atmel/studio/7.0/toolchain/arm/arm-gnu-toolchain/bin/../lib/gcc/arm-none-eabi/5.3.1/../../../../arm-none-eabi/lib/armv6-m\libc_nano.a(lib_a-nano-vfprintf.o)
 .text.__sfputs_r
                0x100112d6       0x24 c:/program files (x86)/atmel/studio/7.0/toolchain/arm/arm-gnu-toolchain/bin/../lib/gcc/arm-none-eabi/5.3.1/../../../../arm-none-eabi/lib/armv6-m\libc_nano.a(lib_a-nano-vfprintf.o)
                0x100112d6                __sfputs_r
 *fill*         0x100112fa        0x2 
 .text._vfprintf_r
                0x100112fc      0x238 c:/program files (x86)/atmel/studio/7.0/toolchain/arm/arm-gnu-toolchain/bin/../lib/gcc/arm-none-eabi/5.3.1/../../../../arm-none-eabi/lib/armv6-m\libc_nano.a(lib_a-nano-vfprintf.o)
                0x100112fc                _vfprintf_r
                0x100112fc                _vfiprintf_r
 .text._printf_common
                0x10011534       0xdc c:/program files (x86)/atmel/studio/7.0/toolchain/arm/arm-gnu-toolchain/bin/../lib/gcc/arm-none-eabi/5.3.1/../../../../arm-none-eabi/lib/armv6-m\libc_nano.a(lib_a-nano-vfprintf_i.o)
                0x10011534                _printf_common
 .text._printf_i
                0x10011610      0x244 c:/program files (x86)/atmel/studio/7.0/toolchain/arm/arm-gnu-toolchain/bin/../lib/gcc/arm-none-eabi/5.3.1/../../../../arm-none-eabi/lib/armv6-m\libc_nano.a(lib_a-nano-vfprintf_i.o)
                0x10011610                _printf_i
 .text.__sread  0x10011854       0x28 c:/program files (x86)/atmel/studio/7.0/toolchain/arm/arm-gnu-toolchain/bin/../lib/gcc/arm-none-eabi/5.3.1/../../../../arm-none-eabi/lib/armv6-m\libc_nano.a(lib_a-stdio.o)
                0x10011854                __sread
 .text.__swrite
                0x1001187c       0x38 c:/program files (x86)/atmel/studio/7.0/toolchain/arm/arm-gnu-toolchain/bin/../lib/gcc/arm-none-eabi/5.3.1/../../../../arm-none-eabi/lib/armv6-m\libc_nano.a(lib_a-stdio.o)
                0x1001187c                __swrite
 .text.__sseek  0x100118b4       0x2c c:/program files (x86)/atmel/studio/7.0/toolchain/arm/arm-gnu-toolchain/bin/../lib/gcc/arm-none-eabi/5.3.1/../../../../arm-none-eabi/lib/armv6-m\libc_nano.a(lib_a-stdio.o)
                0x100118b4                __sseek
 .text.__sclose
                0x100118e0        0xc c:/program files (x86)/atmel/studio/7.0/toolchain/arm/arm-gnu-toolchain/bin/../lib/gcc/arm-none-eabi/5.3.1/../../../../arm-none-eabi/lib/armv6-m\libc_nano.a(lib_a-stdio.o)
                0x100118e0                __sclose
 .text.__swbuf_r
                0x100118ec       0xb0 c:/program files (x86)/atmel/studio/7.0/toolchain/arm/arm-gnu-toolchain/bin/../lib/gcc/arm-none-eabi/5.3.1/../../../../arm-none-eabi/lib/armv6-m\libc_nano.a(lib_a-wbuf.o)
                0x100118ec                __swbuf_r
 .text._write_r
                0x1001199c       0x28 c:/program files (x86)/atmel/studio/7.0/toolchain/arm/arm-gnu-toolchain/bin/../lib/gcc/arm-none-eabi/5.3.1/../../../../arm-none-eabi/lib/armv6-m\libc_nano.a(lib_a-writer.o)
                0x1001199c                _write_r
 .text.__swsetup_r
                0x100119c4       0xec c:/program files (x86)/atmel/studio/7.0/toolchain/arm/arm-gnu-toolchain/bin/../lib/gcc/arm-none-eabi/5.3.1/../../../../arm-none-eabi/lib/armv6-m\libc_nano.a(lib_a-wsetup.o)
                0x100119c4                __swsetup_r
 .text._close_r
                0x10011ab0       0x24 c:/program files (x86)/atmel/studio/7.0/toolchain/arm/arm-gnu-toolchain/bin/../lib/gcc/arm-none-eabi/5.3.1/../../../../arm-none-eabi/lib/armv6-m\libc_nano.a(lib_a-closer.o)
                0x10011ab0                _close_r
 .text._fstat_r
                0x10011ad4       0x24 c:/program files (x86)/atmel/studio/7.0/toolchain/arm/arm-gnu-toolchain/bin/../lib/gcc/arm-none-eabi/5.3.1/../../../../arm-none-eabi/lib/armv6-m\libc_nano.a(lib_a-fstatr.o)
                0x10011ad4                _fstat_r
 .text._isatty_r
                0x10011af8       0x24 c:/program files (x86)/atmel/studio/7.0/toolchain/arm/arm-gnu-toolchain/bin/../lib/gcc/arm-none-eabi/5.3.1/../../../../arm-none-eabi/lib/armv6-m\libc_nano.a(lib_a-isattyr.o)
                0x10011af8                _isatty_r
 .text._lseek_r
                0x10011b1c       0x28 c:/program files (x86)/atmel/studio/7.0/toolchain/arm/arm-gnu-toolchain/bin/../lib/gcc/arm-none-eabi/5.3.1/../../../../arm-none-eabi/lib/armv6-m\libc_nano.a(lib_a-lseekr.o)
                0x10011b1c                _lseek_r
 .text.memchr   0x10011b44       0x16 c:/program files (x86)/atmel/studio/7.0/toolchain/arm/arm-gnu-toolchain/bin/../lib/gcc/arm-none-eabi/5.3.1/../../../../arm-none-eabi/lib/armv6-m\libc_nano.a(lib_a-memchr-stub.o)
                0x10011b44                memchr
 *fill*         0x10011b5a        0x2 
 .text._read_r  0x10011b5c       0x28 c:/program files (x86)/atmel/studio/7.0/toolchain/arm/arm-gnu-toolchain/bin/../lib/gcc/arm-none-eabi/5.3.1/../../../../arm-none-eabi/lib/armv6-m\libc_nano.a(lib_a-readr.o)
                0x10011b5c                _read_r
 *(.glue_7t)
 .glue_7t       0x10011b84        0x0 linker stubs
 *(.glue_7)
 .glue_7        0x10011b84        0x0 linker stubs
 *(.rodata .rodata* .gnu.linkonce.r.*)
 .rodata.CSWTCH.45
                0x10011b84        0x4 src/sms_v_0_2/src/sms_ble.o
 .rodata.str1.1
                0x10011b88       0x3d src/sms_v_0_2/src/sms_ble.o
 *fill*         0x10011bc5        0x3 
 .rodata.sms_ble_gap_cb
                0x10011bc8       0x4c src/sms_v_0_2/src/sms_ble.o
                0x10011bc8                sms_ble_gap_cb
 .rodata.sms_ble_gatt_server_cb
                0x10011c14       0x28 src/sms_v_0_2/src/sms_ble.o
                0x10011c14                sms_ble_gatt_server_cb
 .rodata.str1.1
                0x10011c3c       0x28 src/sms_v_0_2/src/sms_button.o
 .rodata.CSWTCH.57
                0x10011c64        0xc src/sms_v_0_2/src/sms_timer.o
 .rodata.str1.1
                0x10011c70       0x28 src/sms_v_0_2/src/sms_timer.o
 .rodata        0x10011c98        0xd src/ASF/thirdparty/wireless/ble_smart_sdk/ble_services/ble_mgr/ble_manager.o
 *fill*         0x10011ca5        0x3 
 .rodata.ble_mgr_gatt_server_handle
                0x10011ca8       0x28 src/ASF/thirdparty/wireless/ble_smart_sdk/ble_services/ble_mgr/ble_manager.o
 .rodata.str1.1
                0x10011cd0       0x13 src/ASF/thirdparty/wireless/ble_smart_sdk/ble_services/ble_mgr/ble_manager.o
 *fill*         0x10011ce3        0x1 
 .rodata.ble_mgr_gap_handle
                0x10011ce4       0x4c src/ASF/thirdparty/wireless/ble_smart_sdk/ble_services/ble_mgr/ble_manager.o
 .rodata.CSWTCH.94
                0x10011d30        0x7 src/ASF/thirdparty/wireless/ble_smart_sdk/ble_services/ble_mgr/ble_manager.o
 *fill*         0x10011d37        0x1 
 .rodata.CSWTCH.95
                0x10011d38       0x1c src/ASF/thirdparty/wireless/ble_smart_sdk/ble_services/ble_mgr/ble_manager.o
 .rodata.str1.1
                0x10011d54       0x1b src/sms_peripheral1.o
 .rodata        0x10011d6f        0xb ../src/ASF/thirdparty/wireless/ble_smart_sdk/lib/cm0/gcc\libblusdk.a(gap.o)
 .rodata.CSWTCH.45
                0x10011d7a        0x3 ../src/ASF/thirdparty/wireless/ble_smart_sdk/lib/cm0/gcc\libblusdk.a(gap.o)
 .rodata.CSWTCH.47
                0x10011d7d        0xf ../src/ASF/thirdparty/wireless/ble_smart_sdk/lib/cm0/gcc\libblusdk.a(gap.o)
 .rodata.client_conf_uuid
                0x10011d8c        0x2 ../src/ASF/thirdparty/wireless/ble_smart_sdk/lib/cm0/gcc\libblusdk.a(gatt_server.o)
                0x10011d8c                client_conf_uuid
 .rodata.presentation_format_uuid
                0x10011d8e        0x2 ../src/ASF/thirdparty/wireless/ble_smart_sdk/lib/cm0/gcc\libblusdk.a(gatt_server.o)
                0x10011d8e                presentation_format_uuid
 .rodata.user_desc_uuid
                0x10011d90        0x2 ../src/ASF/thirdparty/wireless/ble_smart_sdk/lib/cm0/gcc\libblusdk.a(gatt_server.o)
                0x10011d90                user_desc_uuid
 .rodata.server_conf_uuid
                0x10011d92        0x2 ../src/ASF/thirdparty/wireless/ble_smart_sdk/lib/cm0/gcc\libblusdk.a(gatt_server.o)
                0x10011d92                server_conf_uuid
 .rodata.extended_props_uuid
                0x10011d94        0x2 ../src/ASF/thirdparty/wireless/ble_smart_sdk/lib/cm0/gcc\libblusdk.a(gatt_server.o)
                0x10011d94                extended_props_uuid
 .rodata.include_uuid
                0x10011d96        0x2 ../src/ASF/thirdparty/wireless/ble_smart_sdk/lib/cm0/gcc\libblusdk.a(gatt_server.o)
                0x10011d96                include_uuid
 .rodata.char_uuid
                0x10011d98        0x2 ../src/ASF/thirdparty/wireless/ble_smart_sdk/lib/cm0/gcc\libblusdk.a(gatt_server.o)
                0x10011d98                char_uuid
 *fill*         0x10011d9a        0x2 
 .rodata        0x10011d9c       0x40 c:/program files (x86)/atmel/studio/7.0/toolchain/arm/arm-gnu-toolchain/bin/../lib/gcc/arm-none-eabi/5.3.1/armv6-m\libgcc.a(muldf3.o)
 .rodata.str1.1
                0x10011ddc        0x2 c:/program files (x86)/atmel/studio/7.0/toolchain/arm/arm-gnu-toolchain/bin/../lib/gcc/arm-none-eabi/5.3.1/../../../../arm-none-eabi/lib/armv6-m\libc_nano.a(lib_a-impure.o)
 *fill*         0x10011dde        0x2 
 .rodata._global_impure_ptr
                0x10011de0        0x4 c:/program files (x86)/atmel/studio/7.0/toolchain/arm/arm-gnu-toolchain/bin/../lib/gcc/arm-none-eabi/5.3.1/../../../../arm-none-eabi/lib/armv6-m\libc_nano.a(lib_a-impure.o)
                0x10011de0                _global_impure_ptr
 .rodata.__sf_fake_stdin
                0x10011de4       0x20 c:/program files (x86)/atmel/studio/7.0/toolchain/arm/arm-gnu-toolchain/bin/../lib/gcc/arm-none-eabi/5.3.1/../../../../arm-none-eabi/lib/armv6-m\libc_nano.a(lib_a-findfp.o)
                0x10011de4                __sf_fake_stdin
 .rodata.__sf_fake_stdout
                0x10011e04       0x20 c:/program files (x86)/atmel/studio/7.0/toolchain/arm/arm-gnu-toolchain/bin/../lib/gcc/arm-none-eabi/5.3.1/../../../../arm-none-eabi/lib/armv6-m\libc_nano.a(lib_a-findfp.o)
                0x10011e04                __sf_fake_stdout
 .rodata.__sf_fake_stderr
                0x10011e24       0x20 c:/program files (x86)/atmel/studio/7.0/toolchain/arm/arm-gnu-toolchain/bin/../lib/gcc/arm-none-eabi/5.3.1/../../../../arm-none-eabi/lib/armv6-m\libc_nano.a(lib_a-findfp.o)
                0x10011e24                __sf_fake_stderr
 .rodata.str1.1
                0x10011e44       0x11 c:/program files (x86)/atmel/studio/7.0/toolchain/arm/arm-gnu-toolchain/bin/../lib/gcc/arm-none-eabi/5.3.1/../../../../arm-none-eabi/lib/armv6-m\libc_nano.a(lib_a-nano-vfprintf.o)
 .rodata.str1.1
                0x10011e55       0x22 c:/program files (x86)/atmel/studio/7.0/toolchain/arm/arm-gnu-toolchain/bin/../lib/gcc/arm-none-eabi/5.3.1/../../../../arm-none-eabi/lib/armv6-m\libc_nano.a(lib_a-nano-vfprintf_i.o)
 *(.ARM.extab* .gnu.linkonce.armextab.*)
                0x10011e78                . = ALIGN (0x4)
 *fill*         0x10011e77        0x1 
 *(.init)
 .init          0x10011e78        0x4 c:/program files (x86)/atmel/studio/7.0/toolchain/arm/arm-gnu-toolchain/bin/../lib/gcc/arm-none-eabi/5.3.1/armv6-m/crti.o
                0x10011e78                _init
 .init          0x10011e7c        0x8 c:/program files (x86)/atmel/studio/7.0/toolchain/arm/arm-gnu-toolchain/bin/../lib/gcc/arm-none-eabi/5.3.1/armv6-m/crtn.o
                0x10011e84                . = ALIGN (0x4)
                0x10011e84                __preinit_array_start = .
 *(.preinit_array)
                0x10011e84                __preinit_array_end = .
                0x10011e84                . = ALIGN (0x4)
                0x10011e84                __init_array_start = .
 *(SORT(.init_array.*))
 *(.init_array)
 .init_array    0x10011e84        0x4 c:/program files (x86)/atmel/studio/7.0/toolchain/arm/arm-gnu-toolchain/bin/../lib/gcc/arm-none-eabi/5.3.1/armv6-m/crtbegin.o
                0x10011e88                __init_array_end = .
                0x10011e88                . = ALIGN (0x4)
 *crtbegin.o(.ctors)
 *(EXCLUDE_FILE(*crtend.o) .ctors)
 *(SORT(.ctors.*))
 *crtend.o(.ctors)
                0x10011e88                . = ALIGN (0x4)
 *(.fini)
 .fini          0x10011e88        0x4 c:/program files (x86)/atmel/studio/7.0/toolchain/arm/arm-gnu-toolchain/bin/../lib/gcc/arm-none-eabi/5.3.1/armv6-m/crti.o
                0x10011e88                _fini
 .fini          0x10011e8c        0x8 c:/program files (x86)/atmel/studio/7.0/toolchain/arm/arm-gnu-toolchain/bin/../lib/gcc/arm-none-eabi/5.3.1/armv6-m/crtn.o
                0x10011e94                . = ALIGN (0x4)
                0x10011e94                __fini_array_start = .
 *(.fini_array)
 .fini_array    0x10011e94        0x4 c:/program files (x86)/atmel/studio/7.0/toolchain/arm/arm-gnu-toolchain/bin/../lib/gcc/arm-none-eabi/5.3.1/armv6-m/crtbegin.o
 *(SORT(.fini_array.*))
                0x10011e98                __fini_array_end = .
 *crtbegin.o(.dtors)
 *(EXCLUDE_FILE(*crtend.o) .dtors)
 *(SORT(.dtors.*))
 *crtend.o(.dtors)
                0x10011e98                . = ALIGN (0x4)
                0x10011e98                _efixed = .

.vfp11_veneer   0x10011e98        0x0
 .vfp11_veneer  0x10011e98        0x0 linker stubs

.v4_bx          0x10011e98        0x0
 .v4_bx         0x10011e98        0x0 linker stubs

.iplt           0x10011e98        0x0
 .iplt          0x10011e98        0x0 c:/program files (x86)/atmel/studio/7.0/toolchain/arm/arm-gnu-toolchain/bin/../lib/gcc/arm-none-eabi/5.3.1/armv6-m/crtbegin.o

.eh_frame       0x10011e98        0x0
 .eh_frame      0x10011e98        0x0 c:/program files (x86)/atmel/studio/7.0/toolchain/arm/arm-gnu-toolchain/bin/../lib/gcc/arm-none-eabi/5.3.1/armv6-m/crtbegin.o

.rel.dyn        0x10011e98        0x0
 .rel.iplt      0x10011e98        0x0 c:/program files (x86)/atmel/studio/7.0/toolchain/arm/arm-gnu-toolchain/bin/../lib/gcc/arm-none-eabi/5.3.1/armv6-m/crtbegin.o

.jcr            0x10011e98        0x0
 .jcr           0x10011e98        0x0 c:/program files (x86)/atmel/studio/7.0/toolchain/arm/arm-gnu-toolchain/bin/../lib/gcc/arm-none-eabi/5.3.1/armv6-m/crtbegin.o

.igot.plt       0x10011e98        0x0
 .igot.plt      0x10011e98        0x0 c:/program files (x86)/atmel/studio/7.0/toolchain/arm/arm-gnu-toolchain/bin/../lib/gcc/arm-none-eabi/5.3.1/armv6-m/crtbegin.o
                0x10011e98                . = ALIGN (0x4)
                0x10011e98                _etext = .

.relocate       0x10011e98       0x6c
                0x10011e98                . = ALIGN (0x4)
                0x10011e98                _srelocate = .
 *(.ramfunc .ramfunc.*)
 *(.data .data.*)
 .data.l2cap_avail_buffers
                0x10011e98        0x1 ../src/ASF/thirdparty/wireless/ble_smart_sdk/lib/cm0/gcc\libblusdk.a(l2cc_task.o)
                0x10011e98                l2cap_avail_buffers
 *fill*         0x10011e99        0x3 
 .data.dummy_buffer
                0x10011e9c        0x4 ../src/ASF/thirdparty/wireless/ble_smart_sdk/lib/cm0/gcc\libblusdk.a(interface.o)
                0x10011e9c                dummy_buffer
 .data.impure_data
                0x10011ea0       0x60 c:/program files (x86)/atmel/studio/7.0/toolchain/arm/arm-gnu-toolchain/bin/../lib/gcc/arm-none-eabi/5.3.1/../../../../arm-none-eabi/lib/armv6-m\libc_nano.a(lib_a-impure.o)
 .data._impure_ptr
                0x10011f00        0x4 c:/program files (x86)/atmel/studio/7.0/toolchain/arm/arm-gnu-toolchain/bin/../lib/gcc/arm-none-eabi/5.3.1/../../../../arm-none-eabi/lib/armv6-m\libc_nano.a(lib_a-impure.o)
                0x10011f00                _impure_ptr
                0x10011f04                . = ALIGN (0x4)
                0x10011f04                _erelocate = .

.bss            0x10011f04     0x2dd0
                0x10011f04                . = ALIGN (0x4)
                0x10011f04                _sbss = .
                0x10011f04                _szero = .
 *(.bss .bss.*)
 .bss           0x10011f04       0x1c c:/program files (x86)/atmel/studio/7.0/toolchain/arm/arm-gnu-toolchain/bin/../lib/gcc/arm-none-eabi/5.3.1/armv6-m/crtbegin.o
 .bss.aon_sleep_timer_callback
                0x10011f20        0x4 src/ASF/sam0/drivers/aon_sleep_timer/aon_sleep_timer.o
 .bss.dualtimer_callback_timer1
                0x10011f24        0x4 src/ASF/sam0/drivers/dualtimer/dualtimer.o
 .bss.dualtimer_callback_timer2
                0x10011f28        0x4 src/ASF/sam0/drivers/dualtimer/dualtimer.o
 .bss.heap.5286
                0x10011f2c        0x4 src/ASF/sam0/utils/syscalls/gcc/syscalls.o
 .bss.event_pool_memory
                0x10011f30      0x400 src/ASF/thirdparty/wireless/ble_smart_sdk/ble_services/ble_mgr/ble_manager.o
                0x10011f30                event_pool_memory
 .bss.att_db_data
                0x10012330      0x4e0 src/ASF/thirdparty/wireless/ble_smart_sdk/ble_services/ble_mgr/ble_manager.o
                0x10012330                att_db_data
 .bss.ble_user_event_cb
                0x10012810        0x4 src/ASF/thirdparty/wireless/ble_smart_sdk/ble_services/ble_mgr/ble_manager.o
                0x10012810                ble_user_event_cb
 .bss.scan_response_count
                0x10012814        0x1 src/ASF/thirdparty/wireless/ble_smart_sdk/ble_services/ble_mgr/ble_manager.o
                0x10012814                scan_response_count
 .bss.ble_peripheral_dev_address
                0x10012815        0x7 src/ASF/thirdparty/wireless/ble_smart_sdk/ble_services/ble_mgr/ble_manager.o
 .bss.event_params_memory
                0x1001281c     0x1000 src/ASF/thirdparty/wireless/ble_smart_sdk/ble_services/ble_mgr/ble_manager.o
                0x1001281c                event_params_memory
 .bss.ulp_status
                0x1001381c        0x1 src/ASF/thirdparty/wireless/ble_smart_sdk/ble_services/ble_mgr/ble_manager.o
                0x1001381c                ulp_status
 *fill*         0x1001381d        0x3 
 .bss.tick      0x10013820        0x4 src/ASF/thirdparty/wireless/ble_smart_sdk/services/uart/console_serial.o
                0x10013820                tick
 .bss.read_status
                0x10013824        0x1 src/ASF/thirdparty/wireless/ble_smart_sdk/services/uart/console_serial.o
                0x10013824                read_status
 .bss.string_input
                0x10013825        0x1 src/ASF/thirdparty/wireless/ble_smart_sdk/services/uart/console_serial.o
                0x10013825                string_input
 *fill*         0x10013826        0x2 
 .bss.user_callback_func
                0x10013828        0x4 src/ASF/thirdparty/wireless/ble_smart_sdk/services/uart/console_serial.o
                0x10013828                user_callback_func
 .bss.platform_event_pending_list
                0x1001382c        0x4 src/ASF/thirdparty/wireless/ble_smart_sdk/src/event_handler.o
 .bss.platform_event_free_list
                0x10013830        0x4 src/ASF/thirdparty/wireless/ble_smart_sdk/src/event_handler.o
 .bss.platform_event_pool
                0x10013834       0x78 src/ASF/thirdparty/wireless/ble_smart_sdk/src/event_handler.o
 .bss.ke_free   0x100138ac        0x4 src/ASF/thirdparty/wireless/ble_smart_sdk/src/platform_drv.o
 .bss.gapm_get_id_from_task
                0x100138b0        0x4 src/ASF/thirdparty/wireless/ble_smart_sdk/src/platform_drv.o
 .bss.gapm_get_task_from_id
                0x100138b4        0x4 src/ASF/thirdparty/wireless/ble_smart_sdk/src/platform_drv.o
 .bss.rcv_msg.13243
                0x100138b8        0x4 src/ASF/thirdparty/wireless/ble_smart_sdk/src/platform_drv.o
 .bss.os_sem_up
                0x100138bc        0x4 src/ASF/thirdparty/wireless/ble_smart_sdk/src/platform_drv.o
 .bss.pwr_wait_BLE_out_of_reset
                0x100138c0        0x4 src/ASF/thirdparty/wireless/ble_smart_sdk/src/platform_drv.o
 .bss.platform_initialized
                0x100138c4        0x1 src/ASF/thirdparty/wireless/ble_smart_sdk/src/platform_drv.o
                0x100138c4                platform_initialized
 *fill*         0x100138c5        0x3 
 .bss.pwr_disable_arm_wakeup
                0x100138c8        0x4 src/ASF/thirdparty/wireless/ble_smart_sdk/src/platform_drv.o
 .bss.gstrFwSem
                0x100138cc        0x4 src/ASF/thirdparty/wireless/ble_smart_sdk/src/platform_drv.o
 .bss.os_sem_down
                0x100138d0        0x4 src/ASF/thirdparty/wireless/ble_smart_sdk/src/platform_drv.o
 .bss.pwr_enable_arm_wakeup
                0x100138d4        0x4 src/ASF/thirdparty/wireless/ble_smart_sdk/src/platform_drv.o
 .bss.NMI_MsgQueueRecv
                0x100138d8        0x4 src/ASF/thirdparty/wireless/ble_smart_sdk/src/platform_drv.o
 .bss.ke_msg_send
                0x100138dc        0x4 src/ASF/thirdparty/wireless/ble_smart_sdk/src/platform_drv.o
 .bss.ke_msg_hdr.13244
                0x100138e0        0x4 src/ASF/thirdparty/wireless/ble_smart_sdk/src/platform_drv.o
 .bss.ble_stack_message_handler
                0x100138e4        0x4 src/ASF/thirdparty/wireless/ble_smart_sdk/src/platform_drv.o
 .bss.pwr_arm_wakeup_req
                0x100138e8        0x4 src/ASF/thirdparty/wireless/ble_smart_sdk/src/platform_drv.o
 .bss.ke_msg_alloc
                0x100138ec        0x4 src/ASF/thirdparty/wireless/ble_smart_sdk/src/platform_drv.o
 .bss.InternalAppMsgQHandle
                0x100138f0        0x4 src/ASF/thirdparty/wireless/ble_smart_sdk/src/platform_drv.o
 .bss.spare_event
                0x100138f4       0x10 ../src/ASF/thirdparty/wireless/ble_smart_sdk/lib/cm0/gcc\libblusdk.a(event.o)
 .bss.spare_event_busy
                0x10013904        0x1 ../src/ASF/thirdparty/wireless/ble_smart_sdk/lib/cm0/gcc\libblusdk.a(event.o)
 *fill*         0x10013905        0x3 
 .bss.event_pending_list
                0x10013908        0x4 ../src/ASF/thirdparty/wireless/ble_smart_sdk/lib/cm0/gcc\libblusdk.a(event.o)
 .bss.event_free_list
                0x1001390c        0x4 ../src/ASF/thirdparty/wireless/ble_smart_sdk/lib/cm0/gcc\libblusdk.a(event.o)
 .bss.u16GattcSeqNo
                0x10013910        0x2 ../src/ASF/thirdparty/wireless/ble_smart_sdk/lib/cm0/gcc\libblusdk.a(gatt_client.o)
 *fill*         0x10013912        0x2 
 .bss.pu8valuesBuffer
                0x10013914        0x4 ../src/ASF/thirdparty/wireless/ble_smart_sdk/lib/cm0/gcc\libblusdk.a(gatt_server.o)
                0x10013914                pu8valuesBuffer
 .bss.unNull    0x10013918        0x1 ../src/ASF/thirdparty/wireless/ble_smart_sdk/lib/cm0/gcc\libblusdk.a(gatt_server.o)
                0x10013918                unNull
 *fill*         0x10013919        0x3 
 .bss.ptstrattDb
                0x1001391c        0x4 ../src/ASF/thirdparty/wireless/ble_smart_sdk/lib/cm0/gcc\libblusdk.a(gatt_server.o)
                0x1001391c                ptstrattDb
 .bss.pu8valuesBufferEnd
                0x10013920        0x4 ../src/ASF/thirdparty/wireless/ble_smart_sdk/lib/cm0/gcc\libblusdk.a(gatt_server.o)
                0x10013920                pu8valuesBufferEnd
 .bss.u32numberOfValues
                0x10013924        0x4 ../src/ASF/thirdparty/wireless/ble_smart_sdk/lib/cm0/gcc\libblusdk.a(gatt_server.o)