Archive member included to satisfy reference by file (symbol)

../src/ASF/thirdparty/wireless/ble_smart_sdk/lib/cm0/gcc\libblusdk.a(event.o)
                              src/ASF/thirdparty/wireless/ble_smart_sdk/ble_services/ble_mgr/ble_manager.o (at_ble_event_get)
../src/ASF/thirdparty/wireless/ble_smart_sdk/lib/cm0/gcc\libblusdk.a(gap.o)
                              src/ASF/thirdparty/wireless/ble_smart_sdk/ble_services/ble_mgr/ble_manager.o (at_ble_device_name_set)
../src/ASF/thirdparty/wireless/ble_smart_sdk/lib/cm0/gcc\libblusdk.a(gatt_client.o)
                              ../src/ASF/thirdparty/wireless/ble_smart_sdk/lib/cm0/gcc\libblusdk.a(gap.o) (init_gatt_client_module)
../src/ASF/thirdparty/wireless/ble_smart_sdk/lib/cm0/gcc\libblusdk.a(gatt_server.o)
                              ../src/ASF/thirdparty/wireless/ble_smart_sdk/lib/cm0/gcc\libblusdk.a(gap.o) (initi_gatt_server_module)
../src/ASF/thirdparty/wireless/ble_smart_sdk/lib/cm0/gcc\libblusdk.a(l2cc_task.o)
                              ../src/ASF/thirdparty/wireless/ble_smart_sdk/lib/cm0/gcc\libblusdk.a(gap.o) (init_l2cc_task_module)
../src/ASF/thirdparty/wireless/ble_smart_sdk/lib/cm0/gcc\libblusdk.a(security.o)
                              src/ASF/thirdparty/wireless/ble_smart_sdk/ble_services/ble_mgr/ble_manager.o (at_ble_authenticate)
../src/ASF/thirdparty/wireless/ble_smart_sdk/lib/cm0/gcc\libblusdk.a(interface.o)
                              ../src/ASF/thirdparty/wireless/ble_smart_sdk/lib/cm0/gcc\libblusdk.a(gap.o) (rx_callback)
../src/ASF/thirdparty/wireless/ble_smart_sdk/lib/cm0/gcc\libblusdk.a(calib_task.o)
                              ../src/ASF/thirdparty/wireless/ble_smart_sdk/lib/cm0/gcc\libblusdk.a(gap.o) (calib_config)
../src/ASF/thirdparty/wireless/ble_smart_sdk/lib/cm0/gcc\libblusdk.a(dbg_task.o)
                              ../src/ASF/thirdparty/wireless/ble_smart_sdk/lib/cm0/gcc\libblusdk.a(gap.o) (dbg_le_set_bd_addr_req_handler)
../src/ASF/thirdparty/wireless/ble_smart_sdk/lib/cm0/gcc\libblusdk.a(gapc_task.o)
                              ../src/ASF/thirdparty/wireless/ble_smart_sdk/lib/cm0/gcc\libblusdk.a(security.o) (check_ConnData_idx_role)
../src/ASF/thirdparty/wireless/ble_smart_sdk/lib/cm0/gcc\libblusdk.a(gapm_task.o)
                              ../src/ASF/thirdparty/wireless/ble_smart_sdk/lib/cm0/gcc\libblusdk.a(gap.o) (gapm_reset_req_handler)
../src/ASF/thirdparty/wireless/ble_smart_sdk/lib/cm0/gcc\libblusdk.a(gattc_task.o)
                              ../src/ASF/thirdparty/wireless/ble_smart_sdk/lib/cm0/gcc\libblusdk.a(gatt_server.o) (gattc_read_req_ind_parser)
../src/ASF/thirdparty/wireless/ble_smart_sdk/lib/cm0/gcc\libblusdk.a(gattm_task.o)
                              ../src/ASF/thirdparty/wireless/ble_smart_sdk/lib/cm0/gcc\libblusdk.a(gatt_server.o) (gattm_add_svc_req_handler)
../src/ASF/thirdparty/wireless/ble_smart_sdk/lib/cm0/gcc\libblusdk.a(htpt_task.o)
                              ../src/ASF/thirdparty/wireless/ble_smart_sdk/lib/cm0/gcc\libblusdk.a(event.o) (htpt_enable_rsp_handler)
c:/program files (x86)/atmel/studio/7.0/toolchain/arm/arm-gnu-toolchain/bin/../lib/gcc/arm-none-eabi/5.3.1/../../../../arm-none-eabi/lib/armv6-m\libm.a(lib_a-w_pow.o)
                              src/sms_v_0_2/src/sms_imu.o (pow)
c:/program files (x86)/atmel/studio/7.0/toolchain/arm/arm-gnu-toolchain/bin/../lib/gcc/arm-none-eabi/5.3.1/../../../../arm-none-eabi/lib/armv6-m\libm.a(lib_a-wf_sqrt.o)
                              src/ASF/thirdparty/sensor/mpu9250_kriswiner/quaternion_ahrs.o (sqrtf)
c:/program files (x86)/atmel/studio/7.0/toolchain/arm/arm-gnu-toolchain/bin/../lib/gcc/arm-none-eabi/5.3.1/../../../../arm-none-eabi/lib/armv6-m\libm.a(lib_a-e_pow.o)
                              c:/program files (x86)/atmel/studio/7.0/toolchain/arm/arm-gnu-toolchain/bin/../lib/gcc/arm-none-eabi/5.3.1/../../../../arm-none-eabi/lib/armv6-m\libm.a(lib_a-w_pow.o) (__ieee754_pow)
c:/program files (x86)/atmel/studio/7.0/toolchain/arm/arm-gnu-toolchain/bin/../lib/gcc/arm-none-eabi/5.3.1/../../../../arm-none-eabi/lib/armv6-m\libm.a(lib_a-e_sqrt.o)
                              c:/program files (x86)/atmel/studio/7.0/toolchain/arm/arm-gnu-toolchain/bin/../lib/gcc/arm-none-eabi/5.3.1/../../../../arm-none-eabi/lib/armv6-m\libm.a(lib_a-e_pow.o) (__ieee754_sqrt)
c:/program files (x86)/atmel/studio/7.0/toolchain/arm/arm-gnu-toolchain/bin/../lib/gcc/arm-none-eabi/5.3.1/../../../../arm-none-eabi/lib/armv6-m\libm.a(lib_a-ef_sqrt.o)
                              c:/program files (x86)/atmel/studio/7.0/toolchain/arm/arm-gnu-toolchain/bin/../lib/gcc/arm-none-eabi/5.3.1/../../../../arm-none-eabi/lib/armv6-m\libm.a(lib_a-wf_sqrt.o) (__ieee754_sqrtf)
c:/program files (x86)/atmel/studio/7.0/toolchain/arm/arm-gnu-toolchain/bin/../lib/gcc/arm-none-eabi/5.3.1/../../../../arm-none-eabi/lib/armv6-m\libm.a(lib_a-s_fabs.o)
[...]
Memory Configuration

Name             Origin             Length             Attributes
ram              0x10008000         0x00018000         xrw
lram             0x10020000         0x00000000         xrw
*default*        0x00000000         0xffffffff

Linker script and memory map

LOAD c:/program files (x86)/atmel/studio/7.0/toolchain/arm/arm-gnu-toolchain/bin/../lib/gcc/arm-none-eabi/5.3.1/armv6-m/crti.o
LOAD c:/program files (x86)/atmel/studio/7.0/toolchain/arm/arm-gnu-toolchain/bin/../lib/gcc/arm-none-eabi/5.3.1/armv6-m/crtbegin.o
LOAD c:/program files (x86)/atmel/studio/7.0/toolchain/arm/arm-gnu-toolchain/bin/../lib/gcc/arm-none-eabi/5.3.1/../../../../arm-none-eabi/lib/armv6-m/crt0.o
LOAD src/ASF/common/utils/interrupt/interrupt_sam_nvic.o
LOAD src/ASF/sam0/boards/samb11_xplained_pro/board_init.o
LOAD src/ASF/sam0/drivers/aon_sleep_timer/aon_sleep_timer.o
LOAD src/ASF/sam0/drivers/i2c/i2c_master.o
LOAD src/ASF/sam0/utils/cmsis/samb11/source/gcc/startup_samb11.o
LOAD src/ASF/sam0/utils/cmsis/samb11/source/system_samb11.o
LOAD src/ASF/sam0/utils/syscalls/gcc/syscalls.o
LOAD src/ASF/thirdparty/sensor/mpu9250_kriswiner/quaternion_ahrs.o
LOAD src/sms_v_0_2/src/sms_ble.o
LOAD src/sms_v_0_2/src/sms_button.o
LOAD src/sms_v_0_2/src/sms_common.o
LOAD src/sms_v_0_2/src/sms_i2c.o
LOAD src/sms_v_0_2/src/sms_imu.o
LOAD src/sms_v_0_2/src/sms_led.o
LOAD src/sms_v_0_2/src/sms_pressure.o
LOAD src/sms_v_0_2/src/sms_sensors.o
LOAD src/sms_v_0_2/src/sms_spi.o
LOAD src/sms_v_0_2/src/sms_timer.o
LOAD src/ASF/sam0/drivers/spi/spi.o
LOAD src/ASF/thirdparty/wireless/ble_smart_sdk/ble_profiles/pxp_reporter/pxp_reporter.o
LOAD src/ASF/thirdparty/wireless/ble_smart_sdk/ble_services/battery/battery.o
LOAD src/ASF/thirdparty/wireless/ble_smart_sdk/ble_services/immediate_alert/immediate_alert.o
LOAD src/ASF/thirdparty/wireless/ble_smart_sdk/ble_services/link_loss/link_loss.o
LOAD src/ASF/thirdparty/wireless/ble_smart_sdk/ble_services/tx_power/tx_power.o
LOAD src/ASF/sam0/drivers/dualtimer/dualtimer.o
LOAD src/ASF/sam0/drivers/gpio/gpio.o
LOAD src/ASF/sam0/drivers/system/system_sam_b.o
LOAD src/ASF/sam0/drivers/timer/timer.o
LOAD src/ASF/sam0/drivers/uart/uart.o
LOAD src/ASF/sam0/utils/stdio/read.o
LOAD src/ASF/sam0/utils/stdio/write.o
LOAD src/ASF/thirdparty/wireless/ble_smart_sdk/ble_services/ble_mgr/ble_manager.o
LOAD src/ASF/thirdparty/wireless/ble_smart_sdk/services/dualtimer/timer_hw.o
LOAD src/ASF/thirdparty/wireless/ble_smart_sdk/services/gpio/button.o
LOAD src/ASF/thirdparty/wireless/ble_smart_sdk/services/gpio/led.o
LOAD src/ASF/thirdparty/wireless/ble_smart_sdk/services/uart/console_serial.o
LOAD src/ASF/thirdparty/wireless/ble_smart_sdk/src/event_handler.o
LOAD src/ASF/thirdparty/wireless/ble_smart_sdk/src/platform_drv.o
LOAD src/ASF/thirdparty/wireless/ble_smart_sdk/src/port_from_sdk.o
LOAD src/sms_peripheral1.o
START GROUP
LOAD ../src/ASF/thirdparty/CMSIS/Lib/GCC\libarm_cortexM0l_math.a
LOAD ../src/ASF/thirdparty/wireless/ble_smart_sdk/lib/cm0/gcc\libblusdk.a
LOAD c:/program files (x86)/atmel/studio/7.0/toolchain/arm/arm-gnu-toolchain/bin/../lib/gcc/arm-none-eabi/5.3.1/../../../../arm-none-eabi/lib/armv6-m\libm.a
END GROUP
START GROUP
LOAD c:/program files (x86)/atmel/studio/7.0/toolchain/arm/arm-gnu-toolchain/bin/../lib/gcc/arm-none-eabi/5.3.1/armv6-m\libgcc.a
LOAD c:/program files (x86)/atmel/studio/7.0/toolchain/arm/arm-gnu-toolchain/bin/../lib/gcc/arm-none-eabi/5.3.1/../../../../arm-none-eabi/lib/armv6-m\libc_nano.a
END GROUP
START GROUP
LOAD c:/program files (x86)/atmel/studio/7.0/toolchain/arm/arm-gnu-toolchain/bin/../lib/gcc/arm-none-eabi/5.3.1/armv6-m\libgcc.a
LOAD c:/program files (x86)/atmel/studio/7.0/toolchain/arm/arm-gnu-toolchain/bin/../lib/gcc/arm-none-eabi/5.3.1/../../../../arm-none-eabi/lib/armv6-m\libc_nano.a
END GROUP
LOAD c:/program files (x86)/atmel/studio/7.0/toolchain/arm/arm-gnu-toolchain/bin/../lib/gcc/arm-none-eabi/5.3.1/armv6-m/crtend.o
LOAD c:/program files (x86)/atmel/studio/7.0/toolchain/arm/arm-gnu-toolchain/bin/../lib/gcc/arm-none-eabi/5.3.1/armv6-m/crtn.o
                0x00000800                STACK_SIZE = DEFINED (STACK_SIZE)?STACK_SIZE:DEFINED (__stack_size__)?__stack_size__:0x800

.text           0x10008000     0xdb80
                0x10008000                . = ALIGN (0x4)
                0x10008000                _sfixed = .
 *(.test.main .text.app_entry)
 .text.app_entry
                0x10008000       0x54 src/ASF/sam0/utils/cmsis/samb11/source/gcc/startup_samb11.o
                0x10008000                app_entry
 *(.text .text.* .gnu.linkonce.t.*)
 .text          0x10008054       0x60 c:/program files (x86)/atmel/studio/7.0/toolchain/arm/arm-gnu-toolchain/bin/../lib/gcc/arm-none-eabi/5.3.1/armv6-m/crtbegin.o
 .text.aon_sleep_timer_get_config_defaults
                0x100080b4        0xe src/ASF/sam0/drivers/aon_sleep_timer/aon_sleep_timer.o
                0x100080b4                aon_sleep_timer_get_config_defaults
 *fill*         0x100080c2        0x2 
 .text.aon_sleep_timer_disable
                0x100080c4       0x20 src/ASF/sam0/drivers/aon_sleep_timer/aon_sleep_timer.o
                0x100080c4                aon_sleep_timer_disable
 .text.aon_sleep_timer_clear_interrup
                0x100080e4       0x10 src/ASF/sam0/drivers/aon_sleep_timer/aon_sleep_timer.o
                0x100080e4                aon_sleep_timer_clear_interrup
 .text.aon_sleep_timer_isr_handler
                0x100080f4       0x1c src/ASF/sam0/drivers/aon_sleep_timer/aon_sleep_timer.o
 .text.aon_sleep_timer_register_callback
                0x10008110        0xc src/ASF/sam0/drivers/aon_sleep_timer/aon_sleep_timer.o
                0x10008110                aon_sleep_timer_register_callback
 .text.aon_sleep_timer_unregister_callback
                0x1000811c        0xc src/ASF/sam0/drivers/aon_sleep_timer/aon_sleep_timer.o
                0x1000811c                aon_sleep_timer_unregister_callback
 .text.aon_sleep_timer_init
                0x10008128       0x9c src/ASF/sam0/drivers/aon_sleep_timer/aon_sleep_timer.o
                0x10008128                aon_sleep_timer_init
 .text.i2c_wait_for_idle
                0x100081c4        0xc src/ASF/sam0/drivers/i2c/i2c_master.o
 .text._i2c_master_read_packet
                0x100081d0       0x78 src/ASF/sam0/drivers/i2c/i2c_master.o
 .text._i2c_master_write_packet
                0x10008248       0x6c src/ASF/sam0/drivers/i2c/i2c_master.o
 .text.i2c_master_get_config_defaults
                0x100082b4       0x18 src/ASF/sam0/drivers/i2c/i2c_master.o
                0x100082b4                i2c_master_get_config_defaults
 .text.i2c_master_init
                0x100082cc       0x64 src/ASF/sam0/drivers/i2c/i2c_master.o
                0x100082cc                i2c_master_init
 .text.i2c_master_read_packet_wait
                0x10008330       0x20 src/ASF/sam0/drivers/i2c/i2c_master.o
                0x10008330                i2c_master_read_packet_wait
 .text.i2c_master_write_packet_wait
                0x10008350       0x20 src/ASF/sam0/drivers/i2c/i2c_master.o
                0x10008350                i2c_master_write_packet_wait
 .text.i2c_master_write_packet_wait_no_stop
                0x10008370       0x20 src/ASF/sam0/drivers/i2c/i2c_master.o
                0x10008370                i2c_master_write_packet_wait_no_stop
 .text._sbrk    0x10008390       0x20 src/ASF/sam0/utils/syscalls/gcc/syscalls.o
                0x10008390                _sbrk
 .text._close   0x100083b0        0x6 src/ASF/sam0/utils/syscalls/gcc/syscalls.o
                0x100083b0                _close
 .text._fstat   0x100083b6        0xa src/ASF/sam0/utils/syscalls/gcc/syscalls.o
                0x100083b6                _fstat
 .text._lseek   0x100083c0        0x4 src/ASF/sam0/utils/syscalls/gcc/syscalls.o
                0x100083c0                _lseek
 .text.mahony_quaternion_update
                0x100083c4      0x4bc src/ASF/thirdparty/sensor/mpu9250_kriswiner/quaternion_ahrs.o
                0x100083c4                mahony_quaternion_update
 .text.ahrs_calculation
                0x10008880        0x2 src/ASF/thirdparty/sensor/mpu9250_kriswiner/quaternion_ahrs.o
                0x10008880                ahrs_calculation
 .text.sms_ble_pair_request_fn
                0x10008882        0x4 src/sms_v_0_2/src/sms_ble.o
                0x10008882                sms_ble_pair_request_fn
 *fill*         0x10008886        0x2 
 .text.sms_ble_notification_confirmed_fn
                0x10008888       0x1c src/sms_v_0_2/src/sms_ble.o
                0x10008888                sms_ble_notification_confirmed_fn
 .text.sms_ble_indication_confirmed_fn
                0x100088a4       0x10 src/sms_v_0_2/src/sms_ble.o
                0x100088a4                sms_ble_indication_confirmed_fn
 .text.sms_ble_init_variables
                0x100088b4       0x18 src/sms_v_0_2/src/sms_ble.o
                0x100088b4                sms_ble_init_variables
 .text.sms_ble_power_down
                0x100088cc       0x88 src/sms_v_0_2/src/sms_ble.o
                0x100088cc                sms_ble_power_down
 .text.sms_ble_adv_report_fn
                0x10008954       0x24 src/sms_v_0_2/src/sms_ble.o
                0x10008954                sms_ble_adv_report_fn
 .text.sms_ble_connected_fn
                0x10008978       0x2c src/sms_v_0_2/src/sms_ble.o
                0x10008978                sms_ble_connected_fn
 .text.sms_ble_paired_fn
                0x100089a4       0x4c src/sms_v_0_2/src/sms_ble.o
                0x100089a4                sms_ble_paired_fn
 .text.sms_ble_advertise
                0x100089f0       0x48 src/sms_v_0_2/src/sms_ble.o
                0x100089f0                sms_ble_advertise
 .text.sms_ble_disconnected_fn
                0x10008a38       0x88 src/sms_v_0_2/src/sms_ble.o
                0x10008a38                sms_ble_disconnected_fn
 .text.sms_ble_startup
                0x10008ac0       0x38 src/sms_v_0_2/src/sms_ble.o
                0x10008ac0                sms_ble_startup
 .text.sms_ble_send_characteristic
                0x10008af8      0x144 src/sms_v_0_2/src/sms_ble.o
                0x10008af8                sms_ble_send_characteristic
 .text.sms_ble_primary_service_define
                0x10008c3c       0x20 src/sms_v_0_2/src/sms_ble.o
                0x10008c3c                sms_ble_primary_service_define
 .text.sms_ble_service_init
                0x10008c5c       0xa8 src/sms_v_0_2/src/sms_ble.o
                0x10008c5c                sms_ble_service_init
 .text.sms_button_bt0_callback
                0x10008d04       0x1c src/sms_v_0_2/src/sms_button.o
                0x10008d04                sms_button_bt0_callback
 .text.sms_button_bt1_callback
                0x10008d20       0x1c src/sms_v_0_2/src/sms_button.o
                0x10008d20                sms_button_bt1_callback
 .text.sms_button_init_variables
                0x10008d3c       0x28 src/sms_v_0_2/src/sms_button.o
                0x10008d3c                sms_button_init_variables
 .text.sms_button_gpio_init
                0x10008d64       0x54 src/sms_v_0_2/src/sms_button.o
                0x10008d64                sms_button_gpio_init
 .text.sms_button_register_callbacks
                0x10008db8       0x28 src/sms_v_0_2/src/sms_button.o
                0x10008db8                sms_button_register_callbacks
 .text.sms_button_get_state
                0x10008de0       0x2c src/sms_v_0_2/src/sms_button.o
                0x10008de0                sms_button_get_state
 .text.sms_button_fn
                0x10008e0c       0xd4 src/sms_v_0_2/src/sms_button.o
                0x10008e0c                sms_button_fn
 .text.sms_button_toggle_callback
                0x10008ee0       0x44 src/sms_v_0_2/src/sms_button.o
                0x10008ee0                sms_button_toggle_callback
 .text.sms_button_define_services
                0x10008f24       0x28 src/sms_v_0_2/src/sms_button.o
                0x10008f24                sms_button_define_services
 .text.sms_monitor_configure_gpio
                0x10008f4c       0x40 src/sms_v_0_2/src/sms_common.o
                0x10008f4c                sms_monitor_configure_gpio
 .text.sms_monitor_get_states
                0x10008f8c       0x14 src/sms_v_0_2/src/sms_common.o
                0x10008f8c                sms_monitor_get_states
 .text.sms_disable_irq
                0x10008fa0       0x38 src/sms_v_0_2/src/sms_common.o
                0x10008fa0                sms_disable_irq
 .text.sms_enable_irq
                0x10008fd8       0x50 src/sms_v_0_2/src/sms_common.o
                0x10008fd8                sms_enable_irq
 .text.sms_i2c_master_configure
                0x10009028       0x74 src/sms_v_0_2/src/sms_i2c.o
                0x10009028                sms_i2c_master_configure
 .text.sms_i2c_master_write
                0x1000909c       0x4c src/sms_v_0_2/src/sms_i2c.o
                0x1000909c                sms_i2c_master_write
 .text.sms_i2c_master_read
                0x100090e8       0x7c src/sms_v_0_2/src/sms_i2c.o
                0x100090e8                sms_i2c_master_read
 .text.sms_imu_interrupt_callback
                0x10009164       0x2c src/sms_v_0_2/src/sms_imu.o
                0x10009164                sms_imu_interrupt_callback
 .text.sms_imu_configure_gpio
                0x10009190       0x28 src/sms_v_0_2/src/sms_imu.o
                0x10009190                sms_imu_configure_gpio
 .text.sms_imu_register_callbacks
                0x100091b8       0x18 src/sms_v_0_2/src/sms_imu.o
                0x100091b8                sms_imu_register_callbacks
 .text.sms_imu_enable_callback
                0x100091d0       0x1c src/sms_v_0_2/src/sms_imu.o
                0x100091d0                sms_imu_enable_callback
 .text.sms_imu_disable_callback
                0x100091ec       0x1c src/sms_v_0_2/src/sms_imu.o
                0x100091ec                sms_imu_disable_callback
 .text.sms_imu_define_services
                0x10009208       0x28 src/sms_v_0_2/src/sms_imu.o
                0x10009208                sms_imu_define_services
 .text.sms_imu_init_variables
                0x10009230       0x40 src/sms_v_0_2/src/sms_imu.o
                0x10009230                sms_imu_init_variables
 .text.read_accel_data
                0x10009270       0x40 src/sms_v_0_2/src/sms_imu.o
                0x10009270                read_accel_data
 .text.read_gyro_data
                0x100092b0       0x40 src/sms_v_0_2/src/sms_imu.o
                0x100092b0                read_gyro_data
 .text.get_Mres
                0x100092f0       0x1c src/sms_v_0_2/src/sms_imu.o
                0x100092f0                get_Mres
 .text.writeByte
                0x1000930c       0x14 src/sms_v_0_2/src/sms_imu.o
                0x1000930c                writeByte
 .text.sms_imu_mpu_calibrate
                0x10009320      0x350 src/sms_v_0_2/src/sms_imu.o
                0x10009320                sms_imu_mpu_calibrate
 .text.sms_imu_comp_initialize
                0x10009670      0x110 src/sms_v_0_2/src/sms_imu.o
                0x10009670                sms_imu_comp_initialize
 .text.readByte
                0x10009780       0x14 src/sms_v_0_2/src/sms_imu.o
                0x10009780                readByte
 .text.sms_imu_comp_check
                0x10009794       0x18 src/sms_v_0_2/src/sms_imu.o
                0x10009794                sms_imu_comp_check
 .text.sms_imu_mpu_initialize
                0x100097ac       0x9c src/sms_v_0_2/src/sms_imu.o
                0x100097ac                sms_imu_mpu_initialize
 .text.sms_imu_selftest
                0x10009848      0x3f0 src/sms_v_0_2/src/sms_imu.o
                0x10009848                sms_imu_selftest
 .text.sms_imu_mpu_check
                0x10009c38       0x2c src/sms_v_0_2/src/sms_imu.o
                0x10009c38                sms_imu_mpu_check
 .text.sms_imu_startup
                0x10009c64       0x50 src/sms_v_0_2/src/sms_imu.o
                0x10009c64                sms_imu_startup
 .text.read_comp_data
                0x10009cb4       0x58 src/sms_v_0_2/src/sms_imu.o
                0x10009cb4                read_comp_data
 .text.sms_imu_poll_data
                0x10009d0c      0x214 src/sms_v_0_2/src/sms_imu.o
                0x10009d0c                sms_imu_poll_data
 .text.sms_led_switch_on
                0x10009f20       0x10 src/sms_v_0_2/src/sms_led.o
                0x10009f20                sms_led_switch_on
 .text.sms_led_switch_off
                0x10009f30       0x10 src/sms_v_0_2/src/sms_led.o
                0x10009f30                sms_led_switch_off
 .text.sms_led_gpio_init
                0x10009f40       0x2c src/sms_v_0_2/src/sms_led.o
                0x10009f40                sms_led_gpio_init
 .text.sms_led_toggle
                0x10009f6c       0x28 src/sms_v_0_2/src/sms_led.o
                0x10009f6c                sms_led_toggle
 .text.sms_led_blink_start
                0x10009f94       0x40 src/sms_v_0_2/src/sms_led.o
                0x10009f94                sms_led_blink_start
 .text.sms_led_blink_stop
                0x10009fd4       0x20 src/sms_v_0_2/src/sms_led.o
                0x10009fd4                sms_led_blink_stop
 .text.sms_pressure_init_variables
                0x10009ff4       0x30 src/sms_v_0_2/src/sms_pressure.o
                0x10009ff4                sms_pressure_init_variables
 .text.sms_pressure_ms58_reset
                0x1000a024       0x3c src/sms_v_0_2/src/sms_pressure.o
                0x1000a024                sms_pressure_ms58_reset
 .text.sms_pressure_ms58_read_prom
                0x1000a060      0x138 src/sms_v_0_2/src/sms_pressure.o
                0x1000a060                sms_pressure_ms58_read_prom
 .text.sms_pressure_init
                0x1000a198       0x14 src/sms_v_0_2/src/sms_pressure.o
                0x1000a198                sms_pressure_init
 .text.sms_pressure_startup
                0x1000a1ac       0x24 src/sms_v_0_2/src/sms_pressure.o
                0x1000a1ac                sms_pressure_startup
 .text.sms_pressure_ms58_read_data
                0x1000a1d0       0xb4 src/sms_v_0_2/src/sms_pressure.o
                0x1000a1d0                sms_pressure_ms58_read_data
 .text.sms_pressure_ms58_calculate
                0x1000a284       0xa4 src/sms_v_0_2/src/sms_pressure.o
                0x1000a284                sms_pressure_ms58_calculate
 .text.sms_pressure_poll_data
                0x1000a328       0x38 src/sms_v_0_2/src/sms_pressure.o
                0x1000a328                sms_pressure_poll_data
 .text.sms_pressure_define_services
                0x1000a360       0x28 src/sms_v_0_2/src/sms_pressure.o
                0x1000a360                sms_pressure_define_services
 .text.sms_sensors_enable_callback
                0x1000a388       0x2c src/sms_v_0_2/src/sms_sensors.o
                0x1000a388                sms_sensors_enable_callback
 .text.sms_sensors_switch
                0x1000a3b4      0x10c src/sms_v_0_2/src/sms_sensors.o
                0x1000a3b4                sms_sensors_switch
 .text.sms_spi_master_configure
                0x1000a4c0       0x78 src/sms_v_0_2/src/sms_spi.o
                0x1000a4c0                sms_spi_master_configure
 .text.sms_spi_master_transceive
                0x1000a538       0x38 src/sms_v_0_2/src/sms_spi.o
                0x1000a538                sms_spi_master_transceive
 .text.sms_timer_aon_callback
                0x1000a570       0x20 src/sms_v_0_2/src/sms_timer.o
                0x1000a570                sms_timer_aon_callback
 .text.sms_timer_aon_init
                0x1000a590       0x28 src/sms_v_0_2/src/sms_timer.o
                0x1000a590                sms_timer_aon_init
 .text.sms_timer_aon_disable
                0x1000a5b8        0xc src/sms_v_0_2/src/sms_timer.o
                0x1000a5b8                sms_timer_aon_disable
 .text.sms_timer_aon_register_callback
                0x1000a5c4       0x20 src/sms_v_0_2/src/sms_timer.o
                0x1000a5c4                sms_timer_aon_register_callback
 .text.sms_timer_aon_unregister_callback
                0x1000a5e4       0x18 src/sms_v_0_2/src/sms_timer.o
                0x1000a5e4                sms_timer_aon_unregister_callback
 .text.sms_dualtimer_init
                0x1000a5fc       0x64 src/sms_v_0_2/src/sms_timer.o
                0x1000a5fc                sms_dualtimer_init
 .text.sms_dualtimer_register_callback
                0x1000a660       0x18 src/sms_v_0_2/src/sms_timer.o
                0x1000a660                sms_dualtimer_register_callback
 .text.sms_dualtimer_unregister_callback
                0x1000a678       0x18 src/sms_v_0_2/src/sms_timer.o
                0x1000a678                sms_dualtimer_unregister_callback
 .text.sms_dualtimer_start
                0x1000a690       0x40 src/sms_v_0_2/src/sms_timer.o
                0x1000a690                sms_dualtimer_start
 .text.sms_dualtimer2_cb
                0x1000a6d0       0x1c src/sms_v_0_2/src/sms_timer.o
                0x1000a6d0                sms_dualtimer2_cb
 .text.sms_dualtimer2_fn
                0x1000a6ec       0x2c src/sms_v_0_2/src/sms_timer.o
                0x1000a6ec                sms_dualtimer2_fn
 .text.delay_ms
                0x1000a718       0x58 src/sms_v_0_2/src/sms_timer.o
                0x1000a718                delay_ms
 .text.spi_slave_inst_get_config_defaults
                0x1000a770        0xc src/ASF/sam0/drivers/spi/spi.o
                0x1000a770                spi_slave_inst_get_config_defaults
 .text.spi_get_config_defaults
                0x1000a77c       0x2c src/ASF/sam0/drivers/spi/spi.o
                0x1000a77c                spi_get_config_defaults
 .text.spi_attach_slave
                0x1000a7a8       0x3c src/ASF/sam0/drivers/spi/spi.o
                0x1000a7a8                spi_attach_slave
 .text.spi_enable
                0x1000a7e4        0x8 src/ASF/sam0/drivers/spi/spi.o
                0x1000a7e4                spi_enable
 .text.spi_disable
                0x1000a7ec       0x48 src/ASF/sam0/drivers/spi/spi.o
                0x1000a7ec                spi_disable
 .text.spi_reset
                0x1000a834       0x3c src/ASF/sam0/drivers/spi/spi.o
                0x1000a834                spi_reset
 .text.spi_init
                0x1000a870      0x11c src/ASF/sam0/drivers/spi/spi.o
                0x1000a870                spi_init
 .text.spi_transceive_buffer_wait
                0x1000a98c       0x80 src/ASF/sam0/drivers/spi/spi.o
                0x1000a98c                spi_transceive_buffer_wait
 .text.spi_select_slave
                0x1000aa0c       0x18 src/ASF/sam0/drivers/spi/spi.o
                0x1000aa0c                spi_select_slave
 .text.dualtimer_isr_handler
                0x1000aa24       0x48 src/ASF/sam0/drivers/dualtimer/dualtimer.o
 .text.dualtimer_get_config_defaults
                0x1000aa6c       0x22 src/ASF/sam0/drivers/dualtimer/dualtimer.o
                0x1000aa6c                dualtimer_get_config_defaults
 *fill*         0x1000aa8e        0x2 
 .text.dualtimer_get_value
                0x1000aa90       0x14 src/ASF/sam0/drivers/dualtimer/dualtimer.o
                0x1000aa90                dualtimer_get_value
 .text.dualtimer_set_counter
                0x1000aaa4       0x24 src/ASF/sam0/drivers/dualtimer/dualtimer.o
                0x1000aaa4                dualtimer_set_counter
 .text.dualtimer_enable
                0x1000aac8       0x28 src/ASF/sam0/drivers/dualtimer/dualtimer.o
                0x1000aac8                dualtimer_enable
 .text.dualtimer_disable
                0x1000aaf0       0x24 src/ASF/sam0/drivers/dualtimer/dualtimer.o
                0x1000aaf0                dualtimer_disable
 .text.dualtimer_init
                0x1000ab14      0x10c src/ASF/sam0/drivers/dualtimer/dualtimer.o
                0x1000ab14                dualtimer_init
 .text.dualtimer_register_callback
                0x1000ac20       0x14 src/ASF/sam0/drivers/dualtimer/dualtimer.o
                0x1000ac20                dualtimer_register_callback
 .text.dualtimer_unregister_callback
                0x1000ac34       0x1c src/ASF/sam0/drivers/dualtimer/dualtimer.o
                0x1000ac34                dualtimer_unregister_callback
 .text.gpio_port0_isr_handler
                0x1000ac50       0x58 src/ASF/sam0/drivers/gpio/gpio.o
 .text.gpio_port1_isr_handler
                0x1000aca8       0x70 src/ASF/sam0/drivers/gpio/gpio.o
 .text.gpio_port2_isr_handler
                0x1000ad18       0x7c src/ASF/sam0/drivers/gpio/gpio.o
 .text.gpio_get_config_defaults
                0x1000ad94        0xe src/ASF/sam0/drivers/gpio/gpio.o
                0x1000ad94                gpio_get_config_defaults
 *fill*         0x1000ada2        0x2 
 .text.gpio_pin_set_config
                0x1000ada4      0x184 src/ASF/sam0/drivers/gpio/gpio.o
                0x1000ada4                gpio_pin_set_config
 .text.gpio_pin_get_input_level
                0x1000af28       0x3c src/ASF/sam0/drivers/gpio/gpio.o
                0x1000af28                gpio_pin_get_input_level
 .text.gpio_pin_get_output_level
                0x1000af64       0x3c src/ASF/sam0/drivers/gpio/gpio.o
                0x1000af64                gpio_pin_get_output_level
 .text.gpio_pin_set_output_level
                0x1000afa0       0x4c src/ASF/sam0/drivers/gpio/gpio.o
                0x1000afa0                gpio_pin_set_output_level
 .text.gpio_pinmux_cofiguration
                0x1000afec       0xd8 src/ASF/sam0/drivers/gpio/gpio.o
                0x1000afec                gpio_pinmux_cofiguration
 .text.gpio_register_callback
                0x1000b0c4       0x98 src/ASF/sam0/drivers/gpio/gpio.o
                0x1000b0c4                gpio_register_callback
 .text.gpio_enable_callback
                0x1000b15c       0x4c src/ASF/sam0/drivers/gpio/gpio.o
                0x1000b15c                gpio_enable_callback
 .text.gpio_disable_callback
                0x1000b1a8       0x38 src/ASF/sam0/drivers/gpio/gpio.o
                0x1000b1a8                gpio_disable_callback
 .text.gpio_init
                0x1000b1e0       0x6c src/ASF/sam0/drivers/gpio/gpio.o
                0x1000b1e0                gpio_init
 .text.system_clock_config
                0x1000b24c       0x78 src/ASF/sam0/drivers/system/system_sam_b.o
                0x1000b24c                system_clock_config
 .text.system_clock_get_value
                0x1000b2c4        0xc src/ASF/sam0/drivers/system/system_sam_b.o
                0x1000b2c4                system_clock_get_value
 .text.system_clock_peripheral_enable
                0x1000b2d0      0x1e8 src/ASF/sam0/drivers/system/system_sam_b.o
                0x1000b2d0                system_clock_peripheral_enable
 .text.system_clock_peripheral_disable
                0x1000b4b8      0x200 src/ASF/sam0/drivers/system/system_sam_b.o
                0x1000b4b8                system_clock_peripheral_disable
 .text.system_peripheral_reset
                0x1000b6b8      0x388 src/ASF/sam0/drivers/system/system_sam_b.o
                0x1000b6b8                system_peripheral_reset
 .text.system_register_isr
                0x1000ba40        0xc src/ASF/sam0/drivers/system/system_sam_b.o
                0x1000ba40                system_register_isr
 .text.uart_rx0_isr_handler
                0x1000ba4c       0x8c src/ASF/sam0/drivers/uart/uart.o
 .text.uart_tx1_isr_handler
                0x1000bad8       0x8c src/ASF/sam0/drivers/uart/uart.o
 .text.uart_rx1_isr_handler
                0x1000bb64       0x8c src/ASF/sam0/drivers/uart/uart.o
 .text.uart_tx0_isr_handler
                0x1000bbf0       0x8c src/ASF/sam0/drivers/uart/uart.o
 .text.uart_get_config_defaults
                0x1000bc7c       0x2a src/ASF/sam0/drivers/uart/uart.o
                0x1000bc7c                uart_get_config_defaults
 *fill*         0x1000bca6        0x2 
 .text.uart_init
                0x1000bca8      0x17c src/ASF/sam0/drivers/uart/uart.o
                0x1000bca8                uart_init
 .text.uart_write_wait
                0x1000be24       0x10 src/ASF/sam0/drivers/uart/uart.o
                0x1000be24                uart_write_wait
 .text.uart_read_wait
                0x1000be34       0x12 src/ASF/sam0/drivers/uart/uart.o
                0x1000be34                uart_read_wait
 .text.uart_read_buffer_job
                0x1000be46       0x26 src/ASF/sam0/drivers/uart/uart.o
                0x1000be46                uart_read_buffer_job
 .text.uart_register_callback
                0x1000be6c       0x14 src/ASF/sam0/drivers/uart/uart.o
                0x1000be6c                uart_register_callback
 .text.uart_enable_callback
                0x1000be80       0x1e src/ASF/sam0/drivers/uart/uart.o
                0x1000be80                uart_enable_callback
 .text.uart_disable_callback
                0x1000be9e       0x1e src/ASF/sam0/drivers/uart/uart.o
                0x1000be9e                uart_disable_callback
 .text._read    0x1000bebc       0x38 src/ASF/sam0/utils/stdio/read.o
                0x1000bebc                _read
 .text._write   0x1000bef4       0x34 src/ASF/sam0/utils/stdio/write.o
                0x1000bef4                _write
 .text.ble_scan_report_handler
                0x1000bf28        0xa src/ASF/thirdparty/wireless/ble_smart_sdk/ble_services/ble_mgr/ble_manager.o
                0x1000bf28                ble_scan_report_handler
 .text.ble_adv_report_handler
                0x1000bf32        0xa src/ASF/thirdparty/wireless/ble_smart_sdk/ble_services/ble_mgr/ble_manager.o
                0x1000bf32                ble_adv_report_handler
 .text.ble_characteristic_write_cmd_complete_handler
                0x1000bf3c        0xa src/ASF/thirdparty/wireless/ble_smart_sdk/ble_services/ble_mgr/ble_manager.o
                0x1000bf3c                ble_characteristic_write_cmd_complete_handler
 *fill*         0x1000bf46        0x2 
 .text.ble_disconnected_state_handler
                0x1000bf48       0x6c src/ASF/thirdparty/wireless/ble_smart_sdk/ble_services/ble_mgr/ble_manager.o
                0x1000bf48                ble_disconnected_state_handler
 .text.ble_conn_param_update
                0x1000bfb4        0x4 src/ASF/thirdparty/wireless/ble_smart_sdk/ble_services/ble_mgr/ble_manager.o
                0x1000bfb4                ble_conn_param_update
 .text.ble_encryption_status_change_handler
                0x1000bfb8       0x6c src/ASF/thirdparty/wireless/ble_smart_sdk/ble_services/ble_mgr/ble_manager.o
                0x1000bfb8                ble_encryption_status_change_handler
 .text.ble_conn_param_update_req
                0x1000c024       0x18 src/ASF/thirdparty/wireless/ble_smart_sdk/ble_services/ble_mgr/ble_manager.o
                0x1000c024                ble_conn_param_update_req
 .text.ble_slave_security_request_handler
                0x1000c03c      0x168 src/ASF/thirdparty/wireless/ble_smart_sdk/ble_services/ble_mgr/ble_manager.o
                0x1000c03c                ble_slave_security_request_handler
 .text.ble_pair_request_handler
                0x1000c1a4       0xf8 src/ASF/thirdparty/wireless/ble_smart_sdk/ble_services/ble_mgr/ble_manager.o
                0x1000c1a4                ble_pair_request_handler
 .text.ble_encryption_request_handler
                0x1000c29c       0x90 src/ASF/thirdparty/wireless/ble_smart_sdk/ble_services/ble_mgr/ble_manager.o
                0x1000c29c                ble_encryption_request_handler
 .text.ble_scan_info_handler
                0x1000c32c       0x40 src/ASF/thirdparty/wireless/ble_smart_sdk/ble_services/ble_mgr/ble_manager.o
                0x1000c32c                ble_scan_info_handler
 .text.ble_pair_done_handler
                0x1000c36c       0xac src/ASF/thirdparty/wireless/ble_smart_sdk/ble_services/ble_mgr/ble_manager.o
                0x1000c36c                ble_pair_done_handler
 .text.ble_pair_key_request_handler
                0x1000c418       0x84 src/ASF/thirdparty/wireless/ble_smart_sdk/ble_services/ble_mgr/ble_manager.o
                0x1000c418                ble_pair_key_request_handler
 .text.ble_mtu_changed_indication_handler
                0x1000c49c        0x4 src/ASF/thirdparty/wireless/ble_smart_sdk/ble_services/ble_mgr/ble_manager.o
                0x1000c49c                ble_mtu_changed_indication_handler
 .text.ble_undefined_event_handler
                0x1000c4a0        0x4 src/ASF/thirdparty/wireless/ble_smart_sdk/ble_services/ble_mgr/ble_manager.o
                0x1000c4a0                ble_undefined_event_handler
 .text.ble_mtu_changed_cmd_complete_handler
                0x1000c4a4        0xa src/ASF/thirdparty/wireless/ble_smart_sdk/ble_services/ble_mgr/ble_manager.o
                0x1000c4a4                ble_mtu_changed_cmd_complete_handler
 *fill*         0x1000c4ae        0x2 
 .text.ble_set_device_name
                0x1000c4b0       0x1c src/ASF/thirdparty/wireless/ble_smart_sdk/ble_services/ble_mgr/ble_manager.o
                0x1000c4b0                ble_set_device_name
 .text.ble_mgr_events_callback_handler
                0x1000c4cc       0x64 src/ASF/thirdparty/wireless/ble_smart_sdk/ble_services/ble_mgr/ble_manager.o
                0x1000c4cc                ble_mgr_events_callback_handler
 .text.ble_device_init
                0x1000c530      0x1ec src/ASF/thirdparty/wireless/ble_smart_sdk/ble_services/ble_mgr/ble_manager.o
                0x1000c530                ble_device_init
 .text.ble_send_slave_sec_request
                0x1000c71c       0x18 src/ASF/thirdparty/wireless/ble_smart_sdk/ble_services/ble_mgr/ble_manager.o
                0x1000c71c                ble_send_slave_sec_request
 .text.ble_connected_state_handler
                0x1000c734      0x168 src/ASF/thirdparty/wireless/ble_smart_sdk/ble_services/ble_mgr/ble_manager.o
                0x1000c734                ble_connected_state_handler
 .text.ble_resolv_rand_addr_handler
                0x1000c89c       0xc4 src/ASF/thirdparty/wireless/ble_smart_sdk/ble_services/ble_mgr/ble_manager.o
                0x1000c89c                ble_resolv_rand_addr_handler
 .text.ble_event_manager
                0x1000c960      0x104 src/ASF/thirdparty/wireless/ble_smart_sdk/ble_services/ble_mgr/ble_manager.o
                0x1000c960                ble_event_manager
 .text.ble_event_task
                0x1000ca64       0x58 src/ASF/thirdparty/wireless/ble_smart_sdk/ble_services/ble_mgr/ble_manager.o
                0x1000ca64                ble_event_task
 .text.ble_advertisement_data_set
                0x1000cabc       0x6c src/ASF/thirdparty/wireless/ble_smart_sdk/ble_services/ble_mgr/ble_manager.o
                0x1000cabc                ble_advertisement_data_set
 .text.usart_serial_getchar
                0x1000cb28       0x18 src/ASF/thirdparty/wireless/ble_smart_sdk/services/uart/console_serial.o
 .text.usart_serial_putchar
                0x1000cb40       0x18 src/ASF/thirdparty/wireless/ble_smart_sdk/services/uart/console_serial.o
 .text.uart_read_complete_callback
                0x1000cb58       0x50 src/ASF/thirdparty/wireless/ble_smart_sdk/services/uart/console_serial.o
 .text.serial_console_init
                0x1000cba8       0xa8 src/ASF/thirdparty/wireless/ble_smart_sdk/services/uart/console_serial.o
                0x1000cba8                serial_console_init
 .text._time_start
                0x1000cc50       0x54 src/ASF/thirdparty/wireless/ble_smart_sdk/services/uart/console_serial.o
                0x1000cc50                _time_start
 .text._time_done
                0x1000cca4       0x10 src/ASF/thirdparty/wireless/ble_smart_sdk/services/uart/console_serial.o
                0x1000cca4                _time_done
 .text.getchar_b11_timeout
                0x1000ccb4       0x68 src/ASF/thirdparty/wireless/ble_smart_sdk/services/uart/console_serial.o
                0x1000ccb4                getchar_b11_timeout
 .text.platform_event_free
                0x1000cd1c       0x10 src/ASF/thirdparty/wireless/ble_smart_sdk/src/event_handler.o
                0x1000cd1c                platform_event_free
 .text.platform_event_post
                0x1000cd2c       0x3c src/ASF/thirdparty/wireless/ble_smart_sdk/src/event_handler.o
                0x1000cd2c                platform_event_post
 .text.platform_event_init
                0x1000cd68       0x2c src/ASF/thirdparty/wireless/ble_smart_sdk/src/event_handler.o
                0x1000cd68                platform_event_init
 .text.samb11_plf_resume_callback
                0x1000cd94       0x2c src/ASF/thirdparty/wireless/ble_smart_sdk/src/platform_drv.o
                0x1000cd94                samb11_plf_resume_callback
 .text.at_ke_msg_send
                0x1000cdc0       0x78 src/ASF/thirdparty/wireless/ble_smart_sdk/src/platform_drv.o
 .text.init_port_list
                0x1000ce38       0x44 src/ASF/thirdparty/wireless/ble_smart_sdk/src/platform_drv.o
                0x1000ce38                init_port_list
 .text.init_clock
                0x1000ce7c       0x30 src/ASF/thirdparty/wireless/ble_smart_sdk/src/platform_drv.o
                0x1000ce7c                init_clock
 .text.platform_driver_init
                0x1000ceac      0x230 src/ASF/thirdparty/wireless/ble_smart_sdk/src/platform_drv.o
                0x1000ceac                platform_driver_init
 .text.platform_register_ble_msg_handler
                0x1000d0dc       0x1c src/ASF/thirdparty/wireless/ble_smart_sdk/src/platform_drv.o
                0x1000d0dc                platform_register_ble_msg_handler
 .text.platform_interface_send
                0x1000d0f8       0x48 src/ASF/thirdparty/wireless/ble_smart_sdk/src/platform_drv.o
                0x1000d0f8                platform_interface_send
 .text.send_plf_int_msg_ind
                0x1000d140       0x40 src/ASF/thirdparty/wireless/ble_smart_sdk/src/platform_drv.o
                0x1000d140                send_plf_int_msg_ind
 .text.platform_event_wait
                0x1000d180      0x200 src/ASF/thirdparty/wireless/ble_smart_sdk/src/platform_drv.o
                0x1000d180                platform_event_wait
 .text.acquire_sleep_lock
                0x1000d380       0x14 src/ASF/thirdparty/wireless/ble_smart_sdk/src/platform_drv.o
                0x1000d380                acquire_sleep_lock
 .text.release_message_lock
                0x1000d394       0x14 src/ASF/thirdparty/wireless/ble_smart_sdk/src/platform_drv.o
                0x1000d394                release_message_lock
 .text.release_sleep_lock
                0x1000d3a8       0x1c src/ASF/thirdparty/wireless/ble_smart_sdk/src/platform_drv.o
                0x1000d3a8                release_sleep_lock
 .text.register_resume_callback
                0x1000d3c4       0x14 src/ASF/thirdparty/wireless/ble_smart_sdk/src/platform_drv.o
                0x1000d3c4                register_resume_callback
 .text.gpio1_combined_isr_handler
                0x1000d3d8       0x58 src/ASF/thirdparty/wireless/ble_smart_sdk/src/port_from_sdk.o
                0x1000d3d8                gpio1_combined_isr_handler
 .text.gpio0_combined_isr_handler
                0x1000d430       0x58 src/ASF/thirdparty/wireless/ble_smart_sdk/src/port_from_sdk.o
                0x1000d430                gpio0_combined_isr_handler
 .text.PORT1_COMB_Handler
                0x1000d488       0x40 src/ASF/thirdparty/wireless/ble_smart_sdk/src/port_from_sdk.o
                0x1000d488                PORT1_COMB_Handler
 .text.wakeup_int_unregister_callback
                0x1000d4c8       0x18 src/ASF/thirdparty/wireless/ble_smart_sdk/src/port_from_sdk.o
                0x1000d4c8                wakeup_int_unregister_callback
 .text.wakeup_active_event_callback
                0x1000d4e0       0x64 src/ASF/thirdparty/wireless/ble_smart_sdk/src/port_from_sdk.o
                0x1000d4e0                wakeup_active_event_callback
 .text.resume_cb
                0x1000d544       0x4c src/sms_peripheral1.o
 .text.sms_init_variables
                0x1000d590       0x44 src/sms_peripheral1.o
                0x1000d590                sms_init_variables
 .text.startup.main
                0x1000d5d4      0x1f0 src/sms_peripheral1.o
                0x1000d5d4                main
 .text.internal_event_post
                0x1000d7c4       0x5c ../src/ASF/thirdparty/wireless/ble_smart_sdk/lib/cm0/gcc\libblusdk.a(event.o)
                0x1000d7c4                internal_event_post
 .text.internal_event_init
                0x1000d820       0x2c ../src/ASF/thirdparty/wireless/ble_smart_sdk/lib/cm0/gcc\libblusdk.a(event.o)
                0x1000d820                internal_event_init
 .text.special_events_handler
                0x1000d84c       0x90 ../src/ASF/thirdparty/wireless/ble_smart_sdk/lib/cm0/gcc\libblusdk.a(event.o)
                0x1000d84c                special_events_handler
 .text.at_ble_event_get
                0x1000d8dc      0x6d8 ../src/ASF/thirdparty/wireless/ble_smart_sdk/lib/cm0/gcc\libblusdk.a(event.o)
                0x1000d8dc                at_ble_event_get
 .text.internal_event_flush
                0x1000dfb4       0x44 ../src/ASF/thirdparty/wireless/ble_smart_sdk/lib/cm0/gcc\libblusdk.a(event.o)
                0x1000dfb4                internal_event_flush
 .text.internal_conn_flush
                0x1000dff8       0x54 ../src/ASF/thirdparty/wireless/ble_smart_sdk/lib/cm0/gcc\libblusdk.a(event.o)
                0x1000dff8                internal_conn_flush
 .text.at_ble_device_name_set
                0x1000e04c       0x34 ../src/ASF/thirdparty/wireless/ble_smart_sdk/lib/cm0/gcc\libblusdk.a(gap.o)
                0x1000e04c                at_ble_device_name_set
 .text.at_ble_addr_get
                0x1000e080       0x24 ../src/ASF/thirdparty/wireless/ble_smart_sdk/lib/cm0/gcc\libblusdk.a(gap.o)
                0x1000e080                at_ble_addr_get
 .text.at_ble_set_dev_config
                0x1000e0a4       0x90 ../src/ASF/thirdparty/wireless/ble_smart_sdk/lib/cm0/gcc\libblusdk.a(gap.o)
                0x1000e0a4                at_ble_set_dev_config
 .text.at_ble_init
                0x1000e134      0x1b4 ../src/ASF/thirdparty/wireless/ble_smart_sdk/lib/cm0/gcc\libblusdk.a(gap.o)
                0x1000e134                at_ble_init
 .text.at_ble_addr_set
                0x1000e2e8       0x54 ../src/ASF/thirdparty/wireless/ble_smart_sdk/lib/cm0/gcc\libblusdk.a(gap.o)
                0x1000e2e8                at_ble_addr_set
 .text.at_ble_adv_data_set
                0x1000e33c       0x84 ../src/ASF/thirdparty/wireless/ble_smart_sdk/lib/cm0/gcc\libblusdk.a(gap.o)
                0x1000e33c                at_ble_adv_data_set
 .text.at_ble_adv_start
                0x1000e3c0      0x13c ../src/ASF/thirdparty/wireless/ble_smart_sdk/lib/cm0/gcc\libblusdk.a(gap.o)
                0x1000e3c0                at_ble_adv_start
 .text.at_ble_adv_stop
                0x1000e4fc        0xc ../src/ASF/thirdparty/wireless/ble_smart_sdk/lib/cm0/gcc\libblusdk.a(gap.o)
                0x1000e4fc                at_ble_adv_stop
 .text.at_ble_scan_stop
                0x1000e508       0x20 ../src/ASF/thirdparty/wireless/ble_smart_sdk/lib/cm0/gcc\libblusdk.a(gap.o)
                0x1000e508                at_ble_scan_stop
 .text.at_ble_disconnect
                0x1000e528       0x20 ../src/ASF/thirdparty/wireless/ble_smart_sdk/lib/cm0/gcc\libblusdk.a(gap.o)
                0x1000e528                at_ble_disconnect
 .text.at_ble_conn_update_reply
                0x1000e548        0xc ../src/ASF/thirdparty/wireless/ble_smart_sdk/lib/cm0/gcc\libblusdk.a(gap.o)
                0x1000e548                at_ble_conn_update_reply
 .text.at_ble_random_address_resolve
                0x1000e554       0x28 ../src/ASF/thirdparty/wireless/ble_smart_sdk/lib/cm0/gcc\libblusdk.a(gap.o)
                0x1000e554                at_ble_random_address_resolve
 .text.at_ble_uuid_type2len
                0x1000e57c       0x14 ../src/ASF/thirdparty/wireless/ble_smart_sdk/lib/cm0/gcc\libblusdk.a(gap.o)
                0x1000e57c                at_ble_uuid_type2len
 .text.at_ble_uuid_len2type
                0x1000e590       0x14 ../src/ASF/thirdparty/wireless/ble_smart_sdk/lib/cm0/gcc\libblusdk.a(gap.o)
                0x1000e590                at_ble_uuid_len2type
 .text.init_gatt_client_module
                0x1000e5a4        0xc ../src/ASF/thirdparty/wireless/ble_smart_sdk/lib/cm0/gcc\libblusdk.a(gatt_client.o)
                0x1000e5a4                init_gatt_client_module
 .text.db_searchATT
                0x1000e5b0       0x40 ../src/ASF/thirdparty/wireless/ble_smart_sdk/lib/cm0/gcc\libblusdk.a(gatt_server.o)
 .text.att_permissions
                0x1000e5f0       0x58 ../src/ASF/thirdparty/wireless/ble_smart_sdk/lib/cm0/gcc\libblusdk.a(gatt_server.o)
 .text.char_permissions
                0x1000e648       0x9c ../src/ASF/thirdparty/wireless/ble_smart_sdk/lib/cm0/gcc\libblusdk.a(gatt_server.o)
 .text.presentation_format_define
                0x1000e6e4       0x2c ../src/ASF/thirdparty/wireless/ble_smart_sdk/lib/cm0/gcc\libblusdk.a(gatt_server.o)
 .text.db_addATT
                0x1000e710       0xb8 ../src/ASF/thirdparty/wireless/ble_smart_sdk/lib/cm0/gcc\libblusdk.a(gatt_server.o)
 .text.user_description_define
                0x1000e7c8       0x50 ../src/ASF/thirdparty/wireless/ble_smart_sdk/lib/cm0/gcc\libblusdk.a(gatt_server.o)
 .text.at_ble_read_authorize_reply.part.1
                0x1000e818       0x30 ../src/ASF/thirdparty/wireless/ble_smart_sdk/lib/cm0/gcc\libblusdk.a(gatt_server.o)
 .text.internal_at_ble_service_define
                0x1000e848      0x3bc ../src/ASF/thirdparty/wireless/ble_smart_sdk/lib/cm0/gcc\libblusdk.a(gatt_server.o)
 .text.initi_gatt_server_module
                0x1000ec04       0x3c ../src/ASF/thirdparty/wireless/ble_smart_sdk/lib/cm0/gcc\libblusdk.a(gatt_server.o)
                0x1000ec04                initi_gatt_server_module
 .text.db_init  0x1000ec40       0x44 ../src/ASF/thirdparty/wireless/ble_smart_sdk/lib/cm0/gcc\libblusdk.a(gatt_server.o)
                0x1000ec40                db_init
 .text.at_ble_primary_service_define
                0x1000ec84       0x20 ../src/ASF/thirdparty/wireless/ble_smart_sdk/lib/cm0/gcc\libblusdk.a(gatt_server.o)
                0x1000ec84                at_ble_primary_service_define
 .text.at_ble_characteristic_value_set
                0x1000eca4       0x3c ../src/ASF/thirdparty/wireless/ble_smart_sdk/lib/cm0/gcc\libblusdk.a(gatt_server.o)
                0x1000eca4                at_ble_characteristic_value_set
 .text.at_ble_characteristic_value_get
                0x1000ece0       0x40 ../src/ASF/thirdparty/wireless/ble_smart_sdk/lib/cm0/gcc\libblusdk.a(gatt_server.o)
                0x1000ece0                at_ble_characteristic_value_get
 .text.at_ble_write_authorize_reply
                0x1000ed20       0x88 ../src/ASF/thirdparty/wireless/ble_smart_sdk/lib/cm0/gcc\libblusdk.a(gatt_server.o)
                0x1000ed20                at_ble_write_authorize_reply
 .text.gatts_handle_read_req
                0x1000eda8       0x30 ../src/ASF/thirdparty/wireless/ble_smart_sdk/lib/cm0/gcc\libblusdk.a(gatt_server.o)
                0x1000eda8                gatts_handle_read_req
 .text.gatts_handle_att_info_req
                0x1000edd8       0x3c ../src/ASF/thirdparty/wireless/ble_smart_sdk/lib/cm0/gcc\libblusdk.a(gatt_server.o)
                0x1000edd8                gatts_handle_att_info_req
 .text.gatts_handle_write_req
                0x1000ee14       0x30 ../src/ASF/thirdparty/wireless/ble_smart_sdk/lib/cm0/gcc\libblusdk.a(gatt_server.o)
                0x1000ee14                gatts_handle_write_req
 .text.at_ble_notification_send
                0x1000ee44       0x74 ../src/ASF/thirdparty/wireless/ble_smart_sdk/lib/cm0/gcc\libblusdk.a(gatt_server.o)
                0x1000ee44                at_ble_notification_send
 .text.init_l2cc_task_module
                0x1000eeb8        0xc ../src/ASF/thirdparty/wireless/ble_smart_sdk/lib/cm0/gcc\libblusdk.a(l2cc_task.o)
                0x1000eeb8                init_l2cc_task_module
 .text.l2cc_data_send_rsp_handler
                0x1000eec4       0x2c ../src/ASF/thirdparty/wireless/ble_smart_sdk/lib/cm0/gcc\libblusdk.a(l2cc_task.o)
                0x1000eec4                l2cc_data_send_rsp_handler
 .text.l2cc_data_received_handler
                0x1000eef0       0x30 ../src/ASF/thirdparty/wireless/ble_smart_sdk/lib/cm0/gcc\libblusdk.a(l2cc_task.o)
                0x1000eef0                l2cc_data_received_handler
 .text.at_ble_authenticate
                0x1000ef20      0x130 ../src/ASF/thirdparty/wireless/ble_smart_sdk/lib/cm0/gcc\libblusdk.a(security.o)
                0x1000ef20                at_ble_authenticate
 .text.at_ble_pair_key_reply
                0x1000f050       0x7c ../src/ASF/thirdparty/wireless/ble_smart_sdk/lib/cm0/gcc\libblusdk.a(security.o)
                0x1000f050                at_ble_pair_key_reply
 .text.at_ble_send_slave_sec_request
                0x1000f0cc       0x40 ../src/ASF/thirdparty/wireless/ble_smart_sdk/lib/cm0/gcc\libblusdk.a(security.o)
                0x1000f0cc                at_ble_send_slave_sec_request
 .text.at_ble_encryption_start
                0x1000f10c       0x78 ../src/ASF/thirdparty/wireless/ble_smart_sdk/lib/cm0/gcc\libblusdk.a(security.o)
                0x1000f10c                at_ble_encryption_start
 .text.at_ble_encryption_request_reply
                0x1000f184       0x34 ../src/ASF/thirdparty/wireless/ble_smart_sdk/lib/cm0/gcc\libblusdk.a(security.o)
                0x1000f184                at_ble_encryption_request_reply
 .text.rx_callback
                0x1000f1b8       0x98 ../src/ASF/thirdparty/wireless/ble_smart_sdk/lib/cm0/gcc\libblusdk.a(interface.o)
                0x1000f1b8                rx_callback
 .text.interface_send
                0x1000f250       0x10 ../src/ASF/thirdparty/wireless/ble_smart_sdk/lib/cm0/gcc\libblusdk.a(interface.o)
                0x1000f250                interface_send
 .text.interface_init
                0x1000f260       0x48 ../src/ASF/thirdparty/wireless/ble_smart_sdk/lib/cm0/gcc\libblusdk.a(interface.o)
                0x1000f260                interface_init
 .text.platform_cmd_cmpl_signal
                0x1000f2a8        0xc ../src/ASF/thirdparty/wireless/ble_smart_sdk/lib/cm0/gcc\libblusdk.a(interface.o)
                0x1000f2a8                platform_cmd_cmpl_signal
 .text.platform_cmd_cmpl_wait
                0x1000f2b4       0x2c ../src/ASF/thirdparty/wireless/ble_smart_sdk/lib/cm0/gcc\libblusdk.a(interface.o)
                0x1000f2b4                platform_cmd_cmpl_wait
 .text.start_timer
                0x1000f2e0        0x2 ../src/ASF/thirdparty/wireless/ble_smart_sdk/lib/cm0/gcc\libblusdk.a(interface.o)
                0x1000f2e0                start_timer
 .text.stop_timer
                0x1000f2e2        0x2 ../src/ASF/thirdparty/wireless/ble_smart_sdk/lib/cm0/gcc\libblusdk.a(interface.o)
                0x1000f2e2                stop_timer
 .text.dbg_le_set_bd_addr_req_handler
                0x1000f2e4       0x7c ../src/ASF/thirdparty/wireless/ble_smart_sdk/lib/cm0/gcc\libblusdk.a(dbg_task.o)
                0x1000f2e4                dbg_le_set_bd_addr_req_handler
 .text.gapc_get_dev_info_cfm.constprop.1
                0x1000f360       0xc0 ../src/ASF/thirdparty/wireless/ble_smart_sdk/lib/cm0/gcc\libblusdk.a(gapc_task.o)
 .text.check_ConnData_idx_role
                0x1000f420       0x3c ../src/ASF/thirdparty/wireless/ble_smart_sdk/lib/cm0/gcc\libblusdk.a(gapc_task.o)
                0x1000f420                check_ConnData_idx_role
 .text.check_ConnData_emptyEntry
                0x1000f45c       0x28 ../src/ASF/thirdparty/wireless/ble_smart_sdk/lib/cm0/gcc\libblusdk.a(gapc_task.o)
                0x1000f45c                check_ConnData_emptyEntry
 .text.gapc_cmp_evt
                0x1000f484       0xd0 ../src/ASF/thirdparty/wireless/ble_smart_sdk/lib/cm0/gcc\libblusdk.a(gapc_task.o)
                0x1000f484                gapc_cmp_evt
 .text.gapc_connection_cfm_handler
                0x1000f554       0xc4 ../src/ASF/thirdparty/wireless/ble_smart_sdk/lib/cm0/gcc\libblusdk.a(gapc_task.o)
                0x1000f554                gapc_connection_cfm_handler
 .text.gapc_con_req_ind
                0x1000f618       0xe0 ../src/ASF/thirdparty/wireless/ble_smart_sdk/lib/cm0/gcc\libblusdk.a(gapc_task.o)
                0x1000f618                gapc_con_req_ind
 .text.gapc_disconnect_cmd_handler
                0x1000f6f8       0x44 ../src/ASF/thirdparty/wireless/ble_smart_sdk/lib/cm0/gcc\libblusdk.a(gapc_task.o)
                0x1000f6f8                gapc_disconnect_cmd_handler
 .text.gapc_disconnect_ind
                0x1000f73c       0x34 ../src/ASF/thirdparty/wireless/ble_smart_sdk/lib/cm0/gcc\libblusdk.a(gapc_task.o)
                0x1000f73c                gapc_disconnect_ind
 .text.gapc_bond_cmd_handler
                0x1000f770       0x68 ../src/ASF/thirdparty/wireless/ble_smart_sdk/lib/cm0/gcc\libblusdk.a(gapc_task.o)
                0x1000f770                gapc_bond_cmd_handler
 .text.gapc_bond_ind
                0x1000f7d8       0xd8 ../src/ASF/thirdparty/wireless/ble_smart_sdk/lib/cm0/gcc\libblusdk.a(gapc_task.o)
                0x1000f7d8                gapc_bond_ind
 .text.gapc_bond_req_ind
                0x1000f8b0       0xe0 ../src/ASF/thirdparty/wireless/ble_smart_sdk/lib/cm0/gcc\libblusdk.a(gapc_task.o)
                0x1000f8b0                gapc_bond_req_ind
 .text.gapc_bond_cfm_handler_pair_resp
                0x1000f990       0x7c ../src/ASF/thirdparty/wireless/ble_smart_sdk/lib/cm0/gcc\libblusdk.a(gapc_task.o)
                0x1000f990                gapc_bond_cfm_handler_pair_resp
 .text.gapc_bond_cfm_handler_key_exch
                0x1000fa0c       0x50 ../src/ASF/thirdparty/wireless/ble_smart_sdk/lib/cm0/gcc\libblusdk.a(gapc_task.o)
                0x1000fa0c                gapc_bond_cfm_handler_key_exch
 .text.gapc_security_cmd_handler
                0x1000fa5c       0x40 ../src/ASF/thirdparty/wireless/ble_smart_sdk/lib/cm0/gcc\libblusdk.a(gapc_task.o)
                0x1000fa5c                gapc_security_cmd_handler
 .text.gapc_encrypt_cmd_handler
                0x1000fa9c       0x9c ../src/ASF/thirdparty/wireless/ble_smart_sdk/lib/cm0/gcc\libblusdk.a(gapc_task.o)
                0x1000fa9c                gapc_encrypt_cmd_handler
 .text.gapc_encrypt_req_ind
                0x1000fb38       0x20 ../src/ASF/thirdparty/wireless/ble_smart_sdk/lib/cm0/gcc\libblusdk.a(gapc_task.o)
                0x1000fb38                gapc_encrypt_req_ind
 .text.gapc_encrypt_cfm_handler
                0x1000fb58       0x80 ../src/ASF/thirdparty/wireless/ble_smart_sdk/lib/cm0/gcc\libblusdk.a(gapc_task.o)
                0x1000fb58                gapc_encrypt_cfm_handler
 .text.gapc_encrypt_ind
                0x1000fbd8        0xe ../src/ASF/thirdparty/wireless/ble_smart_sdk/lib/cm0/gcc\libblusdk.a(gapc_task.o)
                0x1000fbd8                gapc_encrypt_ind
 *fill*         0x1000fbe6        0x2 
 .text.gapc_param_update_cfm_handler
                0x1000fbe8       0x4c ../src/ASF/thirdparty/wireless/ble_smart_sdk/lib/cm0/gcc\libblusdk.a(gapc_task.o)
                0x1000fbe8                gapc_param_update_cfm_handler
 .text.gapc_param_updated_ind
                0x1000fc34       0x2a ../src/ASF/thirdparty/wireless/ble_smart_sdk/lib/cm0/gcc\libblusdk.a(gapc_task.o)
                0x1000fc34                gapc_param_updated_ind
 .text.gapc_param_updated_req_ind
                0x1000fc5e       0x30 ../src/ASF/thirdparty/wireless/ble_smart_sdk/lib/cm0/gcc\libblusdk.a(gapc_task.o)
                0x1000fc5e                gapc_param_updated_req_ind
 *fill*         0x1000fc8e        0x2 
 .text.gapc_dev_info_req_ind_handler
                0x1000fc90       0x28 ../src/ASF/thirdparty/wireless/ble_smart_sdk/lib/cm0/gcc\libblusdk.a(gapc_task.o)
                0x1000fc90                gapc_dev_info_req_ind_handler
 .text.gapc_sec_req_ind
                0x1000fcb8       0x16 ../src/ASF/thirdparty/wireless/ble_smart_sdk/lib/cm0/gcc\libblusdk.a(gapc_task.o)
                0x1000fcb8                gapc_sec_req_ind
 .text.gapc_sign_counter_ind_handler
                0x1000fcce       0x34 ../src/ASF/thirdparty/wireless/ble_smart_sdk/lib/cm0/gcc\libblusdk.a(gapc_task.o)
                0x1000fcce                gapc_sign_counter_ind_handler
 *fill*         0x1000fd02        0x2 
 .text.gapc_peer_att_info_ind_handler
                0x1000fd04       0x7c ../src/ASF/thirdparty/wireless/ble_smart_sdk/lib/cm0/gcc\libblusdk.a(gapc_task.o)
                0x1000fd04                gapc_peer_att_info_ind_handler
 .text.gapc_con_channel_map_ind_handler
                0x1000fd80       0x18 ../src/ASF/thirdparty/wireless/ble_smart_sdk/lib/cm0/gcc\libblusdk.a(gapc_task.o)
                0x1000fd80                gapc_con_channel_map_ind_handler
 .text.gapc_lecb_connected
                0x1000fd98       0x2e ../src/ASF/thirdparty/wireless/ble_smart_sdk/lib/cm0/gcc\libblusdk.a(gapc_task.o)
                0x1000fd98                gapc_lecb_connected
 .text.gapc_lecb_disconnected
                0x1000fdc6       0x16 ../src/ASF/thirdparty/wireless/ble_smart_sdk/lib/cm0/gcc\libblusdk.a(gapc_task.o)
                0x1000fdc6                gapc_lecb_disconnected
 .text.gapc_lecb_connect_req_ind
                0x1000fddc       0x2a ../src/ASF/thirdparty/wireless/ble_smart_sdk/lib/cm0/gcc\libblusdk.a(gapc_task.o)
                0x1000fddc                gapc_lecb_connect_req_ind
 .text.gapc_lecb_add_credit_resp_handler
                0x1000fe06       0x20 ../src/ASF/thirdparty/wireless/ble_smart_sdk/lib/cm0/gcc\libblusdk.a(gapc_task.o)
                0x1000fe06                gapc_lecb_add_credit_resp_handler
 *fill*         0x1000fe26        0x2 
 .text.gapm_reset_req_handler
                0x1000fe28       0x70 ../src/ASF/thirdparty/wireless/ble_smart_sdk/lib/cm0/gcc\libblusdk.a(gapm_task.o)
                0x1000fe28                gapm_reset_req_handler
 .text.gapm_set_dev_config_cmd_handler
                0x1000fe98      0x108 ../src/ASF/thirdparty/wireless/ble_smart_sdk/lib/cm0/gcc\libblusdk.a(gapm_task.o)
                0x1000fe98                gapm_set_dev_config_cmd_handler
 .text.gapm_get_dev_config_cmd_handler
                0x1000ffa0       0xe0 ../src/ASF/thirdparty/wireless/ble_smart_sdk/lib/cm0/gcc\libblusdk.a(gapm_task.o)
                0x1000ffa0                gapm_get_dev_config_cmd_handler
 .text.gapm_cancel_cmd_handler
                0x10010080       0x70 ../src/ASF/thirdparty/wireless/ble_smart_sdk/lib/cm0/gcc\libblusdk.a(gapm_task.o)
                0x10010080                gapm_cancel_cmd_handler
 .text.gapm_dev_bdaddr_ind_handler
                0x100100f0       0x1c ../src/ASF/thirdparty/wireless/ble_smart_sdk/lib/cm0/gcc\libblusdk.a(gapm_task.o)
                0x100100f0                gapm_dev_bdaddr_ind_handler
 .text.gapm_cmp_evt
                0x1001010c      0x148 ../src/ASF/thirdparty/wireless/ble_smart_sdk/lib/cm0/gcc\libblusdk.a(gapm_task.o)
                0x1001010c                gapm_cmp_evt
 .text.gapm_start_adv_cmd_handler
                0x10010254      0x120 ../src/ASF/thirdparty/wireless/ble_smart_sdk/lib/cm0/gcc\libblusdk.a(gapm_task.o)
                0x10010254                gapm_start_adv_cmd_handler
 .text.get_gap_local_addr_type
                0x10010374       0x18 ../src/ASF/thirdparty/wireless/ble_smart_sdk/lib/cm0/gcc\libblusdk.a(gapm_task.o)
                0x10010374                get_gap_local_addr_type
 .text.gapm_adv_report_evt_handler
                0x1001038c       0x88 ../src/ASF/thirdparty/wireless/ble_smart_sdk/lib/cm0/gcc\libblusdk.a(gapm_task.o)
                0x1001038c                gapm_adv_report_evt_handler
 .text.gapm_resolv_addr_cmd_handler
                0x10010414       0x68 ../src/ASF/thirdparty/wireless/ble_smart_sdk/lib/cm0/gcc\libblusdk.a(gapm_task.o)
                0x10010414                gapm_resolv_addr_cmd_handler
 .text.gapm_addr_solved_ind_handler
                0x1001047c       0x24 ../src/ASF/thirdparty/wireless/ble_smart_sdk/lib/cm0/gcc\libblusdk.a(gapm_task.o)
                0x1001047c                gapm_addr_solved_ind_handler
 .text.gapm_profile_added_ind_handler
                0x100104a0       0x20 ../src/ASF/thirdparty/wireless/ble_smart_sdk/lib/cm0/gcc\libblusdk.a(gapm_task.o)
                0x100104a0                gapm_profile_added_ind_handler
 .text.gattc_read_req_ind_parser
                0x100104c0        0xc ../src/ASF/thirdparty/wireless/ble_smart_sdk/lib/cm0/gcc\libblusdk.a(gattc_task.o)
                0x100104c0                gattc_read_req_ind_parser
 .text.gattc_write_req_ind_parser
                0x100104cc       0x38 ../src/ASF/thirdparty/wireless/ble_smart_sdk/lib/cm0/gcc\libblusdk.a(gattc_task.o)
                0x100104cc                gattc_write_req_ind_parser
 .text.gattc_att_info_req_parser
                0x10010504        0xc ../src/ASF/thirdparty/wireless/ble_smart_sdk/lib/cm0/gcc\libblusdk.a(gattc_task.o)
                0x10010504                gattc_att_info_req_parser
 .text.gattc_read_cfm
                0x10010510       0x6c ../src/ASF/thirdparty/wireless/ble_smart_sdk/lib/cm0/gcc\libblusdk.a(gattc_task.o)
                0x10010510                gattc_read_cfm
 .text.gattc_write_cfm
                0x1001057c       0x44 ../src/ASF/thirdparty/wireless/ble_smart_sdk/lib/cm0/gcc\libblusdk.a(gattc_task.o)
                0x1001057c                gattc_write_cfm
 .text.gattc_att_info_cfm
                0x100105c0       0x48 ../src/ASF/thirdparty/wireless/ble_smart_sdk/lib/cm0/gcc\libblusdk.a(gattc_task.o)
                0x100105c0                gattc_att_info_cfm
 .text.gattc_send_evt_cmd_handler
                0x10010608       0x78 ../src/ASF/thirdparty/wireless/ble_smart_sdk/lib/cm0/gcc\libblusdk.a(gattc_task.o)
                0x10010608                gattc_send_evt_cmd_handler
 .text.gattc_event_cfm_handler
                0x10010680       0x40 ../src/ASF/thirdparty/wireless/ble_smart_sdk/lib/cm0/gcc\libblusdk.a(gattc_task.o)
                0x10010680                gattc_event_cfm_handler
 .text.gattc_disc_svc_ind_parser
                0x100106c0       0x3c ../src/ASF/thirdparty/wireless/ble_smart_sdk/lib/cm0/gcc\libblusdk.a(gattc_task.o)
                0x100106c0                gattc_disc_svc_ind_parser
 .text.gattc_disc_svc_incl_ind_parser
                0x100106fc       0x48 ../src/ASF/thirdparty/wireless/ble_smart_sdk/lib/cm0/gcc\libblusdk.a(gattc_task.o)
                0x100106fc                gattc_disc_svc_incl_ind_parser
 .text.gattc_disc_char_ind_parser
                0x10010744       0x44 ../src/ASF/thirdparty/wireless/ble_smart_sdk/lib/cm0/gcc\libblusdk.a(gattc_task.o)
                0x10010744                gattc_disc_char_ind_parser
 .text.gattc_disc_char_desc_ind_parser
                0x10010788       0x34 ../src/ASF/thirdparty/wireless/ble_smart_sdk/lib/cm0/gcc\libblusdk.a(gattc_task.o)
                0x10010788                gattc_disc_char_desc_ind_parser
 .text.gattc_event_ind_and_notification_parser
                0x100107bc       0x54 ../src/ASF/thirdparty/wireless/ble_smart_sdk/lib/cm0/gcc\libblusdk.a(gattc_task.o)
                0x100107bc                gattc_event_ind_and_notification_parser
 .text.gattc_complete_evt_handler
                0x10010810       0x78 ../src/ASF/thirdparty/wireless/ble_smart_sdk/lib/cm0/gcc\libblusdk.a(gattc_task.o)
                0x10010810                gattc_complete_evt_handler
 .text.gattc_event_mtu_changed_ind_parser
                0x10010888       0x10 ../src/ASF/thirdparty/wireless/ble_smart_sdk/lib/cm0/gcc\libblusdk.a(gattc_task.o)
                0x10010888                gattc_event_mtu_changed_ind_parser
 .text.gattc_read_ind_parser
                0x10010898       0x40 ../src/ASF/thirdparty/wireless/ble_smart_sdk/lib/cm0/gcc\libblusdk.a(gattc_task.o)
                0x10010898                gattc_read_ind_parser
 .text.gattc_svc_changed_cfg_ind_parser
                0x100108d8       0x10 ../src/ASF/thirdparty/wireless/ble_smart_sdk/lib/cm0/gcc\libblusdk.a(gattc_task.o)
                0x100108d8                gattc_svc_changed_cfg_ind_parser
 .text.init_gattc_task_module
                0x100108e8       0x14 ../src/ASF/thirdparty/wireless/ble_smart_sdk/lib/cm0/gcc\libblusdk.a(gattc_task.o)
                0x100108e8                init_gattc_task_module
 .text.gattm_add_svc_req_handler
                0x100108fc      0x10c ../src/ASF/thirdparty/wireless/ble_smart_sdk/lib/cm0/gcc\libblusdk.a(gattm_task.o)
                0x100108fc                gattm_add_svc_req_handler
 .text.gattm_add_attribute_req_handler
                0x10010a08       0x70 ../src/ASF/thirdparty/wireless/ble_smart_sdk/lib/cm0/gcc\libblusdk.a(gattm_task.o)
                0x10010a08                gattm_add_attribute_req_handler
 .text.gattm_att_set_value_req_handler
                0x10010a78       0x8c ../src/ASF/thirdparty/wireless/ble_smart_sdk/lib/cm0/gcc\libblusdk.a(gattm_task.o)
                0x10010a78                gattm_att_set_value_req_handler
 .text.gattm_att_get_value_req_handler
                0x10010b04       0x9c ../src/ASF/thirdparty/wireless/ble_smart_sdk/lib/cm0/gcc\libblusdk.a(gattm_task.o)
                0x10010b04                gattm_att_get_value_req_handler
 .text.htpt_enable_rsp_handler
                0x10010ba0        0xa ../src/ASF/thirdparty/wireless/ble_smart_sdk/lib/cm0/gcc\libblusdk.a(htpt_task.o)
                0x10010ba0                htpt_enable_rsp_handler
 .text.htpt_temp_send_rsp_handler
                0x10010baa        0x6 ../src/ASF/thirdparty/wireless/ble_smart_sdk/lib/cm0/gcc\libblusdk.a(htpt_task.o)
                0x10010baa                htpt_temp_send_rsp_handler
 .text.htpt_meas_intv_upd_rsp_handler
                0x10010bb0        0x6 ../src/ASF/thirdparty/wireless/ble_smart_sdk/lib/cm0/gcc\libblusdk.a(htpt_task.o)
                0x10010bb0                htpt_meas_intv_upd_rsp_handler
 .text.htpt_meas_intv_chg_req_ind_handler
                0x10010bb6        0xc ../src/ASF/thirdparty/wireless/ble_smart_sdk/lib/cm0/gcc\libblusdk.a(htpt_task.o)
                0x10010bb6                htpt_meas_intv_chg_req_ind_handler
 .text.htpt_cfg_indntf_ind_handler
                0x10010bc2        0xa ../src/ASF/thirdparty/wireless/ble_smart_sdk/lib/cm0/gcc\libblusdk.a(htpt_task.o)
                0x10010bc2                htpt_cfg_indntf_ind_handler
 .text.pow      0x10010bcc      0x378 c:/program files (x86)/atmel/studio/7.0/toolchain/arm/arm-gnu-toolchain/bin/../lib/gcc/arm-none-eabi/5.3.1/../../../../arm-none-eabi/lib/armv6-m\libm.a(lib_a-w_pow.o)
                0x10010bcc                pow
 .text.sqrtf    0x10010f44       0xa4 c:/program files (x86)/atmel/studio/7.0/toolchain/arm/arm-gnu-toolchain/bin/../lib/gcc/arm-none-eabi/5.3.1/../../../../arm-none-eabi/lib/armv6-m\libm.a(lib_a-wf_sqrt.o)
                0x10010f44                sqrtf
 .text.__ieee754_pow
                0x10010fe8      0xa6c c:/program files (x86)/atmel/studio/7.0/toolchain/arm/arm-gnu-toolchain/bin/../lib/gcc/arm-none-eabi/5.3.1/../../../../arm-none-eabi/lib/armv6-m\libm.a(lib_a-e_pow.o)
                0x10010fe8                __ieee754_pow
 .text.__ieee754_sqrt
                0x10011a54      0x1ec c:/program files (x86)/atmel/studio/7.0/toolchain/arm/arm-gnu-toolchain/bin/../lib/gcc/arm-none-eabi/5.3.1/../../../../arm-none-eabi/lib/armv6-m\libm.a(lib_a-e_sqrt.o)
                0x10011a54                __ieee754_sqrt
 .text.__ieee754_sqrtf
                0x10011c40       0xb8 c:/program files (x86)/atmel/studio/7.0/toolchain/arm/arm-gnu-toolchain/bin/../lib/gcc/arm-none-eabi/5.3.1/../../../../arm-none-eabi/lib/armv6-m\libm.a(lib_a-ef_sqrt.o)
                0x10011c40                __ieee754_sqrtf
 .text.fabs     0x10011cf8        0x8 c:/program files (x86)/atmel/studio/7.0/toolchain/arm/arm-gnu-toolchain/bin/../lib/gcc/arm-none-eabi/5.3.1/../../../../arm-none-eabi/lib/armv6-m\libm.a(lib_a-s_fabs.o)
                0x10011cf8                fabs
 .text.finite   0x10011d00       0x14 c:/program files (x86)/atmel/studio/7.0/toolchain/arm/arm-gnu-toolchain/bin/../lib/gcc/arm-none-eabi/5.3.1/../../../../arm-none-eabi/lib/armv6-m\libm.a(lib_a-s_finite.o)
                0x10011d00                finite
 .text.matherr  0x10011d14        0x4 c:/program files (x86)/atmel/studio/7.0/toolchain/arm/arm-gnu-toolchain/bin/../lib/gcc/arm-none-eabi/5.3.1/../../../../arm-none-eabi/lib/armv6-m\libm.a(lib_a-s_matherr.o)
                0x10011d14                matherr
 .text.nan      0x10011d18        0xc c:/program files (x86)/atmel/studio/7.0/toolchain/arm/arm-gnu-toolchain/bin/../lib/gcc/arm-none-eabi/5.3.1/../../../../arm-none-eabi/lib/armv6-m\libm.a(lib_a-s_nan.o)
                0x10011d18                nan
 .text.rint     0x10011d24      0x144 c:/program files (x86)/atmel/studio/7.0/toolchain/arm/arm-gnu-toolchain/bin/../lib/gcc/arm-none-eabi/5.3.1/../../../../arm-none-eabi/lib/armv6-m\libm.a(lib_a-s_rint.o)
                0x10011d24                rint
 .text.scalbn   0x10011e68       0xd0 c:/program files (x86)/atmel/studio/7.0/toolchain/arm/arm-gnu-toolchain/bin/../lib/gcc/arm-none-eabi/5.3.1/../../../../arm-none-eabi/lib/armv6-m\libm.a(lib_a-s_scalbn.o)
                0x10011e68                scalbn
 .text.copysign
                0x10011f38       0x10 c:/program files (x86)/atmel/studio/7.0/toolchain/arm/arm-gnu-toolchain/bin/../lib/gcc/arm-none-eabi/5.3.1/../../../../arm-none-eabi/lib/armv6-m\libm.a(lib_a-s_copysign.o)
                0x10011f38                copysign
 .text          0x10011f48       0x14 c:/program files (x86)/atmel/studio/7.0/toolchain/arm/arm-gnu-toolchain/bin/../lib/gcc/arm-none-eabi/5.3.1/armv6-m\libgcc.a(_thumb1_case_sqi.o)
                0x10011f48                __gnu_thumb1_case_sqi
 .text          0x10011f5c       0x14 c:/program files (x86)/atmel/studio/7.0/toolchain/arm/arm-gnu-toolchain/bin/../lib/gcc/arm-none-eabi/5.3.1/armv6-m\libgcc.a(_thumb1_case_uqi.o)
                0x10011f5c                __gnu_thumb1_case_uqi
 .text          0x10011f70       0x14 c:/program files (x86)/atmel/studio/7.0/toolchain/arm/arm-gnu-toolchain/bin/../lib/gcc/arm-none-eabi/5.3.1/armv6-m\libgcc.a(_thumb1_case_uhi.o)
                0x10011f70                __gnu_thumb1_case_uhi
 .text          0x10011f84      0x114 c:/program files (x86)/atmel/studio/7.0/toolchain/arm/arm-gnu-toolchain/bin/../lib/gcc/arm-none-eabi/5.3.1/armv6-m\libgcc.a(_udivsi3.o)
                0x10011f84                __aeabi_uidiv
                0x10011f84                __udivsi3
                0x10012090                __aeabi_uidivmod
 .text          0x10012098      0x1d4 c:/program files (x86)/atmel/studio/7.0/toolchain/arm/arm-gnu-toolchain/bin/../lib/gcc/arm-none-eabi/5.3.1/armv6-m\libgcc.a(_divsi3.o)
                0x10012098                __divsi3
                0x10012098                __aeabi_idiv
                0x10012264                __aeabi_idivmod
 .text          0x1001226c        0x4 c:/program files (x86)/atmel/studio/7.0/toolchain/arm/arm-gnu-toolchain/bin/../lib/gcc/arm-none-eabi/5.3.1/armv6-m\libgcc.a(_dvmd_tls.o)
                0x1001226c                __aeabi_idiv0
                0x1001226c                __aeabi_ldiv0
 .text          0x10012270       0x7c c:/program files (x86)/atmel/studio/7.0/toolchain/arm/arm-gnu-toolchain/bin/../lib/gcc/arm-none-eabi/5.3.1/armv6-m\libgcc.a(_arm_cmpdf2.o)
                0x10012270                __aeabi_cdrcmple
                0x10012280                __aeabi_cdcmple
                0x10012280                __aeabi_cdcmpeq
                0x10012290                __aeabi_dcmpeq
                0x1001229c                __aeabi_dcmplt
                0x100122b0                __aeabi_dcmple
                0x100122c4                __aeabi_dcmpgt
                0x100122d8                __aeabi_dcmpge
 .text          0x100122ec       0x74 c:/program files (x86)/atmel/studio/7.0/toolchain/arm/arm-gnu-toolchain/bin/../lib/gcc/arm-none-eabi/5.3.1/armv6-m\libgcc.a(_arm_cmpsf2.o)
                0x100122ec                __aeabi_cfrcmple
                0x100122f4                __aeabi_cfcmpeq
                0x100122f4                __aeabi_cfcmple
                0x10012304                __aeabi_fcmpeq
                0x10012310                __aeabi_fcmplt
                0x10012324                __aeabi_fcmple
                0x10012338                __aeabi_fcmpgt
                0x1001234c                __aeabi_fcmpge
 .text          0x10012360       0x58 c:/program files (x86)/atmel/studio/7.0/toolchain/arm/arm-gnu-toolchain/bin/../lib/gcc/arm-none-eabi/5.3.1/armv6-m\libgcc.a(_muldi3.o)
                0x10012360                __muldi3
                0x10012360                __aeabi_lmul
 .text          0x100123b8       0x30 c:/program files (x86)/atmel/studio/7.0/toolchain/arm/arm-gnu-toolchain/bin/../lib/gcc/arm-none-eabi/5.3.1/armv6-m\libgcc.a(_fixunssfsi.o)
                0x100123b8                __fixunssfsi
                0x100123b8                __aeabi_f2uiz
 .text          0x100123e8       0x3c c:/program files (x86)/atmel/studio/7.0/toolchain/arm/arm-gnu-toolchain/bin/../lib/gcc/arm-none-eabi/5.3.1/armv6-m\libgcc.a(_fixunsdfsi.o)
                0x100123e8                __aeabi_d2uiz
                0x100123e8                __fixunsdfsi
 .text          0x10012424      0x2ec c:/program files (x86)/atmel/studio/7.0/toolchain/arm/arm-gnu-toolchain/bin/../lib/gcc/arm-none-eabi/5.3.1/armv6-m\libgcc.a(addsf3.o)
                0x10012424                __aeabi_fadd
 .text          0x10012710      0x234 c:/program files (x86)/atmel/studio/7.0/toolchain/arm/arm-gnu-toolchain/bin/../lib/gcc/arm-none-eabi/5.3.1/armv6-m\libgcc.a(divsf3.o)
                0x10012710                __aeabi_fdiv
 .text          0x10012944       0x50 c:/program files (x86)/atmel/studio/7.0/toolchain/arm/arm-gnu-toolchain/bin/../lib/gcc/arm-none-eabi/5.3.1/armv6-m\libgcc.a(eqsf2.o)
                0x10012944                __eqsf2
                0x10012944                __nesf2
 .text          0x10012994       0x88 c:/program files (x86)/atmel/studio/7.0/toolchain/arm/arm-gnu-toolchain/bin/../lib/gcc/arm-none-eabi/5.3.1/armv6-m\libgcc.a(gesf2.o)
                0x10012994                __gesf2
                0x10012994                __gtsf2
 .text          0x10012a1c       0x88 c:/program files (x86)/atmel/studio/7.0/toolchain/arm/arm-gnu-toolchain/bin/../lib/gcc/arm-none-eabi/5.3.1/armv6-m\libgcc.a(lesf2.o)
                0x10012a1c                __ltsf2
                0x10012a1c                __lesf2
 .text          0x10012aa4      0x228 c:/program files (x86)/atmel/studio/7.0/toolchain/arm/arm-gnu-toolchain/bin/../lib/gcc/arm-none-eabi/5.3.1/armv6-m\libgcc.a(mulsf3.o)
                0x10012aa4                __aeabi_fmul
 .text          0x10012ccc      0x30c c:/program files (x86)/atmel/studio/7.0/toolchain/arm/arm-gnu-toolchain/bin/../lib/gcc/arm-none-eabi/5.3.1/armv6-m\libgcc.a(subsf3.o)
                0x10012ccc                __aeabi_fsub
 .text          0x10012fd8       0x30 c:/program files (x86)/atmel/studio/7.0/toolchain/arm/arm-gnu-toolchain/bin/../lib/gcc/arm-none-eabi/5.3.1/armv6-m\libgcc.a(unordsf2.o)
                0x10012fd8                __aeabi_fcmpun
 .text          0x10013008       0x44 c:/program files (x86)/atmel/studio/7.0/toolchain/arm/arm-gnu-toolchain/bin/../lib/gcc/arm-none-eabi/5.3.1/armv6-m\libgcc.a(fixsfsi.o)
                0x10013008                __aeabi_f2iz
 .text          0x1001304c       0x90 c:/program files (x86)/atmel/studio/7.0/toolchain/arm/arm-gnu-toolchain/bin/../lib/gcc/arm-none-eabi/5.3.1/armv6-m\libgcc.a(floatsisf.o)
                0x1001304c                __aeabi_i2f
 .text          0x100130dc       0x7c c:/program files (x86)/atmel/studio/7.0/toolchain/arm/arm-gnu-toolchain/bin/../lib/gcc/arm-none-eabi/5.3.1/armv6-m\libgcc.a(floatunsisf.o)
                0x100130dc                __aeabi_ui2f
 .text          0x10013158      0x658 c:/program files (x86)/atmel/studio/7.0/toolchain/arm/arm-gnu-toolchain/bin/../lib/gcc/arm-none-eabi/5.3.1/armv6-m\libgcc.a(adddf3.o)
                0x10013158                __aeabi_dadd
 .text          0x100137b0      0x62c c:/program files (x86)/atmel/studio/7.0/toolchain/arm/arm-gnu-toolchain/bin/../lib/gcc/arm-none-eabi/5.3.1/armv6-m\libgcc.a(divdf3.o)
                0x100137b0                __aeabi_ddiv
 .text          0x10013ddc       0x80 c:/program files (x86)/atmel/studio/7.0/toolchain/arm/arm-gnu-toolchain/bin/../lib/gcc/arm-none-eabi/5.3.1/armv6-m\libgcc.a(eqdf2.o)
                0x10013ddc                __nedf2
                0x10013ddc                __eqdf2
 .text          0x10013e5c       0xc8 c:/program files (x86)/atmel/studio/7.0/toolchain/arm/arm-gnu-toolchain/bin/../lib/gcc/arm-none-eabi/5.3.1/armv6-m\libgcc.a(gedf2.o)
                0x10013e5c                __gedf2
                0x10013e5c                __gtdf2
 .text          0x10013f24       0xd4 c:/program files (x86)/atmel/studio/7.0/toolchain/arm/arm-gnu-toolchain/bin/../lib/gcc/arm-none-eabi/5.3.1/armv6-m\libgcc.a(ledf2.o)
                0x10013f24                __ledf2
                0x10013f24                __ltdf2
 .text          0x10013ff8      0x4f4 c:/program files (x86)/atmel/studio/7.0/toolchain/arm/arm-gnu-toolchain/bin/../lib/gcc/arm-none-eabi/5.3.1/armv6-m\libgcc.a(muldf3.o)
                0x10013ff8                __aeabi_dmul
 .text          0x100144ec      0x6a8 c:/program files (x86)/atmel/studio/7.0/toolchain/arm/arm-gnu-toolchain/bin/../lib/gcc/arm-none-eabi/5.3.1/armv6-m\libgcc.a(subdf3.o)
                0x100144ec                __aeabi_dsub
 .text          0x10014b94       0x40 c:/program files (x86)/atmel/studio/7.0/toolchain/arm/arm-gnu-toolchain/bin/../lib/gcc/arm-none-eabi/5.3.1/armv6-m\libgcc.a(unorddf2.o)
                0x10014b94                __aeabi_dcmpun
 .text          0x10014bd4       0x6c c:/program files (x86)/atmel/studio/7.0/toolchain/arm/arm-gnu-toolchain/bin/../lib/gcc/arm-none-eabi/5.3.1/armv6-m\libgcc.a(fixdfsi.o)
                0x10014bd4                __aeabi_d2iz
 .text          0x10014c40       0x84 c:/program files (x86)/atmel/studio/7.0/toolchain/arm/arm-gnu-toolchain/bin/../lib/gcc/arm-none-eabi/5.3.1/armv6-m\libgcc.a(floatsidf.o)
                0x10014c40                __aeabi_i2d
 .text          0x10014cc4       0x70 c:/program files (x86)/atmel/studio/7.0/toolchain/arm/arm-gnu-toolchain/bin/../lib/gcc/arm-none-eabi/5.3.1/armv6-m\libgcc.a(floatunsidf.o)
                0x10014cc4                __aeabi_ui2d
 .text          0x10014d34       0xa8 c:/program files (x86)/atmel/studio/7.0/toolchain/arm/arm-gnu-toolchain/bin/../lib/gcc/arm-none-eabi/5.3.1/armv6-m\libgcc.a(extendsfdf2.o)
                0x10014d34                __aeabi_f2d
 .text          0x10014ddc      0x118 c:/program files (x86)/atmel/studio/7.0/toolchain/arm/arm-gnu-toolchain/bin/../lib/gcc/arm-none-eabi/5.3.1/armv6-m\libgcc.a(truncdfsf2.o)
                0x10014ddc                __aeabi_d2f
 .text          0x10014ef4       0x3c c:/program files (x86)/atmel/studio/7.0/toolchain/arm/arm-gnu-toolchain/bin/../lib/gcc/arm-none-eabi/5.3.1/armv6-m\libgcc.a(_clzsi2.o)
                0x10014ef4                __clzsi2
 .text.__errno  0x10014f30        0xc c:/program files (x86)/atmel/studio/7.0/toolchain/arm/arm-gnu-toolchain/bin/../lib/gcc/arm-none-eabi/5.3.1/../../../../arm-none-eabi/lib/armv6-m\libc_nano.a(lib_a-errno.o)
                0x10014f30                __errno
 .text.__libc_init_array
                0x10014f3c       0x4c c:/program files (x86)/atmel/studio/7.0/toolchain/arm/arm-gnu-toolchain/bin/../lib/gcc/arm-none-eabi/5.3.1/../../../../arm-none-eabi/lib/armv6-m\libc_nano.a(lib_a-init.o)
                0x10014f3c                __libc_init_array
 .text.malloc   0x10014f88       0x14 c:/program files (x86)/atmel/studio/7.0/toolchain/arm/arm-gnu-toolchain/bin/../lib/gcc/arm-none-eabi/5.3.1/../../../../arm-none-eabi/lib/armv6-m\libc_nano.a(lib_a-malloc.o)
                0x10014f88                malloc
 .text.memcmp   0x10014f9c       0x1e c:/program files (x86)/atmel/studio/7.0/toolchain/arm/arm-gnu-toolchain/bin/../lib/gcc/arm-none-eabi/5.3.1/../../../../arm-none-eabi/lib/armv6-m\libc_nano.a(lib_a-memcmp.o)
                0x10014f9c                memcmp
 .text.memcpy   0x10014fba       0x12 c:/program files (x86)/atmel/studio/7.0/toolchain/arm/arm-gnu-toolchain/bin/../lib/gcc/arm-none-eabi/5.3.1/../../../../arm-none-eabi/lib/armv6-m\libc_nano.a(lib_a-memcpy-stub.o)
                0x10014fba                memcpy
 .text.memset   0x10014fcc       0x10 c:/program files (x86)/atmel/studio/7.0/toolchain/arm/arm-gnu-toolchain/bin/../lib/gcc/arm-none-eabi/5.3.1/../../../../arm-none-eabi/lib/armv6-m\libc_nano.a(lib_a-memset.o)
                0x10014fcc                memset
 .text._free_r  0x10014fdc       0x8c c:/program files (x86)/atmel/studio/7.0/toolchain/arm/arm-gnu-toolchain/bin/../lib/gcc/arm-none-eabi/5.3.1/../../../../arm-none-eabi/lib/armv6-m\libc_nano.a(lib_a-nano-freer.o)
                0x10014fdc                _free_r
 .text._malloc_r
                0x10015068       0xac c:/program files (x86)/atmel/studio/7.0/toolchain/arm/arm-gnu-toolchain/bin/../lib/gcc/arm-none-eabi/5.3.1/../../../../arm-none-eabi/lib/armv6-m\libc_nano.a(lib_a-nano-mallocr.o)
                0x10015068                _malloc_r
 .text.rand     0x10015114       0x78 c:/program files (x86)/atmel/studio/7.0/toolchain/arm/arm-gnu-toolchain/bin/../lib/gcc/arm-none-eabi/5.3.1/../../../../arm-none-eabi/lib/armv6-m\libc_nano.a(lib_a-rand.o)
                0x10015114                rand
 .text._sbrk_r  0x1001518c       0x24 c:/program files (x86)/atmel/studio/7.0/toolchain/arm/arm-gnu-toolchain/bin/../lib/gcc/arm-none-eabi/5.3.1/../../../../arm-none-eabi/lib/armv6-m\libc_nano.a(lib_a-sbrkr.o)
                0x1001518c                _sbrk_r
 .text.setbuf   0x100151b0       0x12 c:/program files (x86)/atmel/studio/7.0/toolchain/arm/arm-gnu-toolchain/bin/../lib/gcc/arm-none-eabi/5.3.1/../../../../arm-none-eabi/lib/armv6-m\libc_nano.a(lib_a-setbuf.o)
                0x100151b0                setbuf
 *fill*         0x100151c2        0x2 
 .text.setvbuf  0x100151c4      0x160 c:/program files (x86)/atmel/studio/7.0/toolchain/arm/arm-gnu-toolchain/bin/../lib/gcc/arm-none-eabi/5.3.1/../../../../arm-none-eabi/lib/armv6-m\libc_nano.a(lib_a-setvbuf.o)
                0x100151c4                setvbuf
 .text.__sflush_r
                0x10015324      0x10c c:/program files (x86)/atmel/studio/7.0/toolchain/arm/arm-gnu-toolchain/bin/../lib/gcc/arm-none-eabi/5.3.1/../../../../arm-none-eabi/lib/armv6-m\libc_nano.a(lib_a-fflush.o)
                0x10015324                __sflush_r
 .text._fflush_r
                0x10015430       0x58 c:/program files (x86)/atmel/studio/7.0/toolchain/arm/arm-gnu-toolchain/bin/../lib/gcc/arm-none-eabi/5.3.1/../../../../arm-none-eabi/lib/armv6-m\libc_nano.a(lib_a-fflush.o)
                0x10015430                _fflush_r
 .text._cleanup_r
                0x10015488       0x10 c:/program files (x86)/atmel/studio/7.0/toolchain/arm/arm-gnu-toolchain/bin/../lib/gcc/arm-none-eabi/5.3.1/../../../../arm-none-eabi/lib/armv6-m\libc_nano.a(lib_a-findfp.o)
                0x10015488                _cleanup_r
 .text.std.isra.0
                0x10015498       0x48 c:/program files (x86)/atmel/studio/7.0/toolchain/arm/arm-gnu-toolchain/bin/../lib/gcc/arm-none-eabi/5.3.1/../../../../arm-none-eabi/lib/armv6-m\libc_nano.a(lib_a-findfp.o)
 .text.__sfmoreglue
                0x100154e0       0x2c c:/program files (x86)/atmel/studio/7.0/toolchain/arm/arm-gnu-toolchain/bin/../lib/gcc/arm-none-eabi/5.3.1/../../../../arm-none-eabi/lib/armv6-m\libc_nano.a(lib_a-findfp.o)
                0x100154e0                __sfmoreglue
 .text.__sinit  0x1001550c       0x68 c:/program files (x86)/atmel/studio/7.0/toolchain/arm/arm-gnu-toolchain/bin/../lib/gcc/arm-none-eabi/5.3.1/../../../../arm-none-eabi/lib/armv6-m\libc_nano.a(lib_a-findfp.o)
                0x1001550c                __sinit
 .text.__sfp    0x10015574       0x7c c:/program files (x86)/atmel/studio/7.0/toolchain/arm/arm-gnu-toolchain/bin/../lib/gcc/arm-none-eabi/5.3.1/../../../../arm-none-eabi/lib/armv6-m\libc_nano.a(lib_a-findfp.o)
                0x10015574                __sfp
 .text._fwalk_reent
                0x100155f0       0x42 c:/program files (x86)/atmel/studio/7.0/toolchain/arm/arm-gnu-toolchain/bin/../lib/gcc/arm-none-eabi/5.3.1/../../../../arm-none-eabi/lib/armv6-m\libc_nano.a(lib_a-fwalk.o)
                0x100155f0                _fwalk_reent
 *fill*         0x10015632        0x2 
 .text.__swhatbuf_r
                0x10015634       0x4c c:/program files (x86)/atmel/studio/7.0/toolchain/arm/arm-gnu-toolchain/bin/../lib/gcc/arm-none-eabi/5.3.1/../../../../arm-none-eabi/lib/armv6-m\libc_nano.a(lib_a-makebuf.o)
                0x10015634                __swhatbuf_r
 .text.__sread  0x10015680       0x28 c:/program files (x86)/atmel/studio/7.0/toolchain/arm/arm-gnu-toolchain/bin/../lib/gcc/arm-none-eabi/5.3.1/../../../../arm-none-eabi/lib/armv6-m\libc_nano.a(lib_a-stdio.o)
                0x10015680                __sread
 .text.__swrite
                0x100156a8       0x38 c:/program files (x86)/atmel/studio/7.0/toolchain/arm/arm-gnu-toolchain/bin/../lib/gcc/arm-none-eabi/5.3.1/../../../../arm-none-eabi/lib/armv6-m\libc_nano.a(lib_a-stdio.o)
                0x100156a8                __swrite
 .text.__sseek  0x100156e0       0x2c c:/program files (x86)/atmel/studio/7.0/toolchain/arm/arm-gnu-toolchain/bin/../lib/gcc/arm-none-eabi/5.3.1/../../../../arm-none-eabi/lib/armv6-m\libc_nano.a(lib_a-stdio.o)
                0x100156e0                __sseek
 .text.__sclose
                0x1001570c        0xc c:/program files (x86)/atmel/studio/7.0/toolchain/arm/arm-gnu-toolchain/bin/../lib/gcc/arm-none-eabi/5.3.1/../../../../arm-none-eabi/lib/armv6-m\libc_nano.a(lib_a-stdio.o)
                0x1001570c                __sclose
 .text._write_r
                0x10015718       0x28 c:/program files (x86)/atmel/studio/7.0/toolchain/arm/arm-gnu-toolchain/bin/../lib/gcc/arm-none-eabi/5.3.1/../../../../arm-none-eabi/lib/armv6-m\libc_nano.a(lib_a-writer.o)
                0x10015718                _write_r
 .text._close_r
                0x10015740       0x24 c:/program files (x86)/atmel/studio/7.0/toolchain/arm/arm-gnu-toolchain/bin/../lib/gcc/arm-none-eabi/5.3.1/../../../../arm-none-eabi/lib/armv6-m\libc_nano.a(lib_a-closer.o)
                0x10015740                _close_r
 .text._fstat_r
                0x10015764       0x24 c:/program files (x86)/atmel/studio/7.0/toolchain/arm/arm-gnu-toolchain/bin/../lib/gcc/arm-none-eabi/5.3.1/../../../../arm-none-eabi/lib/armv6-m\libc_nano.a(lib_a-fstatr.o)
                0x10015764                _fstat_r
 .text._lseek_r
                0x10015788       0x28 c:/program files (x86)/atmel/studio/7.0/toolchain/arm/arm-gnu-toolchain/bin/../lib/gcc/arm-none-eabi/5.3.1/../../../../arm-none-eabi/lib/armv6-m\libc_nano.a(lib_a-lseekr.o)
                0x10015788                _lseek_r
 .text._read_r  0x100157b0       0x28 c:/program files (x86)/atmel/studio/7.0/toolchain/arm/arm-gnu-toolchain/bin/../lib/gcc/arm-none-eabi/5.3.1/../../../../arm-none-eabi/lib/armv6-m\libc_nano.a(lib_a-readr.o)
                0x100157b0                _read_r
 *(.glue_7t)
 .glue_7t       0x100157d8        0x0 linker stubs
 *(.glue_7)
 .glue_7        0x100157d8        0x0 linker stubs
 *(.rodata .rodata* .gnu.linkonce.r.*)
 .rodata.CSWTCH.36
                0x100157d8        0x3 src/sms_v_0_2/src/sms_ble.o
 .rodata.str1.1
                0x100157db       0x29 src/sms_v_0_2/src/sms_ble.o
 .rodata.sms_ble_gap_cb
                0x10015804       0x4c src/sms_v_0_2/src/sms_ble.o
                0x10015804                sms_ble_gap_cb
 .rodata.sms_ble_gatt_server_cb
                0x10015850       0x28 src/sms_v_0_2/src/sms_ble.o
                0x10015850                sms_ble_gatt_server_cb
 .rodata.CSWTCH.34
                0x10015878        0x3 src/sms_v_0_2/src/sms_ble.o
 .rodata.CSWTCH.35
                0x1001587b        0x3 src/sms_v_0_2/src/sms_ble.o
 *fill*         0x1001587e        0x2 
 .rodata.CSWTCH.22
                0x10015880       0x10 src/sms_v_0_2/src/sms_imu.o
 .rodata.CSWTCH.24
                0x10015890       0x10 src/sms_v_0_2/src/sms_imu.o
 .rodata.CSWTCH.16
                0x100158a0        0xc src/sms_v_0_2/src/sms_timer.o
 .rodata        0x100158ac        0xd src/ASF/thirdparty/wireless/ble_smart_sdk/ble_services/ble_mgr/ble_manager.o
 *fill*         0x100158b9        0x3 
 .rodata.ble_mgr_gatt_server_handle
                0x100158bc       0x28 src/ASF/thirdparty/wireless/ble_smart_sdk/ble_services/ble_mgr/ble_manager.o
 .rodata.str1.1
                0x100158e4       0x11 src/ASF/thirdparty/wireless/ble_smart_sdk/ble_services/ble_mgr/ble_manager.o
 *fill*         0x100158f5        0x3 
 .rodata.ble_mgr_gap_handle
                0x100158f8       0x4c src/ASF/thirdparty/wireless/ble_smart_sdk/ble_services/ble_mgr/ble_manager.o
 .rodata.CSWTCH.94
                0x10015944        0x7 src/ASF/thirdparty/wireless/ble_smart_sdk/ble_services/ble_mgr/ble_manager.o
 *fill*         0x1001594b        0x1 
 .rodata.CSWTCH.95
                0x1001594c       0x1c src/ASF/thirdparty/wireless/ble_smart_sdk/ble_services/ble_mgr/ble_manager.o
 .rodata        0x10015968        0xb ../src/ASF/thirdparty/wireless/ble_smart_sdk/lib/cm0/gcc\libblusdk.a(gap.o)
 .rodata.CSWTCH.45
                0x10015973        0x3 ../src/ASF/thirdparty/wireless/ble_smart_sdk/lib/cm0/gcc\libblusdk.a(gap.o)
 .rodata.CSWTCH.47
                0x10015976        0xf ../src/ASF/thirdparty/wireless/ble_smart_sdk/lib/cm0/gcc\libblusdk.a(gap.o)
 .rodata.client_conf_uuid
                0x10015985        0x2 ../src/ASF/thirdparty/wireless/ble_smart_sdk/lib/cm0/gcc\libblusdk.a(gatt_server.o)
                0x10015985                client_conf_uuid
 .rodata.presentation_format_uuid
                0x10015987        0x2 ../src/ASF/thirdparty/wireless/ble_smart_sdk/lib/cm0/gcc\libblusdk.a(gatt_server.o)
                0x10015987                presentation_format_uuid
 .rodata.user_desc_uuid
                0x10015989        0x2 ../src/ASF/thirdparty/wireless/ble_smart_sdk/lib/cm0/gcc\libblusdk.a(gatt_server.o)
                0x10015989                user_desc_uuid
 .rodata.server_conf_uuid
                0x1001598b        0x2 ../src/ASF/thirdparty/wireless/ble_smart_sdk/lib/cm0/gcc\libblusdk.a(gatt_server.o)
                0x1001598b                server_conf_uuid
 .rodata.extended_props_uuid
                0x1001598d        0x2 ../src/ASF/thirdparty/wireless/ble_smart_sdk/lib/cm0/gcc\libblusdk.a(gatt_server.o)
                0x1001598d                extended_props_uuid
 .rodata.include_uuid
                0x1001598f        0x2 ../src/ASF/thirdparty/wireless/ble_smart_sdk/lib/cm0/gcc\libblusdk.a(gatt_server.o)
                0x1001598f                include_uuid
 .rodata.char_uuid
                0x10015991        0x2 ../src/ASF/thirdparty/wireless/ble_smart_sdk/lib/cm0/gcc\libblusdk.a(gatt_server.o)
                0x10015991                char_uuid
 *fill*         0x10015993        0x1 
 .rodata.str1.4
                0x10015994        0x4 c:/program files (x86)/atmel/studio/7.0/toolchain/arm/arm-gnu-toolchain/bin/../lib/gcc/arm-none-eabi/5.3.1/../../../../arm-none-eabi/lib/armv6-m\libm.a(lib_a-w_pow.o)
 .rodata.str1.4
                0x10015998        0x6 c:/program files (x86)/atmel/studio/7.0/toolchain/arm/arm-gnu-toolchain/bin/../lib/gcc/arm-none-eabi/5.3.1/../../../../arm-none-eabi/lib/armv6-m\libm.a(lib_a-wf_sqrt.o)
 *fill*         0x1001599e        0x2 
 .rodata.str1.4
                0x100159a0        0x4 c:/program files (x86)/atmel/studio/7.0/toolchain/arm/arm-gnu-toolchain/bin/../lib/gcc/arm-none-eabi/5.3.1/../../../../arm-none-eabi/lib/armv6-m\libm.a(lib_a-e_pow.o)
                                  0x1 (size before relaxing)
 *fill*         0x100159a4        0x4 
 .rodata.TWO52  0x100159a8       0x10 c:/program files (x86)/atmel/studio/7.0/toolchain/arm/arm-gnu-toolchain/bin/../lib/gcc/arm-none-eabi/5.3.1/../../../../arm-none-eabi/lib/armv6-m\libm.a(lib_a-s_rint.o)
 .rodata        0x100159b8       0x80 c:/program files (x86)/atmel/studio/7.0/toolchain/arm/arm-gnu-toolchain/bin/../lib/gcc/arm-none-eabi/5.3.1/armv6-m\libgcc.a(divsf3.o)
 .rodata        0x10015a38       0x40 c:/program files (x86)/atmel/studio/7.0/toolchain/arm/arm-gnu-toolchain/bin/../lib/gcc/arm-none-eabi/5.3.1/armv6-m\libgcc.a(mulsf3.o)
 .rodata        0x10015a78       0x40 c:/program files (x86)/atmel/studio/7.0/toolchain/arm/arm-gnu-toolchain/bin/../lib/gcc/arm-none-eabi/5.3.1/armv6-m\libgcc.a(divdf3.o)
 .rodata        0x10015ab8       0x40 c:/program files (x86)/atmel/studio/7.0/toolchain/arm/arm-gnu-toolchain/bin/../lib/gcc/arm-none-eabi/5.3.1/armv6-m\libgcc.a(muldf3.o)
 .rodata.str1.1
                0x10015af8        0x2 c:/program files (x86)/atmel/studio/7.0/toolchain/arm/arm-gnu-toolchain/bin/../lib/gcc/arm-none-eabi/5.3.1/../../../../arm-none-eabi/lib/armv6-m\libc_nano.a(lib_a-impure.o)
 *fill*         0x10015afa        0x2 
 .rodata._global_impure_ptr
                0x10015afc        0x4 c:/program files (x86)/atmel/studio/7.0/toolchain/arm/arm-gnu-toolchain/bin/../lib/gcc/arm-none-eabi/5.3.1/../../../../arm-none-eabi/lib/armv6-m\libc_nano.a(lib_a-impure.o)
                0x10015afc                _global_impure_ptr
 .rodata.__sf_fake_stdin
                0x10015b00       0x20 c:/program files (x86)/atmel/studio/7.0/toolchain/arm/arm-gnu-toolchain/bin/../lib/gcc/arm-none-eabi/5.3.1/../../../../arm-none-eabi/lib/armv6-m\libc_nano.a(lib_a-findfp.o)
                0x10015b00                __sf_fake_stdin
 .rodata.__sf_fake_stdout
                0x10015b20       0x20 c:/program files (x86)/atmel/studio/7.0/toolchain/arm/arm-gnu-toolchain/bin/../lib/gcc/arm-none-eabi/5.3.1/../../../../arm-none-eabi/lib/armv6-m\libc_nano.a(lib_a-findfp.o)
                0x10015b20                __sf_fake_stdout
 .rodata.__sf_fake_stderr