Archive member included to satisfy reference by file (symbol)

../src/ASF/thirdparty/wireless/ble_smart_sdk/lib/cm0/gcc\libblusdk.a(event.o)
                              src/ASF/thirdparty/wireless/ble_smart_sdk/ble_services/ble_mgr/ble_manager.o (at_ble_event_get)
../src/ASF/thirdparty/wireless/ble_smart_sdk/lib/cm0/gcc\libblusdk.a(gap.o)
                              src/ASF/thirdparty/wireless/ble_smart_sdk/ble_services/ble_mgr/ble_manager.o (at_ble_device_name_set)
../src/ASF/thirdparty/wireless/ble_smart_sdk/lib/cm0/gcc\libblusdk.a(gatt_client.o)
                              ../src/ASF/thirdparty/wireless/ble_smart_sdk/lib/cm0/gcc\libblusdk.a(gap.o) (init_gatt_client_module)
../src/ASF/thirdparty/wireless/ble_smart_sdk/lib/cm0/gcc\libblusdk.a(gatt_server.o)
                              ../src/ASF/thirdparty/wireless/ble_smart_sdk/lib/cm0/gcc\libblusdk.a(gap.o) (initi_gatt_server_module)
../src/ASF/thirdparty/wireless/ble_smart_sdk/lib/cm0/gcc\libblusdk.a(l2cc_task.o)
                              ../src/ASF/thirdparty/wireless/ble_smart_sdk/lib/cm0/gcc\libblusdk.a(gap.o) (init_l2cc_task_module)
../src/ASF/thirdparty/wireless/ble_smart_sdk/lib/cm0/gcc\libblusdk.a(security.o)
                              src/ASF/thirdparty/wireless/ble_smart_sdk/ble_services/ble_mgr/ble_manager.o (at_ble_authenticate)
../src/ASF/thirdparty/wireless/ble_smart_sdk/lib/cm0/gcc\libblusdk.a(interface.o)
                              ../src/ASF/thirdparty/wireless/ble_smart_sdk/lib/cm0/gcc\libblusdk.a(gap.o) (rx_callback)
../src/ASF/thirdparty/wireless/ble_smart_sdk/lib/cm0/gcc\libblusdk.a(calib_task.o)
                              ../src/ASF/thirdparty/wireless/ble_smart_sdk/lib/cm0/gcc\libblusdk.a(gap.o) (calib_config)
../src/ASF/thirdparty/wireless/ble_smart_sdk/lib/cm0/gcc\libblusdk.a(dbg_task.o)
                              ../src/ASF/thirdparty/wireless/ble_smart_sdk/lib/cm0/gcc\libblusdk.a(gap.o) (dbg_le_set_bd_addr_req_handler)
../src/ASF/thirdparty/wireless/ble_smart_sdk/lib/cm0/gcc\libblusdk.a(gapc_task.o)
                              ../src/ASF/thirdparty/wireless/ble_smart_sdk/lib/cm0/gcc\libblusdk.a(security.o) (check_ConnData_idx_role)
../src/ASF/thirdparty/wireless/ble_smart_sdk/lib/cm0/gcc\libblusdk.a(gapm_task.o)
                              ../src/ASF/thirdparty/wireless/ble_smart_sdk/lib/cm0/gcc\libblusdk.a(gap.o) (gapm_reset_req_handler)
../src/ASF/thirdparty/wireless/ble_smart_sdk/lib/cm0/gcc\libblusdk.a(gattc_task.o)
                              ../src/ASF/thirdparty/wireless/ble_smart_sdk/lib/cm0/gcc\libblusdk.a(gatt_server.o) (gattc_read_req_ind_parser)
../src/ASF/thirdparty/wireless/ble_smart_sdk/lib/cm0/gcc\libblusdk.a(gattm_task.o)
                              ../src/ASF/thirdparty/wireless/ble_smart_sdk/lib/cm0/gcc\libblusdk.a(gatt_server.o) (gattm_add_svc_req_handler)
../src/ASF/thirdparty/wireless/ble_smart_sdk/lib/cm0/gcc\libblusdk.a(htpt_task.o)
                              ../src/ASF/thirdparty/wireless/ble_smart_sdk/lib/cm0/gcc\libblusdk.a(event.o) (htpt_enable_rsp_handler)
c:/program files (x86)/atmel/studio/7.0/toolchain/arm/arm-gnu-toolchain/bin/../lib/gcc/arm-none-eabi/5.3.1/../../../../arm-none-eabi/lib/armv6-m\libm.a(lib_a-w_pow.o)
                              src/sms_v_0_2/src/sms_mpu.o (pow)
c:/program files (x86)/atmel/studio/7.0/toolchain/arm/arm-gnu-toolchain/bin/../lib/gcc/arm-none-eabi/5.3.1/../../../../arm-none-eabi/lib/armv6-m\libm.a(lib_a-wf_sqrt.o)
                              src/ASF/thirdparty/sensor/mpu9250_kriswiner/quaternion_ahrs.o (sqrtf)
c:/program files (x86)/atmel/studio/7.0/toolchain/arm/arm-gnu-toolchain/bin/../lib/gcc/arm-none-eabi/5.3.1/../../../../arm-none-eabi/lib/armv6-m\libm.a(lib_a-e_pow.o)
                              c:/program files (x86)/atmel/studio/7.0/toolchain/arm/arm-gnu-toolchain/bin/../lib/gcc/arm-none-eabi/5.3.1/../../../../arm-none-eabi/lib/armv6-m\libm.a(lib_a-w_pow.o) (__ieee754_pow)
c:/program files (x86)/atmel/studio/7.0/toolchain/arm/arm-gnu-toolchain/bin/../lib/gcc/arm-none-eabi/5.3.1/../../../../arm-none-eabi/lib/armv6-m\libm.a(lib_a-e_sqrt.o)
                              c:/program files (x86)/atmel/studio/7.0/toolchain/arm/arm-gnu-toolchain/bin/../lib/gcc/arm-none-eabi/5.3.1/../../../../arm-none-eabi/lib/armv6-m\libm.a(lib_a-e_pow.o) (__ieee754_sqrt)
c:/program files (x86)/atmel/studio/7.0/toolchain/arm/arm-gnu-toolchain/bin/../lib/gcc/arm-none-eabi/5.3.1/../../../../arm-none-eabi/lib/armv6-m\libm.a(lib_a-ef_sqrt.o)
                              c:/program files (x86)/atmel/studio/7.0/toolchain/arm/arm-gnu-toolchain/bin/../lib/gcc/arm-none-eabi/5.3.1/../../../../arm-none-eabi/lib/armv6-m\libm.a(lib_a-wf_sqrt.o) (__ieee754_sqrtf)
c:/program files (x86)/atmel/studio/7.0/toolchain/arm/arm-gnu-toolchain/bin/../lib/gcc/arm-none-eabi/5.3.1/../../../../arm-none-eabi/lib/armv6-m\libm.a(lib_a-s_fabs.o)
[...]
Memory Configuration

Name             Origin             Length             Attributes
ram              0x10008000         0x00018000         xrw
lram             0x10020000         0x00000000         xrw
*default*        0x00000000         0xffffffff

Linker script and memory map

LOAD c:/program files (x86)/atmel/studio/7.0/toolchain/arm/arm-gnu-toolchain/bin/../lib/gcc/arm-none-eabi/5.3.1/armv6-m/crti.o
LOAD c:/program files (x86)/atmel/studio/7.0/toolchain/arm/arm-gnu-toolchain/bin/../lib/gcc/arm-none-eabi/5.3.1/armv6-m/crtbegin.o
LOAD c:/program files (x86)/atmel/studio/7.0/toolchain/arm/arm-gnu-toolchain/bin/../lib/gcc/arm-none-eabi/5.3.1/../../../../arm-none-eabi/lib/armv6-m/crt0.o
LOAD src/ASF/common/utils/interrupt/interrupt_sam_nvic.o
LOAD src/ASF/sam0/boards/samb11_xplained_pro/board_init.o
LOAD src/ASF/sam0/drivers/aon_sleep_timer/aon_sleep_timer.o
LOAD src/ASF/sam0/drivers/i2c/i2c_master.o
LOAD src/ASF/sam0/utils/cmsis/samb11/source/gcc/startup_samb11.o
LOAD src/ASF/sam0/utils/cmsis/samb11/source/system_samb11.o
LOAD src/ASF/sam0/utils/syscalls/gcc/syscalls.o
LOAD src/ASF/thirdparty/sensor/mpu9250_kriswiner/quaternion_ahrs.o
LOAD src/sms_v_0_2/src/sms_ble.o
LOAD src/sms_v_0_2/src/sms_button.o
LOAD src/sms_v_0_2/src/sms_common.o
LOAD src/sms_v_0_2/src/sms_i2c.o
LOAD src/sms_v_0_2/src/sms_mpu.o
LOAD src/sms_v_0_2/src/sms_led.o
LOAD src/sms_v_0_2/src/sms_pressure.o
LOAD src/sms_v_0_2/src/sms_sensors.o
LOAD src/sms_v_0_2/src/sms_spi.o
LOAD src/sms_v_0_2/src/sms_timer.o
LOAD src/ASF/sam0/drivers/spi/spi.o
LOAD src/ASF/thirdparty/wireless/ble_smart_sdk/ble_profiles/pxp_reporter/pxp_reporter.o
LOAD src/ASF/thirdparty/wireless/ble_smart_sdk/ble_services/battery/battery.o
LOAD src/ASF/thirdparty/wireless/ble_smart_sdk/ble_services/immediate_alert/immediate_alert.o
LOAD src/ASF/thirdparty/wireless/ble_smart_sdk/ble_services/link_loss/link_loss.o
LOAD src/ASF/thirdparty/wireless/ble_smart_sdk/ble_services/tx_power/tx_power.o
LOAD src/ASF/sam0/drivers/dualtimer/dualtimer.o
LOAD src/ASF/sam0/drivers/gpio/gpio.o
LOAD src/ASF/sam0/drivers/system/system_sam_b.o
LOAD src/ASF/sam0/drivers/timer/timer.o
LOAD src/ASF/sam0/drivers/uart/uart.o
LOAD src/ASF/sam0/utils/stdio/read.o
LOAD src/ASF/sam0/utils/stdio/write.o
LOAD src/ASF/thirdparty/wireless/ble_smart_sdk/ble_services/ble_mgr/ble_manager.o
LOAD src/ASF/thirdparty/wireless/ble_smart_sdk/services/dualtimer/timer_hw.o
LOAD src/ASF/thirdparty/wireless/ble_smart_sdk/services/gpio/button.o
LOAD src/ASF/thirdparty/wireless/ble_smart_sdk/services/gpio/led.o
LOAD src/ASF/thirdparty/wireless/ble_smart_sdk/services/uart/console_serial.o
LOAD src/ASF/thirdparty/wireless/ble_smart_sdk/src/event_handler.o
LOAD src/ASF/thirdparty/wireless/ble_smart_sdk/src/platform_drv.o
LOAD src/ASF/thirdparty/wireless/ble_smart_sdk/src/port_from_sdk.o
LOAD src/sms_peripheral1.o
START GROUP
LOAD ../src/ASF/thirdparty/CMSIS/Lib/GCC\libarm_cortexM0l_math.a
LOAD ../src/ASF/thirdparty/wireless/ble_smart_sdk/lib/cm0/gcc\libblusdk.a
LOAD c:/program files (x86)/atmel/studio/7.0/toolchain/arm/arm-gnu-toolchain/bin/../lib/gcc/arm-none-eabi/5.3.1/../../../../arm-none-eabi/lib/armv6-m\libm.a
END GROUP
START GROUP
LOAD c:/program files (x86)/atmel/studio/7.0/toolchain/arm/arm-gnu-toolchain/bin/../lib/gcc/arm-none-eabi/5.3.1/armv6-m\libgcc.a
LOAD c:/program files (x86)/atmel/studio/7.0/toolchain/arm/arm-gnu-toolchain/bin/../lib/gcc/arm-none-eabi/5.3.1/../../../../arm-none-eabi/lib/armv6-m\libc_nano.a
END GROUP
START GROUP
LOAD c:/program files (x86)/atmel/studio/7.0/toolchain/arm/arm-gnu-toolchain/bin/../lib/gcc/arm-none-eabi/5.3.1/armv6-m\libgcc.a
LOAD c:/program files (x86)/atmel/studio/7.0/toolchain/arm/arm-gnu-toolchain/bin/../lib/gcc/arm-none-eabi/5.3.1/../../../../arm-none-eabi/lib/armv6-m\libc_nano.a
END GROUP
LOAD c:/program files (x86)/atmel/studio/7.0/toolchain/arm/arm-gnu-toolchain/bin/../lib/gcc/arm-none-eabi/5.3.1/armv6-m/crtend.o
LOAD c:/program files (x86)/atmel/studio/7.0/toolchain/arm/arm-gnu-toolchain/bin/../lib/gcc/arm-none-eabi/5.3.1/armv6-m/crtn.o
                0x00000800                STACK_SIZE = DEFINED (STACK_SIZE)?STACK_SIZE:DEFINED (__stack_size__)?__stack_size__:0x800

.text           0x10008000     0xdef0
                0x10008000                . = ALIGN (0x4)
                0x10008000                _sfixed = .
 *(.test.main .text.app_entry)
 .text.app_entry
                0x10008000       0x54 src/ASF/sam0/utils/cmsis/samb11/source/gcc/startup_samb11.o
                0x10008000                app_entry
 *(.text .text.* .gnu.linkonce.t.*)
 .text          0x10008054       0x60 c:/program files (x86)/atmel/studio/7.0/toolchain/arm/arm-gnu-toolchain/bin/../lib/gcc/arm-none-eabi/5.3.1/armv6-m/crtbegin.o
 .text.aon_sleep_timer_get_config_defaults
                0x100080b4        0xe src/ASF/sam0/drivers/aon_sleep_timer/aon_sleep_timer.o
                0x100080b4                aon_sleep_timer_get_config_defaults
 *fill*         0x100080c2        0x2 
 .text.aon_sleep_timer_disable
                0x100080c4       0x20 src/ASF/sam0/drivers/aon_sleep_timer/aon_sleep_timer.o
                0x100080c4                aon_sleep_timer_disable
 .text.aon_sleep_timer_clear_interrup
                0x100080e4       0x10 src/ASF/sam0/drivers/aon_sleep_timer/aon_sleep_timer.o
                0x100080e4                aon_sleep_timer_clear_interrup
 .text.aon_sleep_timer_isr_handler
                0x100080f4       0x1c src/ASF/sam0/drivers/aon_sleep_timer/aon_sleep_timer.o
 .text.aon_sleep_timer_register_callback
                0x10008110        0xc src/ASF/sam0/drivers/aon_sleep_timer/aon_sleep_timer.o
                0x10008110                aon_sleep_timer_register_callback
 .text.aon_sleep_timer_unregister_callback
                0x1000811c        0xc src/ASF/sam0/drivers/aon_sleep_timer/aon_sleep_timer.o
                0x1000811c                aon_sleep_timer_unregister_callback
 .text.aon_sleep_timer_init
                0x10008128       0x9c src/ASF/sam0/drivers/aon_sleep_timer/aon_sleep_timer.o
                0x10008128                aon_sleep_timer_init
 .text.i2c_wait_for_idle
                0x100081c4        0xc src/ASF/sam0/drivers/i2c/i2c_master.o
 .text._i2c_master_read_packet
                0x100081d0       0x78 src/ASF/sam0/drivers/i2c/i2c_master.o
 .text._i2c_master_write_packet
                0x10008248       0x6c src/ASF/sam0/drivers/i2c/i2c_master.o
 .text.i2c_master_get_config_defaults
                0x100082b4       0x18 src/ASF/sam0/drivers/i2c/i2c_master.o
                0x100082b4                i2c_master_get_config_defaults
 .text.i2c_master_init
                0x100082cc       0x64 src/ASF/sam0/drivers/i2c/i2c_master.o
                0x100082cc                i2c_master_init
 .text.i2c_master_read_packet_wait
                0x10008330       0x20 src/ASF/sam0/drivers/i2c/i2c_master.o
                0x10008330                i2c_master_read_packet_wait
 .text.i2c_master_write_packet_wait
                0x10008350       0x20 src/ASF/sam0/drivers/i2c/i2c_master.o
                0x10008350                i2c_master_write_packet_wait
 .text.i2c_master_write_packet_wait_no_stop
                0x10008370       0x20 src/ASF/sam0/drivers/i2c/i2c_master.o
                0x10008370                i2c_master_write_packet_wait_no_stop
 .text._sbrk    0x10008390       0x20 src/ASF/sam0/utils/syscalls/gcc/syscalls.o
                0x10008390                _sbrk
 .text._close   0x100083b0        0x6 src/ASF/sam0/utils/syscalls/gcc/syscalls.o
                0x100083b0                _close
 .text._fstat   0x100083b6        0xa src/ASF/sam0/utils/syscalls/gcc/syscalls.o
                0x100083b6                _fstat
 .text._lseek   0x100083c0        0x4 src/ASF/sam0/utils/syscalls/gcc/syscalls.o
                0x100083c0                _lseek
 .text.madgwick_quaternion_update
                0x100083c4      0x83c src/ASF/thirdparty/sensor/mpu9250_kriswiner/quaternion_ahrs.o
                0x100083c4                madgwick_quaternion_update
 .text.ahrs_calculation
                0x10008c00        0x2 src/ASF/thirdparty/sensor/mpu9250_kriswiner/quaternion_ahrs.o
                0x10008c00                ahrs_calculation
 *fill*         0x10008c02        0x2 
 .text.sms_ble_pair_request_fn
                0x10008c04       0x1c src/sms_v_0_2/src/sms_ble.o
                0x10008c04                sms_ble_pair_request_fn
 .text.sms_ble_notification_confirmed_fn
                0x10008c20       0x50 src/sms_v_0_2/src/sms_ble.o
                0x10008c20                sms_ble_notification_confirmed_fn
 .text.sms_ble_indication_confirmed_fn
                0x10008c70       0x3c src/sms_v_0_2/src/sms_ble.o
                0x10008c70                sms_ble_indication_confirmed_fn
 .text.sms_ble_init_variables
                0x10008cac       0x14 src/sms_v_0_2/src/sms_ble.o
                0x10008cac                sms_ble_init_variables
 .text.sms_ble_startup
                0x10008cc0       0x18 src/sms_v_0_2/src/sms_ble.o
                0x10008cc0                sms_ble_startup
 .text.sms_ble_power_down
                0x10008cd8       0x94 src/sms_v_0_2/src/sms_ble.o
                0x10008cd8                sms_ble_power_down
 .text.sms_ble_adv_report_fn
                0x10008d6c       0x18 src/sms_v_0_2/src/sms_ble.o
                0x10008d6c                sms_ble_adv_report_fn
 .text.sms_ble_connected_fn
                0x10008d84       0x38 src/sms_v_0_2/src/sms_ble.o
                0x10008d84                sms_ble_connected_fn
 .text.sms_ble_paired_fn
                0x10008dbc       0x48 src/sms_v_0_2/src/sms_ble.o
                0x10008dbc                sms_ble_paired_fn
 .text.sms_ble_advertise
                0x10008e04       0x44 src/sms_v_0_2/src/sms_ble.o
                0x10008e04                sms_ble_advertise
 .text.sms_ble_disconnected_fn
                0x10008e48       0x7c src/sms_v_0_2/src/sms_ble.o
                0x10008e48                sms_ble_disconnected_fn
 .text.sms_ble_send_characteristic
                0x10008ec4      0x160 src/sms_v_0_2/src/sms_ble.o
                0x10008ec4                sms_ble_send_characteristic
 .text.sms_ble_primary_service_define
                0x10009024       0x20 src/sms_v_0_2/src/sms_ble.o
                0x10009024                sms_ble_primary_service_define
 .text.sms_ble_service_init
                0x10009044       0xa8 src/sms_v_0_2/src/sms_ble.o
                0x10009044                sms_ble_service_init
 .text.sms_button_bt0_callback
                0x100090ec       0x20 src/sms_v_0_2/src/sms_button.o
                0x100090ec                sms_button_bt0_callback
 .text.sms_button_bt1_callback
                0x1000910c       0x20 src/sms_v_0_2/src/sms_button.o
                0x1000910c                sms_button_bt1_callback
 .text.sms_button_init_variables
                0x1000912c       0x28 src/sms_v_0_2/src/sms_button.o
                0x1000912c                sms_button_init_variables
 .text.sms_button_gpio_init
                0x10009154       0x54 src/sms_v_0_2/src/sms_button.o
                0x10009154                sms_button_gpio_init
 .text.sms_button_register_callbacks
                0x100091a8       0x28 src/sms_v_0_2/src/sms_button.o
                0x100091a8                sms_button_register_callbacks
 .text.sms_button_get_state
                0x100091d0       0x2c src/sms_v_0_2/src/sms_button.o
                0x100091d0                sms_button_get_state
 .text.sms_button_fn
                0x100091fc       0xfc src/sms_v_0_2/src/sms_button.o
                0x100091fc                sms_button_fn
 .text.sms_button_toggle_callback
                0x100092f8       0x44 src/sms_v_0_2/src/sms_button.o
                0x100092f8                sms_button_toggle_callback
 .text.sms_button_define_services
                0x1000933c       0x28 src/sms_v_0_2/src/sms_button.o
                0x1000933c                sms_button_define_services
 .text.sms_monitor_configure_gpio
                0x10009364       0x40 src/sms_v_0_2/src/sms_common.o
                0x10009364                sms_monitor_configure_gpio
 .text.sms_monitor_get_states
                0x100093a4       0x24 src/sms_v_0_2/src/sms_common.o
                0x100093a4                sms_monitor_get_states
 .text.sms_i2c_master_configure
                0x100093c8       0x74 src/sms_v_0_2/src/sms_i2c.o
                0x100093c8                sms_i2c_master_configure
 .text.sms_i2c_master_write
                0x1000943c       0x50 src/sms_v_0_2/src/sms_i2c.o
                0x1000943c                sms_i2c_master_write
 .text.sms_i2c_master_read
                0x1000948c       0x80 src/sms_v_0_2/src/sms_i2c.o
                0x1000948c                sms_i2c_master_read
 .text.sms_mpu_interrupt_callback
                0x1000950c       0x2c src/sms_v_0_2/src/sms_mpu.o
                0x1000950c                sms_mpu_interrupt_callback
 .text.sms_mpu_configure_gpio
                0x10009538       0x28 src/sms_v_0_2/src/sms_mpu.o
                0x10009538                sms_mpu_configure_gpio
 .text.sms_mpu_register_callbacks
                0x10009560       0x18 src/sms_v_0_2/src/sms_mpu.o
                0x10009560                sms_mpu_register_callbacks
 .text.sms_mpu_enable_callback
                0x10009578       0x1c src/sms_v_0_2/src/sms_mpu.o
                0x10009578                sms_mpu_enable_callback
 .text.sms_mpu_disable_callback
                0x10009594       0x1c src/sms_v_0_2/src/sms_mpu.o
                0x10009594                sms_mpu_disable_callback
 .text.sms_mpu_define_services
                0x100095b0       0x28 src/sms_v_0_2/src/sms_mpu.o
                0x100095b0                sms_mpu_define_services
 .text.read_accel_data
                0x100095d8       0x40 src/sms_v_0_2/src/sms_mpu.o
                0x100095d8                read_accel_data
 .text.read_gyro_data
                0x10009618       0x40 src/sms_v_0_2/src/sms_mpu.o
                0x10009618                read_gyro_data
 .text.get_Mres
                0x10009658       0x1c src/sms_v_0_2/src/sms_mpu.o
                0x10009658                get_Mres
 .text.get_Ares
                0x10009674       0x22 src/sms_v_0_2/src/sms_mpu.o
                0x10009674                get_Ares
 *fill*         0x10009696        0x2 
 .text.writeByte
                0x10009698       0x14 src/sms_v_0_2/src/sms_mpu.o
                0x10009698                writeByte
 .text.sms_mpu_calibrate
                0x100096ac      0x350 src/sms_v_0_2/src/sms_mpu.o
                0x100096ac                sms_mpu_calibrate
 .text.sms_mpu_comp_initialize
                0x100099fc      0x110 src/sms_v_0_2/src/sms_mpu.o
                0x100099fc                sms_mpu_comp_initialize
 .text.readByte
                0x10009b0c       0x14 src/sms_v_0_2/src/sms_mpu.o
                0x10009b0c                readByte
 .text.sms_mpu_comp_check
                0x10009b20       0x18 src/sms_v_0_2/src/sms_mpu.o
                0x10009b20                sms_mpu_comp_check
 .text.sms_mpu_initialize
                0x10009b38       0xb4 src/sms_v_0_2/src/sms_mpu.o
                0x10009b38                sms_mpu_initialize
 .text.sms_mpu_selftest
                0x10009bec      0x3f0 src/sms_v_0_2/src/sms_mpu.o
                0x10009bec                sms_mpu_selftest
 .text.sms_mpu_check
                0x10009fdc       0x2c src/sms_v_0_2/src/sms_mpu.o
                0x10009fdc                sms_mpu_check
 .text.read_comp_data
                0x1000a008       0x58 src/sms_v_0_2/src/sms_mpu.o
                0x1000a008                read_comp_data
 .text.sms_mpu_poll_data
                0x1000a060      0x1b8 src/sms_v_0_2/src/sms_mpu.o
                0x1000a060                sms_mpu_poll_data
 .text.sms_led_switch_on
                0x1000a218       0x10 src/sms_v_0_2/src/sms_led.o
                0x1000a218                sms_led_switch_on
 .text.sms_led_switch_off
                0x1000a228       0x10 src/sms_v_0_2/src/sms_led.o
                0x1000a228                sms_led_switch_off
 .text.sms_led_gpio_init
                0x1000a238       0x2c src/sms_v_0_2/src/sms_led.o
                0x1000a238                sms_led_gpio_init
 .text.sms_led_toggle
                0x1000a264       0x28 src/sms_v_0_2/src/sms_led.o
                0x1000a264                sms_led_toggle
 .text.sms_led_blink_start
                0x1000a28c       0x40 src/sms_v_0_2/src/sms_led.o
                0x1000a28c                sms_led_blink_start
 .text.sms_pressure_init_variables
                0x1000a2cc       0x24 src/sms_v_0_2/src/sms_pressure.o
                0x1000a2cc                sms_pressure_init_variables
 .text.sms_pressure_ms58_reset
                0x1000a2f0       0x2c src/sms_v_0_2/src/sms_pressure.o
                0x1000a2f0                sms_pressure_ms58_reset
 .text.sms_pressure_ms58_read_prom
                0x1000a31c      0x10c src/sms_v_0_2/src/sms_pressure.o
                0x1000a31c                sms_pressure_ms58_read_prom
 .text.sms_pressure_init
                0x1000a428       0x34 src/sms_v_0_2/src/sms_pressure.o
                0x1000a428                sms_pressure_init
 .text.sms_pressure_startup
                0x1000a45c       0x60 src/sms_v_0_2/src/sms_pressure.o
                0x1000a45c                sms_pressure_startup
 .text.sms_pressure_define_services
                0x1000a4bc       0x28 src/sms_v_0_2/src/sms_pressure.o
                0x1000a4bc                sms_pressure_define_services
 .text.sms_sensors_interrupt_toggle
                0x1000a4e4       0x7c src/sms_v_0_2/src/sms_sensors.o
                0x1000a4e4                sms_sensors_interrupt_toggle
 .text.sms_sensors_switch
                0x1000a560       0x38 src/sms_v_0_2/src/sms_sensors.o
                0x1000a560                sms_sensors_switch
 .text.sms_spi_master_configure
                0x1000a598       0x78 src/sms_v_0_2/src/sms_spi.o
                0x1000a598                sms_spi_master_configure
 .text.sms_spi_master_transceive
                0x1000a610       0x38 src/sms_v_0_2/src/sms_spi.o
                0x1000a610                sms_spi_master_transceive
 .text.sms_timer_aon_callback
                0x1000a648       0x2c src/sms_v_0_2/src/sms_timer.o
                0x1000a648                sms_timer_aon_callback
 .text.sms_timer_aon_init
                0x1000a674       0x24 src/sms_v_0_2/src/sms_timer.o
                0x1000a674                sms_timer_aon_init
 .text.sms_timer_aon_disable
                0x1000a698        0xc src/sms_v_0_2/src/sms_timer.o
                0x1000a698                sms_timer_aon_disable
 .text.sms_timer_aon_register_callback
                0x1000a6a4       0x20 src/sms_v_0_2/src/sms_timer.o
                0x1000a6a4                sms_timer_aon_register_callback
 .text.sms_timer_aon_unregister_callback
                0x1000a6c4       0x18 src/sms_v_0_2/src/sms_timer.o
                0x1000a6c4                sms_timer_aon_unregister_callback
 .text.sms_dualtimer_init
                0x1000a6dc       0x44 src/sms_v_0_2/src/sms_timer.o
                0x1000a6dc                sms_dualtimer_init
 .text.sms_dualtimer_register_callback
                0x1000a720       0x18 src/sms_v_0_2/src/sms_timer.o
                0x1000a720                sms_dualtimer_register_callback
 .text.sms_dualtimer_start
                0x1000a738       0x4c src/sms_v_0_2/src/sms_timer.o
                0x1000a738                sms_dualtimer_start
 .text.sms_dualtimer_stop
                0x1000a784        0xc src/sms_v_0_2/src/sms_timer.o
                0x1000a784                sms_dualtimer_stop
 .text.sms_dualtimer1_cb
                0x1000a790       0x1c src/sms_v_0_2/src/sms_timer.o
                0x1000a790                sms_dualtimer1_cb
 .text.sms_dualtimer1_fn
                0x1000a7ac      0x180 src/sms_v_0_2/src/sms_timer.o
                0x1000a7ac                sms_dualtimer1_fn
 .text.sms_dualtimer2_fn
                0x1000a92c       0xf0 src/sms_v_0_2/src/sms_timer.o
                0x1000a92c                sms_dualtimer2_fn
 .text.delay_ms
                0x1000aa1c       0x2c src/sms_v_0_2/src/sms_timer.o
                0x1000aa1c                delay_ms
 .text.spi_slave_inst_get_config_defaults
                0x1000aa48        0xc src/ASF/sam0/drivers/spi/spi.o
                0x1000aa48                spi_slave_inst_get_config_defaults
 .text.spi_get_config_defaults
                0x1000aa54       0x2c src/ASF/sam0/drivers/spi/spi.o
                0x1000aa54                spi_get_config_defaults
 .text.spi_attach_slave
                0x1000aa80       0x3c src/ASF/sam0/drivers/spi/spi.o
                0x1000aa80                spi_attach_slave
 .text.spi_enable
                0x1000aabc        0x8 src/ASF/sam0/drivers/spi/spi.o
                0x1000aabc                spi_enable
 .text.spi_disable
                0x1000aac4       0x48 src/ASF/sam0/drivers/spi/spi.o
                0x1000aac4                spi_disable
 .text.spi_reset
                0x1000ab0c       0x3c src/ASF/sam0/drivers/spi/spi.o
                0x1000ab0c                spi_reset
 .text.spi_init
                0x1000ab48      0x11c src/ASF/sam0/drivers/spi/spi.o
                0x1000ab48                spi_init
 .text.spi_transceive_buffer_wait
                0x1000ac64       0x80 src/ASF/sam0/drivers/spi/spi.o
                0x1000ac64                spi_transceive_buffer_wait
 .text.spi_select_slave
                0x1000ace4       0x18 src/ASF/sam0/drivers/spi/spi.o
                0x1000ace4                spi_select_slave
 .text.dualtimer_isr_handler
                0x1000acfc       0x48 src/ASF/sam0/drivers/dualtimer/dualtimer.o
 .text.dualtimer_get_config_defaults
                0x1000ad44       0x22 src/ASF/sam0/drivers/dualtimer/dualtimer.o
                0x1000ad44                dualtimer_get_config_defaults
 *fill*         0x1000ad66        0x2 
 .text.dualtimer_get_value
                0x1000ad68       0x14 src/ASF/sam0/drivers/dualtimer/dualtimer.o
                0x1000ad68                dualtimer_get_value
 .text.dualtimer_set_counter
                0x1000ad7c       0x24 src/ASF/sam0/drivers/dualtimer/dualtimer.o
                0x1000ad7c                dualtimer_set_counter
 .text.dualtimer_enable
                0x1000ada0       0x28 src/ASF/sam0/drivers/dualtimer/dualtimer.o
                0x1000ada0                dualtimer_enable
 .text.dualtimer_disable
                0x1000adc8       0x24 src/ASF/sam0/drivers/dualtimer/dualtimer.o
                0x1000adc8                dualtimer_disable
 .text.dualtimer_init
                0x1000adec      0x10c src/ASF/sam0/drivers/dualtimer/dualtimer.o
                0x1000adec                dualtimer_init
 .text.dualtimer_register_callback
                0x1000aef8       0x14 src/ASF/sam0/drivers/dualtimer/dualtimer.o
                0x1000aef8                dualtimer_register_callback
 .text.gpio_port0_isr_handler
                0x1000af0c       0x58 src/ASF/sam0/drivers/gpio/gpio.o
 .text.gpio_port1_isr_handler
                0x1000af64       0x70 src/ASF/sam0/drivers/gpio/gpio.o
 .text.gpio_port2_isr_handler
                0x1000afd4       0x7c src/ASF/sam0/drivers/gpio/gpio.o
 .text.gpio_get_config_defaults
                0x1000b050        0xe src/ASF/sam0/drivers/gpio/gpio.o
                0x1000b050                gpio_get_config_defaults
 *fill*         0x1000b05e        0x2 
 .text.gpio_pin_set_config
                0x1000b060      0x184 src/ASF/sam0/drivers/gpio/gpio.o
                0x1000b060                gpio_pin_set_config
 .text.gpio_pin_get_input_level
                0x1000b1e4       0x3c src/ASF/sam0/drivers/gpio/gpio.o
                0x1000b1e4                gpio_pin_get_input_level
 .text.gpio_pin_get_output_level
                0x1000b220       0x3c src/ASF/sam0/drivers/gpio/gpio.o
                0x1000b220                gpio_pin_get_output_level
 .text.gpio_pin_set_output_level
                0x1000b25c       0x4c src/ASF/sam0/drivers/gpio/gpio.o
                0x1000b25c                gpio_pin_set_output_level
 .text.gpio_pinmux_cofiguration
                0x1000b2a8       0xd8 src/ASF/sam0/drivers/gpio/gpio.o
                0x1000b2a8                gpio_pinmux_cofiguration
 .text.gpio_register_callback
                0x1000b380       0x98 src/ASF/sam0/drivers/gpio/gpio.o
                0x1000b380                gpio_register_callback
 .text.gpio_enable_callback
                0x1000b418       0x4c src/ASF/sam0/drivers/gpio/gpio.o
                0x1000b418                gpio_enable_callback
 .text.gpio_disable_callback
                0x1000b464       0x38 src/ASF/sam0/drivers/gpio/gpio.o
                0x1000b464                gpio_disable_callback
 .text.gpio_init
                0x1000b49c       0x6c src/ASF/sam0/drivers/gpio/gpio.o
                0x1000b49c                gpio_init
 .text.system_clock_config
                0x1000b508       0x78 src/ASF/sam0/drivers/system/system_sam_b.o
                0x1000b508                system_clock_config
 .text.system_clock_get_value
                0x1000b580        0xc src/ASF/sam0/drivers/system/system_sam_b.o
                0x1000b580                system_clock_get_value
 .text.system_clock_peripheral_enable
                0x1000b58c      0x1e8 src/ASF/sam0/drivers/system/system_sam_b.o
                0x1000b58c                system_clock_peripheral_enable
 .text.system_clock_peripheral_disable
                0x1000b774      0x200 src/ASF/sam0/drivers/system/system_sam_b.o
                0x1000b774                system_clock_peripheral_disable
 .text.system_peripheral_reset
                0x1000b974      0x388 src/ASF/sam0/drivers/system/system_sam_b.o
                0x1000b974                system_peripheral_reset
 .text.system_register_isr
                0x1000bcfc        0xc src/ASF/sam0/drivers/system/system_sam_b.o
                0x1000bcfc                system_register_isr
 .text.uart_rx0_isr_handler
                0x1000bd08       0x8c src/ASF/sam0/drivers/uart/uart.o
 .text.uart_tx1_isr_handler
                0x1000bd94       0x8c src/ASF/sam0/drivers/uart/uart.o
 .text.uart_rx1_isr_handler
                0x1000be20       0x8c src/ASF/sam0/drivers/uart/uart.o
 .text.uart_tx0_isr_handler
                0x1000beac       0x8c src/ASF/sam0/drivers/uart/uart.o
 .text.uart_get_config_defaults
                0x1000bf38       0x2a src/ASF/sam0/drivers/uart/uart.o
                0x1000bf38                uart_get_config_defaults
 *fill*         0x1000bf62        0x2 
 .text.uart_init
                0x1000bf64      0x17c src/ASF/sam0/drivers/uart/uart.o
                0x1000bf64                uart_init
 .text.uart_write_wait
                0x1000c0e0       0x10 src/ASF/sam0/drivers/uart/uart.o
                0x1000c0e0                uart_write_wait
 .text.uart_read_wait
                0x1000c0f0       0x12 src/ASF/sam0/drivers/uart/uart.o
                0x1000c0f0                uart_read_wait
 .text.uart_read_buffer_job
                0x1000c102       0x26 src/ASF/sam0/drivers/uart/uart.o
                0x1000c102                uart_read_buffer_job
 .text.uart_register_callback
                0x1000c128       0x14 src/ASF/sam0/drivers/uart/uart.o
                0x1000c128                uart_register_callback
 .text.uart_enable_callback
                0x1000c13c       0x1e src/ASF/sam0/drivers/uart/uart.o
                0x1000c13c                uart_enable_callback
 .text.uart_disable_callback
                0x1000c15a       0x1e src/ASF/sam0/drivers/uart/uart.o
                0x1000c15a                uart_disable_callback
 .text._read    0x1000c178       0x38 src/ASF/sam0/utils/stdio/read.o
                0x1000c178                _read
 .text._write   0x1000c1b0       0x34 src/ASF/sam0/utils/stdio/write.o
                0x1000c1b0                _write
 .text.ble_scan_report_handler
                0x1000c1e4        0xa src/ASF/thirdparty/wireless/ble_smart_sdk/ble_services/ble_mgr/ble_manager.o
                0x1000c1e4                ble_scan_report_handler
 .text.ble_adv_report_handler
                0x1000c1ee        0xa src/ASF/thirdparty/wireless/ble_smart_sdk/ble_services/ble_mgr/ble_manager.o
                0x1000c1ee                ble_adv_report_handler
 .text.ble_characteristic_write_cmd_complete_handler
                0x1000c1f8        0xa src/ASF/thirdparty/wireless/ble_smart_sdk/ble_services/ble_mgr/ble_manager.o
                0x1000c1f8                ble_characteristic_write_cmd_complete_handler
 *fill*         0x1000c202        0x2 
 .text.ble_disconnected_state_handler
                0x1000c204       0x6c src/ASF/thirdparty/wireless/ble_smart_sdk/ble_services/ble_mgr/ble_manager.o
                0x1000c204                ble_disconnected_state_handler
 .text.ble_conn_param_update
                0x1000c270        0x4 src/ASF/thirdparty/wireless/ble_smart_sdk/ble_services/ble_mgr/ble_manager.o
                0x1000c270                ble_conn_param_update
 .text.ble_encryption_status_change_handler
                0x1000c274       0x6c src/ASF/thirdparty/wireless/ble_smart_sdk/ble_services/ble_mgr/ble_manager.o
                0x1000c274                ble_encryption_status_change_handler
 .text.ble_conn_param_update_req
                0x1000c2e0       0x18 src/ASF/thirdparty/wireless/ble_smart_sdk/ble_services/ble_mgr/ble_manager.o
                0x1000c2e0                ble_conn_param_update_req
 .text.ble_slave_security_request_handler
                0x1000c2f8      0x168 src/ASF/thirdparty/wireless/ble_smart_sdk/ble_services/ble_mgr/ble_manager.o
                0x1000c2f8                ble_slave_security_request_handler
 .text.ble_pair_request_handler
                0x1000c460       0xf8 src/ASF/thirdparty/wireless/ble_smart_sdk/ble_services/ble_mgr/ble_manager.o
                0x1000c460                ble_pair_request_handler
 .text.ble_encryption_request_handler
                0x1000c558       0x90 src/ASF/thirdparty/wireless/ble_smart_sdk/ble_services/ble_mgr/ble_manager.o
                0x1000c558                ble_encryption_request_handler
 .text.ble_scan_info_handler
                0x1000c5e8       0x40 src/ASF/thirdparty/wireless/ble_smart_sdk/ble_services/ble_mgr/ble_manager.o
                0x1000c5e8                ble_scan_info_handler
 .text.ble_pair_done_handler
                0x1000c628       0xac src/ASF/thirdparty/wireless/ble_smart_sdk/ble_services/ble_mgr/ble_manager.o
                0x1000c628                ble_pair_done_handler
 .text.ble_pair_key_request_handler
                0x1000c6d4       0x84 src/ASF/thirdparty/wireless/ble_smart_sdk/ble_services/ble_mgr/ble_manager.o
                0x1000c6d4                ble_pair_key_request_handler
 .text.ble_mtu_changed_indication_handler
                0x1000c758        0x4 src/ASF/thirdparty/wireless/ble_smart_sdk/ble_services/ble_mgr/ble_manager.o
                0x1000c758                ble_mtu_changed_indication_handler
 .text.ble_undefined_event_handler
                0x1000c75c        0x4 src/ASF/thirdparty/wireless/ble_smart_sdk/ble_services/ble_mgr/ble_manager.o
                0x1000c75c                ble_undefined_event_handler
 .text.ble_mtu_changed_cmd_complete_handler
                0x1000c760        0xa src/ASF/thirdparty/wireless/ble_smart_sdk/ble_services/ble_mgr/ble_manager.o
                0x1000c760                ble_mtu_changed_cmd_complete_handler
 *fill*         0x1000c76a        0x2 
 .text.ble_set_device_name
                0x1000c76c       0x1c src/ASF/thirdparty/wireless/ble_smart_sdk/ble_services/ble_mgr/ble_manager.o
                0x1000c76c                ble_set_device_name
 .text.ble_mgr_events_callback_handler
                0x1000c788       0x64 src/ASF/thirdparty/wireless/ble_smart_sdk/ble_services/ble_mgr/ble_manager.o
                0x1000c788                ble_mgr_events_callback_handler
 .text.ble_device_init
                0x1000c7ec      0x1ec src/ASF/thirdparty/wireless/ble_smart_sdk/ble_services/ble_mgr/ble_manager.o
                0x1000c7ec                ble_device_init
 .text.ble_send_slave_sec_request
                0x1000c9d8       0x18 src/ASF/thirdparty/wireless/ble_smart_sdk/ble_services/ble_mgr/ble_manager.o
                0x1000c9d8                ble_send_slave_sec_request
 .text.ble_connected_state_handler
                0x1000c9f0      0x168 src/ASF/thirdparty/wireless/ble_smart_sdk/ble_services/ble_mgr/ble_manager.o
                0x1000c9f0                ble_connected_state_handler
 .text.ble_resolv_rand_addr_handler
                0x1000cb58       0xc4 src/ASF/thirdparty/wireless/ble_smart_sdk/ble_services/ble_mgr/ble_manager.o
                0x1000cb58                ble_resolv_rand_addr_handler
 .text.ble_event_manager
                0x1000cc1c      0x104 src/ASF/thirdparty/wireless/ble_smart_sdk/ble_services/ble_mgr/ble_manager.o
                0x1000cc1c                ble_event_manager
 .text.ble_event_task
                0x1000cd20       0x58 src/ASF/thirdparty/wireless/ble_smart_sdk/ble_services/ble_mgr/ble_manager.o
                0x1000cd20                ble_event_task
 .text.ble_advertisement_data_set
                0x1000cd78       0x6c src/ASF/thirdparty/wireless/ble_smart_sdk/ble_services/ble_mgr/ble_manager.o
                0x1000cd78                ble_advertisement_data_set
 .text.usart_serial_getchar
                0x1000cde4       0x18 src/ASF/thirdparty/wireless/ble_smart_sdk/services/uart/console_serial.o
 .text.usart_serial_putchar
                0x1000cdfc       0x18 src/ASF/thirdparty/wireless/ble_smart_sdk/services/uart/console_serial.o
 .text.uart_read_complete_callback
                0x1000ce14       0x50 src/ASF/thirdparty/wireless/ble_smart_sdk/services/uart/console_serial.o
 .text.serial_console_init
                0x1000ce64       0xa8 src/ASF/thirdparty/wireless/ble_smart_sdk/services/uart/console_serial.o
                0x1000ce64                serial_console_init
 .text._time_start
                0x1000cf0c       0x54 src/ASF/thirdparty/wireless/ble_smart_sdk/services/uart/console_serial.o
                0x1000cf0c                _time_start
 .text._time_done
                0x1000cf60       0x10 src/ASF/thirdparty/wireless/ble_smart_sdk/services/uart/console_serial.o
                0x1000cf60                _time_done
 .text.getchar_b11_timeout
                0x1000cf70       0x68 src/ASF/thirdparty/wireless/ble_smart_sdk/services/uart/console_serial.o
                0x1000cf70                getchar_b11_timeout
 .text.platform_event_free
                0x1000cfd8       0x10 src/ASF/thirdparty/wireless/ble_smart_sdk/src/event_handler.o
                0x1000cfd8                platform_event_free
 .text.platform_event_post
                0x1000cfe8       0x3c src/ASF/thirdparty/wireless/ble_smart_sdk/src/event_handler.o
                0x1000cfe8                platform_event_post
 .text.platform_event_init
                0x1000d024       0x2c src/ASF/thirdparty/wireless/ble_smart_sdk/src/event_handler.o
                0x1000d024                platform_event_init
 .text.samb11_plf_resume_callback
                0x1000d050       0x2c src/ASF/thirdparty/wireless/ble_smart_sdk/src/platform_drv.o
                0x1000d050                samb11_plf_resume_callback
 .text.at_ke_msg_send
                0x1000d07c       0x78 src/ASF/thirdparty/wireless/ble_smart_sdk/src/platform_drv.o
 .text.init_port_list
                0x1000d0f4       0x44 src/ASF/thirdparty/wireless/ble_smart_sdk/src/platform_drv.o
                0x1000d0f4                init_port_list
 .text.init_clock
                0x1000d138       0x30 src/ASF/thirdparty/wireless/ble_smart_sdk/src/platform_drv.o
                0x1000d138                init_clock
 .text.platform_driver_init
                0x1000d168      0x230 src/ASF/thirdparty/wireless/ble_smart_sdk/src/platform_drv.o
                0x1000d168                platform_driver_init
 .text.platform_register_ble_msg_handler
                0x1000d398       0x1c src/ASF/thirdparty/wireless/ble_smart_sdk/src/platform_drv.o
                0x1000d398                platform_register_ble_msg_handler
 .text.platform_interface_send
                0x1000d3b4       0x48 src/ASF/thirdparty/wireless/ble_smart_sdk/src/platform_drv.o
                0x1000d3b4                platform_interface_send
 .text.send_plf_int_msg_ind
                0x1000d3fc       0x40 src/ASF/thirdparty/wireless/ble_smart_sdk/src/platform_drv.o
                0x1000d3fc                send_plf_int_msg_ind
 .text.platform_event_wait
                0x1000d43c      0x200 src/ASF/thirdparty/wireless/ble_smart_sdk/src/platform_drv.o
                0x1000d43c                platform_event_wait
 .text.acquire_sleep_lock
                0x1000d63c       0x14 src/ASF/thirdparty/wireless/ble_smart_sdk/src/platform_drv.o
                0x1000d63c                acquire_sleep_lock
 .text.release_message_lock
                0x1000d650       0x14 src/ASF/thirdparty/wireless/ble_smart_sdk/src/platform_drv.o
                0x1000d650                release_message_lock
 .text.release_sleep_lock
                0x1000d664       0x1c src/ASF/thirdparty/wireless/ble_smart_sdk/src/platform_drv.o
                0x1000d664                release_sleep_lock
 .text.register_resume_callback
                0x1000d680       0x14 src/ASF/thirdparty/wireless/ble_smart_sdk/src/platform_drv.o
                0x1000d680                register_resume_callback
 .text.gpio1_combined_isr_handler
                0x1000d694       0x58 src/ASF/thirdparty/wireless/ble_smart_sdk/src/port_from_sdk.o
                0x1000d694                gpio1_combined_isr_handler
 .text.gpio0_combined_isr_handler
                0x1000d6ec       0x58 src/ASF/thirdparty/wireless/ble_smart_sdk/src/port_from_sdk.o
                0x1000d6ec                gpio0_combined_isr_handler
 .text.PORT1_COMB_Handler
                0x1000d744       0x40 src/ASF/thirdparty/wireless/ble_smart_sdk/src/port_from_sdk.o
                0x1000d744                PORT1_COMB_Handler
 .text.wakeup_int_unregister_callback
                0x1000d784       0x18 src/ASF/thirdparty/wireless/ble_smart_sdk/src/port_from_sdk.o
                0x1000d784                wakeup_int_unregister_callback
 .text.wakeup_active_event_callback
                0x1000d79c       0x64 src/ASF/thirdparty/wireless/ble_smart_sdk/src/port_from_sdk.o
                0x1000d79c                wakeup_active_event_callback
 .text.resume_cb
                0x1000d800       0x4c src/sms_peripheral1.o
 .text.sms_init_variables
                0x1000d84c       0x4c src/sms_peripheral1.o
                0x1000d84c                sms_init_variables
 .text.startup.main
                0x1000d898      0x260 src/sms_peripheral1.o
                0x1000d898                main
 .text.internal_event_post
                0x1000daf8       0x5c ../src/ASF/thirdparty/wireless/ble_smart_sdk/lib/cm0/gcc\libblusdk.a(event.o)
                0x1000daf8                internal_event_post
 .text.internal_event_init
                0x1000db54       0x2c ../src/ASF/thirdparty/wireless/ble_smart_sdk/lib/cm0/gcc\libblusdk.a(event.o)
                0x1000db54                internal_event_init
 .text.special_events_handler
                0x1000db80       0x90 ../src/ASF/thirdparty/wireless/ble_smart_sdk/lib/cm0/gcc\libblusdk.a(event.o)
                0x1000db80                special_events_handler
 .text.at_ble_event_get
                0x1000dc10      0x6d8 ../src/ASF/thirdparty/wireless/ble_smart_sdk/lib/cm0/gcc\libblusdk.a(event.o)
                0x1000dc10                at_ble_event_get
 .text.internal_event_flush
                0x1000e2e8       0x44 ../src/ASF/thirdparty/wireless/ble_smart_sdk/lib/cm0/gcc\libblusdk.a(event.o)
                0x1000e2e8                internal_event_flush
 .text.internal_conn_flush
                0x1000e32c       0x54 ../src/ASF/thirdparty/wireless/ble_smart_sdk/lib/cm0/gcc\libblusdk.a(event.o)
                0x1000e32c                internal_conn_flush
 .text.at_ble_device_name_set
                0x1000e380       0x34 ../src/ASF/thirdparty/wireless/ble_smart_sdk/lib/cm0/gcc\libblusdk.a(gap.o)
                0x1000e380                at_ble_device_name_set
 .text.at_ble_addr_get
                0x1000e3b4       0x24 ../src/ASF/thirdparty/wireless/ble_smart_sdk/lib/cm0/gcc\libblusdk.a(gap.o)
                0x1000e3b4                at_ble_addr_get
 .text.at_ble_set_dev_config
                0x1000e3d8       0x90 ../src/ASF/thirdparty/wireless/ble_smart_sdk/lib/cm0/gcc\libblusdk.a(gap.o)
                0x1000e3d8                at_ble_set_dev_config
 .text.at_ble_init
                0x1000e468      0x1b4 ../src/ASF/thirdparty/wireless/ble_smart_sdk/lib/cm0/gcc\libblusdk.a(gap.o)
                0x1000e468                at_ble_init
 .text.at_ble_addr_set
                0x1000e61c       0x54 ../src/ASF/thirdparty/wireless/ble_smart_sdk/lib/cm0/gcc\libblusdk.a(gap.o)
                0x1000e61c                at_ble_addr_set
 .text.at_ble_adv_data_set
                0x1000e670       0x84 ../src/ASF/thirdparty/wireless/ble_smart_sdk/lib/cm0/gcc\libblusdk.a(gap.o)
                0x1000e670                at_ble_adv_data_set
 .text.at_ble_adv_start
                0x1000e6f4      0x13c ../src/ASF/thirdparty/wireless/ble_smart_sdk/lib/cm0/gcc\libblusdk.a(gap.o)
                0x1000e6f4                at_ble_adv_start
 .text.at_ble_adv_stop
                0x1000e830        0xc ../src/ASF/thirdparty/wireless/ble_smart_sdk/lib/cm0/gcc\libblusdk.a(gap.o)
                0x1000e830                at_ble_adv_stop
 .text.at_ble_scan_stop
                0x1000e83c       0x20 ../src/ASF/thirdparty/wireless/ble_smart_sdk/lib/cm0/gcc\libblusdk.a(gap.o)
                0x1000e83c                at_ble_scan_stop
 .text.at_ble_disconnect
                0x1000e85c       0x20 ../src/ASF/thirdparty/wireless/ble_smart_sdk/lib/cm0/gcc\libblusdk.a(gap.o)
                0x1000e85c                at_ble_disconnect
 .text.at_ble_conn_update_reply
                0x1000e87c        0xc ../src/ASF/thirdparty/wireless/ble_smart_sdk/lib/cm0/gcc\libblusdk.a(gap.o)
                0x1000e87c                at_ble_conn_update_reply
 .text.at_ble_random_address_resolve
                0x1000e888       0x28 ../src/ASF/thirdparty/wireless/ble_smart_sdk/lib/cm0/gcc\libblusdk.a(gap.o)
                0x1000e888                at_ble_random_address_resolve
 .text.at_ble_uuid_type2len
                0x1000e8b0       0x14 ../src/ASF/thirdparty/wireless/ble_smart_sdk/lib/cm0/gcc\libblusdk.a(gap.o)
                0x1000e8b0                at_ble_uuid_type2len
 .text.at_ble_uuid_len2type
                0x1000e8c4       0x14 ../src/ASF/thirdparty/wireless/ble_smart_sdk/lib/cm0/gcc\libblusdk.a(gap.o)
                0x1000e8c4                at_ble_uuid_len2type
 .text.init_gatt_client_module
                0x1000e8d8        0xc ../src/ASF/thirdparty/wireless/ble_smart_sdk/lib/cm0/gcc\libblusdk.a(gatt_client.o)
                0x1000e8d8                init_gatt_client_module
 .text.db_searchATT
                0x1000e8e4       0x40 ../src/ASF/thirdparty/wireless/ble_smart_sdk/lib/cm0/gcc\libblusdk.a(gatt_server.o)
 .text.att_permissions
                0x1000e924       0x58 ../src/ASF/thirdparty/wireless/ble_smart_sdk/lib/cm0/gcc\libblusdk.a(gatt_server.o)
 .text.char_permissions
                0x1000e97c       0x9c ../src/ASF/thirdparty/wireless/ble_smart_sdk/lib/cm0/gcc\libblusdk.a(gatt_server.o)
 .text.presentation_format_define
                0x1000ea18       0x2c ../src/ASF/thirdparty/wireless/ble_smart_sdk/lib/cm0/gcc\libblusdk.a(gatt_server.o)
 .text.db_addATT
                0x1000ea44       0xb8 ../src/ASF/thirdparty/wireless/ble_smart_sdk/lib/cm0/gcc\libblusdk.a(gatt_server.o)
 .text.user_description_define
                0x1000eafc       0x50 ../src/ASF/thirdparty/wireless/ble_smart_sdk/lib/cm0/gcc\libblusdk.a(gatt_server.o)
 .text.at_ble_read_authorize_reply.part.1
                0x1000eb4c       0x30 ../src/ASF/thirdparty/wireless/ble_smart_sdk/lib/cm0/gcc\libblusdk.a(gatt_server.o)
 .text.internal_at_ble_service_define
                0x1000eb7c      0x3bc ../src/ASF/thirdparty/wireless/ble_smart_sdk/lib/cm0/gcc\libblusdk.a(gatt_server.o)
 .text.initi_gatt_server_module
                0x1000ef38       0x3c ../src/ASF/thirdparty/wireless/ble_smart_sdk/lib/cm0/gcc\libblusdk.a(gatt_server.o)
                0x1000ef38                initi_gatt_server_module
 .text.db_init  0x1000ef74       0x44 ../src/ASF/thirdparty/wireless/ble_smart_sdk/lib/cm0/gcc\libblusdk.a(gatt_server.o)
                0x1000ef74                db_init
 .text.at_ble_primary_service_define
                0x1000efb8       0x20 ../src/ASF/thirdparty/wireless/ble_smart_sdk/lib/cm0/gcc\libblusdk.a(gatt_server.o)
                0x1000efb8                at_ble_primary_service_define
 .text.at_ble_characteristic_value_set
                0x1000efd8       0x3c ../src/ASF/thirdparty/wireless/ble_smart_sdk/lib/cm0/gcc\libblusdk.a(gatt_server.o)
                0x1000efd8                at_ble_characteristic_value_set
 .text.at_ble_characteristic_value_get
                0x1000f014       0x40 ../src/ASF/thirdparty/wireless/ble_smart_sdk/lib/cm0/gcc\libblusdk.a(gatt_server.o)
                0x1000f014                at_ble_characteristic_value_get
 .text.at_ble_write_authorize_reply
                0x1000f054       0x88 ../src/ASF/thirdparty/wireless/ble_smart_sdk/lib/cm0/gcc\libblusdk.a(gatt_server.o)
                0x1000f054                at_ble_write_authorize_reply
 .text.gatts_handle_read_req
                0x1000f0dc       0x30 ../src/ASF/thirdparty/wireless/ble_smart_sdk/lib/cm0/gcc\libblusdk.a(gatt_server.o)
                0x1000f0dc                gatts_handle_read_req
 .text.gatts_handle_att_info_req
                0x1000f10c       0x3c ../src/ASF/thirdparty/wireless/ble_smart_sdk/lib/cm0/gcc\libblusdk.a(gatt_server.o)
                0x1000f10c                gatts_handle_att_info_req
 .text.gatts_handle_write_req
                0x1000f148       0x30 ../src/ASF/thirdparty/wireless/ble_smart_sdk/lib/cm0/gcc\libblusdk.a(gatt_server.o)
                0x1000f148                gatts_handle_write_req
 .text.at_ble_notification_send
                0x1000f178       0x74 ../src/ASF/thirdparty/wireless/ble_smart_sdk/lib/cm0/gcc\libblusdk.a(gatt_server.o)
                0x1000f178                at_ble_notification_send
 .text.init_l2cc_task_module
                0x1000f1ec        0xc ../src/ASF/thirdparty/wireless/ble_smart_sdk/lib/cm0/gcc\libblusdk.a(l2cc_task.o)
                0x1000f1ec                init_l2cc_task_module
 .text.l2cc_data_send_rsp_handler
                0x1000f1f8       0x2c ../src/ASF/thirdparty/wireless/ble_smart_sdk/lib/cm0/gcc\libblusdk.a(l2cc_task.o)
                0x1000f1f8                l2cc_data_send_rsp_handler
 .text.l2cc_data_received_handler
                0x1000f224       0x30 ../src/ASF/thirdparty/wireless/ble_smart_sdk/lib/cm0/gcc\libblusdk.a(l2cc_task.o)
                0x1000f224                l2cc_data_received_handler
 .text.at_ble_authenticate
                0x1000f254      0x130 ../src/ASF/thirdparty/wireless/ble_smart_sdk/lib/cm0/gcc\libblusdk.a(security.o)
                0x1000f254                at_ble_authenticate
 .text.at_ble_pair_key_reply
                0x1000f384       0x7c ../src/ASF/thirdparty/wireless/ble_smart_sdk/lib/cm0/gcc\libblusdk.a(security.o)
                0x1000f384                at_ble_pair_key_reply
 .text.at_ble_send_slave_sec_request
                0x1000f400       0x40 ../src/ASF/thirdparty/wireless/ble_smart_sdk/lib/cm0/gcc\libblusdk.a(security.o)
                0x1000f400                at_ble_send_slave_sec_request
 .text.at_ble_encryption_start
                0x1000f440       0x78 ../src/ASF/thirdparty/wireless/ble_smart_sdk/lib/cm0/gcc\libblusdk.a(security.o)
                0x1000f440                at_ble_encryption_start
 .text.at_ble_encryption_request_reply
                0x1000f4b8       0x34 ../src/ASF/thirdparty/wireless/ble_smart_sdk/lib/cm0/gcc\libblusdk.a(security.o)
                0x1000f4b8                at_ble_encryption_request_reply
 .text.rx_callback
                0x1000f4ec       0x98 ../src/ASF/thirdparty/wireless/ble_smart_sdk/lib/cm0/gcc\libblusdk.a(interface.o)
                0x1000f4ec                rx_callback
 .text.interface_send
                0x1000f584       0x10 ../src/ASF/thirdparty/wireless/ble_smart_sdk/lib/cm0/gcc\libblusdk.a(interface.o)
                0x1000f584                interface_send
 .text.interface_init
                0x1000f594       0x48 ../src/ASF/thirdparty/wireless/ble_smart_sdk/lib/cm0/gcc\libblusdk.a(interface.o)
                0x1000f594                interface_init
 .text.platform_cmd_cmpl_signal
                0x1000f5dc        0xc ../src/ASF/thirdparty/wireless/ble_smart_sdk/lib/cm0/gcc\libblusdk.a(interface.o)
                0x1000f5dc                platform_cmd_cmpl_signal
 .text.platform_cmd_cmpl_wait
                0x1000f5e8       0x2c ../src/ASF/thirdparty/wireless/ble_smart_sdk/lib/cm0/gcc\libblusdk.a(interface.o)
                0x1000f5e8                platform_cmd_cmpl_wait
 .text.start_timer
                0x1000f614        0x2 ../src/ASF/thirdparty/wireless/ble_smart_sdk/lib/cm0/gcc\libblusdk.a(interface.o)
                0x1000f614                start_timer
 .text.stop_timer
                0x1000f616        0x2 ../src/ASF/thirdparty/wireless/ble_smart_sdk/lib/cm0/gcc\libblusdk.a(interface.o)
                0x1000f616                stop_timer
 .text.dbg_le_set_bd_addr_req_handler
                0x1000f618       0x7c ../src/ASF/thirdparty/wireless/ble_smart_sdk/lib/cm0/gcc\libblusdk.a(dbg_task.o)
                0x1000f618                dbg_le_set_bd_addr_req_handler
 .text.gapc_get_dev_info_cfm.constprop.1
                0x1000f694       0xc0 ../src/ASF/thirdparty/wireless/ble_smart_sdk/lib/cm0/gcc\libblusdk.a(gapc_task.o)
 .text.check_ConnData_idx_role
                0x1000f754       0x3c ../src/ASF/thirdparty/wireless/ble_smart_sdk/lib/cm0/gcc\libblusdk.a(gapc_task.o)
                0x1000f754                check_ConnData_idx_role
 .text.check_ConnData_emptyEntry
                0x1000f790       0x28 ../src/ASF/thirdparty/wireless/ble_smart_sdk/lib/cm0/gcc\libblusdk.a(gapc_task.o)
                0x1000f790                check_ConnData_emptyEntry
 .text.gapc_cmp_evt
                0x1000f7b8       0xd0 ../src/ASF/thirdparty/wireless/ble_smart_sdk/lib/cm0/gcc\libblusdk.a(gapc_task.o)
                0x1000f7b8                gapc_cmp_evt
 .text.gapc_connection_cfm_handler
                0x1000f888       0xc4 ../src/ASF/thirdparty/wireless/ble_smart_sdk/lib/cm0/gcc\libblusdk.a(gapc_task.o)
                0x1000f888                gapc_connection_cfm_handler
 .text.gapc_con_req_ind
                0x1000f94c       0xe0 ../src/ASF/thirdparty/wireless/ble_smart_sdk/lib/cm0/gcc\libblusdk.a(gapc_task.o)
                0x1000f94c                gapc_con_req_ind
 .text.gapc_disconnect_cmd_handler
                0x1000fa2c       0x44 ../src/ASF/thirdparty/wireless/ble_smart_sdk/lib/cm0/gcc\libblusdk.a(gapc_task.o)
                0x1000fa2c                gapc_disconnect_cmd_handler
 .text.gapc_disconnect_ind
                0x1000fa70       0x34 ../src/ASF/thirdparty/wireless/ble_smart_sdk/lib/cm0/gcc\libblusdk.a(gapc_task.o)
                0x1000fa70                gapc_disconnect_ind
 .text.gapc_bond_cmd_handler
                0x1000faa4       0x68 ../src/ASF/thirdparty/wireless/ble_smart_sdk/lib/cm0/gcc\libblusdk.a(gapc_task.o)
                0x1000faa4                gapc_bond_cmd_handler
 .text.gapc_bond_ind
                0x1000fb0c       0xd8 ../src/ASF/thirdparty/wireless/ble_smart_sdk/lib/cm0/gcc\libblusdk.a(gapc_task.o)
                0x1000fb0c                gapc_bond_ind
 .text.gapc_bond_req_ind
                0x1000fbe4       0xe0 ../src/ASF/thirdparty/wireless/ble_smart_sdk/lib/cm0/gcc\libblusdk.a(gapc_task.o)
                0x1000fbe4                gapc_bond_req_ind
 .text.gapc_bond_cfm_handler_pair_resp
                0x1000fcc4       0x7c ../src/ASF/thirdparty/wireless/ble_smart_sdk/lib/cm0/gcc\libblusdk.a(gapc_task.o)
                0x1000fcc4                gapc_bond_cfm_handler_pair_resp
 .text.gapc_bond_cfm_handler_key_exch
                0x1000fd40       0x50 ../src/ASF/thirdparty/wireless/ble_smart_sdk/lib/cm0/gcc\libblusdk.a(gapc_task.o)
                0x1000fd40                gapc_bond_cfm_handler_key_exch
 .text.gapc_security_cmd_handler
                0x1000fd90       0x40 ../src/ASF/thirdparty/wireless/ble_smart_sdk/lib/cm0/gcc\libblusdk.a(gapc_task.o)
                0x1000fd90                gapc_security_cmd_handler
 .text.gapc_encrypt_cmd_handler
                0x1000fdd0       0x9c ../src/ASF/thirdparty/wireless/ble_smart_sdk/lib/cm0/gcc\libblusdk.a(gapc_task.o)
                0x1000fdd0                gapc_encrypt_cmd_handler
 .text.gapc_encrypt_req_ind
                0x1000fe6c       0x20 ../src/ASF/thirdparty/wireless/ble_smart_sdk/lib/cm0/gcc\libblusdk.a(gapc_task.o)
                0x1000fe6c                gapc_encrypt_req_ind
 .text.gapc_encrypt_cfm_handler
                0x1000fe8c       0x80 ../src/ASF/thirdparty/wireless/ble_smart_sdk/lib/cm0/gcc\libblusdk.a(gapc_task.o)
                0x1000fe8c                gapc_encrypt_cfm_handler
 .text.gapc_encrypt_ind
                0x1000ff0c        0xe ../src/ASF/thirdparty/wireless/ble_smart_sdk/lib/cm0/gcc\libblusdk.a(gapc_task.o)
                0x1000ff0c                gapc_encrypt_ind
 *fill*         0x1000ff1a        0x2 
 .text.gapc_param_update_cfm_handler
                0x1000ff1c       0x4c ../src/ASF/thirdparty/wireless/ble_smart_sdk/lib/cm0/gcc\libblusdk.a(gapc_task.o)
                0x1000ff1c                gapc_param_update_cfm_handler
 .text.gapc_param_updated_ind
                0x1000ff68       0x2a ../src/ASF/thirdparty/wireless/ble_smart_sdk/lib/cm0/gcc\libblusdk.a(gapc_task.o)
                0x1000ff68                gapc_param_updated_ind
 .text.gapc_param_updated_req_ind
                0x1000ff92       0x30 ../src/ASF/thirdparty/wireless/ble_smart_sdk/lib/cm0/gcc\libblusdk.a(gapc_task.o)
                0x1000ff92                gapc_param_updated_req_ind
 *fill*         0x1000ffc2        0x2 
 .text.gapc_dev_info_req_ind_handler
                0x1000ffc4       0x28 ../src/ASF/thirdparty/wireless/ble_smart_sdk/lib/cm0/gcc\libblusdk.a(gapc_task.o)
                0x1000ffc4                gapc_dev_info_req_ind_handler
 .text.gapc_sec_req_ind
                0x1000ffec       0x16 ../src/ASF/thirdparty/wireless/ble_smart_sdk/lib/cm0/gcc\libblusdk.a(gapc_task.o)
                0x1000ffec                gapc_sec_req_ind
 .text.gapc_sign_counter_ind_handler
                0x10010002       0x34 ../src/ASF/thirdparty/wireless/ble_smart_sdk/lib/cm0/gcc\libblusdk.a(gapc_task.o)
                0x10010002                gapc_sign_counter_ind_handler
 *fill*         0x10010036        0x2 
 .text.gapc_peer_att_info_ind_handler
                0x10010038       0x7c ../src/ASF/thirdparty/wireless/ble_smart_sdk/lib/cm0/gcc\libblusdk.a(gapc_task.o)
                0x10010038                gapc_peer_att_info_ind_handler
 .text.gapc_con_channel_map_ind_handler
                0x100100b4       0x18 ../src/ASF/thirdparty/wireless/ble_smart_sdk/lib/cm0/gcc\libblusdk.a(gapc_task.o)
                0x100100b4                gapc_con_channel_map_ind_handler
 .text.gapc_lecb_connected
                0x100100cc       0x2e ../src/ASF/thirdparty/wireless/ble_smart_sdk/lib/cm0/gcc\libblusdk.a(gapc_task.o)
                0x100100cc                gapc_lecb_connected
 .text.gapc_lecb_disconnected
                0x100100fa       0x16 ../src/ASF/thirdparty/wireless/ble_smart_sdk/lib/cm0/gcc\libblusdk.a(gapc_task.o)
                0x100100fa                gapc_lecb_disconnected
 .text.gapc_lecb_connect_req_ind
                0x10010110       0x2a ../src/ASF/thirdparty/wireless/ble_smart_sdk/lib/cm0/gcc\libblusdk.a(gapc_task.o)
                0x10010110                gapc_lecb_connect_req_ind
 .text.gapc_lecb_add_credit_resp_handler
                0x1001013a       0x20 ../src/ASF/thirdparty/wireless/ble_smart_sdk/lib/cm0/gcc\libblusdk.a(gapc_task.o)
                0x1001013a                gapc_lecb_add_credit_resp_handler
 *fill*         0x1001015a        0x2 
 .text.gapm_reset_req_handler
                0x1001015c       0x70 ../src/ASF/thirdparty/wireless/ble_smart_sdk/lib/cm0/gcc\libblusdk.a(gapm_task.o)
                0x1001015c                gapm_reset_req_handler
 .text.gapm_set_dev_config_cmd_handler
                0x100101cc      0x108 ../src/ASF/thirdparty/wireless/ble_smart_sdk/lib/cm0/gcc\libblusdk.a(gapm_task.o)
                0x100101cc                gapm_set_dev_config_cmd_handler
 .text.gapm_get_dev_config_cmd_handler
                0x100102d4       0xe0 ../src/ASF/thirdparty/wireless/ble_smart_sdk/lib/cm0/gcc\libblusdk.a(gapm_task.o)
                0x100102d4                gapm_get_dev_config_cmd_handler
 .text.gapm_cancel_cmd_handler
                0x100103b4       0x70 ../src/ASF/thirdparty/wireless/ble_smart_sdk/lib/cm0/gcc\libblusdk.a(gapm_task.o)
                0x100103b4                gapm_cancel_cmd_handler
 .text.gapm_dev_bdaddr_ind_handler
                0x10010424       0x1c ../src/ASF/thirdparty/wireless/ble_smart_sdk/lib/cm0/gcc\libblusdk.a(gapm_task.o)
                0x10010424                gapm_dev_bdaddr_ind_handler
 .text.gapm_cmp_evt
                0x10010440      0x148 ../src/ASF/thirdparty/wireless/ble_smart_sdk/lib/cm0/gcc\libblusdk.a(gapm_task.o)
                0x10010440                gapm_cmp_evt
 .text.gapm_start_adv_cmd_handler
                0x10010588      0x120 ../src/ASF/thirdparty/wireless/ble_smart_sdk/lib/cm0/gcc\libblusdk.a(gapm_task.o)
                0x10010588                gapm_start_adv_cmd_handler
 .text.get_gap_local_addr_type
                0x100106a8       0x18 ../src/ASF/thirdparty/wireless/ble_smart_sdk/lib/cm0/gcc\libblusdk.a(gapm_task.o)
                0x100106a8                get_gap_local_addr_type
 .text.gapm_adv_report_evt_handler
                0x100106c0       0x88 ../src/ASF/thirdparty/wireless/ble_smart_sdk/lib/cm0/gcc\libblusdk.a(gapm_task.o)
                0x100106c0                gapm_adv_report_evt_handler
 .text.gapm_resolv_addr_cmd_handler
                0x10010748       0x68 ../src/ASF/thirdparty/wireless/ble_smart_sdk/lib/cm0/gcc\libblusdk.a(gapm_task.o)
                0x10010748                gapm_resolv_addr_cmd_handler
 .text.gapm_addr_solved_ind_handler
                0x100107b0       0x24 ../src/ASF/thirdparty/wireless/ble_smart_sdk/lib/cm0/gcc\libblusdk.a(gapm_task.o)
                0x100107b0                gapm_addr_solved_ind_handler
 .text.gapm_profile_added_ind_handler
                0x100107d4       0x20 ../src/ASF/thirdparty/wireless/ble_smart_sdk/lib/cm0/gcc\libblusdk.a(gapm_task.o)
                0x100107d4                gapm_profile_added_ind_handler
 .text.gattc_read_req_ind_parser
                0x100107f4        0xc ../src/ASF/thirdparty/wireless/ble_smart_sdk/lib/cm0/gcc\libblusdk.a(gattc_task.o)
                0x100107f4                gattc_read_req_ind_parser
 .text.gattc_write_req_ind_parser
                0x10010800       0x38 ../src/ASF/thirdparty/wireless/ble_smart_sdk/lib/cm0/gcc\libblusdk.a(gattc_task.o)
                0x10010800                gattc_write_req_ind_parser
 .text.gattc_att_info_req_parser
                0x10010838        0xc ../src/ASF/thirdparty/wireless/ble_smart_sdk/lib/cm0/gcc\libblusdk.a(gattc_task.o)
                0x10010838                gattc_att_info_req_parser
 .text.gattc_read_cfm
                0x10010844       0x6c ../src/ASF/thirdparty/wireless/ble_smart_sdk/lib/cm0/gcc\libblusdk.a(gattc_task.o)
                0x10010844                gattc_read_cfm
 .text.gattc_write_cfm
                0x100108b0       0x44 ../src/ASF/thirdparty/wireless/ble_smart_sdk/lib/cm0/gcc\libblusdk.a(gattc_task.o)
                0x100108b0                gattc_write_cfm
 .text.gattc_att_info_cfm
                0x100108f4       0x48 ../src/ASF/thirdparty/wireless/ble_smart_sdk/lib/cm0/gcc\libblusdk.a(gattc_task.o)
                0x100108f4                gattc_att_info_cfm
 .text.gattc_send_evt_cmd_handler
                0x1001093c       0x78 ../src/ASF/thirdparty/wireless/ble_smart_sdk/lib/cm0/gcc\libblusdk.a(gattc_task.o)
                0x1001093c                gattc_send_evt_cmd_handler
 .text.gattc_event_cfm_handler
                0x100109b4       0x40 ../src/ASF/thirdparty/wireless/ble_smart_sdk/lib/cm0/gcc\libblusdk.a(gattc_task.o)
                0x100109b4                gattc_event_cfm_handler
 .text.gattc_disc_svc_ind_parser
                0x100109f4       0x3c ../src/ASF/thirdparty/wireless/ble_smart_sdk/lib/cm0/gcc\libblusdk.a(gattc_task.o)
                0x100109f4                gattc_disc_svc_ind_parser
 .text.gattc_disc_svc_incl_ind_parser
                0x10010a30       0x48 ../src/ASF/thirdparty/wireless/ble_smart_sdk/lib/cm0/gcc\libblusdk.a(gattc_task.o)
                0x10010a30                gattc_disc_svc_incl_ind_parser
 .text.gattc_disc_char_ind_parser
                0x10010a78       0x44 ../src/ASF/thirdparty/wireless/ble_smart_sdk/lib/cm0/gcc\libblusdk.a(gattc_task.o)
                0x10010a78                gattc_disc_char_ind_parser
 .text.gattc_disc_char_desc_ind_parser
                0x10010abc       0x34 ../src/ASF/thirdparty/wireless/ble_smart_sdk/lib/cm0/gcc\libblusdk.a(gattc_task.o)
                0x10010abc                gattc_disc_char_desc_ind_parser
 .text.gattc_event_ind_and_notification_parser
                0x10010af0       0x54 ../src/ASF/thirdparty/wireless/ble_smart_sdk/lib/cm0/gcc\libblusdk.a(gattc_task.o)
                0x10010af0                gattc_event_ind_and_notification_parser
 .text.gattc_complete_evt_handler
                0x10010b44       0x78 ../src/ASF/thirdparty/wireless/ble_smart_sdk/lib/cm0/gcc\libblusdk.a(gattc_task.o)
                0x10010b44                gattc_complete_evt_handler
 .text.gattc_event_mtu_changed_ind_parser
                0x10010bbc       0x10 ../src/ASF/thirdparty/wireless/ble_smart_sdk/lib/cm0/gcc\libblusdk.a(gattc_task.o)
                0x10010bbc                gattc_event_mtu_changed_ind_parser
 .text.gattc_read_ind_parser
                0x10010bcc       0x40 ../src/ASF/thirdparty/wireless/ble_smart_sdk/lib/cm0/gcc\libblusdk.a(gattc_task.o)
                0x10010bcc                gattc_read_ind_parser
 .text.gattc_svc_changed_cfg_ind_parser
                0x10010c0c       0x10 ../src/ASF/thirdparty/wireless/ble_smart_sdk/lib/cm0/gcc\libblusdk.a(gattc_task.o)
                0x10010c0c                gattc_svc_changed_cfg_ind_parser
 .text.init_gattc_task_module
                0x10010c1c       0x14 ../src/ASF/thirdparty/wireless/ble_smart_sdk/lib/cm0/gcc\libblusdk.a(gattc_task.o)
                0x10010c1c                init_gattc_task_module
 .text.gattm_add_svc_req_handler
                0x10010c30      0x10c ../src/ASF/thirdparty/wireless/ble_smart_sdk/lib/cm0/gcc\libblusdk.a(gattm_task.o)
                0x10010c30                gattm_add_svc_req_handler
 .text.gattm_add_attribute_req_handler
                0x10010d3c       0x70 ../src/ASF/thirdparty/wireless/ble_smart_sdk/lib/cm0/gcc\libblusdk.a(gattm_task.o)
                0x10010d3c                gattm_add_attribute_req_handler
 .text.gattm_att_set_value_req_handler
                0x10010dac       0x8c ../src/ASF/thirdparty/wireless/ble_smart_sdk/lib/cm0/gcc\libblusdk.a(gattm_task.o)
                0x10010dac                gattm_att_set_value_req_handler
 .text.gattm_att_get_value_req_handler
                0x10010e38       0x9c ../src/ASF/thirdparty/wireless/ble_smart_sdk/lib/cm0/gcc\libblusdk.a(gattm_task.o)
                0x10010e38                gattm_att_get_value_req_handler
 .text.htpt_enable_rsp_handler
                0x10010ed4        0xa ../src/ASF/thirdparty/wireless/ble_smart_sdk/lib/cm0/gcc\libblusdk.a(htpt_task.o)
                0x10010ed4                htpt_enable_rsp_handler
 .text.htpt_temp_send_rsp_handler
                0x10010ede        0x6 ../src/ASF/thirdparty/wireless/ble_smart_sdk/lib/cm0/gcc\libblusdk.a(htpt_task.o)
                0x10010ede                htpt_temp_send_rsp_handler
 .text.htpt_meas_intv_upd_rsp_handler
                0x10010ee4        0x6 ../src/ASF/thirdparty/wireless/ble_smart_sdk/lib/cm0/gcc\libblusdk.a(htpt_task.o)
                0x10010ee4                htpt_meas_intv_upd_rsp_handler
 .text.htpt_meas_intv_chg_req_ind_handler
                0x10010eea        0xc ../src/ASF/thirdparty/wireless/ble_smart_sdk/lib/cm0/gcc\libblusdk.a(htpt_task.o)
                0x10010eea                htpt_meas_intv_chg_req_ind_handler
 .text.htpt_cfg_indntf_ind_handler
                0x10010ef6        0xa ../src/ASF/thirdparty/wireless/ble_smart_sdk/lib/cm0/gcc\libblusdk.a(htpt_task.o)
                0x10010ef6                htpt_cfg_indntf_ind_handler
 .text.pow      0x10010f00      0x378 c:/program files (x86)/atmel/studio/7.0/toolchain/arm/arm-gnu-toolchain/bin/../lib/gcc/arm-none-eabi/5.3.1/../../../../arm-none-eabi/lib/armv6-m\libm.a(lib_a-w_pow.o)
                0x10010f00                pow
 .text.sqrtf    0x10011278       0xa4 c:/program files (x86)/atmel/studio/7.0/toolchain/arm/arm-gnu-toolchain/bin/../lib/gcc/arm-none-eabi/5.3.1/../../../../arm-none-eabi/lib/armv6-m\libm.a(lib_a-wf_sqrt.o)
                0x10011278                sqrtf
 .text.__ieee754_pow
                0x1001131c      0xa6c c:/program files (x86)/atmel/studio/7.0/toolchain/arm/arm-gnu-toolchain/bin/../lib/gcc/arm-none-eabi/5.3.1/../../../../arm-none-eabi/lib/armv6-m\libm.a(lib_a-e_pow.o)
                0x1001131c                __ieee754_pow
 .text.__ieee754_sqrt
                0x10011d88      0x1ec c:/program files (x86)/atmel/studio/7.0/toolchain/arm/arm-gnu-toolchain/bin/../lib/gcc/arm-none-eabi/5.3.1/../../../../arm-none-eabi/lib/armv6-m\libm.a(lib_a-e_sqrt.o)
                0x10011d88                __ieee754_sqrt
 .text.__ieee754_sqrtf
                0x10011f74       0xb8 c:/program files (x86)/atmel/studio/7.0/toolchain/arm/arm-gnu-toolchain/bin/../lib/gcc/arm-none-eabi/5.3.1/../../../../arm-none-eabi/lib/armv6-m\libm.a(lib_a-ef_sqrt.o)
                0x10011f74                __ieee754_sqrtf
 .text.fabs     0x1001202c        0x8 c:/program files (x86)/atmel/studio/7.0/toolchain/arm/arm-gnu-toolchain/bin/../lib/gcc/arm-none-eabi/5.3.1/../../../../arm-none-eabi/lib/armv6-m\libm.a(lib_a-s_fabs.o)
                0x1001202c                fabs
 .text.finite   0x10012034       0x14 c:/program files (x86)/atmel/studio/7.0/toolchain/arm/arm-gnu-toolchain/bin/../lib/gcc/arm-none-eabi/5.3.1/../../../../arm-none-eabi/lib/armv6-m\libm.a(lib_a-s_finite.o)
                0x10012034                finite
 .text.matherr  0x10012048        0x4 c:/program files (x86)/atmel/studio/7.0/toolchain/arm/arm-gnu-toolchain/bin/../lib/gcc/arm-none-eabi/5.3.1/../../../../arm-none-eabi/lib/armv6-m\libm.a(lib_a-s_matherr.o)
                0x10012048                matherr
 .text.nan      0x1001204c        0xc c:/program files (x86)/atmel/studio/7.0/toolchain/arm/arm-gnu-toolchain/bin/../lib/gcc/arm-none-eabi/5.3.1/../../../../arm-none-eabi/lib/armv6-m\libm.a(lib_a-s_nan.o)
                0x1001204c                nan
 .text.rint     0x10012058      0x144 c:/program files (x86)/atmel/studio/7.0/toolchain/arm/arm-gnu-toolchain/bin/../lib/gcc/arm-none-eabi/5.3.1/../../../../arm-none-eabi/lib/armv6-m\libm.a(lib_a-s_rint.o)
                0x10012058                rint
 .text.scalbn   0x1001219c       0xd0 c:/program files (x86)/atmel/studio/7.0/toolchain/arm/arm-gnu-toolchain/bin/../lib/gcc/arm-none-eabi/5.3.1/../../../../arm-none-eabi/lib/armv6-m\libm.a(lib_a-s_scalbn.o)
                0x1001219c                scalbn
 .text.copysign
                0x1001226c       0x10 c:/program files (x86)/atmel/studio/7.0/toolchain/arm/arm-gnu-toolchain/bin/../lib/gcc/arm-none-eabi/5.3.1/../../../../arm-none-eabi/lib/armv6-m\libm.a(lib_a-s_copysign.o)
                0x1001226c                copysign
 .text          0x1001227c       0x14 c:/program files (x86)/atmel/studio/7.0/toolchain/arm/arm-gnu-toolchain/bin/../lib/gcc/arm-none-eabi/5.3.1/armv6-m\libgcc.a(_thumb1_case_sqi.o)
                0x1001227c                __gnu_thumb1_case_sqi
 .text          0x10012290       0x14 c:/program files (x86)/atmel/studio/7.0/toolchain/arm/arm-gnu-toolchain/bin/../lib/gcc/arm-none-eabi/5.3.1/armv6-m\libgcc.a(_thumb1_case_uqi.o)
                0x10012290                __gnu_thumb1_case_uqi
 .text          0x100122a4       0x14 c:/program files (x86)/atmel/studio/7.0/toolchain/arm/arm-gnu-toolchain/bin/../lib/gcc/arm-none-eabi/5.3.1/armv6-m\libgcc.a(_thumb1_case_uhi.o)
                0x100122a4                __gnu_thumb1_case_uhi
 .text          0x100122b8      0x114 c:/program files (x86)/atmel/studio/7.0/toolchain/arm/arm-gnu-toolchain/bin/../lib/gcc/arm-none-eabi/5.3.1/armv6-m\libgcc.a(_udivsi3.o)
                0x100122b8                __aeabi_uidiv
                0x100122b8                __udivsi3
                0x100123c4                __aeabi_uidivmod
 .text          0x100123cc      0x1d4 c:/program files (x86)/atmel/studio/7.0/toolchain/arm/arm-gnu-toolchain/bin/../lib/gcc/arm-none-eabi/5.3.1/armv6-m\libgcc.a(_divsi3.o)
                0x100123cc                __divsi3
                0x100123cc                __aeabi_idiv
                0x10012598                __aeabi_idivmod
 .text          0x100125a0        0x4 c:/program files (x86)/atmel/studio/7.0/toolchain/arm/arm-gnu-toolchain/bin/../lib/gcc/arm-none-eabi/5.3.1/armv6-m\libgcc.a(_dvmd_tls.o)
                0x100125a0                __aeabi_idiv0
                0x100125a0                __aeabi_ldiv0
 .text          0x100125a4       0x7c c:/program files (x86)/atmel/studio/7.0/toolchain/arm/arm-gnu-toolchain/bin/../lib/gcc/arm-none-eabi/5.3.1/armv6-m\libgcc.a(_arm_cmpdf2.o)
                0x100125a4                __aeabi_cdrcmple
                0x100125b4                __aeabi_cdcmple
                0x100125b4                __aeabi_cdcmpeq
                0x100125c4                __aeabi_dcmpeq
                0x100125d0                __aeabi_dcmplt
                0x100125e4                __aeabi_dcmple
                0x100125f8                __aeabi_dcmpgt
                0x1001260c                __aeabi_dcmpge
 .text          0x10012620       0x74 c:/program files (x86)/atmel/studio/7.0/toolchain/arm/arm-gnu-toolchain/bin/../lib/gcc/arm-none-eabi/5.3.1/armv6-m\libgcc.a(_arm_cmpsf2.o)
                0x10012620                __aeabi_cfrcmple
                0x10012628                __aeabi_cfcmpeq
                0x10012628                __aeabi_cfcmple
                0x10012638                __aeabi_fcmpeq
                0x10012644                __aeabi_fcmplt
                0x10012658                __aeabi_fcmple
                0x1001266c                __aeabi_fcmpgt
                0x10012680                __aeabi_fcmpge
 .text          0x10012694       0x58 c:/program files (x86)/atmel/studio/7.0/toolchain/arm/arm-gnu-toolchain/bin/../lib/gcc/arm-none-eabi/5.3.1/armv6-m\libgcc.a(_muldi3.o)
                0x10012694                __muldi3
                0x10012694                __aeabi_lmul
 .text          0x100126ec       0x30 c:/program files (x86)/atmel/studio/7.0/toolchain/arm/arm-gnu-toolchain/bin/../lib/gcc/arm-none-eabi/5.3.1/armv6-m\libgcc.a(_fixunssfsi.o)
                0x100126ec                __fixunssfsi
                0x100126ec                __aeabi_f2uiz
 .text          0x1001271c       0x3c c:/program files (x86)/atmel/studio/7.0/toolchain/arm/arm-gnu-toolchain/bin/../lib/gcc/arm-none-eabi/5.3.1/armv6-m\libgcc.a(_fixunsdfsi.o)
                0x1001271c                __aeabi_d2uiz
                0x1001271c                __fixunsdfsi
 .text          0x10012758      0x2ec c:/program files (x86)/atmel/studio/7.0/toolchain/arm/arm-gnu-toolchain/bin/../lib/gcc/arm-none-eabi/5.3.1/armv6-m\libgcc.a(addsf3.o)
                0x10012758                __aeabi_fadd
 .text          0x10012a44      0x234 c:/program files (x86)/atmel/studio/7.0/toolchain/arm/arm-gnu-toolchain/bin/../lib/gcc/arm-none-eabi/5.3.1/armv6-m\libgcc.a(divsf3.o)
                0x10012a44                __aeabi_fdiv
 .text          0x10012c78       0x50 c:/program files (x86)/atmel/studio/7.0/toolchain/arm/arm-gnu-toolchain/bin/../lib/gcc/arm-none-eabi/5.3.1/armv6-m\libgcc.a(eqsf2.o)
                0x10012c78                __eqsf2
                0x10012c78                __nesf2
 .text          0x10012cc8       0x88 c:/program files (x86)/atmel/studio/7.0/toolchain/arm/arm-gnu-toolchain/bin/../lib/gcc/arm-none-eabi/5.3.1/armv6-m\libgcc.a(gesf2.o)
                0x10012cc8                __gesf2
                0x10012cc8                __gtsf2
 .text          0x10012d50       0x88 c:/program files (x86)/atmel/studio/7.0/toolchain/arm/arm-gnu-toolchain/bin/../lib/gcc/arm-none-eabi/5.3.1/armv6-m\libgcc.a(lesf2.o)
                0x10012d50                __ltsf2
                0x10012d50                __lesf2
 .text          0x10012dd8      0x228 c:/program files (x86)/atmel/studio/7.0/toolchain/arm/arm-gnu-toolchain/bin/../lib/gcc/arm-none-eabi/5.3.1/armv6-m\libgcc.a(mulsf3.o)
                0x10012dd8                __aeabi_fmul
 .text          0x10013000      0x30c c:/program files (x86)/atmel/studio/7.0/toolchain/arm/arm-gnu-toolchain/bin/../lib/gcc/arm-none-eabi/5.3.1/armv6-m\libgcc.a(subsf3.o)
                0x10013000                __aeabi_fsub
 .text          0x1001330c       0x30 c:/program files (x86)/atmel/studio/7.0/toolchain/arm/arm-gnu-toolchain/bin/../lib/gcc/arm-none-eabi/5.3.1/armv6-m\libgcc.a(unordsf2.o)
                0x1001330c                __aeabi_fcmpun
 .text          0x1001333c       0x44 c:/program files (x86)/atmel/studio/7.0/toolchain/arm/arm-gnu-toolchain/bin/../lib/gcc/arm-none-eabi/5.3.1/armv6-m\libgcc.a(fixsfsi.o)
                0x1001333c                __aeabi_f2iz
 .text          0x10013380       0x90 c:/program files (x86)/atmel/studio/7.0/toolchain/arm/arm-gnu-toolchain/bin/../lib/gcc/arm-none-eabi/5.3.1/armv6-m\libgcc.a(floatsisf.o)
                0x10013380                __aeabi_i2f
 .text          0x10013410       0x7c c:/program files (x86)/atmel/studio/7.0/toolchain/arm/arm-gnu-toolchain/bin/../lib/gcc/arm-none-eabi/5.3.1/armv6-m\libgcc.a(floatunsisf.o)
                0x10013410                __aeabi_ui2f
 .text          0x1001348c      0x658 c:/program files (x86)/atmel/studio/7.0/toolchain/arm/arm-gnu-toolchain/bin/../lib/gcc/arm-none-eabi/5.3.1/armv6-m\libgcc.a(adddf3.o)
                0x1001348c                __aeabi_dadd
 .text          0x10013ae4      0x62c c:/program files (x86)/atmel/studio/7.0/toolchain/arm/arm-gnu-toolchain/bin/../lib/gcc/arm-none-eabi/5.3.1/armv6-m\libgcc.a(divdf3.o)
                0x10013ae4                __aeabi_ddiv
 .text          0x10014110       0x80 c:/program files (x86)/atmel/studio/7.0/toolchain/arm/arm-gnu-toolchain/bin/../lib/gcc/arm-none-eabi/5.3.1/armv6-m\libgcc.a(eqdf2.o)
                0x10014110                __nedf2
                0x10014110                __eqdf2
 .text          0x10014190       0xc8 c:/program files (x86)/atmel/studio/7.0/toolchain/arm/arm-gnu-toolchain/bin/../lib/gcc/arm-none-eabi/5.3.1/armv6-m\libgcc.a(gedf2.o)
                0x10014190                __gedf2
                0x10014190                __gtdf2
 .text          0x10014258       0xd4 c:/program files (x86)/atmel/studio/7.0/toolchain/arm/arm-gnu-toolchain/bin/../lib/gcc/arm-none-eabi/5.3.1/armv6-m\libgcc.a(ledf2.o)
                0x10014258                __ledf2
                0x10014258                __ltdf2
 .text          0x1001432c      0x4f4 c:/program files (x86)/atmel/studio/7.0/toolchain/arm/arm-gnu-toolchain/bin/../lib/gcc/arm-none-eabi/5.3.1/armv6-m\libgcc.a(muldf3.o)
                0x1001432c                __aeabi_dmul
 .text          0x10014820      0x6a8 c:/program files (x86)/atmel/studio/7.0/toolchain/arm/arm-gnu-toolchain/bin/../lib/gcc/arm-none-eabi/5.3.1/armv6-m\libgcc.a(subdf3.o)
                0x10014820                __aeabi_dsub
 .text          0x10014ec8       0x40 c:/program files (x86)/atmel/studio/7.0/toolchain/arm/arm-gnu-toolchain/bin/../lib/gcc/arm-none-eabi/5.3.1/armv6-m\libgcc.a(unorddf2.o)
                0x10014ec8                __aeabi_dcmpun
 .text          0x10014f08       0x6c c:/program files (x86)/atmel/studio/7.0/toolchain/arm/arm-gnu-toolchain/bin/../lib/gcc/arm-none-eabi/5.3.1/armv6-m\libgcc.a(fixdfsi.o)
                0x10014f08                __aeabi_d2iz
 .text          0x10014f74       0x84 c:/program files (x86)/atmel/studio/7.0/toolchain/arm/arm-gnu-toolchain/bin/../lib/gcc/arm-none-eabi/5.3.1/armv6-m\libgcc.a(floatsidf.o)
                0x10014f74                __aeabi_i2d
 .text          0x10014ff8       0x70 c:/program files (x86)/atmel/studio/7.0/toolchain/arm/arm-gnu-toolchain/bin/../lib/gcc/arm-none-eabi/5.3.1/armv6-m\libgcc.a(floatunsidf.o)
                0x10014ff8                __aeabi_ui2d
 .text          0x10015068       0xa8 c:/program files (x86)/atmel/studio/7.0/toolchain/arm/arm-gnu-toolchain/bin/../lib/gcc/arm-none-eabi/5.3.1/armv6-m\libgcc.a(extendsfdf2.o)
                0x10015068                __aeabi_f2d
 .text          0x10015110      0x118 c:/program files (x86)/atmel/studio/7.0/toolchain/arm/arm-gnu-toolchain/bin/../lib/gcc/arm-none-eabi/5.3.1/armv6-m\libgcc.a(truncdfsf2.o)
                0x10015110                __aeabi_d2f
 .text          0x10015228       0x3c c:/program files (x86)/atmel/studio/7.0/toolchain/arm/arm-gnu-toolchain/bin/../lib/gcc/arm-none-eabi/5.3.1/armv6-m\libgcc.a(_clzsi2.o)
                0x10015228                __clzsi2
 .text.__errno  0x10015264        0xc c:/program files (x86)/atmel/studio/7.0/toolchain/arm/arm-gnu-toolchain/bin/../lib/gcc/arm-none-eabi/5.3.1/../../../../arm-none-eabi/lib/armv6-m\libc_nano.a(lib_a-errno.o)
                0x10015264                __errno
 .text.__libc_init_array
                0x10015270       0x4c c:/program files (x86)/atmel/studio/7.0/toolchain/arm/arm-gnu-toolchain/bin/../lib/gcc/arm-none-eabi/5.3.1/../../../../arm-none-eabi/lib/armv6-m\libc_nano.a(lib_a-init.o)
                0x10015270                __libc_init_array
 .text.malloc   0x100152bc       0x14 c:/program files (x86)/atmel/studio/7.0/toolchain/arm/arm-gnu-toolchain/bin/../lib/gcc/arm-none-eabi/5.3.1/../../../../arm-none-eabi/lib/armv6-m\libc_nano.a(lib_a-malloc.o)
                0x100152bc                malloc
 .text.memcmp   0x100152d0       0x1e c:/program files (x86)/atmel/studio/7.0/toolchain/arm/arm-gnu-toolchain/bin/../lib/gcc/arm-none-eabi/5.3.1/../../../../arm-none-eabi/lib/armv6-m\libc_nano.a(lib_a-memcmp.o)
                0x100152d0                memcmp
 .text.memcpy   0x100152ee       0x12 c:/program files (x86)/atmel/studio/7.0/toolchain/arm/arm-gnu-toolchain/bin/../lib/gcc/arm-none-eabi/5.3.1/../../../../arm-none-eabi/lib/armv6-m\libc_nano.a(lib_a-memcpy-stub.o)
                0x100152ee                memcpy
 .text.memset   0x10015300       0x10 c:/program files (x86)/atmel/studio/7.0/toolchain/arm/arm-gnu-toolchain/bin/../lib/gcc/arm-none-eabi/5.3.1/../../../../arm-none-eabi/lib/armv6-m\libc_nano.a(lib_a-memset.o)
                0x10015300                memset
 .text._free_r  0x10015310       0x8c c:/program files (x86)/atmel/studio/7.0/toolchain/arm/arm-gnu-toolchain/bin/../lib/gcc/arm-none-eabi/5.3.1/../../../../arm-none-eabi/lib/armv6-m\libc_nano.a(lib_a-nano-freer.o)
                0x10015310                _free_r
 .text._malloc_r
                0x1001539c       0xac c:/program files (x86)/atmel/studio/7.0/toolchain/arm/arm-gnu-toolchain/bin/../lib/gcc/arm-none-eabi/5.3.1/../../../../arm-none-eabi/lib/armv6-m\libc_nano.a(lib_a-nano-mallocr.o)
                0x1001539c                _malloc_r
 .text.rand     0x10015448       0x78 c:/program files (x86)/atmel/studio/7.0/toolchain/arm/arm-gnu-toolchain/bin/../lib/gcc/arm-none-eabi/5.3.1/../../../../arm-none-eabi/lib/armv6-m\libc_nano.a(lib_a-rand.o)
                0x10015448                rand
 .text._sbrk_r  0x100154c0       0x24 c:/program files (x86)/atmel/studio/7.0/toolchain/arm/arm-gnu-toolchain/bin/../lib/gcc/arm-none-eabi/5.3.1/../../../../arm-none-eabi/lib/armv6-m\libc_nano.a(lib_a-sbrkr.o)
                0x100154c0                _sbrk_r
 .text.setbuf   0x100154e4       0x12 c:/program files (x86)/atmel/studio/7.0/toolchain/arm/arm-gnu-toolchain/bin/../lib/gcc/arm-none-eabi/5.3.1/../../../../arm-none-eabi/lib/armv6-m\libc_nano.a(lib_a-setbuf.o)
                0x100154e4                setbuf
 *fill*         0x100154f6        0x2 
 .text.setvbuf  0x100154f8      0x160 c:/program files (x86)/atmel/studio/7.0/toolchain/arm/arm-gnu-toolchain/bin/../lib/gcc/arm-none-eabi/5.3.1/../../../../arm-none-eabi/lib/armv6-m\libc_nano.a(lib_a-setvbuf.o)
                0x100154f8                setvbuf
 .text.__sflush_r
                0x10015658      0x10c c:/program files (x86)/atmel/studio/7.0/toolchain/arm/arm-gnu-toolchain/bin/../lib/gcc/arm-none-eabi/5.3.1/../../../../arm-none-eabi/lib/armv6-m\libc_nano.a(lib_a-fflush.o)
                0x10015658                __sflush_r
 .text._fflush_r
                0x10015764       0x58 c:/program files (x86)/atmel/studio/7.0/toolchain/arm/arm-gnu-toolchain/bin/../lib/gcc/arm-none-eabi/5.3.1/../../../../arm-none-eabi/lib/armv6-m\libc_nano.a(lib_a-fflush.o)
                0x10015764                _fflush_r
 .text._cleanup_r
                0x100157bc       0x10 c:/program files (x86)/atmel/studio/7.0/toolchain/arm/arm-gnu-toolchain/bin/../lib/gcc/arm-none-eabi/5.3.1/../../../../arm-none-eabi/lib/armv6-m\libc_nano.a(lib_a-findfp.o)
                0x100157bc                _cleanup_r
 .text.std.isra.0
                0x100157cc       0x48 c:/program files (x86)/atmel/studio/7.0/toolchain/arm/arm-gnu-toolchain/bin/../lib/gcc/arm-none-eabi/5.3.1/../../../../arm-none-eabi/lib/armv6-m\libc_nano.a(lib_a-findfp.o)
 .text.__sfmoreglue
                0x10015814       0x2c c:/program files (x86)/atmel/studio/7.0/toolchain/arm/arm-gnu-toolchain/bin/../lib/gcc/arm-none-eabi/5.3.1/../../../../arm-none-eabi/lib/armv6-m\libc_nano.a(lib_a-findfp.o)
                0x10015814                __sfmoreglue
 .text.__sinit  0x10015840       0x68 c:/program files (x86)/atmel/studio/7.0/toolchain/arm/arm-gnu-toolchain/bin/../lib/gcc/arm-none-eabi/5.3.1/../../../../arm-none-eabi/lib/armv6-m\libc_nano.a(lib_a-findfp.o)
                0x10015840                __sinit
 .text.__sfp    0x100158a8       0x7c c:/program files (x86)/atmel/studio/7.0/toolchain/arm/arm-gnu-toolchain/bin/../lib/gcc/arm-none-eabi/5.3.1/../../../../arm-none-eabi/lib/armv6-m\libc_nano.a(lib_a-findfp.o)
                0x100158a8                __sfp
 .text._fwalk_reent
                0x10015924       0x42 c:/program files (x86)/atmel/studio/7.0/toolchain/arm/arm-gnu-toolchain/bin/../lib/gcc/arm-none-eabi/5.3.1/../../../../arm-none-eabi/lib/armv6-m\libc_nano.a(lib_a-fwalk.o)
                0x10015924                _fwalk_reent
 *fill*         0x10015966        0x2 
 .text.__swhatbuf_r
                0x10015968       0x4c c:/program files (x86)/atmel/studio/7.0/toolchain/arm/arm-gnu-toolchain/bin/../lib/gcc/arm-none-eabi/5.3.1/../../../../arm-none-eabi/lib/armv6-m\libc_nano.a(lib_a-makebuf.o)
                0x10015968                __swhatbuf_r
 .text.__sread  0x100159b4       0x28 c:/program files (x86)/atmel/studio/7.0/toolchain/arm/arm-gnu-toolchain/bin/../lib/gcc/arm-none-eabi/5.3.1/../../../../arm-none-eabi/lib/armv6-m\libc_nano.a(lib_a-stdio.o)
                0x100159b4                __sread
 .text.__swrite
                0x100159dc       0x38 c:/program files (x86)/atmel/studio/7.0/toolchain/arm/arm-gnu-toolchain/bin/../lib/gcc/arm-none-eabi/5.3.1/../../../../arm-none-eabi/lib/armv6-m\libc_nano.a(lib_a-stdio.o)
                0x100159dc                __swrite
 .text.__sseek  0x10015a14       0x2c c:/program files (x86)/atmel/studio/7.0/toolchain/arm/arm-gnu-toolchain/bin/../lib/gcc/arm-none-eabi/5.3.1/../../../../arm-none-eabi/lib/armv6-m\libc_nano.a(lib_a-stdio.o)
                0x10015a14                __sseek
 .text.__sclose
                0x10015a40        0xc c:/program files (x86)/atmel/studio/7.0/toolchain/arm/arm-gnu-toolchain/bin/../lib/gcc/arm-none-eabi/5.3.1/../../../../arm-none-eabi/lib/armv6-m\libc_nano.a(lib_a-stdio.o)
                0x10015a40                __sclose
 .text._write_r
                0x10015a4c       0x28 c:/program files (x86)/atmel/studio/7.0/toolchain/arm/arm-gnu-toolchain/bin/../lib/gcc/arm-none-eabi/5.3.1/../../../../arm-none-eabi/lib/armv6-m\libc_nano.a(lib_a-writer.o)
                0x10015a4c                _write_r
 .text._close_r
                0x10015a74       0x24 c:/program files (x86)/atmel/studio/7.0/toolchain/arm/arm-gnu-toolchain/bin/../lib/gcc/arm-none-eabi/5.3.1/../../../../arm-none-eabi/lib/armv6-m\libc_nano.a(lib_a-closer.o)
                0x10015a74                _close_r
 .text._fstat_r
                0x10015a98       0x24 c:/program files (x86)/atmel/studio/7.0/toolchain/arm/arm-gnu-toolchain/bin/../lib/gcc/arm-none-eabi/5.3.1/../../../../arm-none-eabi/lib/armv6-m\libc_nano.a(lib_a-fstatr.o)
                0x10015a98                _fstat_r
 .text._lseek_r
                0x10015abc       0x28 c:/program files (x86)/atmel/studio/7.0/toolchain/arm/arm-gnu-toolchain/bin/../lib/gcc/arm-none-eabi/5.3.1/../../../../arm-none-eabi/lib/armv6-m\libc_nano.a(lib_a-lseekr.o)
                0x10015abc                _lseek_r
 .text._read_r  0x10015ae4       0x28 c:/program files (x86)/atmel/studio/7.0/toolchain/arm/arm-gnu-toolchain/bin/../lib/gcc/arm-none-eabi/5.3.1/../../../../arm-none-eabi/lib/armv6-m\libc_nano.a(lib_a-readr.o)
                0x10015ae4                _read_r
 *(.glue_7t)
 .glue_7t       0x10015b0c        0x0 linker stubs
 *(.glue_7)
 .glue_7        0x10015b0c        0x0 linker stubs
 *(.rodata .rodata* .gnu.linkonce.r.*)
 .rodata.CSWTCH.46
                0x10015b0c        0x3 src/sms_v_0_2/src/sms_ble.o
 .rodata.CSWTCH.47
                0x10015b0f        0x3 src/sms_v_0_2/src/sms_ble.o
 .rodata.CSWTCH.48
                0x10015b12        0x3 src/sms_v_0_2/src/sms_ble.o
 .rodata.str1.1
                0x10015b15       0x29 src/sms_v_0_2/src/sms_ble.o
 *fill*         0x10015b3e        0x2 
 .rodata.sms_ble_gap_cb
                0x10015b40       0x4c src/sms_v_0_2/src/sms_ble.o
                0x10015b40                sms_ble_gap_cb
 .rodata.sms_ble_gatt_server_cb
                0x10015b8c       0x28 src/sms_v_0_2/src/sms_ble.o
                0x10015b8c                sms_ble_gatt_server_cb
 .rodata.str1.1
                0x10015bb4       0x24 src/sms_v_0_2/src/sms_button.o
 .rodata.CSWTCH.18
                0x10015bd8       0x10 src/sms_v_0_2/src/sms_mpu.o
 .rodata.CSWTCH.42
                0x10015be8        0xc src/sms_v_0_2/src/sms_timer.o
 .rodata.str1.1
                0x10015bf4       0x28 src/sms_v_0_2/src/sms_timer.o
 .rodata        0x10015c1c        0xd src/ASF/thirdparty/wireless/ble_smart_sdk/ble_services/ble_mgr/ble_manager.o
 *fill*         0x10015c29        0x3 
 .rodata.ble_mgr_gatt_server_handle
                0x10015c2c       0x28 src/ASF/thirdparty/wireless/ble_smart_sdk/ble_services/ble_mgr/ble_manager.o
 .rodata.str1.1
                0x10015c54       0x11 src/ASF/thirdparty/wireless/ble_smart_sdk/ble_services/ble_mgr/ble_manager.o
 *fill*         0x10015c65        0x3 
 .rodata.ble_mgr_gap_handle
                0x10015c68       0x4c src/ASF/thirdparty/wireless/ble_smart_sdk/ble_services/ble_mgr/ble_manager.o
 .rodata.CSWTCH.94
                0x10015cb4        0x7 src/ASF/thirdparty/wireless/ble_smart_sdk/ble_services/ble_mgr/ble_manager.o
 *fill*         0x10015cbb        0x1 
 .rodata.CSWTCH.95
                0x10015cbc       0x1c src/ASF/thirdparty/wireless/ble_smart_sdk/ble_services/ble_mgr/ble_manager.o
 .rodata        0x10015cd8        0xb ../src/ASF/thirdparty/wireless/ble_smart_sdk/lib/cm0/gcc\libblusdk.a(gap.o)
 .rodata.CSWTCH.45
                0x10015ce3        0x3 ../src/ASF/thirdparty/wireless/ble_smart_sdk/lib/cm0/gcc\libblusdk.a(gap.o)
 .rodata.CSWTCH.47
                0x10015ce6        0xf ../src/ASF/thirdparty/wireless/ble_smart_sdk/lib/cm0/gcc\libblusdk.a(gap.o)
 .rodata.client_conf_uuid
                0x10015cf5        0x2 ../src/ASF/thirdparty/wireless/ble_smart_sdk/lib/cm0/gcc\libblusdk.a(gatt_server.o)
                0x10015cf5                client_conf_uuid
 .rodata.presentation_format_uuid
                0x10015cf7        0x2 ../src/ASF/thirdparty/wireless/ble_smart_sdk/lib/cm0/gcc\libblusdk.a(gatt_server.o)
                0x10015cf7                presentation_format_uuid
 .rodata.user_desc_uuid
                0x10015cf9        0x2 ../src/ASF/thirdparty/wireless/ble_smart_sdk/lib/cm0/gcc\libblusdk.a(gatt_server.o)
                0x10015cf9                user_desc_uuid
 .rodata.server_conf_uuid
                0x10015cfb        0x2 ../src/ASF/thirdparty/wireless/ble_smart_sdk/lib/cm0/gcc\libblusdk.a(gatt_server.o)
                0x10015cfb                server_conf_uuid
 .rodata.extended_props_uuid
                0x10015cfd        0x2 ../src/ASF/thirdparty/wireless/ble_smart_sdk/lib/cm0/gcc\libblusdk.a(gatt_server.o)
                0x10015cfd                extended_props_uuid
 .rodata.include_uuid
                0x10015cff        0x2 ../src/ASF/thirdparty/wireless/ble_smart_sdk/lib/cm0/gcc\libblusdk.a(gatt_server.o)
                0x10015cff                include_uuid
 .rodata.char_uuid
                0x10015d01        0x2 ../src/ASF/thirdparty/wireless/ble_smart_sdk/lib/cm0/gcc\libblusdk.a(gatt_server.o)
                0x10015d01                char_uuid
 *fill*         0x10015d03        0x1 
 .rodata.str1.4
                0x10015d04        0x4 c:/program files (x86)/atmel/studio/7.0/toolchain/arm/arm-gnu-toolchain/bin/../lib/gcc/arm-none-eabi/5.3.1/../../../../arm-none-eabi/lib/armv6-m\libm.a(lib_a-w_pow.o)
 .rodata.str1.4
                0x10015d08        0x6 c:/program files (x86)/atmel/studio/7.0/toolchain/arm/arm-gnu-toolchain/bin/../lib/gcc/arm-none-eabi/5.3.1/../../../../arm-none-eabi/lib/armv6-m\libm.a(lib_a-wf_sqrt.o)
 *fill*         0x10015d0e        0x2 
 .rodata.str1.4
                0x10015d10        0x4 c:/program files (x86)/atmel/studio/7.0/toolchain/arm/arm-gnu-toolchain/bin/../lib/gcc/arm-none-eabi/5.3.1/../../../../arm-none-eabi/lib/armv6-m\libm.a(lib_a-e_pow.o)
                                  0x1 (size before relaxing)
 *fill*         0x10015d14        0x4 
 .rodata.TWO52  0x10015d18       0x10 c:/program files (x86)/atmel/studio/7.0/toolchain/arm/arm-gnu-toolchain/bin/../lib/gcc/arm-none-eabi/5.3.1/../../../../arm-none-eabi/lib/armv6-m\libm.a(lib_a-s_rint.o)
 .rodata        0x10015d28       0x80 c:/program files (x86)/atmel/studio/7.0/toolchain/arm/arm-gnu-toolchain/bin/../lib/gcc/arm-none-eabi/5.3.1/armv6-m\libgcc.a(divsf3.o)
 .rodata        0x10015da8       0x40 c:/program files (x86)/atmel/studio/7.0/toolchain/arm/arm-gnu-toolchain/bin/../lib/gcc/arm-none-eabi/5.3.1/armv6-m\libgcc.a(mulsf3.o)
 .rodata        0x10015de8       0x40 c:/program files (x86)/atmel/studio/7.0/toolchain/arm/arm-gnu-toolchain/bin/../lib/gcc/arm-none-eabi/5.3.1/armv6-m\libgcc.a(divdf3.o)
 .rodata        0x10015e28       0x40 c:/program files (x86)/atmel/studio/7.0/toolchain/arm/arm-gnu-toolchain/bin/../lib/gcc/arm-none-eabi/5.3.1/armv6-m\libgcc.a(muldf3.o)
 .rodata.str1.1
                0x10015e68        0x2 c:/program files (x86)/atmel/studio/7.0/toolchain/arm/arm-gnu-toolchain/bin/../lib/gcc/arm-none-eabi/5.3.1/../../../../arm-none-eabi/lib/armv6-m\libc_nano.a(lib_a-impure.o)
 *fill*         0x10015e6a        0x2 
 .rodata._global_impure_ptr
                0x10015e6c        0x4 c:/program files (x86)/atmel/studio/7.0/toolchain/arm/arm-gnu-toolchain/bin/../lib/gcc/arm-none-eabi/5.3.1/../../../../arm-none-eabi/lib/armv6-m\libc_nano.a(lib_a-impure.o)
                0x10015e6c                _global_impure_ptr
 .rodata.__sf_fake_stdin
                0x10015e70       0x20 c:/program files (x86)/atmel/studio/7.0/toolchain/arm/arm-gnu-toolchain/bin/../lib/gcc/arm-none-eabi/5.3.1/../../../../arm-none-eabi/lib/armv6-m\libc_nano.a(lib_a-findfp.o)
                0x10015e70                __sf_fake_stdin
 .rodata.__sf_fake_stdout
                0x10015e90       0x20 c:/program files (x86)/atmel/studio/7.0/toolchain/arm/arm-gnu-toolchain/bin/../lib/gcc/arm-none-eabi/5.3.1/../../../../arm-none-eabi/lib/armv6-m\libc_nano.a(lib_a-findfp.o)
                0x10015e90                __sf_fake_stdout
 .rodata.__sf_fake_stderr
                0x10015eb0       0x20 c:/program files (x86)/atmel/studio/7.0/toolchain/arm/arm-gnu-toolchain/bin/../lib/gcc/arm-none-eabi/5.3.1/../../../../arm-none-eabi/lib/armv6-m\libc_nano.a(lib_a-findfp.o)
                0x10015eb0                __sf_fake_stderr
 *(.ARM.extab* .gnu.linkonce.armextab.*)
                0x10015ed0                . = ALIGN (0x4)
 *(.init)
 .init          0x10015ed0        0x4 c:/program files (x86)/atmel/studio/7.0/toolchain/arm/arm-gnu-toolchain/bin/../lib/gcc/arm-none-eabi/5.3.1/armv6-m/crti.o
                0x10015ed0                _init
 .init          0x10015ed4        0x8 c:/program files (x86)/atmel/studio/7.0/toolchain/arm/arm-gnu-toolchain/bin/../lib/gcc/arm-none-eabi/5.3.1/armv6-m/crtn.o
                0x10015edc                . = ALIGN (0x4)
                0x10015edc                __preinit_array_start = .
 *(.preinit_array)
                0x10015edc                __preinit_array_end = .
                0x10015edc                . = ALIGN (0x4)
                0x10015edc                __init_array_start = .
 *(SORT(.init_array.*))
 *(.init_array)